[0.074s] Invoking command in '/ros2_ws/build/dri_interfaces': CMAKE_PREFIX_PATH=/ros2_ws/install/interfaces:/ros2_ws/install/bringup:/ros2_ws/install/dri_interfaces:/ros2_ws/install/algorithms:/ros2_ws/install/drivers:/ros2_ws/install/common:/opt/ros/humble /usr/bin/cmake --build /ros2_ws/build/dri_interfaces -- -j4 -l4
[0.513s] [ 20%] [32mBuilding CXX object CMakeFiles/cerebellum_dri.dir/src/imu_dri.cpp.o[0m
[21.138s] [ 40%] [32m[1mLinking CXX executable cerebellum_dri[0m
[24.126s] [100%] Built target cerebellum_dri
[24.159s] Invoked command in '/ros2_ws/build/dri_interfaces' returned '0': CMAKE_PREFIX_PATH=/ros2_ws/install/interfaces:/ros2_ws/install/bringup:/ros2_ws/install/dri_interfaces:/ros2_ws/install/algorithms:/ros2_ws/install/drivers:/ros2_ws/install/common:/opt/ros/humble /usr/bin/cmake --build /ros2_ws/build/dri_interfaces -- -j4 -l4
[24.165s] Invoking command in '/ros2_ws/build/dri_interfaces': CMAKE_PREFIX_PATH=/ros2_ws/install/interfaces:/ros2_ws/install/bringup:/ros2_ws/install/dri_interfaces:/ros2_ws/install/algorithms:/ros2_ws/install/drivers:/ros2_ws/install/common:/opt/ros/humble /usr/bin/cmake --install /ros2_ws/build/dri_interfaces
[24.187s] -- Install configuration: ""
[24.189s] -- Execute custom install script
[24.191s] -- Up-to-date symlink: /ros2_ws/install/dri_interfaces/lib/dri_interfaces/cerebellum_dri
[24.191s] -- Up-to-date symlink: /ros2_ws/install/dri_interfaces/share/ament_index/resource_index/package_run_dependencies/dri_interfaces
[24.192s] -- Up-to-date symlink: /ros2_ws/install/dri_interfaces/share/ament_index/resource_index/parent_prefix_path/dri_interfaces
[24.194s] -- Up-to-date symlink: /ros2_ws/install/dri_interfaces/share/dri_interfaces/environment/ament_prefix_path.sh
[24.195s] -- Up-to-date symlink: /ros2_ws/install/dri_interfaces/share/dri_interfaces/environment/ament_prefix_path.dsv
[24.195s] -- Up-to-date symlink: /ros2_ws/install/dri_interfaces/share/dri_interfaces/environment/path.sh
[24.197s] -- Up-to-date symlink: /ros2_ws/install/dri_interfaces/share/dri_interfaces/environment/path.dsv
[24.198s] -- Up-to-date symlink: /ros2_ws/install/dri_interfaces/share/dri_interfaces/local_setup.bash
[24.199s] -- Up-to-date symlink: /ros2_ws/install/dri_interfaces/share/dri_interfaces/local_setup.sh
[24.199s] -- Up-to-date symlink: /ros2_ws/install/dri_interfaces/share/dri_interfaces/local_setup.zsh
[24.200s] -- Up-to-date symlink: /ros2_ws/install/dri_interfaces/share/dri_interfaces/local_setup.dsv
[24.201s] -- Symlinking: /ros2_ws/install/dri_interfaces/share/dri_interfaces/package.dsv
[24.227s] -- Up-to-date symlink: /ros2_ws/install/dri_interfaces/share/ament_index/resource_index/packages/dri_interfaces
[24.228s] -- Up-to-date symlink: /ros2_ws/install/dri_interfaces/share/dri_interfaces/cmake/dri_interfacesConfig.cmake
[24.229s] -- Up-to-date symlink: /ros2_ws/install/dri_interfaces/share/dri_interfaces/cmake/dri_interfacesConfig-version.cmake
[24.229s] -- Up-to-date symlink: /ros2_ws/install/dri_interfaces/share/dri_interfaces/package.xml
[24.236s] Invoked command in '/ros2_ws/build/dri_interfaces' returned '0': CMAKE_PREFIX_PATH=/ros2_ws/install/interfaces:/ros2_ws/install/bringup:/ros2_ws/install/dri_interfaces:/ros2_ws/install/algorithms:/ros2_ws/install/drivers:/ros2_ws/install/common:/opt/ros/humble /usr/bin/cmake --install /ros2_ws/build/dri_interfaces
