[0.038s] Invoking command in '/ros2_ws/build/common': CMAKE_PREFIX_PATH=${CMAKE_PREFIX_PATH}:/opt/ros/humble /usr/bin/cmake /ros2_ws/src/common -DAMENT_CMAKE_SYMLINK_INSTALL=1 -DCMAKE_INSTALL_PREFIX=/ros2_ws/install/common
[0.579s] -- The C compiler identification is GNU 11.4.0
[0.824s] -- The CXX compiler identification is GNU 11.4.0
[0.856s] -- Detecting C compiler ABI info
[1.100s] -- Detecting C compiler ABI info - done
[1.135s] -- Check for working C compiler: /usr/bin/cc - skipped
[1.144s] -- Detecting C compile features
[1.147s] -- Detecting C compile features - done
[1.160s] -- Detecting CXX compiler ABI info
[1.453s] -- Detecting CXX compiler ABI info - done
[1.489s] -- Check for working CXX compiler: /usr/bin/c++ - skipped
[1.490s] -- Detecting CXX compile features
[1.492s] -- Detecting CXX compile features - done
[1.510s] -- Found ament_cmake: 1.3.14 (/opt/ros/humble/share/ament_cmake/cmake)
[2.147s] -- Found Python3: /usr/bin/python3 (found version "3.10.12") found components: Interpreter 
[2.432s] -- Override CMake install command with custom implementation using symlinks instead of copying resources
[2.617s] -- Found PkgConfig: /usr/bin/pkg-config (found version "0.29.2") 
[2.620s] -- Checking for module 'yaml-cpp'
[2.659s] --   Found yaml-cpp, version 0.7.0
[2.773s] -- Found ament_lint_auto: 0.12.15 (/opt/ros/humble/share/ament_lint_auto/cmake)
[3.154s] -- Added test 'cppcheck' to perform static code analysis on C / C++ code
[3.154s] -- Configured cppcheck include dirs: $<BUILD_INTERFACE:/ros2_ws/src/common/include>;/ros2_ws/src/common/include
[3.155s] -- Configured cppcheck exclude dirs and/or files: 
[3.160s] -- Added test 'lint_cmake' to check CMake code style
[3.168s] -- Added test 'uncrustify' to check C / C++ code style
[3.169s] -- Configured uncrustify additional arguments: 
[3.172s] -- Added test 'xmllint' to check XML markup files
[3.181s] -- Configuring done
[3.202s] -- Generating done
[3.214s] -- Build files have been written to: /ros2_ws/build/common
[3.238s] Invoked command in '/ros2_ws/build/common' returned '0': CMAKE_PREFIX_PATH=${CMAKE_PREFIX_PATH}:/opt/ros/humble /usr/bin/cmake /ros2_ws/src/common -DAMENT_CMAKE_SYMLINK_INSTALL=1 -DCMAKE_INSTALL_PREFIX=/ros2_ws/install/common
[3.246s] Invoking command in '/ros2_ws/build/common': CMAKE_PREFIX_PATH=${CMAKE_PREFIX_PATH}:/opt/ros/humble /usr/bin/cmake --build /ros2_ws/build/common -- -j4 -l4
[3.392s] [ 40%] [32mBuilding CXX object CMakeFiles/common_config.dir/src/common/config_loader/config_loader.cpp.o[0m
[3.393s] [ 40%] [32mBuilding CXX object CMakeFiles/common_config.dir/src/common/logger/logger.cpp.o[0m
[8.964s] [ 60%] [32m[1mLinking CXX static library libcommon_config.a[0m
[9.215s] [ 60%] Built target common_config
[9.417s] [ 80%] [32mBuilding CXX object CMakeFiles/test_common.dir/test.cpp.o[0m
[16.786s] [100%] [32m[1mLinking CXX executable test_common[0m
[17.375s] [100%] Built target test_common
[17.476s] Invoked command in '/ros2_ws/build/common' returned '0': CMAKE_PREFIX_PATH=${CMAKE_PREFIX_PATH}:/opt/ros/humble /usr/bin/cmake --build /ros2_ws/build/common -- -j4 -l4
[17.549s] Invoking command in '/ros2_ws/build/common': CMAKE_PREFIX_PATH=${CMAKE_PREFIX_PATH}:/opt/ros/humble /usr/bin/cmake --install /ros2_ws/build/common
[17.605s] -- Install configuration: ""
[17.619s] -- Execute custom install script
[17.621s] -- Symlinking: /ros2_ws/install/common/lib/common/test_common
[17.708s] -- Symlinking: /ros2_ws/install/common/include/common/common/config_loader/config_loader.hpp
[17.779s] -- Symlinking: /ros2_ws/install/common/include/common/common/logger/logger.hpp
[17.850s] -- Symlinking: /ros2_ws/install/common/share/common/config/config.yaml
[17.933s] -- Symlinking: /ros2_ws/install/common/share/common/environment/library_path.sh
[18.007s] -- Symlinking: /ros2_ws/install/common/share/common/environment/library_path.dsv
[18.077s] -- Symlinking: /ros2_ws/install/common/share/ament_index/resource_index/package_run_dependencies/common
[18.142s] -- Symlinking: /ros2_ws/install/common/share/ament_index/resource_index/parent_prefix_path/common
[18.222s] -- Symlinking: /ros2_ws/install/common/share/common/environment/ament_prefix_path.sh
[18.277s] -- Symlinking: /ros2_ws/install/common/share/common/environment/ament_prefix_path.dsv
[18.342s] -- Symlinking: /ros2_ws/install/common/share/common/environment/path.sh
[18.438s] -- Symlinking: /ros2_ws/install/common/share/common/environment/path.dsv
[18.511s] -- Symlinking: /ros2_ws/install/common/share/common/local_setup.bash
[18.602s] -- Symlinking: /ros2_ws/install/common/share/common/local_setup.sh
[18.695s] -- Symlinking: /ros2_ws/install/common/share/common/local_setup.zsh
[18.769s] -- Symlinking: /ros2_ws/install/common/share/common/local_setup.dsv
[18.806s] -- Symlinking: /ros2_ws/install/common/share/common/package.dsv
[18.845s] -- Symlinking: /ros2_ws/install/common/share/ament_index/resource_index/packages/common
[18.949s] -- Symlinking: /ros2_ws/install/common/share/common/cmake/ament_cmake_export_include_directories-extras.cmake
[19.032s] -- Symlinking: /ros2_ws/install/common/share/common/cmake/ament_cmake_export_libraries-extras.cmake
[19.066s] -- Symlinking: /ros2_ws/install/common/share/common/cmake/commonConfig.cmake
[19.108s] -- Symlinking: /ros2_ws/install/common/share/common/cmake/commonConfig-version.cmake
[19.182s] -- Symlinking: /ros2_ws/install/common/share/common/package.xml
[19.250s] -- Installing: /ros2_ws/install/common/lib/libcommon_config.a
[19.266s] Invoked command in '/ros2_ws/build/common' returned '0': CMAKE_PREFIX_PATH=${CMAKE_PREFIX_PATH}:/opt/ros/humble /usr/bin/cmake --install /ros2_ws/build/common
