[0.198s] Invoking command in '/ros2_ws/build/brain_controller': AMENT_PREFIX_PATH=/ros2_ws/install/interfaces:${AMENT_PREFIX_PATH} CMAKE_PREFIX_PATH=/ros2_ws/install/interfaces:/opt/ros/humble LD_LIBRARY_PATH=/ros2_ws/install/interfaces/lib:${LD_LIBRARY_PATH} PYTHONPATH=/ros2_ws/install/interfaces/local/lib/python3.10/dist-packages:${PYTHONPATH} /usr/bin/cmake --build /ros2_ws/build/brain_controller -- -j4 -l4
[1.711s] [100%] Built target brain_controller
[1.872s] Invoked command in '/ros2_ws/build/brain_controller' returned '0': AMENT_PREFIX_PATH=/ros2_ws/install/interfaces:${AMENT_PREFIX_PATH} CMAKE_PREFIX_PATH=/ros2_ws/install/interfaces:/opt/ros/humble LD_LIBRARY_PATH=/ros2_ws/install/interfaces/lib:${LD_LIBRARY_PATH} PYTHONPATH=/ros2_ws/install/interfaces/local/lib/python3.10/dist-packages:${PYTHONPATH} /usr/bin/cmake --build /ros2_ws/build/brain_controller -- -j4 -l4
[1.890s] Invoking command in '/ros2_ws/build/brain_controller': AMENT_PREFIX_PATH=/ros2_ws/install/interfaces:${AMENT_PREFIX_PATH} CMAKE_PREFIX_PATH=/ros2_ws/install/interfaces:/opt/ros/humble LD_LIBRARY_PATH=/ros2_ws/install/interfaces/lib:${LD_LIBRARY_PATH} PYTHONPATH=/ros2_ws/install/interfaces/local/lib/python3.10/dist-packages:${PYTHONPATH} /usr/bin/cmake --install /ros2_ws/build/brain_controller
[1.956s] -- Install configuration: ""
[1.961s] -- Execute custom install script
[1.963s] -- Up-to-date symlink: /ros2_ws/install/brain_controller/share/brain_controller//brain_controller_plugins.xml
[1.979s] -- Up-to-date symlink: /ros2_ws/install/brain_controller/lib/libbrain_controller.so
[1.999s] -- Up-to-date symlink: /ros2_ws/install/brain_controller/include/brain_controller/brain_controller/brain_controller.hpp
[2.003s] -- Up-to-date symlink: /ros2_ws/install/brain_controller/share/brain_controller/brain_controller_plugins.xml
[2.012s] -- Up-to-date symlink: /ros2_ws/install/brain_controller/share/brain_controller/environment/library_path.sh
[2.016s] -- Up-to-date symlink: /ros2_ws/install/brain_controller/share/brain_controller/environment/library_path.dsv
[2.030s] -- Up-to-date symlink: /ros2_ws/install/brain_controller/share/ament_index/resource_index/package_run_dependencies/brain_controller
[2.039s] -- Up-to-date symlink: /ros2_ws/install/brain_controller/share/ament_index/resource_index/parent_prefix_path/brain_controller
[2.057s] -- Up-to-date symlink: /ros2_ws/install/brain_controller/share/brain_controller/environment/ament_prefix_path.sh
[2.057s] -- Up-to-date symlink: /ros2_ws/install/brain_controller/share/brain_controller/environment/ament_prefix_path.dsv
[2.065s] -- Up-to-date symlink: /ros2_ws/install/brain_controller/share/brain_controller/environment/path.sh
[2.068s] -- Up-to-date symlink: /ros2_ws/install/brain_controller/share/brain_controller/environment/path.dsv
[2.079s] -- Up-to-date symlink: /ros2_ws/install/brain_controller/share/brain_controller/local_setup.bash
[2.089s] -- Up-to-date symlink: /ros2_ws/install/brain_controller/share/brain_controller/local_setup.sh
[2.089s] -- Up-to-date symlink: /ros2_ws/install/brain_controller/share/brain_controller/local_setup.zsh
[2.090s] -- Up-to-date symlink: /ros2_ws/install/brain_controller/share/brain_controller/local_setup.dsv
[2.090s] -- Symlinking: /ros2_ws/install/brain_controller/share/brain_controller/package.dsv
[2.192s] -- Up-to-date symlink: /ros2_ws/install/brain_controller/share/ament_index/resource_index/packages/brain_controller
[2.197s] -- Up-to-date symlink: /ros2_ws/install/brain_controller/share/ament_index/resource_index/controller_interface__pluginlib__plugin/brain_controller
[2.262s] -- Up-to-date symlink: /ros2_ws/install/brain_controller/share/brain_controller/cmake/ament_cmake_export_include_directories-extras.cmake
[2.266s] -- Up-to-date symlink: /ros2_ws/install/brain_controller/share/brain_controller/cmake/ament_cmake_export_libraries-extras.cmake
[2.269s] -- Up-to-date symlink: /ros2_ws/install/brain_controller/share/brain_controller/cmake/ament_cmake_export_dependencies-extras.cmake
[2.269s] -- Up-to-date symlink: /ros2_ws/install/brain_controller/share/brain_controller/cmake/brain_controllerConfig.cmake
[2.270s] -- Up-to-date symlink: /ros2_ws/install/brain_controller/share/brain_controller/cmake/brain_controllerConfig-version.cmake
[2.312s] -- Up-to-date symlink: /ros2_ws/install/brain_controller/share/brain_controller/package.xml
[2.888s] Invoked command in '/ros2_ws/build/brain_controller' returned '0': AMENT_PREFIX_PATH=/ros2_ws/install/interfaces:${AMENT_PREFIX_PATH} CMAKE_PREFIX_PATH=/ros2_ws/install/interfaces:/opt/ros/humble LD_LIBRARY_PATH=/ros2_ws/install/interfaces/lib:${LD_LIBRARY_PATH} PYTHONPATH=/ros2_ws/install/interfaces/local/lib/python3.10/dist-packages:${PYTHONPATH} /usr/bin/cmake --install /ros2_ws/build/brain_controller
