[0.052s] Invoking command in '/ros2_ws/build/algorithms': CMAKE_PREFIX_PATH=/ros2_ws/install/interfaces:/ros2_ws/install/common:/ros2_ws/install/bringup:/ros2_ws/install/dri_interfaces:/ros2_ws/install/algorithms:/ros2_ws/install/drivers:/opt/ros/humble /usr/bin/cmake --build /ros2_ws/build/algorithms -- -j4 -l4
[0.250s] [35m[1mConsolidate compiler generated dependencies of target imu_tools[0m
[0.276s] [ 12%] Built target attitude_compensator
[0.293s] [ 25%] Built target inverse_kinematics
[0.345s] [ 37%] Built target twist_handler
[0.395s] [ 50%] Built target imu_tools
[0.440s] [ 75%] Built target ik_node
[0.440s] [ 75%] Built target attitude_comp_node
[0.495s] [ 87%] Built target twist_node
[0.524s] [100%] Built target imu_tools_node
[0.559s] Invoked command in '/ros2_ws/build/algorithms' returned '0': CMAKE_PREFIX_PATH=/ros2_ws/install/interfaces:/ros2_ws/install/common:/ros2_ws/install/bringup:/ros2_ws/install/dri_interfaces:/ros2_ws/install/algorithms:/ros2_ws/install/drivers:/opt/ros/humble /usr/bin/cmake --build /ros2_ws/build/algorithms -- -j4 -l4
[0.566s] Invoking command in '/ros2_ws/build/algorithms': CMAKE_PREFIX_PATH=/ros2_ws/install/interfaces:/ros2_ws/install/common:/ros2_ws/install/bringup:/ros2_ws/install/dri_interfaces:/ros2_ws/install/algorithms:/ros2_ws/install/drivers:/opt/ros/humble /usr/bin/cmake --install /ros2_ws/build/algorithms
[0.595s] -- Install configuration: ""
[0.598s] -- Execute custom install script
[0.601s] -- Up-to-date symlink: /ros2_ws/install/algorithms/lib/libimu_tools.a
[0.604s] -- Up-to-date symlink: /ros2_ws/install/algorithms/lib/algorithms/imu_tools_node
[0.605s] -- Up-to-date symlink: /ros2_ws/install/algorithms/lib/algorithms/twist_node
[0.606s] -- Up-to-date symlink: /ros2_ws/install/algorithms/lib/algorithms/attitude_comp_node
[0.608s] -- Up-to-date symlink: /ros2_ws/install/algorithms/lib/algorithms/ik_node
[0.609s] -- Up-to-date symlink: /ros2_ws/install/algorithms/include/algorithms/algorithms/attitude_compensator.hpp
[0.610s] -- Up-to-date symlink: /ros2_ws/install/algorithms/include/algorithms/algorithms/fk_odometry.hpp
[0.610s] -- Up-to-date symlink: /ros2_ws/install/algorithms/include/algorithms/algorithms/imu_tools.hpp
[0.611s] -- Up-to-date symlink: /ros2_ws/install/algorithms/include/algorithms/algorithms/inverse_kinematics.hpp
[0.612s] -- Up-to-date symlink: /ros2_ws/install/algorithms/include/algorithms/algorithms/twist_handler.hpp
[0.612s] -- Up-to-date symlink: /ros2_ws/install/algorithms/share/ament_index/resource_index/package_run_dependencies/algorithms
[0.613s] -- Up-to-date symlink: /ros2_ws/install/algorithms/share/ament_index/resource_index/parent_prefix_path/algorithms
[0.614s] -- Up-to-date symlink: /ros2_ws/install/algorithms/share/algorithms/environment/ament_prefix_path.sh
[0.614s] -- Up-to-date symlink: /ros2_ws/install/algorithms/share/algorithms/environment/ament_prefix_path.dsv
[0.614s] -- Up-to-date symlink: /ros2_ws/install/algorithms/share/algorithms/environment/path.sh
[0.615s] -- Up-to-date symlink: /ros2_ws/install/algorithms/share/algorithms/environment/path.dsv
[0.615s] -- Up-to-date symlink: /ros2_ws/install/algorithms/share/algorithms/local_setup.bash
[0.616s] -- Up-to-date symlink: /ros2_ws/install/algorithms/share/algorithms/local_setup.sh
[0.616s] -- Up-to-date symlink: /ros2_ws/install/algorithms/share/algorithms/local_setup.zsh
[0.617s] -- Up-to-date symlink: /ros2_ws/install/algorithms/share/algorithms/local_setup.dsv
[0.617s] -- Symlinking: /ros2_ws/install/algorithms/share/algorithms/package.dsv
[0.657s] -- Up-to-date symlink: /ros2_ws/install/algorithms/share/ament_index/resource_index/packages/algorithms
[0.658s] -- Up-to-date symlink: /ros2_ws/install/algorithms/share/algorithms/cmake/ament_cmake_export_include_directories-extras.cmake
[0.661s] -- Up-to-date symlink: /ros2_ws/install/algorithms/share/algorithms/cmake/algorithmsConfig.cmake
[0.663s] -- Up-to-date symlink: /ros2_ws/install/algorithms/share/algorithms/cmake/algorithmsConfig-version.cmake
[0.664s] -- Up-to-date symlink: /ros2_ws/install/algorithms/share/algorithms/package.xml
[0.677s] Invoked command in '/ros2_ws/build/algorithms' returned '0': CMAKE_PREFIX_PATH=/ros2_ws/install/interfaces:/ros2_ws/install/common:/ros2_ws/install/bringup:/ros2_ws/install/dri_interfaces:/ros2_ws/install/algorithms:/ros2_ws/install/drivers:/opt/ros/humble /usr/bin/cmake --install /ros2_ws/build/algorithms
