[0.051s] Invoking command in '/ros2_ws/build/description': CMAKE_PREFIX_PATH=/ros2_ws/install/brain_hardware:/ros2_ws/install/interfaces:/ros2_ws/install/brain_controller:/ros2_ws/install/bringup:/ros2_ws/install/description:/opt/ros/humble LD_LIBRARY_PATH=/ros2_ws/install/brain_hardware/lib:/ros2_ws/install/interfaces/lib:/ros2_ws/install/brain_controller/lib:/opt/ros/humble/opt/rviz_ogre_vendor/lib:/opt/ros/humble/lib/aarch64-linux-gnu:/opt/ros/humble/lib /usr/bin/cmake --build /ros2_ws/build/description -- -j4 -l4
[0.214s] Invoked command in '/ros2_ws/build/description' returned '0': CMAKE_PREFIX_PATH=/ros2_ws/install/brain_hardware:/ros2_ws/install/interfaces:/ros2_ws/install/brain_controller:/ros2_ws/install/bringup:/ros2_ws/install/description:/opt/ros/humble LD_LIBRARY_PATH=/ros2_ws/install/brain_hardware/lib:/ros2_ws/install/interfaces/lib:/ros2_ws/install/brain_controller/lib:/opt/ros/humble/opt/rviz_ogre_vendor/lib:/opt/ros/humble/lib/aarch64-linux-gnu:/opt/ros/humble/lib /usr/bin/cmake --build /ros2_ws/build/description -- -j4 -l4
[0.227s] Invoking command in '/ros2_ws/build/description': CMAKE_PREFIX_PATH=/ros2_ws/install/brain_hardware:/ros2_ws/install/interfaces:/ros2_ws/install/brain_controller:/ros2_ws/install/bringup:/ros2_ws/install/description:/opt/ros/humble LD_LIBRARY_PATH=/ros2_ws/install/brain_hardware/lib:/ros2_ws/install/interfaces/lib:/ros2_ws/install/brain_controller/lib:/opt/ros/humble/opt/rviz_ogre_vendor/lib:/opt/ros/humble/lib/aarch64-linux-gnu:/opt/ros/humble/lib /usr/bin/cmake --install /ros2_ws/build/description
[0.257s] -- Install configuration: ""
[0.261s] -- Up-to-date: /ros2_ws/install/description/share/description/urdf
[0.262s] -- Up-to-date: /ros2_ws/install/description/share/description/urdf/dabai.xacro
[0.263s] -- Up-to-date: /ros2_ws/install/description/share/description/urdf/materials.xacro
[0.263s] -- Up-to-date: /ros2_ws/install/description/share/description/urdf/description.urdf.xacro
[0.264s] -- Up-to-date: /ros2_ws/install/description/share/description/urdf/ascamera.xacro
[0.264s] -- Up-to-date: /ros2_ws/install/description/share/description/config
[0.264s] -- Up-to-date: /ros2_ws/install/description/share/description/config/brain_controllers.yaml
[0.265s] -- Up-to-date: /ros2_ws/install/description/share/description/launch
[0.266s] -- Up-to-date: /ros2_ws/install/description/share/description/launch/display.launch.py
[0.266s] -- Up-to-date: /ros2_ws/install/description/share/description/rviz
[0.267s] -- Up-to-date: /ros2_ws/install/description/share/description/meshes
[0.267s] -- Up-to-date: /ros2_ws/install/description/share/ament_index/resource_index/package_run_dependencies/description
[0.268s] -- Up-to-date: /ros2_ws/install/description/share/ament_index/resource_index/parent_prefix_path/description
[0.268s] -- Up-to-date: /ros2_ws/install/description/share/description/environment/ament_prefix_path.sh
[0.269s] -- Up-to-date: /ros2_ws/install/description/share/description/environment/ament_prefix_path.dsv
[0.269s] -- Up-to-date: /ros2_ws/install/description/share/description/environment/path.sh
[0.269s] -- Up-to-date: /ros2_ws/install/description/share/description/environment/path.dsv
[0.270s] -- Up-to-date: /ros2_ws/install/description/share/description/local_setup.bash
[0.270s] -- Up-to-date: /ros2_ws/install/description/share/description/local_setup.sh
[0.270s] -- Up-to-date: /ros2_ws/install/description/share/description/local_setup.zsh
[0.271s] -- Up-to-date: /ros2_ws/install/description/share/description/local_setup.dsv
[0.271s] -- Installing: /ros2_ws/install/description/share/description/package.dsv
[0.271s] -- Up-to-date: /ros2_ws/install/description/share/ament_index/resource_index/packages/description
[0.272s] -- Up-to-date: /ros2_ws/install/description/share/description/cmake/descriptionConfig.cmake
[0.272s] -- Up-to-date: /ros2_ws/install/description/share/description/cmake/descriptionConfig-version.cmake
[0.272s] -- Up-to-date: /ros2_ws/install/description/share/description/package.xml
[0.281s] Invoked command in '/ros2_ws/build/description' returned '0': CMAKE_PREFIX_PATH=/ros2_ws/install/brain_hardware:/ros2_ws/install/interfaces:/ros2_ws/install/brain_controller:/ros2_ws/install/bringup:/ros2_ws/install/description:/opt/ros/humble LD_LIBRARY_PATH=/ros2_ws/install/brain_hardware/lib:/ros2_ws/install/interfaces/lib:/ros2_ws/install/brain_controller/lib:/opt/ros/humble/opt/rviz_ogre_vendor/lib:/opt/ros/humble/lib/aarch64-linux-gnu:/opt/ros/humble/lib /usr/bin/cmake --install /ros2_ws/build/description
