[0.071s] Invoking command in '/ros2_ws/build/interfaces': CMAKE_PREFIX_PATH=${CMAKE_PREFIX_PATH}:/opt/ros/humble /usr/bin/cmake --build /ros2_ws/build/interfaces -- -j4 -l4
[0.287s] [  2%] Built target interfaces__rs
[0.322s] [  5%] Built target interfaces__cpp
[0.373s] [ 15%] Built target interfaces__rosidl_generator_c
[0.380s] [ 15%] Built target ament_cmake_python_copy_interfaces
[0.584s] [ 30%] Built target interfaces__rosidl_typesupport_introspection_cpp
[0.586s] [ 35%] Built target interfaces__rosidl_typesupport_fastrtps_c
[0.590s] [ 45%] Built target interfaces__rosidl_typesupport_cpp
[0.676s] [ 55%] Built target interfaces__rosidl_typesupport_fastrtps_cpp
[0.718s] [ 65%] Built target interfaces__rosidl_typesupport_c
[0.743s] [ 75%] Built target interfaces__rosidl_typesupport_introspection_c
[0.897s] [ 75%] Built target interfaces
[1.162s] [ 77%] Built target interfaces__py
[1.313s] [ 85%] Built target interfaces__rosidl_generator_py
[1.521s] [ 90%] Built target interfaces__rosidl_typesupport_fastrtps_c__pyext
[1.606s] [ 95%] Built target interfaces__rosidl_typesupport_introspection_c__pyext
[1.634s] [100%] Built target interfaces__rosidl_typesupport_c__pyext
[2.259s] running egg_info
[2.262s] writing interfaces.egg-info/PKG-INFO
[2.264s] writing dependency_links to interfaces.egg-info/dependency_links.txt
[2.269s] writing top-level names to interfaces.egg-info/top_level.txt
[2.277s] reading manifest file 'interfaces.egg-info/SOURCES.txt'
[2.282s] writing manifest file 'interfaces.egg-info/SOURCES.txt'
[2.439s] [100%] Built target ament_cmake_python_build_interfaces_egg
[2.481s] Invoked command in '/ros2_ws/build/interfaces' returned '0': CMAKE_PREFIX_PATH=${CMAKE_PREFIX_PATH}:/opt/ros/humble /usr/bin/cmake --build /ros2_ws/build/interfaces -- -j4 -l4
[2.489s] Invoking command in '/ros2_ws/build/interfaces': CMAKE_PREFIX_PATH=${CMAKE_PREFIX_PATH}:/opt/ros/humble /usr/bin/cmake --install /ros2_ws/build/interfaces
[2.521s] -- Install configuration: ""
[2.521s] -- Up-to-date: /ros2_ws/install/interfaces/share/ament_index/resource_index/rosidl_interfaces/interfaces
[2.522s] -- Up-to-date: /ros2_ws/install/interfaces/include/interfaces/interfaces
[2.523s] -- Up-to-date: /ros2_ws/install/interfaces/include/interfaces/interfaces/msg
[2.524s] -- Up-to-date: /ros2_ws/install/interfaces/include/interfaces/interfaces/msg/detail
[2.525s] -- Up-to-date: /ros2_ws/install/interfaces/include/interfaces/interfaces/msg/detail/motor_cmd__struct.h
[2.526s] -- Up-to-date: /ros2_ws/install/interfaces/include/interfaces/interfaces/msg/detail/motor_states__functions.h
[2.527s] -- Up-to-date: /ros2_ws/install/interfaces/include/interfaces/interfaces/msg/detail/motor_states__type_support.h
[2.528s] -- Up-to-date: /ros2_ws/install/interfaces/include/interfaces/interfaces/msg/detail/motor_cmd__functions.h
[2.529s] -- Up-to-date: /ros2_ws/install/interfaces/include/interfaces/interfaces/msg/detail/motor_states__functions.c
[2.530s] -- Up-to-date: /ros2_ws/install/interfaces/include/interfaces/interfaces/msg/detail/motor_cmd__functions.c
[2.531s] -- Up-to-date: /ros2_ws/install/interfaces/include/interfaces/interfaces/msg/detail/motor_states__struct.h
[2.532s] -- Up-to-date: /ros2_ws/install/interfaces/include/interfaces/interfaces/msg/detail/motor_cmd__type_support.h
[2.533s] -- Up-to-date: /ros2_ws/install/interfaces/include/interfaces/interfaces/msg/motor_states.h
[2.534s] -- Up-to-date: /ros2_ws/install/interfaces/include/interfaces/interfaces/msg/motor_cmd.h
[2.535s] -- Up-to-date: /ros2_ws/install/interfaces/include/interfaces/interfaces/msg/rosidl_generator_c__visibility_control.h
[2.536s] -- Up-to-date: /ros2_ws/install/interfaces/share/interfaces/environment/library_path.sh
[2.537s] -- Up-to-date: /ros2_ws/install/interfaces/share/interfaces/environment/library_path.dsv
[2.539s] -- Up-to-date: /ros2_ws/install/interfaces/lib/libinterfaces__rosidl_generator_c.so
[2.540s] -- Up-to-date: /ros2_ws/install/interfaces/include/interfaces/interfaces
[2.542s] -- Up-to-date: /ros2_ws/install/interfaces/include/interfaces/interfaces/msg
[2.543s] -- Up-to-date: /ros2_ws/install/interfaces/include/interfaces/interfaces/msg/rosidl_typesupport_fastrtps_c__visibility_control.h
[2.544s] -- Up-to-date: /ros2_ws/install/interfaces/include/interfaces/interfaces/msg/detail
[2.545s] -- Up-to-date: /ros2_ws/install/interfaces/include/interfaces/interfaces/msg/detail/motor_states__rosidl_typesupport_fastrtps_c.h
[2.546s] -- Up-to-date: /ros2_ws/install/interfaces/include/interfaces/interfaces/msg/detail/motor_cmd__rosidl_typesupport_fastrtps_c.h
[2.548s] -- Up-to-date: /ros2_ws/install/interfaces/lib/libinterfaces__rosidl_typesupport_fastrtps_c.so
[2.551s] -- Up-to-date: /ros2_ws/install/interfaces/include/interfaces/interfaces
[2.552s] -- Up-to-date: /ros2_ws/install/interfaces/include/interfaces/interfaces/msg
[2.553s] -- Up-to-date: /ros2_ws/install/interfaces/include/interfaces/interfaces/msg/rosidl_typesupport_introspection_c__visibility_control.h
[2.554s] -- Up-to-date: /ros2_ws/install/interfaces/include/interfaces/interfaces/msg/detail
[2.557s] -- Up-to-date: /ros2_ws/install/interfaces/include/interfaces/interfaces/msg/detail/motor_cmd__rosidl_typesupport_introspection_c.h
[2.561s] -- Up-to-date: /ros2_ws/install/interfaces/include/interfaces/interfaces/msg/detail/motor_cmd__type_support.c
[2.562s] -- Up-to-date: /ros2_ws/install/interfaces/include/interfaces/interfaces/msg/detail/motor_states__type_support.c
[2.563s] -- Up-to-date: /ros2_ws/install/interfaces/include/interfaces/interfaces/msg/detail/motor_states__rosidl_typesupport_introspection_c.h
[2.563s] -- Up-to-date: /ros2_ws/install/interfaces/lib/libinterfaces__rosidl_typesupport_introspection_c.so
[2.563s] -- Up-to-date: /ros2_ws/install/interfaces/lib/libinterfaces__rosidl_typesupport_c.so
[2.569s] -- Up-to-date: /ros2_ws/install/interfaces/include/interfaces/interfaces
[2.570s] -- Up-to-date: /ros2_ws/install/interfaces/include/interfaces/interfaces/msg
[2.573s] -- Up-to-date: /ros2_ws/install/interfaces/include/interfaces/interfaces/msg/motor_states.hpp
[2.573s] -- Up-to-date: /ros2_ws/install/interfaces/include/interfaces/interfaces/msg/rosidl_generator_cpp__visibility_control.hpp
[2.574s] -- Up-to-date: /ros2_ws/install/interfaces/include/interfaces/interfaces/msg/detail
[2.574s] -- Up-to-date: /ros2_ws/install/interfaces/include/interfaces/interfaces/msg/detail/motor_states__type_support.hpp
[2.575s] -- Up-to-date: /ros2_ws/install/interfaces/include/interfaces/interfaces/msg/detail/motor_states__traits.hpp
[2.581s] -- Up-to-date: /ros2_ws/install/interfaces/include/interfaces/interfaces/msg/detail/motor_cmd__builder.hpp
[2.582s] -- Up-to-date: /ros2_ws/install/interfaces/include/interfaces/interfaces/msg/detail/motor_cmd__type_support.hpp
[2.583s] -- Up-to-date: /ros2_ws/install/interfaces/include/interfaces/interfaces/msg/detail/motor_cmd__traits.hpp
[2.583s] -- Up-to-date: /ros2_ws/install/interfaces/include/interfaces/interfaces/msg/detail/motor_states__struct.hpp
[2.584s] -- Up-to-date: /ros2_ws/install/interfaces/include/interfaces/interfaces/msg/detail/motor_states__builder.hpp
[2.584s] -- Up-to-date: /ros2_ws/install/interfaces/include/interfaces/interfaces/msg/detail/motor_cmd__struct.hpp
[2.586s] -- Up-to-date: /ros2_ws/install/interfaces/include/interfaces/interfaces/msg/motor_cmd.hpp
[2.586s] -- Up-to-date: /ros2_ws/install/interfaces/include/interfaces/interfaces
[2.587s] -- Up-to-date: /ros2_ws/install/interfaces/include/interfaces/interfaces/msg
[2.632s] -- Up-to-date: /ros2_ws/install/interfaces/include/interfaces/interfaces/msg/detail
[2.632s] -- Up-to-date: /ros2_ws/install/interfaces/include/interfaces/interfaces/msg/detail/motor_states__rosidl_typesupport_fastrtps_cpp.hpp
[2.633s] -- Up-to-date: /ros2_ws/install/interfaces/include/interfaces/interfaces/msg/detail/dds_fastrtps
[2.633s] -- Up-to-date: /ros2_ws/install/interfaces/include/interfaces/interfaces/msg/detail/motor_cmd__rosidl_typesupport_fastrtps_cpp.hpp
[2.634s] -- Up-to-date: /ros2_ws/install/interfaces/include/interfaces/interfaces/msg/rosidl_typesupport_fastrtps_cpp__visibility_control.h
[2.634s] -- Up-to-date: /ros2_ws/install/interfaces/lib/libinterfaces__rosidl_typesupport_fastrtps_cpp.so
[2.635s] -- Up-to-date: /ros2_ws/install/interfaces/include/interfaces/interfaces
[2.635s] -- Up-to-date: /ros2_ws/install/interfaces/include/interfaces/interfaces/msg
[2.635s] -- Up-to-date: /ros2_ws/install/interfaces/include/interfaces/interfaces/msg/detail
[2.636s] -- Up-to-date: /ros2_ws/install/interfaces/include/interfaces/interfaces/msg/detail/motor_cmd__type_support.cpp
[2.636s] -- Up-to-date: /ros2_ws/install/interfaces/include/interfaces/interfaces/msg/detail/motor_states__type_support.cpp
[2.637s] -- Up-to-date: /ros2_ws/install/interfaces/include/interfaces/interfaces/msg/detail/motor_cmd__rosidl_typesupport_introspection_cpp.hpp
[2.656s] -- Up-to-date: /ros2_ws/install/interfaces/include/interfaces/interfaces/msg/detail/motor_states__rosidl_typesupport_introspection_cpp.hpp
[2.667s] -- Up-to-date: /ros2_ws/install/interfaces/lib/libinterfaces__rosidl_typesupport_introspection_cpp.so
[2.668s] -- Up-to-date: /ros2_ws/install/interfaces/lib/libinterfaces__rosidl_typesupport_cpp.so
[2.668s] -- Up-to-date: /ros2_ws/install/interfaces/share/interfaces/environment/pythonpath.sh
[2.669s] -- Up-to-date: /ros2_ws/install/interfaces/share/interfaces/environment/pythonpath.dsv
[2.685s] -- Up-to-date: /ros2_ws/install/interfaces/local/lib/python3.10/dist-packages/interfaces-0.0.0-py3.10.egg-info
[2.686s] -- Installing: /ros2_ws/install/interfaces/local/lib/python3.10/dist-packages/interfaces-0.0.0-py3.10.egg-info/SOURCES.txt
[2.686s] -- Installing: /ros2_ws/install/interfaces/local/lib/python3.10/dist-packages/interfaces-0.0.0-py3.10.egg-info/PKG-INFO
[2.687s] -- Installing: /ros2_ws/install/interfaces/local/lib/python3.10/dist-packages/interfaces-0.0.0-py3.10.egg-info/dependency_links.txt
[2.687s] -- Installing: /ros2_ws/install/interfaces/local/lib/python3.10/dist-packages/interfaces-0.0.0-py3.10.egg-info/top_level.txt
[2.688s] -- Up-to-date: /ros2_ws/install/interfaces/local/lib/python3.10/dist-packages/interfaces
[2.688s] -- Up-to-date: /ros2_ws/install/interfaces/local/lib/python3.10/dist-packages/interfaces/_interfaces_s.ep.rosidl_typesupport_c.c
[2.689s] -- Up-to-date: /ros2_ws/install/interfaces/local/lib/python3.10/dist-packages/interfaces/_interfaces_s.ep.rosidl_typesupport_fastrtps_c.c
[2.689s] -- Up-to-date: /ros2_ws/install/interfaces/local/lib/python3.10/dist-packages/interfaces/interfaces_s__rosidl_typesupport_introspection_c.cpython-310-aarch64-linux-gnu.so
[2.690s] -- Up-to-date: /ros2_ws/install/interfaces/local/lib/python3.10/dist-packages/interfaces/__init__.py
[2.690s] -- Up-to-date: /ros2_ws/install/interfaces/local/lib/python3.10/dist-packages/interfaces/libinterfaces__rosidl_generator_py.so
[2.691s] -- Up-to-date: /ros2_ws/install/interfaces/local/lib/python3.10/dist-packages/interfaces/_interfaces_s.ep.rosidl_typesupport_introspection_c.c
[2.691s] -- Up-to-date: /ros2_ws/install/interfaces/local/lib/python3.10/dist-packages/interfaces/msg
[2.692s] -- Up-to-date: /ros2_ws/install/interfaces/local/lib/python3.10/dist-packages/interfaces/msg/_motor_cmd_s.c
[2.692s] -- Up-to-date: /ros2_ws/install/interfaces/local/lib/python3.10/dist-packages/interfaces/msg/_motor_states.py
[2.709s] -- Up-to-date: /ros2_ws/install/interfaces/local/lib/python3.10/dist-packages/interfaces/msg/_motor_cmd.py
[2.710s] -- Up-to-date: /ros2_ws/install/interfaces/local/lib/python3.10/dist-packages/interfaces/msg/__init__.py
[2.710s] -- Up-to-date: /ros2_ws/install/interfaces/local/lib/python3.10/dist-packages/interfaces/msg/_motor_states_s.c
[2.710s] -- Up-to-date: /ros2_ws/install/interfaces/local/lib/python3.10/dist-packages/interfaces/interfaces_s__rosidl_typesupport_c.cpython-310-aarch64-linux-gnu.so
[2.711s] -- Up-to-date: /ros2_ws/install/interfaces/local/lib/python3.10/dist-packages/interfaces/interfaces_s__rosidl_typesupport_fastrtps_c.cpython-310-aarch64-linux-gnu.so
[2.847s] Listing '/ros2_ws/install/interfaces/local/lib/python3.10/dist-packages/interfaces'...
[2.848s] Listing '/ros2_ws/install/interfaces/local/lib/python3.10/dist-packages/interfaces/msg'...
[2.883s] -- Up-to-date: /ros2_ws/install/interfaces/local/lib/python3.10/dist-packages/interfaces/interfaces_s__rosidl_typesupport_fastrtps_c.cpython-310-aarch64-linux-gnu.so
[2.885s] -- Up-to-date: /ros2_ws/install/interfaces/local/lib/python3.10/dist-packages/interfaces/interfaces_s__rosidl_typesupport_introspection_c.cpython-310-aarch64-linux-gnu.so
[2.888s] -- Up-to-date: /ros2_ws/install/interfaces/local/lib/python3.10/dist-packages/interfaces/interfaces_s__rosidl_typesupport_c.cpython-310-aarch64-linux-gnu.so
[2.889s] -- Up-to-date: /ros2_ws/install/interfaces/lib/libinterfaces__rosidl_generator_py.so
[2.890s] -- Up-to-date: /ros2_ws/install/interfaces/share/ament_index/resource_index/rust_packages/interfaces
[2.890s] -- Up-to-date: /ros2_ws/install/interfaces/share/interfaces/rust
[2.896s] -- Up-to-date: /ros2_ws/install/interfaces/share/interfaces/rust/src
[2.896s] -- Up-to-date: /ros2_ws/install/interfaces/share/interfaces/rust/src/msg.rs
[2.921s] -- Up-to-date: /ros2_ws/install/interfaces/share/interfaces/rust/src/lib.rs
[2.922s] -- Up-to-date: /ros2_ws/install/interfaces/share/interfaces/rust/src/msg
[2.922s] -- Up-to-date: /ros2_ws/install/interfaces/share/interfaces/rust/src/msg/rmw.rs
[2.923s] -- Up-to-date: /ros2_ws/install/interfaces/share/interfaces/rust/build.rs
[2.923s] -- Up-to-date: /ros2_ws/install/interfaces/share/interfaces/rust/Cargo.toml
[2.923s] -- Up-to-date: /ros2_ws/install/interfaces/share/interfaces/msg/MotorCmd.idl
[2.924s] -- Up-to-date: /ros2_ws/install/interfaces/share/interfaces/msg/MotorStates.idl
[2.924s] -- Up-to-date: /ros2_ws/install/interfaces/share/interfaces/msg/MotorCmd.msg
[2.934s] -- Up-to-date: /ros2_ws/install/interfaces/share/interfaces/msg/MotorStates.msg
[2.934s] -- Up-to-date: /ros2_ws/install/interfaces/share/ament_index/resource_index/package_run_dependencies/interfaces
[2.935s] -- Up-to-date: /ros2_ws/install/interfaces/share/ament_index/resource_index/parent_prefix_path/interfaces
[2.958s] -- Up-to-date: /ros2_ws/install/interfaces/share/interfaces/environment/ament_prefix_path.sh
[2.962s] -- Up-to-date: /ros2_ws/install/interfaces/share/interfaces/environment/ament_prefix_path.dsv
[2.968s] -- Up-to-date: /ros2_ws/install/interfaces/share/interfaces/environment/path.sh
[2.968s] -- Up-to-date: /ros2_ws/install/interfaces/share/interfaces/environment/path.dsv
[2.970s] -- Up-to-date: /ros2_ws/install/interfaces/share/interfaces/local_setup.bash
[2.971s] -- Up-to-date: /ros2_ws/install/interfaces/share/interfaces/local_setup.sh
[2.973s] -- Up-to-date: /ros2_ws/install/interfaces/share/interfaces/local_setup.zsh
[2.974s] -- Up-to-date: /ros2_ws/install/interfaces/share/interfaces/local_setup.dsv
[2.975s] -- Installing: /ros2_ws/install/interfaces/share/interfaces/package.dsv
[2.975s] -- Up-to-date: /ros2_ws/install/interfaces/share/ament_index/resource_index/packages/interfaces
[2.976s] -- Up-to-date: /ros2_ws/install/interfaces/share/interfaces/cmake/export_interfaces__rosidl_generator_cExport.cmake
[2.976s] -- Up-to-date: /ros2_ws/install/interfaces/share/interfaces/cmake/export_interfaces__rosidl_generator_cExport-noconfig.cmake
[3.034s] -- Up-to-date: /ros2_ws/install/interfaces/share/interfaces/cmake/export_interfaces__rosidl_typesupport_fastrtps_cExport.cmake
[3.034s] -- Up-to-date: /ros2_ws/install/interfaces/share/interfaces/cmake/export_interfaces__rosidl_typesupport_fastrtps_cExport-noconfig.cmake
[3.035s] -- Up-to-date: /ros2_ws/install/interfaces/share/interfaces/cmake/interfaces__rosidl_typesupport_introspection_cExport.cmake
[3.035s] -- Up-to-date: /ros2_ws/install/interfaces/share/interfaces/cmake/interfaces__rosidl_typesupport_introspection_cExport-noconfig.cmake
[3.036s] -- Up-to-date: /ros2_ws/install/interfaces/share/interfaces/cmake/interfaces__rosidl_typesupport_cExport.cmake
[3.036s] -- Up-to-date: /ros2_ws/install/interfaces/share/interfaces/cmake/interfaces__rosidl_typesupport_cExport-noconfig.cmake
[3.037s] -- Up-to-date: /ros2_ws/install/interfaces/share/interfaces/cmake/export_interfaces__rosidl_generator_cppExport.cmake
[3.037s] -- Up-to-date: /ros2_ws/install/interfaces/share/interfaces/cmake/export_interfaces__rosidl_typesupport_fastrtps_cppExport.cmake
[3.037s] -- Up-to-date: /ros2_ws/install/interfaces/share/interfaces/cmake/export_interfaces__rosidl_typesupport_fastrtps_cppExport-noconfig.cmake
[3.038s] -- Up-to-date: /ros2_ws/install/interfaces/share/interfaces/cmake/interfaces__rosidl_typesupport_introspection_cppExport.cmake
[3.038s] -- Up-to-date: /ros2_ws/install/interfaces/share/interfaces/cmake/interfaces__rosidl_typesupport_introspection_cppExport-noconfig.cmake
[3.039s] -- Up-to-date: /ros2_ws/install/interfaces/share/interfaces/cmake/interfaces__rosidl_typesupport_cppExport.cmake
[3.039s] -- Up-to-date: /ros2_ws/install/interfaces/share/interfaces/cmake/interfaces__rosidl_typesupport_cppExport-noconfig.cmake
[3.040s] -- Up-to-date: /ros2_ws/install/interfaces/share/interfaces/cmake/export_interfaces__rosidl_generator_pyExport.cmake
[3.040s] -- Up-to-date: /ros2_ws/install/interfaces/share/interfaces/cmake/export_interfaces__rosidl_generator_pyExport-noconfig.cmake
[3.041s] -- Up-to-date: /ros2_ws/install/interfaces/share/interfaces/cmake/rosidl_cmake-extras.cmake
[3.041s] -- Up-to-date: /ros2_ws/install/interfaces/share/interfaces/cmake/ament_cmake_export_include_directories-extras.cmake
[3.042s] -- Up-to-date: /ros2_ws/install/interfaces/share/interfaces/cmake/ament_cmake_export_libraries-extras.cmake
[3.043s] -- Up-to-date: /ros2_ws/install/interfaces/share/interfaces/cmake/ament_cmake_export_targets-extras.cmake
[3.061s] -- Up-to-date: /ros2_ws/install/interfaces/share/interfaces/cmake/rosidl_cmake_export_typesupport_targets-extras.cmake
[3.065s] -- Up-to-date: /ros2_ws/install/interfaces/share/interfaces/cmake/ament_cmake_export_dependencies-extras.cmake
[3.068s] -- Up-to-date: /ros2_ws/install/interfaces/share/interfaces/cmake/rosidl_cmake_export_typesupport_libraries-extras.cmake
[3.070s] -- Up-to-date: /ros2_ws/install/interfaces/share/interfaces/cmake/rosidl_cmake_aggregate_target-extras.cmake
[3.074s] -- Up-to-date: /ros2_ws/install/interfaces/share/interfaces/cmake/interfacesConfig.cmake
[3.075s] -- Up-to-date: /ros2_ws/install/interfaces/share/interfaces/cmake/interfacesConfig-version.cmake
[3.075s] -- Up-to-date: /ros2_ws/install/interfaces/share/interfaces/package.xml
[3.076s] Invoked command in '/ros2_ws/build/interfaces' returned '0': CMAKE_PREFIX_PATH=${CMAKE_PREFIX_PATH}:/opt/ros/humble /usr/bin/cmake --install /ros2_ws/build/interfaces
