[0.089s] Invoking command in '/ros2_ws/build/drivers': CMAKE_PREFIX_PATH=/ros2_ws/install/common:/ros2_ws/install/bringup:/ros2_ws/install/cerebellum_hardware:/ros2_ws/install/dri_interfaces:/ros2_ws/install/interfaces:/ros2_ws/install/drivers:/ros2_ws/install/cerebellum_description:/ros2_ws/install/system_services:/opt/ros/humble /usr/bin/cmake --build /ros2_ws/build/drivers -- -j4 -l4
[0.331s] [ 75%] Built target drivers_core
[0.430s] [ 87%] [32m[1mLinking CXX executable test_controller[0m
[1.110s] [100%] Built target test_controller
[1.152s] Invoked command in '/ros2_ws/build/drivers' returned '0': CMAKE_PREFIX_PATH=/ros2_ws/install/common:/ros2_ws/install/bringup:/ros2_ws/install/cerebellum_hardware:/ros2_ws/install/dri_interfaces:/ros2_ws/install/interfaces:/ros2_ws/install/drivers:/ros2_ws/install/cerebellum_description:/ros2_ws/install/system_services:/opt/ros/humble /usr/bin/cmake --build /ros2_ws/build/drivers -- -j4 -l4
[1.161s] Invoking command in '/ros2_ws/build/drivers': CMAKE_PREFIX_PATH=/ros2_ws/install/common:/ros2_ws/install/bringup:/ros2_ws/install/cerebellum_hardware:/ros2_ws/install/dri_interfaces:/ros2_ws/install/interfaces:/ros2_ws/install/drivers:/ros2_ws/install/cerebellum_description:/ros2_ws/install/system_services:/opt/ros/humble /usr/bin/cmake --install /ros2_ws/build/drivers
[1.188s] -- Install configuration: ""
[1.190s] -- Execute custom install script
[1.192s] -- Up-to-date symlink: /ros2_ws/install/drivers/lib/drivers/test_controller
[1.194s] -- Up-to-date symlink: /ros2_ws/install/drivers/include/drivers/drivers/bms/bms.h
[1.197s] -- Up-to-date symlink: /ros2_ws/install/drivers/include/drivers/drivers/controller_board/controller_board.h
[1.198s] -- Up-to-date symlink: /ros2_ws/install/drivers/include/drivers/drivers/controller_board/controller_comm.h
[1.199s] -- Up-to-date symlink: /ros2_ws/install/drivers/include/drivers/drivers/controller_board/protocol.h
[1.201s] -- Up-to-date symlink: /ros2_ws/install/drivers/include/drivers/drivers/imu/imu.h
[1.203s] -- Up-to-date symlink: /ros2_ws/install/drivers/include/drivers/drivers/motor/motor.h
[1.206s] -- Up-to-date symlink: /ros2_ws/install/drivers/include/drivers/port/driver_port.h
[1.208s] -- Up-to-date symlink: /ros2_ws/install/drivers/share/drivers/environment/library_path.sh
[1.209s] -- Up-to-date symlink: /ros2_ws/install/drivers/share/drivers/environment/library_path.dsv
[1.210s] -- Up-to-date symlink: /ros2_ws/install/drivers/share/ament_index/resource_index/package_run_dependencies/drivers
[1.210s] -- Up-to-date symlink: /ros2_ws/install/drivers/share/ament_index/resource_index/parent_prefix_path/drivers
[1.211s] -- Up-to-date symlink: /ros2_ws/install/drivers/share/drivers/environment/ament_prefix_path.sh
[1.211s] -- Up-to-date symlink: /ros2_ws/install/drivers/share/drivers/environment/ament_prefix_path.dsv
[1.211s] -- Up-to-date symlink: /ros2_ws/install/drivers/share/drivers/environment/path.sh
[1.212s] -- Up-to-date symlink: /ros2_ws/install/drivers/share/drivers/environment/path.dsv
[1.213s] -- Up-to-date symlink: /ros2_ws/install/drivers/share/drivers/local_setup.bash
[1.213s] -- Up-to-date symlink: /ros2_ws/install/drivers/share/drivers/local_setup.sh
[1.214s] -- Up-to-date symlink: /ros2_ws/install/drivers/share/drivers/local_setup.zsh
[1.215s] -- Up-to-date symlink: /ros2_ws/install/drivers/share/drivers/local_setup.dsv
[1.215s] -- Symlinking: /ros2_ws/install/drivers/share/drivers/package.dsv
[1.245s] -- Up-to-date symlink: /ros2_ws/install/drivers/share/ament_index/resource_index/packages/drivers
[1.246s] -- Up-to-date symlink: /ros2_ws/install/drivers/share/drivers/cmake/ament_cmake_export_include_directories-extras.cmake
[1.247s] -- Up-to-date symlink: /ros2_ws/install/drivers/share/drivers/cmake/ament_cmake_export_libraries-extras.cmake
[1.248s] -- Up-to-date symlink: /ros2_ws/install/drivers/share/drivers/cmake/driversConfig.cmake
[1.251s] -- Up-to-date symlink: /ros2_ws/install/drivers/share/drivers/cmake/driversConfig-version.cmake
[1.251s] -- Up-to-date symlink: /ros2_ws/install/drivers/share/drivers/package.xml
[1.252s] -- Up-to-date: /ros2_ws/install/drivers/lib/libdrivers_core.a
[1.262s] Invoked command in '/ros2_ws/build/drivers' returned '0': CMAKE_PREFIX_PATH=/ros2_ws/install/common:/ros2_ws/install/bringup:/ros2_ws/install/cerebellum_hardware:/ros2_ws/install/dri_interfaces:/ros2_ws/install/interfaces:/ros2_ws/install/drivers:/ros2_ws/install/cerebellum_description:/ros2_ws/install/system_services:/opt/ros/humble /usr/bin/cmake --install /ros2_ws/build/drivers
