[0.070s] Invoking command in '/ros2_ws/build/interfaces': CMAKE_PREFIX_PATH=${CMAKE_PREFIX_PATH}:/opt/ros/humble /usr/bin/cmake --build /ros2_ws/build/interfaces -- -j4 -l4
[0.560s] [  2%] Built target interfaces__rs
[0.581s] [  5%] Built target interfaces__cpp
[0.590s] [ 15%] Built target interfaces__rosidl_generator_c
[0.614s] [ 15%] Built target ament_cmake_python_symlink_interfaces
[0.707s] [ 25%] Built target interfaces__rosidl_typesupport_cpp
[0.708s] [ 35%] Built target interfaces__rosidl_typesupport_introspection_cpp
[0.741s] [ 45%] Built target interfaces__rosidl_typesupport_introspection_c
[0.749s] [ 55%] Built target interfaces__rosidl_typesupport_fastrtps_cpp
[0.821s] [ 65%] Built target interfaces__rosidl_typesupport_fastrtps_c
[0.874s] [ 75%] Built target interfaces__rosidl_typesupport_c
[0.982s] [ 75%] Built target interfaces
[1.131s] [ 77%] Built target interfaces__py
[1.304s] [ 85%] Built target interfaces__rosidl_generator_py
[1.489s] [ 90%] Built target interfaces__rosidl_typesupport_c__pyext
[1.506s] [ 95%] Built target interfaces__rosidl_typesupport_fastrtps_c__pyext
[1.522s] [100%] Built target interfaces__rosidl_typesupport_introspection_c__pyext
[2.003s] running egg_info
[2.008s] writing interfaces.egg-info/PKG-INFO
[2.008s] writing dependency_links to interfaces.egg-info/dependency_links.txt
[2.009s] writing top-level names to interfaces.egg-info/top_level.txt
[2.023s] reading manifest file 'interfaces.egg-info/SOURCES.txt'
[2.028s] writing manifest file 'interfaces.egg-info/SOURCES.txt'
[2.153s] [100%] Built target ament_cmake_python_build_interfaces_egg
[2.190s] Invoked command in '/ros2_ws/build/interfaces' returned '0': CMAKE_PREFIX_PATH=${CMAKE_PREFIX_PATH}:/opt/ros/humble /usr/bin/cmake --build /ros2_ws/build/interfaces -- -j4 -l4
[2.199s] Invoking command in '/ros2_ws/build/interfaces': CMAKE_PREFIX_PATH=${CMAKE_PREFIX_PATH}:/opt/ros/humble /usr/bin/cmake --install /ros2_ws/build/interfaces
[2.227s] -- Install configuration: ""
[2.230s] -- Execute custom install script
[2.233s] -- Up-to-date symlink: /ros2_ws/install/interfaces/share/ament_index/resource_index/rosidl_interfaces/interfaces
[2.238s] -- Up-to-date symlink: /ros2_ws/install/interfaces/include/interfaces/interfaces/msg/detail/motor_cmd__functions.h
[2.241s] -- Up-to-date symlink: /ros2_ws/install/interfaces/include/interfaces/interfaces/msg/detail/motor_cmd__struct.h
[2.244s] -- Up-to-date symlink: /ros2_ws/install/interfaces/include/interfaces/interfaces/msg/detail/motor_cmd__type_support.h
[2.247s] -- Up-to-date symlink: /ros2_ws/install/interfaces/include/interfaces/interfaces/msg/detail/motor_states__functions.h
[2.249s] -- Up-to-date symlink: /ros2_ws/install/interfaces/include/interfaces/interfaces/msg/detail/motor_states__struct.h
[2.252s] -- Up-to-date symlink: /ros2_ws/install/interfaces/include/interfaces/interfaces/msg/detail/motor_states__type_support.h
[2.254s] -- Up-to-date symlink: /ros2_ws/install/interfaces/include/interfaces/interfaces/msg/motor_cmd.h
[2.256s] -- Up-to-date symlink: /ros2_ws/install/interfaces/include/interfaces/interfaces/msg/motor_states.h
[2.258s] -- Up-to-date symlink: /ros2_ws/install/interfaces/include/interfaces/interfaces/msg/rosidl_generator_c__visibility_control.h
[2.259s] -- Up-to-date symlink: /ros2_ws/install/interfaces/share/interfaces/environment/library_path.sh
[2.260s] -- Up-to-date symlink: /ros2_ws/install/interfaces/share/interfaces/environment/library_path.dsv
[2.263s] -- Up-to-date symlink: /ros2_ws/install/interfaces/include/interfaces/interfaces/msg/detail/motor_cmd__rosidl_typesupport_fastrtps_c.h
[2.264s] -- Up-to-date symlink: /ros2_ws/install/interfaces/include/interfaces/interfaces/msg/detail/motor_states__rosidl_typesupport_fastrtps_c.h
[2.266s] -- Up-to-date symlink: /ros2_ws/install/interfaces/include/interfaces/interfaces/msg/rosidl_typesupport_fastrtps_c__visibility_control.h
[2.268s] -- Up-to-date symlink: /ros2_ws/install/interfaces/include/interfaces/interfaces/msg/detail/motor_cmd__rosidl_typesupport_introspection_c.h
[2.269s] -- Up-to-date symlink: /ros2_ws/install/interfaces/include/interfaces/interfaces/msg/detail/motor_states__rosidl_typesupport_introspection_c.h
[2.271s] -- Up-to-date symlink: /ros2_ws/install/interfaces/include/interfaces/interfaces/msg/rosidl_typesupport_introspection_c__visibility_control.h
[2.274s] -- Up-to-date symlink: /ros2_ws/install/interfaces/include/interfaces/interfaces/msg/detail/motor_cmd__builder.hpp
[2.275s] -- Up-to-date symlink: /ros2_ws/install/interfaces/include/interfaces/interfaces/msg/detail/motor_cmd__struct.hpp
[2.277s] -- Up-to-date symlink: /ros2_ws/install/interfaces/include/interfaces/interfaces/msg/detail/motor_cmd__traits.hpp
[2.278s] -- Up-to-date symlink: /ros2_ws/install/interfaces/include/interfaces/interfaces/msg/detail/motor_cmd__type_support.hpp
[2.280s] -- Up-to-date symlink: /ros2_ws/install/interfaces/include/interfaces/interfaces/msg/detail/motor_states__builder.hpp
[2.281s] -- Up-to-date symlink: /ros2_ws/install/interfaces/include/interfaces/interfaces/msg/detail/motor_states__struct.hpp
[2.283s] -- Up-to-date symlink: /ros2_ws/install/interfaces/include/interfaces/interfaces/msg/detail/motor_states__traits.hpp
[2.286s] -- Up-to-date symlink: /ros2_ws/install/interfaces/include/interfaces/interfaces/msg/detail/motor_states__type_support.hpp
[2.287s] -- Up-to-date symlink: /ros2_ws/install/interfaces/include/interfaces/interfaces/msg/motor_cmd.hpp
[2.288s] -- Up-to-date symlink: /ros2_ws/install/interfaces/include/interfaces/interfaces/msg/motor_states.hpp
[2.290s] -- Up-to-date symlink: /ros2_ws/install/interfaces/include/interfaces/interfaces/msg/rosidl_generator_cpp__visibility_control.hpp
[2.293s] -- Up-to-date symlink: /ros2_ws/install/interfaces/include/interfaces/interfaces/msg/detail/motor_cmd__rosidl_typesupport_fastrtps_cpp.hpp
[2.294s] -- Up-to-date symlink: /ros2_ws/install/interfaces/include/interfaces/interfaces/msg/detail/motor_states__rosidl_typesupport_fastrtps_cpp.hpp
[2.295s] -- Up-to-date symlink: /ros2_ws/install/interfaces/include/interfaces/interfaces/msg/rosidl_typesupport_fastrtps_cpp__visibility_control.h
[2.297s] -- Up-to-date symlink: /ros2_ws/install/interfaces/include/interfaces/interfaces/msg/detail/motor_cmd__rosidl_typesupport_introspection_cpp.hpp
[2.299s] -- Up-to-date symlink: /ros2_ws/install/interfaces/include/interfaces/interfaces/msg/detail/motor_states__rosidl_typesupport_introspection_cpp.hpp
[2.300s] -- Up-to-date symlink: /ros2_ws/install/interfaces/share/interfaces/environment/pythonpath.sh
[2.302s] -- Up-to-date symlink: /ros2_ws/install/interfaces/share/interfaces/environment/pythonpath.dsv
[2.304s] -- Up-to-date symlink: /ros2_ws/install/interfaces/local/lib/python3.10/dist-packages/interfaces-0.0.0-py3.10.egg-info/PKG-INFO
[2.306s] -- Up-to-date symlink: /ros2_ws/install/interfaces/local/lib/python3.10/dist-packages/interfaces-0.0.0-py3.10.egg-info/SOURCES.txt
[2.307s] -- Up-to-date symlink: /ros2_ws/install/interfaces/local/lib/python3.10/dist-packages/interfaces-0.0.0-py3.10.egg-info/dependency_links.txt
[2.309s] -- Up-to-date symlink: /ros2_ws/install/interfaces/local/lib/python3.10/dist-packages/interfaces-0.0.0-py3.10.egg-info/top_level.txt
[2.313s] -- Up-to-date symlink: /ros2_ws/install/interfaces/local/lib/python3.10/dist-packages/interfaces/__init__.py
[2.314s] -- Up-to-date symlink: /ros2_ws/install/interfaces/local/lib/python3.10/dist-packages/interfaces/_interfaces_s.ep.rosidl_typesupport_c.c
[2.315s] -- Up-to-date symlink: /ros2_ws/install/interfaces/local/lib/python3.10/dist-packages/interfaces/_interfaces_s.ep.rosidl_typesupport_fastrtps_c.c
[2.316s] -- Up-to-date symlink: /ros2_ws/install/interfaces/local/lib/python3.10/dist-packages/interfaces/_interfaces_s.ep.rosidl_typesupport_introspection_c.c
[2.318s] -- Up-to-date symlink: /ros2_ws/install/interfaces/local/lib/python3.10/dist-packages/interfaces/interfaces_s__rosidl_typesupport_c.cpython-310-aarch64-linux-gnu.so
[2.320s] -- Up-to-date symlink: /ros2_ws/install/interfaces/local/lib/python3.10/dist-packages/interfaces/interfaces_s__rosidl_typesupport_fastrtps_c.cpython-310-aarch64-linux-gnu.so
[2.321s] -- Up-to-date symlink: /ros2_ws/install/interfaces/local/lib/python3.10/dist-packages/interfaces/interfaces_s__rosidl_typesupport_introspection_c.cpython-310-aarch64-linux-gnu.so
[2.323s] -- Up-to-date symlink: /ros2_ws/install/interfaces/local/lib/python3.10/dist-packages/interfaces/libinterfaces__rosidl_generator_py.so
[2.324s] -- Up-to-date symlink: /ros2_ws/install/interfaces/local/lib/python3.10/dist-packages/interfaces/msg/__init__.py
[2.326s] -- Up-to-date symlink: /ros2_ws/install/interfaces/local/lib/python3.10/dist-packages/interfaces/msg/_motor_cmd.py
[2.327s] -- Up-to-date symlink: /ros2_ws/install/interfaces/local/lib/python3.10/dist-packages/interfaces/msg/_motor_cmd_s.c
[2.329s] -- Up-to-date symlink: /ros2_ws/install/interfaces/local/lib/python3.10/dist-packages/interfaces/msg/_motor_states.py
[2.330s] -- Up-to-date symlink: /ros2_ws/install/interfaces/local/lib/python3.10/dist-packages/interfaces/msg/_motor_states_s.c
[2.333s] -- Up-to-date symlink: /ros2_ws/install/interfaces/local/lib/python3.10/dist-packages/interfaces/interfaces_s__rosidl_typesupport_fastrtps_c.cpython-310-aarch64-linux-gnu.so
[2.335s] -- Up-to-date symlink: /ros2_ws/install/interfaces/local/lib/python3.10/dist-packages/interfaces/interfaces_s__rosidl_typesupport_introspection_c.cpython-310-aarch64-linux-gnu.so
[2.337s] -- Up-to-date symlink: /ros2_ws/install/interfaces/local/lib/python3.10/dist-packages/interfaces/interfaces_s__rosidl_typesupport_c.cpython-310-aarch64-linux-gnu.so
[2.339s] -- Up-to-date symlink: /ros2_ws/install/interfaces/share/ament_index/resource_index/rust_packages/interfaces
[2.342s] -- Up-to-date symlink: /ros2_ws/install/interfaces/share/interfaces/rust/Cargo.toml
[2.344s] -- Up-to-date symlink: /ros2_ws/install/interfaces/share/interfaces/rust/build.rs
[2.346s] -- Up-to-date symlink: /ros2_ws/install/interfaces/share/interfaces/rust/src/lib.rs
[2.348s] -- Up-to-date symlink: /ros2_ws/install/interfaces/share/interfaces/rust/src/msg.rs
[2.350s] -- Up-to-date symlink: /ros2_ws/install/interfaces/share/interfaces/rust/src/msg/rmw.rs
[2.352s] -- Up-to-date symlink: /ros2_ws/install/interfaces/share/interfaces/msg/MotorCmd.idl
[2.354s] -- Up-to-date symlink: /ros2_ws/install/interfaces/share/interfaces/msg/MotorStates.idl
[2.356s] -- Up-to-date symlink: /ros2_ws/install/interfaces/share/interfaces/msg/MotorCmd.msg
[2.357s] -- Up-to-date symlink: /ros2_ws/install/interfaces/share/interfaces/msg/MotorStates.msg
[2.359s] -- Up-to-date symlink: /ros2_ws/install/interfaces/include/interfaces/msg/detail/motor_cmd__builder.hpp
[2.361s] -- Up-to-date symlink: /ros2_ws/install/interfaces/include/interfaces/msg/detail/motor_cmd__struct.hpp
[2.362s] -- Up-to-date symlink: /ros2_ws/install/interfaces/include/interfaces/msg/detail/motor_cmd__traits.hpp
[2.371s] -- Up-to-date symlink: /ros2_ws/install/interfaces/include/interfaces/msg/detail/motor_cmd__type_support.hpp
[2.371s] -- Up-to-date symlink: /ros2_ws/install/interfaces/include/interfaces/msg/detail/motor_states__builder.hpp
[2.373s] -- Up-to-date symlink: /ros2_ws/install/interfaces/include/interfaces/msg/detail/motor_states__struct.hpp
[2.375s] -- Up-to-date symlink: /ros2_ws/install/interfaces/include/interfaces/msg/detail/motor_states__traits.hpp
[2.376s] -- Up-to-date symlink: /ros2_ws/install/interfaces/include/interfaces/msg/detail/motor_states__type_support.hpp
[2.378s] -- Up-to-date symlink: /ros2_ws/install/interfaces/include/interfaces/msg/motor_cmd.hpp
[2.379s] -- Up-to-date symlink: /ros2_ws/install/interfaces/include/interfaces/msg/motor_states.hpp
[2.381s] -- Up-to-date symlink: /ros2_ws/install/interfaces/include/interfaces/msg/rosidl_generator_cpp__visibility_control.hpp
[2.382s] -- Up-to-date symlink: /ros2_ws/install/interfaces/share/ament_index/resource_index/package_run_dependencies/interfaces
[2.384s] -- Up-to-date symlink: /ros2_ws/install/interfaces/share/ament_index/resource_index/parent_prefix_path/interfaces
[2.386s] -- Up-to-date symlink: /ros2_ws/install/interfaces/share/interfaces/environment/ament_prefix_path.sh
[2.387s] -- Up-to-date symlink: /ros2_ws/install/interfaces/share/interfaces/environment/ament_prefix_path.dsv
[2.389s] -- Up-to-date symlink: /ros2_ws/install/interfaces/share/interfaces/environment/path.sh
[2.391s] -- Up-to-date symlink: /ros2_ws/install/interfaces/share/interfaces/environment/path.dsv
[2.392s] -- Up-to-date symlink: /ros2_ws/install/interfaces/share/interfaces/local_setup.bash
[2.393s] -- Up-to-date symlink: /ros2_ws/install/interfaces/share/interfaces/local_setup.sh
[2.396s] -- Up-to-date symlink: /ros2_ws/install/interfaces/share/interfaces/local_setup.zsh
[2.399s] -- Up-to-date symlink: /ros2_ws/install/interfaces/share/interfaces/local_setup.dsv
[2.400s] -- Symlinking: /ros2_ws/install/interfaces/share/interfaces/package.dsv
[2.439s] -- Up-to-date symlink: /ros2_ws/install/interfaces/share/ament_index/resource_index/packages/interfaces
[2.441s] -- Up-to-date symlink: /ros2_ws/install/interfaces/share/interfaces/cmake/rosidl_cmake-extras.cmake
[2.442s] -- Up-to-date symlink: /ros2_ws/install/interfaces/share/interfaces/cmake/ament_cmake_export_include_directories-extras.cmake
[2.443s] -- Up-to-date symlink: /ros2_ws/install/interfaces/share/interfaces/cmake/ament_cmake_export_libraries-extras.cmake
[2.444s] -- Up-to-date symlink: /ros2_ws/install/interfaces/share/interfaces/cmake/ament_cmake_export_targets-extras.cmake
[2.446s] -- Up-to-date symlink: /ros2_ws/install/interfaces/share/interfaces/cmake/rosidl_cmake_export_typesupport_targets-extras.cmake
[2.447s] -- Up-to-date symlink: /ros2_ws/install/interfaces/share/interfaces/cmake/ament_cmake_export_dependencies-extras.cmake
[2.448s] -- Up-to-date symlink: /ros2_ws/install/interfaces/share/interfaces/cmake/rosidl_cmake_export_typesupport_libraries-extras.cmake
[2.449s] -- Up-to-date symlink: /ros2_ws/install/interfaces/share/interfaces/cmake/rosidl_cmake_aggregate_target-extras.cmake
[2.450s] -- Up-to-date symlink: /ros2_ws/install/interfaces/share/interfaces/cmake/interfacesConfig.cmake
[2.452s] -- Up-to-date symlink: /ros2_ws/install/interfaces/share/interfaces/cmake/interfacesConfig-version.cmake
[2.453s] -- Up-to-date symlink: /ros2_ws/install/interfaces/share/interfaces/package.xml
[2.454s] -- Up-to-date: /ros2_ws/install/interfaces/lib/libinterfaces__rosidl_generator_c.so
[2.456s] -- Up-to-date: /ros2_ws/install/interfaces/lib/libinterfaces__rosidl_typesupport_fastrtps_c.so
[2.458s] -- Up-to-date: /ros2_ws/install/interfaces/lib/libinterfaces__rosidl_typesupport_introspection_c.so
[2.460s] -- Up-to-date: /ros2_ws/install/interfaces/lib/libinterfaces__rosidl_typesupport_c.so
[2.462s] -- Up-to-date: /ros2_ws/install/interfaces/lib/libinterfaces__rosidl_typesupport_fastrtps_cpp.so
[2.464s] -- Up-to-date: /ros2_ws/install/interfaces/lib/libinterfaces__rosidl_typesupport_introspection_cpp.so
[2.466s] -- Up-to-date: /ros2_ws/install/interfaces/lib/libinterfaces__rosidl_typesupport_cpp.so
[2.629s] Listing '/ros2_ws/install/interfaces/local/lib/python3.10/dist-packages/interfaces'...
[2.630s] Listing '/ros2_ws/install/interfaces/local/lib/python3.10/dist-packages/interfaces/msg'...
[2.658s] -- Up-to-date: /ros2_ws/install/interfaces/lib/libinterfaces__rosidl_generator_py.so
[2.661s] -- Up-to-date: /ros2_ws/install/interfaces/share/interfaces/cmake/export_interfaces__rosidl_generator_cExport.cmake
[2.662s] -- Up-to-date: /ros2_ws/install/interfaces/share/interfaces/cmake/export_interfaces__rosidl_generator_cExport-noconfig.cmake
[2.663s] -- Up-to-date: /ros2_ws/install/interfaces/share/interfaces/cmake/export_interfaces__rosidl_typesupport_fastrtps_cExport.cmake
[2.664s] -- Up-to-date: /ros2_ws/install/interfaces/share/interfaces/cmake/export_interfaces__rosidl_typesupport_fastrtps_cExport-noconfig.cmake
[2.665s] -- Up-to-date: /ros2_ws/install/interfaces/share/interfaces/cmake/interfaces__rosidl_typesupport_introspection_cExport.cmake
[2.666s] -- Up-to-date: /ros2_ws/install/interfaces/share/interfaces/cmake/interfaces__rosidl_typesupport_introspection_cExport-noconfig.cmake
[2.667s] -- Up-to-date: /ros2_ws/install/interfaces/share/interfaces/cmake/interfaces__rosidl_typesupport_cExport.cmake
[2.668s] -- Up-to-date: /ros2_ws/install/interfaces/share/interfaces/cmake/interfaces__rosidl_typesupport_cExport-noconfig.cmake
[2.669s] -- Up-to-date: /ros2_ws/install/interfaces/share/interfaces/cmake/export_interfaces__rosidl_generator_cppExport.cmake
[2.671s] -- Up-to-date: /ros2_ws/install/interfaces/share/interfaces/cmake/export_interfaces__rosidl_typesupport_fastrtps_cppExport.cmake
[2.671s] -- Up-to-date: /ros2_ws/install/interfaces/share/interfaces/cmake/export_interfaces__rosidl_typesupport_fastrtps_cppExport-noconfig.cmake
[2.673s] -- Up-to-date: /ros2_ws/install/interfaces/share/interfaces/cmake/interfaces__rosidl_typesupport_introspection_cppExport.cmake
[2.673s] -- Up-to-date: /ros2_ws/install/interfaces/share/interfaces/cmake/interfaces__rosidl_typesupport_introspection_cppExport-noconfig.cmake
[2.674s] -- Up-to-date: /ros2_ws/install/interfaces/share/interfaces/cmake/interfaces__rosidl_typesupport_cppExport.cmake
[2.675s] -- Up-to-date: /ros2_ws/install/interfaces/share/interfaces/cmake/interfaces__rosidl_typesupport_cppExport-noconfig.cmake
[2.677s] -- Up-to-date: /ros2_ws/install/interfaces/share/interfaces/cmake/export_interfaces__rosidl_generator_pyExport.cmake
[2.677s] -- Up-to-date: /ros2_ws/install/interfaces/share/interfaces/cmake/export_interfaces__rosidl_generator_pyExport-noconfig.cmake
[2.686s] Invoked command in '/ros2_ws/build/interfaces' returned '0': CMAKE_PREFIX_PATH=${CMAKE_PREFIX_PATH}:/opt/ros/humble /usr/bin/cmake --install /ros2_ws/build/interfaces
