[35m[1mConsolidate compiler generated dependencies of target simple_collision_monitor[0m
[ 50%] Built target simple_collision_monitor
[100%] Built target simple_collision_monitor_node
-- Install configuration: ""
-- Up-to-date: /ros2_ws/install/collision_avoidance/lib/libsimple_collision_monitor.so
-- Up-to-date: /ros2_ws/install/collision_avoidance/lib/collision_avoidance/simple_collision_monitor_node
-- Up-to-date: /ros2_ws/install/collision_avoidance/include/collision_avoidance
-- Up-to-date: /ros2_ws/install/collision_avoidance/include/collision_avoidance/collision_avoidance
-- Up-to-date: /ros2_ws/install/collision_avoidance/include/collision_avoidance/collision_avoidance/simple_collision_monitor.hpp
-- Up-to-date: /ros2_ws/install/collision_avoidance/share/ament_index/resource_index/package_run_dependencies/collision_avoidance
-- Up-to-date: /ros2_ws/install/collision_avoidance/share/ament_index/resource_index/parent_prefix_path/collision_avoidance
-- Up-to-date: /ros2_ws/install/collision_avoidance/share/collision_avoidance/environment/ament_prefix_path.sh
-- Up-to-date: /ros2_ws/install/collision_avoidance/share/collision_avoidance/environment/ament_prefix_path.dsv
-- Up-to-date: /ros2_ws/install/collision_avoidance/share/collision_avoidance/environment/path.sh
-- Up-to-date: /ros2_ws/install/collision_avoidance/share/collision_avoidance/environment/path.dsv
-- Up-to-date: /ros2_ws/install/collision_avoidance/share/collision_avoidance/local_setup.bash
-- Up-to-date: /ros2_ws/install/collision_avoidance/share/collision_avoidance/local_setup.sh
-- Up-to-date: /ros2_ws/install/collision_avoidance/share/collision_avoidance/local_setup.zsh
-- Up-to-date: /ros2_ws/install/collision_avoidance/share/collision_avoidance/local_setup.dsv
-- Installing: /ros2_ws/install/collision_avoidance/share/collision_avoidance/package.dsv
-- Up-to-date: /ros2_ws/install/collision_avoidance/share/ament_index/resource_index/packages/collision_avoidance
-- Up-to-date: /ros2_ws/install/collision_avoidance/share/collision_avoidance/cmake/collision_avoidanceConfig.cmake
-- Up-to-date: /ros2_ws/install/collision_avoidance/share/collision_avoidance/cmake/collision_avoidanceConfig-version.cmake
-- Up-to-date: /ros2_ws/install/collision_avoidance/share/collision_avoidance/package.xml
