[0.032s] Invoking command in '/ros2_ws/build/dri_interfaces': AMENT_PREFIX_PATH=/ros2_ws/install/interfaces:${AMENT_PREFIX_PATH} CMAKE_PREFIX_PATH=/ros2_ws/install/interfaces:/opt/ros/humble LD_LIBRARY_PATH=/ros2_ws/install/interfaces/lib:${LD_LIBRARY_PATH} PYTHONPATH=/ros2_ws/install/interfaces/local/lib/python3.10/dist-packages:${PYTHONPATH} /usr/bin/cmake /ros2_ws/src/dri_interfaces -DAMENT_CMAKE_SYMLINK_INSTALL=1 -DCMAKE_INSTALL_PREFIX=/ros2_ws/install/dri_interfaces
[0.249s] -- The C compiler identification is GNU 11.4.0
[0.468s] -- The CXX compiler identification is GNU 11.4.0
[0.491s] -- Detecting C compiler ABI info
[0.742s] -- Detecting C compiler ABI info - done
[0.778s] -- Check for working C compiler: /usr/bin/cc - skipped
[0.778s] -- Detecting C compile features
[0.779s] -- Detecting C compile features - done
[0.797s] -- Detecting CXX compiler ABI info
[1.079s] -- Detecting CXX compiler ABI info - done
[1.114s] -- Check for working CXX compiler: /usr/bin/c++ - skipped
[1.115s] -- Detecting CXX compile features
[1.120s] -- Detecting CXX compile features - done
[1.134s] -- Found ament_cmake: 1.3.14 (/opt/ros/humble/share/ament_cmake/cmake)
[2.059s] -- Found Python3: /usr/bin/python3 (found version "3.10.12") found components: Interpreter 
[2.454s] -- Override CMake install command with custom implementation using symlinks instead of copying resources
[2.725s] -- Found rclcpp: 16.0.19 (/opt/ros/humble/share/rclcpp/cmake)
[3.154s] -- Found rosidl_generator_c: 3.1.9 (/opt/ros/humble/share/rosidl_generator_c/cmake)
[3.189s] -- Found rosidl_adapter: 3.1.9 (/opt/ros/humble/share/rosidl_adapter/cmake)
[3.264s] -- Found rosidl_generator_cpp: 3.1.9 (/opt/ros/humble/share/rosidl_generator_cpp/cmake)
[3.400s] -- Using all available rosidl_typesupport_c: rosidl_typesupport_fastrtps_c;rosidl_typesupport_introspection_c
[3.619s] -- Using all available rosidl_typesupport_cpp: rosidl_typesupport_fastrtps_cpp;rosidl_typesupport_introspection_cpp
[4.044s] -- Found rmw_implementation_cmake: 6.1.2 (/opt/ros/humble/share/rmw_implementation_cmake/cmake)
[4.068s] -- Found rmw_fastrtps_cpp: 6.2.10 (/opt/ros/humble/share/rmw_fastrtps_cpp/cmake)
[4.984s] -- Found OpenSSL: /usr/lib/aarch64-linux-gnu/libcrypto.so (found version "3.0.2")  
[5.303s] -- Found FastRTPS: /opt/ros/humble/include  
[5.821s] -- Using RMW implementation 'rmw_fastrtps_cpp' as default
[5.879s] -- Looking for pthread.h
[6.699s] -- Looking for pthread.h - found
[6.700s] -- Performing Test CMAKE_HAVE_LIBC_PTHREAD
[7.479s] -- Performing Test CMAKE_HAVE_LIBC_PTHREAD - Success
[7.491s] -- Found Threads: TRUE  
[7.917s] -- Found sensor_msgs: 4.9.1 (/opt/ros/humble/share/sensor_msgs/cmake)
[8.266s] -- Found interfaces: 0.0.0 (/ros2_ws/install/interfaces/share/interfaces/cmake)
[8.378s] -- Found PkgConfig: /usr/bin/pkg-config (found version "0.29.2") 
[8.381s] -- Checking for module 'yaml-cpp'
[8.481s] --   Found yaml-cpp, version 0.7.0
[8.746s] -- Checking for module 'cxx-serial'
[8.814s] --   Found cxx-serial, version 1.2.1
[8.962s] -- Checking for module 'eigen3'
[9.016s] --   Found eigen3, version 3.4.0
[9.146s] [31mCMake Error at CMakeLists.txt:32 (find_library):
[9.150s]   Could not find DRIVERS_LIB using the following names: drivers_core
[9.154s] 
[9.157s] [0m
[9.162s] -- Configuring incomplete, errors occurred!
[9.166s] See also "/ros2_ws/build/dri_interfaces/CMakeFiles/CMakeOutput.log".
[9.259s] Invoked command in '/ros2_ws/build/dri_interfaces' returned '1': AMENT_PREFIX_PATH=/ros2_ws/install/interfaces:${AMENT_PREFIX_PATH} CMAKE_PREFIX_PATH=/ros2_ws/install/interfaces:/opt/ros/humble LD_LIBRARY_PATH=/ros2_ws/install/interfaces/lib:${LD_LIBRARY_PATH} PYTHONPATH=/ros2_ws/install/interfaces/local/lib/python3.10/dist-packages:${PYTHONPATH} /usr/bin/cmake /ros2_ws/src/dri_interfaces -DAMENT_CMAKE_SYMLINK_INSTALL=1 -DCMAKE_INSTALL_PREFIX=/ros2_ws/install/dri_interfaces
