[0.090s] Invoking command in '/ros2_ws/build/cerebellum_description': CMAKE_PREFIX_PATH=/opt/ros/humble /usr/bin/cmake --build /ros2_ws/build/cerebellum_description -- -j4 -l4
[1.570s] Invoked command in '/ros2_ws/build/cerebellum_description' returned '0': CMAKE_PREFIX_PATH=/opt/ros/humble /usr/bin/cmake --build /ros2_ws/build/cerebellum_description -- -j4 -l4
[1.609s] Invoking command in '/ros2_ws/build/cerebellum_description': CMAKE_PREFIX_PATH=/opt/ros/humble /usr/bin/cmake --install /ros2_ws/build/cerebellum_description
[1.646s] -- Install configuration: ""
[1.648s] -- Execute custom install script
[1.650s] -- Up-to-date symlink: /ros2_ws/install/cerebellum_description/share/cerebellum_description/urdf/cerebellum.urdf.xacro
[1.650s] -- Up-to-date symlink: /ros2_ws/install/cerebellum_description/share/cerebellum_description/config/controllers.yaml
[1.656s] -- Up-to-date symlink: /ros2_ws/install/cerebellum_description/share/ament_index/resource_index/package_run_dependencies/cerebellum_description
[1.657s] -- Up-to-date symlink: /ros2_ws/install/cerebellum_description/share/ament_index/resource_index/parent_prefix_path/cerebellum_description
[1.657s] -- Up-to-date symlink: /ros2_ws/install/cerebellum_description/share/cerebellum_description/environment/ament_prefix_path.sh
[1.658s] -- Up-to-date symlink: /ros2_ws/install/cerebellum_description/share/cerebellum_description/environment/ament_prefix_path.dsv
[1.658s] -- Up-to-date symlink: /ros2_ws/install/cerebellum_description/share/cerebellum_description/environment/path.sh
[1.658s] -- Up-to-date symlink: /ros2_ws/install/cerebellum_description/share/cerebellum_description/environment/path.dsv
[1.659s] -- Up-to-date symlink: /ros2_ws/install/cerebellum_description/share/cerebellum_description/local_setup.bash
[1.659s] -- Up-to-date symlink: /ros2_ws/install/cerebellum_description/share/cerebellum_description/local_setup.sh
[1.660s] -- Up-to-date symlink: /ros2_ws/install/cerebellum_description/share/cerebellum_description/local_setup.zsh
[1.660s] -- Up-to-date symlink: /ros2_ws/install/cerebellum_description/share/cerebellum_description/local_setup.dsv
[1.661s] -- Symlinking: /ros2_ws/install/cerebellum_description/share/cerebellum_description/package.dsv
[1.685s] -- Up-to-date symlink: /ros2_ws/install/cerebellum_description/share/ament_index/resource_index/packages/cerebellum_description
[1.686s] -- Up-to-date symlink: /ros2_ws/install/cerebellum_description/share/cerebellum_description/cmake/cerebellum_descriptionConfig.cmake
[1.687s] -- Up-to-date symlink: /ros2_ws/install/cerebellum_description/share/cerebellum_description/cmake/cerebellum_descriptionConfig-version.cmake
[1.687s] -- Up-to-date symlink: /ros2_ws/install/cerebellum_description/share/cerebellum_description/package.xml
[1.697s] Invoked command in '/ros2_ws/build/cerebellum_description' returned '0': CMAKE_PREFIX_PATH=/opt/ros/humble /usr/bin/cmake --install /ros2_ws/build/cerebellum_description
