[0.062s] Invoking command in '/ros2_ws/build/interfaces': CMAKE_PREFIX_PATH=${CMAKE_PREFIX_PATH}:/ros2_ws/install/yolov8n_ros:/ros2_ws/install/yolo26n_ros:/opt/ros/humble /usr/bin/cmake /ros2_ws/src/interfaces -DAMENT_CMAKE_SYMLINK_INSTALL=1 -DCMAKE_INSTALL_PREFIX=/ros2_ws/install/interfaces
[0.284s] -- The C compiler identification is GNU 11.4.0
[0.491s] -- The CXX compiler identification is GNU 11.4.0
[0.516s] -- Detecting C compiler ABI info
[0.766s] -- Detecting C compiler ABI info - done
[0.800s] -- Check for working C compiler: /usr/bin/cc - skipped
[0.801s] -- Detecting C compile features
[0.803s] -- Detecting C compile features - done
[0.815s] -- Detecting CXX compiler ABI info
[1.107s] -- Detecting CXX compiler ABI info - done
[1.143s] -- Check for working CXX compiler: /usr/bin/c++ - skipped
[1.144s] -- Detecting CXX compile features
[1.146s] -- Detecting CXX compile features - done
[1.162s] -- Found ament_cmake: 1.3.14 (/opt/ros/humble/share/ament_cmake/cmake)
[3.954s] -- Found Python3: /usr/bin/python3 (found version "3.10.12") found components: Interpreter 
[4.266s] -- Override CMake install command with custom implementation using symlinks instead of copying resources
[4.494s] -- Found rosidl_default_generators: 1.2.1 (/opt/ros/humble/share/rosidl_default_generators/cmake)
[4.517s] -- Using all available rosidl_typesupport_c: rosidl_typesupport_fastrtps_c;rosidl_typesupport_introspection_c
[4.572s] -- Found rosidl_adapter: 3.1.9 (/opt/ros/humble/share/rosidl_adapter/cmake)
[4.853s] -- Using all available rosidl_typesupport_cpp: rosidl_typesupport_fastrtps_cpp;rosidl_typesupport_introspection_cpp
[6.204s] -- Found ament_cmake_ros: 0.10.0 (/opt/ros/humble/share/ament_cmake_ros/cmake)
[7.089s] -- Using all available rosidl_typesupport_c: rosidl_typesupport_fastrtps_c;rosidl_typesupport_introspection_c
[8.204s] -- Using all available rosidl_typesupport_cpp: rosidl_typesupport_fastrtps_cpp;rosidl_typesupport_introspection_cpp
[8.343s] -- Found PythonInterp: /usr/bin/python3 (found suitable version "3.10.12", minimum required is "3.6") 
[8.361s] -- Found python_cmake_module: 0.10.0 (/opt/ros/humble/share/python_cmake_module/cmake)
[8.501s] -- Found PythonLibs: /usr/lib/aarch64-linux-gnu/libpython3.10.so (found suitable version "3.10.12", minimum required is "3.5") 
[8.502s] -- Using PYTHON_EXECUTABLE: /usr/bin/python3
[8.503s] -- Using PYTHON_INCLUDE_DIRS: /usr/include/python3.10
[8.504s] -- Using PYTHON_LIBRARIES: /usr/lib/aarch64-linux-gnu/libpython3.10.so
[8.631s] -- Found PythonExtra: .so  
[9.651s] -- Found ament_lint_auto: 0.12.15 (/opt/ros/humble/share/ament_lint_auto/cmake)
[10.086s] -- Added test 'copyright' to check source files copyright and LICENSE
[10.096s] -- Added test 'lint_cmake' to check CMake code style
[10.102s] -- Added test 'xmllint' to check XML markup files
[10.147s] -- Configuring done
[10.393s] -- Generating done
[10.530s] -- Build files have been written to: /ros2_ws/build/interfaces
[10.612s] Invoked command in '/ros2_ws/build/interfaces' returned '0': CMAKE_PREFIX_PATH=${CMAKE_PREFIX_PATH}:/ros2_ws/install/yolov8n_ros:/ros2_ws/install/yolo26n_ros:/opt/ros/humble /usr/bin/cmake /ros2_ws/src/interfaces -DAMENT_CMAKE_SYMLINK_INSTALL=1 -DCMAKE_INSTALL_PREFIX=/ros2_ws/install/interfaces
[10.614s] Invoking command in '/ros2_ws/build/interfaces': CMAKE_PREFIX_PATH=${CMAKE_PREFIX_PATH}:/ros2_ws/install/yolov8n_ros:/ros2_ws/install/yolo26n_ros:/opt/ros/humble /usr/bin/cmake --build /ros2_ws/build/interfaces -- -j4 -l4
[11.103s] [  2%] [34m[1mGenerating C code for ROS interfaces[0m
[11.209s] [  5%] [34m[1mGenerating Rust code for ROS interfaces[0m
[11.245s] [  7%] [34m[1mGenerating C++ code for ROS interfaces[0m
[11.443s] [  7%] Built target ament_cmake_python_symlink_interfaces
[15.426s] running egg_info
[15.430s] creating interfaces.egg-info
[15.435s] writing manifest file 'interfaces.egg-info/SOURCES.txt'
[15.450s] writing manifest file 'interfaces.egg-info/SOURCES.txt'
[15.603s] [  7%] Built target interfaces__rs
[15.649s] [  7%] Built target ament_cmake_python_build_interfaces_egg
[15.867s] [ 10%] [32mBuilding C object CMakeFiles/interfaces__rosidl_generator_c.dir/rosidl_generator_c/interfaces/msg/detail/motor_cmd__functions.c.o[0m
[15.886s] [ 12%] [32mBuilding C object CMakeFiles/interfaces__rosidl_generator_c.dir/rosidl_generator_c/interfaces/msg/detail/motor_states__functions.c.o[0m
[16.402s] [ 12%] Built target interfaces__cpp
[16.533s] [ 15%] [32m[1mLinking C shared library libinterfaces__rosidl_generator_c.so[0m
[16.561s] [ 17%] [34m[1mGenerating C++ type support for eProsima Fast-RTPS[0m
[16.582s] [ 20%] [34m[1mGenerating C++ introspection for ROS interfaces[0m
[16.589s] [ 22%] [34m[1mGenerating C++ type support dispatch for ROS interfaces[0m
[16.935s] [ 22%] Built target interfaces__rosidl_generator_c
[17.019s] [ 25%] [34m[1mGenerating C type support for eProsima Fast-RTPS[0m
[19.817s] [ 27%] [32mBuilding CXX object CMakeFiles/interfaces__rosidl_typesupport_cpp.dir/rosidl_typesupport_cpp/interfaces/msg/motor_cmd__type_support.cpp.o[0m
[20.601s] [ 30%] [32mBuilding CXX object CMakeFiles/interfaces__rosidl_typesupport_fastrtps_cpp.dir/rosidl_typesupport_fastrtps_cpp/interfaces/msg/detail/dds_fastrtps/motor_cmd__type_support.cpp.o[0m
[20.737s] [ 32%] [32mBuilding CXX object CMakeFiles/interfaces__rosidl_typesupport_fastrtps_c.dir/rosidl_typesupport_fastrtps_c/interfaces/msg/detail/motor_cmd__type_support_c.cpp.o[0m
[20.756s] [ 35%] [32mBuilding CXX object CMakeFiles/interfaces__rosidl_typesupport_introspection_cpp.dir/rosidl_typesupport_introspection_cpp/interfaces/msg/detail/motor_cmd__type_support.cpp.o[0m
[22.269s] [ 37%] [32mBuilding CXX object CMakeFiles/interfaces__rosidl_typesupport_cpp.dir/rosidl_typesupport_cpp/interfaces/msg/motor_states__type_support.cpp.o[0m
[23.378s] [ 40%] [32mBuilding CXX object CMakeFiles/interfaces__rosidl_typesupport_fastrtps_c.dir/rosidl_typesupport_fastrtps_c/interfaces/msg/detail/motor_states__type_support_c.cpp.o[0m
[23.799s] [ 42%] [32mBuilding CXX object CMakeFiles/interfaces__rosidl_typesupport_fastrtps_cpp.dir/rosidl_typesupport_fastrtps_cpp/interfaces/msg/detail/dds_fastrtps/motor_states__type_support.cpp.o[0m
[24.039s] [ 45%] [32m[1mLinking CXX shared library libinterfaces__rosidl_typesupport_cpp.so[0m
[24.214s] [ 47%] [32mBuilding CXX object CMakeFiles/interfaces__rosidl_typesupport_introspection_cpp.dir/rosidl_typesupport_introspection_cpp/interfaces/msg/detail/motor_states__type_support.cpp.o[0m
[24.402s] [ 47%] Built target interfaces__rosidl_typesupport_cpp
[24.461s] [ 50%] [34m[1mGenerating C introspection for ROS interfaces[0m
[25.729s] [ 52%] [32m[1mLinking CXX shared library libinterfaces__rosidl_typesupport_fastrtps_c.so[0m
[26.494s] [ 52%] Built target interfaces__rosidl_typesupport_fastrtps_c
[26.607s] [ 55%] [34m[1mGenerating C type support dispatch for ROS interfaces[0m
[27.048s] [ 57%] [32m[1mLinking CXX shared library libinterfaces__rosidl_typesupport_fastrtps_cpp.so[0m
[27.238s] [ 60%] [32m[1mLinking CXX shared library libinterfaces__rosidl_typesupport_introspection_cpp.so[0m
[27.666s] [ 60%] Built target interfaces__rosidl_typesupport_introspection_cpp
[27.926s] [ 60%] Built target interfaces__rosidl_typesupport_fastrtps_cpp
[27.940s] [ 62%] [32mBuilding C object CMakeFiles/interfaces__rosidl_typesupport_introspection_c.dir/rosidl_typesupport_introspection_c/interfaces/msg/detail/motor_cmd__type_support.c.o[0m
[27.948s] [ 65%] [32mBuilding C object CMakeFiles/interfaces__rosidl_typesupport_introspection_c.dir/rosidl_typesupport_introspection_c/interfaces/msg/detail/motor_states__type_support.c.o[0m
[28.257s] [ 67%] [32m[1mLinking C shared library libinterfaces__rosidl_typesupport_introspection_c.so[0m
[28.609s] [ 67%] Built target interfaces__rosidl_typesupport_introspection_c
[29.031s] [ 70%] [32mBuilding CXX object CMakeFiles/interfaces__rosidl_typesupport_c.dir/rosidl_typesupport_c/interfaces/msg/motor_cmd__type_support.cpp.o[0m
[29.035s] [ 72%] [32mBuilding CXX object CMakeFiles/interfaces__rosidl_typesupport_c.dir/rosidl_typesupport_c/interfaces/msg/motor_states__type_support.cpp.o[0m
[29.145s] [ 75%] [32m[1mLinking CXX shared library libinterfaces__rosidl_typesupport_c.so[0m
[29.274s] [ 75%] Built target interfaces__rosidl_typesupport_c
[29.337s] [ 75%] Built target interfaces
[29.399s] [ 77%] [34m[1mGenerating Python code for ROS interfaces[0m
[31.869s] [ 77%] Built target interfaces__py
[31.943s] [ 80%] [32mBuilding C object CMakeFiles/interfaces__rosidl_generator_py.dir/rosidl_generator_py/interfaces/msg/_motor_cmd_s.c.o[0m
[31.971s] [ 82%] [32mBuilding C object CMakeFiles/interfaces__rosidl_generator_py.dir/rosidl_generator_py/interfaces/msg/_motor_states_s.c.o[0m
[32.526s] [ 85%] [32m[1mLinking C shared library rosidl_generator_py/interfaces/libinterfaces__rosidl_generator_py.so[0m
[32.671s] [ 85%] Built target interfaces__rosidl_generator_py
[32.750s] [ 87%] [32mBuilding C object CMakeFiles/interfaces__rosidl_typesupport_fastrtps_c__pyext.dir/rosidl_generator_py/interfaces/_interfaces_s.ep.rosidl_typesupport_fastrtps_c.c.o[0m
[32.801s] [ 90%] [32mBuilding C object CMakeFiles/interfaces__rosidl_typesupport_introspection_c__pyext.dir/rosidl_generator_py/interfaces/_interfaces_s.ep.rosidl_typesupport_introspection_c.c.o[0m
[32.855s] [ 92%] [32mBuilding C object CMakeFiles/interfaces__rosidl_typesupport_c__pyext.dir/rosidl_generator_py/interfaces/_interfaces_s.ep.rosidl_typesupport_c.c.o[0m
[33.382s] [ 95%] [32m[1mLinking C shared library rosidl_generator_py/interfaces/interfaces_s__rosidl_typesupport_fastrtps_c.cpython-310-aarch64-linux-gnu.so[0m
[33.670s] [ 95%] Built target interfaces__rosidl_typesupport_fastrtps_c__pyext
[33.813s] [ 97%] [32m[1mLinking C shared library rosidl_generator_py/interfaces/interfaces_s__rosidl_typesupport_c.cpython-310-aarch64-linux-gnu.so[0m
[33.822s] [100%] [32m[1mLinking C shared library rosidl_generator_py/interfaces/interfaces_s__rosidl_typesupport_introspection_c.cpython-310-aarch64-linux-gnu.so[0m
[33.940s] [100%] Built target interfaces__rosidl_typesupport_c__pyext
[33.941s] [100%] Built target interfaces__rosidl_typesupport_introspection_c__pyext
[33.978s] Invoked command in '/ros2_ws/build/interfaces' returned '0': CMAKE_PREFIX_PATH=${CMAKE_PREFIX_PATH}:/ros2_ws/install/yolov8n_ros:/ros2_ws/install/yolo26n_ros:/opt/ros/humble /usr/bin/cmake --build /ros2_ws/build/interfaces -- -j4 -l4
[34.008s] Invoking command in '/ros2_ws/build/interfaces': CMAKE_PREFIX_PATH=${CMAKE_PREFIX_PATH}:/ros2_ws/install/yolov8n_ros:/ros2_ws/install/yolo26n_ros:/opt/ros/humble /usr/bin/cmake --install /ros2_ws/build/interfaces
[34.035s] -- Install configuration: ""
[34.037s] -- Execute custom install script
[34.038s] -- Symlinking: /ros2_ws/install/interfaces/share/ament_index/resource_index/rosidl_interfaces/interfaces
[34.066s] -- Symlinking: /ros2_ws/install/interfaces/include/interfaces/interfaces/msg/detail/motor_cmd__functions.h
[34.091s] -- Symlinking: /ros2_ws/install/interfaces/include/interfaces/interfaces/msg/detail/motor_cmd__struct.h
[34.117s] -- Symlinking: /ros2_ws/install/interfaces/include/interfaces/interfaces/msg/detail/motor_cmd__type_support.h
[34.144s] -- Symlinking: /ros2_ws/install/interfaces/include/interfaces/interfaces/msg/detail/motor_states__functions.h
[34.169s] -- Symlinking: /ros2_ws/install/interfaces/include/interfaces/interfaces/msg/detail/motor_states__struct.h
[34.195s] -- Symlinking: /ros2_ws/install/interfaces/include/interfaces/interfaces/msg/detail/motor_states__type_support.h
[34.220s] -- Symlinking: /ros2_ws/install/interfaces/include/interfaces/interfaces/msg/motor_cmd.h
[34.247s] -- Symlinking: /ros2_ws/install/interfaces/include/interfaces/interfaces/msg/motor_states.h
[34.272s] -- Symlinking: /ros2_ws/install/interfaces/include/interfaces/interfaces/msg/rosidl_generator_c__visibility_control.h
[34.299s] -- Symlinking: /ros2_ws/install/interfaces/share/interfaces/environment/library_path.sh
[34.326s] -- Symlinking: /ros2_ws/install/interfaces/share/interfaces/environment/library_path.dsv
[34.353s] -- Symlinking: /ros2_ws/install/interfaces/include/interfaces/interfaces/msg/detail/motor_cmd__rosidl_typesupport_fastrtps_c.h
[34.379s] -- Symlinking: /ros2_ws/install/interfaces/include/interfaces/interfaces/msg/detail/motor_states__rosidl_typesupport_fastrtps_c.h
[34.405s] -- Symlinking: /ros2_ws/install/interfaces/include/interfaces/interfaces/msg/rosidl_typesupport_fastrtps_c__visibility_control.h
[34.433s] -- Symlinking: /ros2_ws/install/interfaces/include/interfaces/interfaces/msg/detail/motor_cmd__rosidl_typesupport_introspection_c.h
[34.460s] -- Symlinking: /ros2_ws/install/interfaces/include/interfaces/interfaces/msg/detail/motor_states__rosidl_typesupport_introspection_c.h
[34.487s] -- Symlinking: /ros2_ws/install/interfaces/include/interfaces/interfaces/msg/rosidl_typesupport_introspection_c__visibility_control.h
[34.513s] -- Symlinking: /ros2_ws/install/interfaces/include/interfaces/interfaces/msg/detail/motor_cmd__builder.hpp
[34.540s] -- Symlinking: /ros2_ws/install/interfaces/include/interfaces/interfaces/msg/detail/motor_cmd__struct.hpp
[34.568s] -- Symlinking: /ros2_ws/install/interfaces/include/interfaces/interfaces/msg/detail/motor_cmd__traits.hpp
[34.598s] -- Symlinking: /ros2_ws/install/interfaces/include/interfaces/interfaces/msg/detail/motor_cmd__type_support.hpp
[34.626s] -- Symlinking: /ros2_ws/install/interfaces/include/interfaces/interfaces/msg/detail/motor_states__builder.hpp
[34.654s] -- Symlinking: /ros2_ws/install/interfaces/include/interfaces/interfaces/msg/detail/motor_states__struct.hpp
[34.682s] -- Symlinking: /ros2_ws/install/interfaces/include/interfaces/interfaces/msg/detail/motor_states__traits.hpp
[34.712s] -- Symlinking: /ros2_ws/install/interfaces/include/interfaces/interfaces/msg/detail/motor_states__type_support.hpp
[34.742s] -- Symlinking: /ros2_ws/install/interfaces/include/interfaces/interfaces/msg/motor_cmd.hpp
[34.767s] -- Symlinking: /ros2_ws/install/interfaces/include/interfaces/interfaces/msg/motor_states.hpp
[34.794s] -- Symlinking: /ros2_ws/install/interfaces/include/interfaces/interfaces/msg/rosidl_generator_cpp__visibility_control.hpp
[34.821s] -- Symlinking: /ros2_ws/install/interfaces/include/interfaces/interfaces/msg/detail/motor_cmd__rosidl_typesupport_fastrtps_cpp.hpp
[34.847s] -- Symlinking: /ros2_ws/install/interfaces/include/interfaces/interfaces/msg/detail/motor_states__rosidl_typesupport_fastrtps_cpp.hpp
[34.873s] -- Symlinking: /ros2_ws/install/interfaces/include/interfaces/interfaces/msg/rosidl_typesupport_fastrtps_cpp__visibility_control.h
[34.900s] -- Symlinking: /ros2_ws/install/interfaces/include/interfaces/interfaces/msg/detail/motor_cmd__rosidl_typesupport_introspection_cpp.hpp
[34.926s] -- Symlinking: /ros2_ws/install/interfaces/include/interfaces/interfaces/msg/detail/motor_states__rosidl_typesupport_introspection_cpp.hpp
[34.953s] -- Symlinking: /ros2_ws/install/interfaces/share/interfaces/environment/pythonpath.sh
[34.978s] -- Symlinking: /ros2_ws/install/interfaces/share/interfaces/environment/pythonpath.dsv
[35.005s] -- Symlinking: /ros2_ws/install/interfaces/local/lib/python3.10/dist-packages/interfaces-0.0.0-py3.10.egg-info/PKG-INFO
[35.033s] -- Symlinking: /ros2_ws/install/interfaces/local/lib/python3.10/dist-packages/interfaces-0.0.0-py3.10.egg-info/SOURCES.txt
[35.058s] -- Symlinking: /ros2_ws/install/interfaces/local/lib/python3.10/dist-packages/interfaces-0.0.0-py3.10.egg-info/dependency_links.txt
[35.084s] -- Symlinking: /ros2_ws/install/interfaces/local/lib/python3.10/dist-packages/interfaces-0.0.0-py3.10.egg-info/top_level.txt
[35.111s] -- Symlinking: /ros2_ws/install/interfaces/local/lib/python3.10/dist-packages/interfaces/__init__.py
[35.139s] -- Symlinking: /ros2_ws/install/interfaces/local/lib/python3.10/dist-packages/interfaces/_interfaces_s.ep.rosidl_typesupport_c.c
[35.172s] -- Symlinking: /ros2_ws/install/interfaces/local/lib/python3.10/dist-packages/interfaces/_interfaces_s.ep.rosidl_typesupport_fastrtps_c.c
[35.199s] -- Symlinking: /ros2_ws/install/interfaces/local/lib/python3.10/dist-packages/interfaces/_interfaces_s.ep.rosidl_typesupport_introspection_c.c
[35.225s] -- Symlinking: /ros2_ws/install/interfaces/local/lib/python3.10/dist-packages/interfaces/interfaces_s__rosidl_typesupport_c.cpython-310-aarch64-linux-gnu.so
[35.253s] -- Symlinking: /ros2_ws/install/interfaces/local/lib/python3.10/dist-packages/interfaces/interfaces_s__rosidl_typesupport_fastrtps_c.cpython-310-aarch64-linux-gnu.so
[35.280s] -- Symlinking: /ros2_ws/install/interfaces/local/lib/python3.10/dist-packages/interfaces/interfaces_s__rosidl_typesupport_introspection_c.cpython-310-aarch64-linux-gnu.so
[35.305s] -- Symlinking: /ros2_ws/install/interfaces/local/lib/python3.10/dist-packages/interfaces/libinterfaces__rosidl_generator_py.so
[35.332s] -- Symlinking: /ros2_ws/install/interfaces/local/lib/python3.10/dist-packages/interfaces/msg/__init__.py
[35.359s] -- Symlinking: /ros2_ws/install/interfaces/local/lib/python3.10/dist-packages/interfaces/msg/_motor_cmd.py
[35.385s] -- Symlinking: /ros2_ws/install/interfaces/local/lib/python3.10/dist-packages/interfaces/msg/_motor_cmd_s.c
[35.413s] -- Symlinking: /ros2_ws/install/interfaces/local/lib/python3.10/dist-packages/interfaces/msg/_motor_states.py
[35.439s] -- Symlinking: /ros2_ws/install/interfaces/local/lib/python3.10/dist-packages/interfaces/msg/_motor_states_s.c
[35.466s] -- Up-to-date symlink: /ros2_ws/install/interfaces/local/lib/python3.10/dist-packages/interfaces/interfaces_s__rosidl_typesupport_fastrtps_c.cpython-310-aarch64-linux-gnu.so
[35.467s] -- Up-to-date symlink: /ros2_ws/install/interfaces/local/lib/python3.10/dist-packages/interfaces/interfaces_s__rosidl_typesupport_introspection_c.cpython-310-aarch64-linux-gnu.so
[35.468s] -- Up-to-date symlink: /ros2_ws/install/interfaces/local/lib/python3.10/dist-packages/interfaces/interfaces_s__rosidl_typesupport_c.cpython-310-aarch64-linux-gnu.so
[35.469s] -- Symlinking: /ros2_ws/install/interfaces/share/ament_index/resource_index/rust_packages/interfaces
[35.497s] -- Symlinking: /ros2_ws/install/interfaces/share/interfaces/rust/Cargo.toml
[35.523s] -- Symlinking: /ros2_ws/install/interfaces/share/interfaces/rust/build.rs
[35.550s] -- Symlinking: /ros2_ws/install/interfaces/share/interfaces/rust/src/lib.rs
[35.575s] -- Symlinking: /ros2_ws/install/interfaces/share/interfaces/rust/src/msg.rs
[35.601s] -- Symlinking: /ros2_ws/install/interfaces/share/interfaces/rust/src/msg/rmw.rs
[35.627s] -- Symlinking: /ros2_ws/install/interfaces/share/interfaces/msg/MotorCmd.idl
[35.656s] -- Symlinking: /ros2_ws/install/interfaces/share/interfaces/msg/MotorStates.idl
[35.683s] -- Symlinking: /ros2_ws/install/interfaces/share/interfaces/msg/MotorCmd.msg
[35.710s] -- Symlinking: /ros2_ws/install/interfaces/share/interfaces/msg/MotorStates.msg
[35.738s] -- Symlinking: /ros2_ws/install/interfaces/share/ament_index/resource_index/package_run_dependencies/interfaces
[35.767s] -- Symlinking: /ros2_ws/install/interfaces/share/ament_index/resource_index/parent_prefix_path/interfaces
[35.792s] -- Symlinking: /ros2_ws/install/interfaces/share/interfaces/environment/ament_prefix_path.sh
[35.819s] -- Symlinking: /ros2_ws/install/interfaces/share/interfaces/environment/ament_prefix_path.dsv
[35.846s] -- Symlinking: /ros2_ws/install/interfaces/share/interfaces/environment/path.sh
[35.872s] -- Symlinking: /ros2_ws/install/interfaces/share/interfaces/environment/path.dsv
[35.898s] -- Symlinking: /ros2_ws/install/interfaces/share/interfaces/local_setup.bash
[35.925s] -- Symlinking: /ros2_ws/install/interfaces/share/interfaces/local_setup.sh
[35.953s] -- Symlinking: /ros2_ws/install/interfaces/share/interfaces/local_setup.zsh
[35.980s] -- Symlinking: /ros2_ws/install/interfaces/share/interfaces/local_setup.dsv
[36.008s] -- Symlinking: /ros2_ws/install/interfaces/share/interfaces/package.dsv
[36.045s] -- Symlinking: /ros2_ws/install/interfaces/share/ament_index/resource_index/packages/interfaces
[36.074s] -- Symlinking: /ros2_ws/install/interfaces/share/interfaces/cmake/rosidl_cmake-extras.cmake
[36.100s] -- Symlinking: /ros2_ws/install/interfaces/share/interfaces/cmake/ament_cmake_export_include_directories-extras.cmake
[36.126s] -- Symlinking: /ros2_ws/install/interfaces/share/interfaces/cmake/ament_cmake_export_libraries-extras.cmake
[36.153s] -- Symlinking: /ros2_ws/install/interfaces/share/interfaces/cmake/ament_cmake_export_targets-extras.cmake
[36.179s] -- Symlinking: /ros2_ws/install/interfaces/share/interfaces/cmake/rosidl_cmake_export_typesupport_targets-extras.cmake
[36.206s] -- Symlinking: /ros2_ws/install/interfaces/share/interfaces/cmake/ament_cmake_export_dependencies-extras.cmake
[36.233s] -- Symlinking: /ros2_ws/install/interfaces/share/interfaces/cmake/rosidl_cmake_export_typesupport_libraries-extras.cmake
[36.260s] -- Symlinking: /ros2_ws/install/interfaces/share/interfaces/cmake/rosidl_cmake_aggregate_target-extras.cmake
[36.286s] -- Symlinking: /ros2_ws/install/interfaces/share/interfaces/cmake/interfacesConfig.cmake
[36.312s] -- Symlinking: /ros2_ws/install/interfaces/share/interfaces/cmake/interfacesConfig-version.cmake
[36.339s] -- Symlinking: /ros2_ws/install/interfaces/share/interfaces/package.xml
[36.365s] -- Installing: /ros2_ws/install/interfaces/lib/libinterfaces__rosidl_generator_c.so
[36.368s] -- Set runtime path of "/ros2_ws/install/interfaces/lib/libinterfaces__rosidl_generator_c.so" to ""
[36.369s] -- Installing: /ros2_ws/install/interfaces/lib/libinterfaces__rosidl_typesupport_fastrtps_c.so
[36.369s] -- Set runtime path of "/ros2_ws/install/interfaces/lib/libinterfaces__rosidl_typesupport_fastrtps_c.so" to ""
[36.369s] -- Installing: /ros2_ws/install/interfaces/lib/libinterfaces__rosidl_typesupport_introspection_c.so
[36.370s] -- Set runtime path of "/ros2_ws/install/interfaces/lib/libinterfaces__rosidl_typesupport_introspection_c.so" to ""
[36.370s] -- Installing: /ros2_ws/install/interfaces/lib/libinterfaces__rosidl_typesupport_c.so
[36.371s] -- Set runtime path of "/ros2_ws/install/interfaces/lib/libinterfaces__rosidl_typesupport_c.so" to ""
[36.372s] -- Installing: /ros2_ws/install/interfaces/lib/libinterfaces__rosidl_typesupport_fastrtps_cpp.so
[36.373s] -- Set runtime path of "/ros2_ws/install/interfaces/lib/libinterfaces__rosidl_typesupport_fastrtps_cpp.so" to ""
[36.373s] -- Installing: /ros2_ws/install/interfaces/lib/libinterfaces__rosidl_typesupport_introspection_cpp.so
[36.375s] -- Set runtime path of "/ros2_ws/install/interfaces/lib/libinterfaces__rosidl_typesupport_introspection_cpp.so" to ""
[36.375s] -- Installing: /ros2_ws/install/interfaces/lib/libinterfaces__rosidl_typesupport_cpp.so
[36.376s] -- Set runtime path of "/ros2_ws/install/interfaces/lib/libinterfaces__rosidl_typesupport_cpp.so" to ""
[36.550s] Listing '/ros2_ws/install/interfaces/local/lib/python3.10/dist-packages/interfaces'...
[36.551s] Compiling '/ros2_ws/install/interfaces/local/lib/python3.10/dist-packages/interfaces/__init__.py'...
[36.551s] Listing '/ros2_ws/install/interfaces/local/lib/python3.10/dist-packages/interfaces/msg'...
[36.552s] Compiling '/ros2_ws/install/interfaces/local/lib/python3.10/dist-packages/interfaces/msg/__init__.py'...
[36.552s] Compiling '/ros2_ws/install/interfaces/local/lib/python3.10/dist-packages/interfaces/msg/_motor_cmd.py'...
[36.553s] Compiling '/ros2_ws/install/interfaces/local/lib/python3.10/dist-packages/interfaces/msg/_motor_states.py'...
[36.583s] -- Installing: /ros2_ws/install/interfaces/lib/libinterfaces__rosidl_generator_py.so
[36.583s] -- Set runtime path of "/ros2_ws/install/interfaces/lib/libinterfaces__rosidl_generator_py.so" to ""
[36.584s] -- Installing: /ros2_ws/install/interfaces/share/interfaces/cmake/export_interfaces__rosidl_generator_cExport.cmake
[36.584s] -- Installing: /ros2_ws/install/interfaces/share/interfaces/cmake/export_interfaces__rosidl_generator_cExport-noconfig.cmake
[36.585s] -- Installing: /ros2_ws/install/interfaces/share/interfaces/cmake/export_interfaces__rosidl_typesupport_fastrtps_cExport.cmake
[36.585s] -- Installing: /ros2_ws/install/interfaces/share/interfaces/cmake/export_interfaces__rosidl_typesupport_fastrtps_cExport-noconfig.cmake
[36.586s] -- Installing: /ros2_ws/install/interfaces/share/interfaces/cmake/interfaces__rosidl_typesupport_introspection_cExport.cmake
[36.586s] -- Installing: /ros2_ws/install/interfaces/share/interfaces/cmake/interfaces__rosidl_typesupport_introspection_cExport-noconfig.cmake
[36.587s] -- Installing: /ros2_ws/install/interfaces/share/interfaces/cmake/interfaces__rosidl_typesupport_cExport.cmake
[36.587s] -- Installing: /ros2_ws/install/interfaces/share/interfaces/cmake/interfaces__rosidl_typesupport_cExport-noconfig.cmake
[36.588s] -- Installing: /ros2_ws/install/interfaces/share/interfaces/cmake/export_interfaces__rosidl_generator_cppExport.cmake
[36.588s] -- Installing: /ros2_ws/install/interfaces/share/interfaces/cmake/export_interfaces__rosidl_typesupport_fastrtps_cppExport.cmake
[36.589s] -- Installing: /ros2_ws/install/interfaces/share/interfaces/cmake/export_interfaces__rosidl_typesupport_fastrtps_cppExport-noconfig.cmake
[36.589s] -- Installing: /ros2_ws/install/interfaces/share/interfaces/cmake/interfaces__rosidl_typesupport_introspection_cppExport.cmake
[36.590s] -- Installing: /ros2_ws/install/interfaces/share/interfaces/cmake/interfaces__rosidl_typesupport_introspection_cppExport-noconfig.cmake
[36.590s] -- Installing: /ros2_ws/install/interfaces/share/interfaces/cmake/interfaces__rosidl_typesupport_cppExport.cmake
[36.591s] -- Installing: /ros2_ws/install/interfaces/share/interfaces/cmake/interfaces__rosidl_typesupport_cppExport-noconfig.cmake
[36.591s] -- Installing: /ros2_ws/install/interfaces/share/interfaces/cmake/export_interfaces__rosidl_generator_pyExport.cmake
[36.592s] -- Installing: /ros2_ws/install/interfaces/share/interfaces/cmake/export_interfaces__rosidl_generator_pyExport-noconfig.cmake
[36.602s] Invoked command in '/ros2_ws/build/interfaces' returned '0': CMAKE_PREFIX_PATH=${CMAKE_PREFIX_PATH}:/ros2_ws/install/yolov8n_ros:/ros2_ws/install/yolo26n_ros:/opt/ros/humble /usr/bin/cmake --install /ros2_ws/build/interfaces
