-- Found ament_cmake: 1.3.14 (/opt/ros/humble/share/ament_cmake/cmake)
-- Override CMake install command with custom implementation using symlinks instead of copying resources
-- Found rclcpp: 16.0.19 (/opt/ros/humble/share/rclcpp/cmake)
-- Found rosidl_generator_c: 3.1.9 (/opt/ros/humble/share/rosidl_generator_c/cmake)
-- Found rosidl_adapter: 3.1.9 (/opt/ros/humble/share/rosidl_adapter/cmake)
-- Found rosidl_generator_cpp: 3.1.9 (/opt/ros/humble/share/rosidl_generator_cpp/cmake)
-- Using all available rosidl_typesupport_c: rosidl_typesupport_fastrtps_c;rosidl_typesupport_introspection_c
-- Using all available rosidl_typesupport_cpp: rosidl_typesupport_fastrtps_cpp;rosidl_typesupport_introspection_cpp
-- Found rmw_implementation_cmake: 6.1.2 (/opt/ros/humble/share/rmw_implementation_cmake/cmake)
-- Found rmw_fastrtps_cpp: 6.2.10 (/opt/ros/humble/share/rmw_fastrtps_cpp/cmake)
-- Using RMW implementation 'rmw_fastrtps_cpp' as default
-- Found sensor_msgs: 4.9.1 (/opt/ros/humble/share/sensor_msgs/cmake)
-- Found std_srvs: 4.9.1 (/opt/ros/humble/share/std_srvs/cmake)
-- Found interfaces: 0.0.0 (/ros2_ws/install/interfaces/share/interfaces/cmake)
-- Found common: 0.0.0 (/ros2_ws/install/common/share/common/cmake)
-- Configuring done
-- Generating done
-- Build files have been written to: /ros2_ws/build/algorithms
[35m[1mConsolidate compiler generated dependencies of target imu_tools[0m
[35m[1mConsolidate compiler generated dependencies of target twist_handler[0m
[35m[1mConsolidate compiler generated dependencies of target inverse_kinematics[0m
[35m[1mConsolidate compiler generated dependencies of target attitude_compensator[0m
[  6%] [32mBuilding CXX object CMakeFiles/imu_tools.dir/src/imu_tools.cpp.o[0m
[ 12%] [32mBuilding CXX object CMakeFiles/twist_handler.dir/src/twist_handler.cpp.o[0m
[ 18%] [32mBuilding CXX object CMakeFiles/inverse_kinematics.dir/src/inverse_kinematics.cpp.o[0m
[ 25%] [32mBuilding CXX object CMakeFiles/attitude_compensator.dir/src/attitude_compensator.cpp.o[0m
[ 31%] [32m[1mLinking CXX static library libinverse_kinematics.a[0m
[ 31%] Built target inverse_kinematics
[35m[1mConsolidate compiler generated dependencies of target ik_node[0m
[ 37%] [32m[1mLinking CXX static library libtwist_handler.a[0m
[ 43%] [32mBuilding CXX object CMakeFiles/ik_node.dir/src/nodes/ik_node.cpp.o[0m
[ 43%] Built target twist_handler
[35m[1mConsolidate compiler generated dependencies of target twist_node[0m
[ 50%] [32mBuilding CXX object CMakeFiles/twist_node.dir/src/nodes/twist_node.cpp.o[0m
[ 56%] [32m[1mLinking CXX static library libattitude_compensator.a[0m
[ 56%] Built target attitude_compensator
[35m[1mConsolidate compiler generated dependencies of target attitude_comp_node[0m
[ 62%] [32mBuilding CXX object CMakeFiles/attitude_comp_node.dir/src/nodes/attitude_comp_node.cpp.o[0m
[ 68%] [32m[1mLinking CXX static library libimu_tools.a[0m
[ 68%] Built target imu_tools
[35m[1mConsolidate compiler generated dependencies of target imu_tools_node[0m
[ 75%] [32m[1mLinking CXX executable imu_tools_node[0m
[ 81%] Built target imu_tools_node
[ 93%] [32m[1mLinking CXX executable twist_node[0m
[ 93%] [32m[1mLinking CXX executable ik_node[0m
[ 93%] Built target ik_node
[ 93%] Built target twist_node
[100%] [32m[1mLinking CXX executable attitude_comp_node[0m
[100%] Built target attitude_comp_node
-- Install configuration: ""
-- Execute custom install script
-- Up-to-date symlink: /ros2_ws/install/algorithms/lib/libimu_tools.a
-- Up-to-date symlink: /ros2_ws/install/algorithms/lib/algorithms/imu_tools_node
-- Up-to-date symlink: /ros2_ws/install/algorithms/lib/algorithms/twist_node
-- Up-to-date symlink: /ros2_ws/install/algorithms/lib/algorithms/attitude_comp_node
-- Up-to-date symlink: /ros2_ws/install/algorithms/lib/algorithms/ik_node
-- Up-to-date symlink: /ros2_ws/install/algorithms/include/algorithms/algorithms/attitude_compensator.hpp
-- Up-to-date symlink: /ros2_ws/install/algorithms/include/algorithms/algorithms/fk_odometry.hpp
-- Up-to-date symlink: /ros2_ws/install/algorithms/include/algorithms/algorithms/imu_tools.hpp
-- Up-to-date symlink: /ros2_ws/install/algorithms/include/algorithms/algorithms/inverse_kinematics.hpp
-- Up-to-date symlink: /ros2_ws/install/algorithms/include/algorithms/algorithms/twist_handler.hpp
-- Up-to-date symlink: /ros2_ws/install/algorithms/share/ament_index/resource_index/package_run_dependencies/algorithms
-- Up-to-date symlink: /ros2_ws/install/algorithms/share/ament_index/resource_index/parent_prefix_path/algorithms
-- Up-to-date symlink: /ros2_ws/install/algorithms/share/algorithms/environment/ament_prefix_path.sh
-- Up-to-date symlink: /ros2_ws/install/algorithms/share/algorithms/environment/ament_prefix_path.dsv
-- Up-to-date symlink: /ros2_ws/install/algorithms/share/algorithms/environment/path.sh
-- Up-to-date symlink: /ros2_ws/install/algorithms/share/algorithms/environment/path.dsv
-- Up-to-date symlink: /ros2_ws/install/algorithms/share/algorithms/local_setup.bash
-- Up-to-date symlink: /ros2_ws/install/algorithms/share/algorithms/local_setup.sh
-- Up-to-date symlink: /ros2_ws/install/algorithms/share/algorithms/local_setup.zsh
-- Up-to-date symlink: /ros2_ws/install/algorithms/share/algorithms/local_setup.dsv
-- Symlinking: /ros2_ws/install/algorithms/share/algorithms/package.dsv
-- Up-to-date symlink: /ros2_ws/install/algorithms/share/ament_index/resource_index/packages/algorithms
-- Up-to-date symlink: /ros2_ws/install/algorithms/share/algorithms/cmake/ament_cmake_export_include_directories-extras.cmake
-- Up-to-date symlink: /ros2_ws/install/algorithms/share/algorithms/cmake/algorithmsConfig.cmake
-- Up-to-date symlink: /ros2_ws/install/algorithms/share/algorithms/cmake/algorithmsConfig-version.cmake
-- Up-to-date symlink: /ros2_ws/install/algorithms/share/algorithms/package.xml
