[0.048s] Invoking command in '/ros2_ws/build/description': CMAKE_PREFIX_PATH=/ros2_ws/install/brain_hardware:/ros2_ws/install/interfaces:/ros2_ws/install/oradar_lidar:/ros2_ws/install/bringup:/ros2_ws/install/description:/ros2_ws/install/brain_controller:/ros2_ws/install/yolov8n_ros:/ros2_ws/install/yolo26n_ros:/opt/ros/humble LD_LIBRARY_PATH=/ros2_ws/install/brain_hardware/lib:/ros2_ws/install/interfaces/lib:/ros2_ws/install/brain_controller/lib:/opt/ros/humble/opt/rviz_ogre_vendor/lib:/opt/ros/humble/lib/aarch64-linux-gnu:/opt/ros/humble/lib /usr/bin/cmake /ros2_ws/src/description -DAMENT_CMAKE_SYMLINK_INSTALL=1 -DCMAKE_INSTALL_PREFIX=/ros2_ws/install/description
[0.273s] -- The C compiler identification is GNU 11.4.0
[0.473s] -- The CXX compiler identification is GNU 11.4.0
[0.497s] -- Detecting C compiler ABI info
[0.725s] -- Detecting C compiler ABI info - done
[0.762s] -- Check for working C compiler: /usr/bin/cc - skipped
[0.763s] -- Detecting C compile features
[0.764s] -- Detecting C compile features - done
[0.776s] -- Detecting CXX compiler ABI info
[1.048s] -- Detecting CXX compiler ABI info - done
[1.083s] -- Check for working CXX compiler: /usr/bin/c++ - skipped
[1.084s] -- Detecting CXX compile features
[1.086s] -- Detecting CXX compile features - done
[1.104s] -- Found ament_cmake: 1.3.14 (/opt/ros/humble/share/ament_cmake/cmake)
[3.777s] -- Found Python3: /usr/bin/python3 (found version "3.10.12") found components: Interpreter 
[4.063s] -- Override CMake install command with custom implementation using symlinks instead of copying resources
[4.581s] -- Configuring done
[4.590s] -- Generating done
[4.596s] -- Build files have been written to: /ros2_ws/build/description
[4.610s] Invoked command in '/ros2_ws/build/description' returned '0': CMAKE_PREFIX_PATH=/ros2_ws/install/brain_hardware:/ros2_ws/install/interfaces:/ros2_ws/install/oradar_lidar:/ros2_ws/install/bringup:/ros2_ws/install/description:/ros2_ws/install/brain_controller:/ros2_ws/install/yolov8n_ros:/ros2_ws/install/yolo26n_ros:/opt/ros/humble LD_LIBRARY_PATH=/ros2_ws/install/brain_hardware/lib:/ros2_ws/install/interfaces/lib:/ros2_ws/install/brain_controller/lib:/opt/ros/humble/opt/rviz_ogre_vendor/lib:/opt/ros/humble/lib/aarch64-linux-gnu:/opt/ros/humble/lib /usr/bin/cmake /ros2_ws/src/description -DAMENT_CMAKE_SYMLINK_INSTALL=1 -DCMAKE_INSTALL_PREFIX=/ros2_ws/install/description
[4.615s] Invoking command in '/ros2_ws/build/description': CMAKE_PREFIX_PATH=/ros2_ws/install/brain_hardware:/ros2_ws/install/interfaces:/ros2_ws/install/oradar_lidar:/ros2_ws/install/bringup:/ros2_ws/install/description:/ros2_ws/install/brain_controller:/ros2_ws/install/yolov8n_ros:/ros2_ws/install/yolo26n_ros:/opt/ros/humble LD_LIBRARY_PATH=/ros2_ws/install/brain_hardware/lib:/ros2_ws/install/interfaces/lib:/ros2_ws/install/brain_controller/lib:/opt/ros/humble/opt/rviz_ogre_vendor/lib:/opt/ros/humble/lib/aarch64-linux-gnu:/opt/ros/humble/lib /usr/bin/cmake --build /ros2_ws/build/description -- -j4 -l4
[4.728s] Invoked command in '/ros2_ws/build/description' returned '0': CMAKE_PREFIX_PATH=/ros2_ws/install/brain_hardware:/ros2_ws/install/interfaces:/ros2_ws/install/oradar_lidar:/ros2_ws/install/bringup:/ros2_ws/install/description:/ros2_ws/install/brain_controller:/ros2_ws/install/yolov8n_ros:/ros2_ws/install/yolo26n_ros:/opt/ros/humble LD_LIBRARY_PATH=/ros2_ws/install/brain_hardware/lib:/ros2_ws/install/interfaces/lib:/ros2_ws/install/brain_controller/lib:/opt/ros/humble/opt/rviz_ogre_vendor/lib:/opt/ros/humble/lib/aarch64-linux-gnu:/opt/ros/humble/lib /usr/bin/cmake --build /ros2_ws/build/description -- -j4 -l4
[4.734s] Invoking command in '/ros2_ws/build/description': CMAKE_PREFIX_PATH=/ros2_ws/install/brain_hardware:/ros2_ws/install/interfaces:/ros2_ws/install/oradar_lidar:/ros2_ws/install/bringup:/ros2_ws/install/description:/ros2_ws/install/brain_controller:/ros2_ws/install/yolov8n_ros:/ros2_ws/install/yolo26n_ros:/opt/ros/humble LD_LIBRARY_PATH=/ros2_ws/install/brain_hardware/lib:/ros2_ws/install/interfaces/lib:/ros2_ws/install/brain_controller/lib:/opt/ros/humble/opt/rviz_ogre_vendor/lib:/opt/ros/humble/lib/aarch64-linux-gnu:/opt/ros/humble/lib /usr/bin/cmake --install /ros2_ws/build/description
[4.756s] -- Install configuration: ""
[4.758s] -- Execute custom install script
[4.760s] -- Symlinking: /ros2_ws/install/description/share/description/urdf/ascamera.xacro
[4.785s] -- Symlinking: /ros2_ws/install/description/share/description/urdf/description.urdf.xacro
[4.810s] -- Symlinking: /ros2_ws/install/description/share/description/urdf/materials.xacro
[4.836s] -- Symlinking: /ros2_ws/install/description/share/description/config/behavior_trees/navigate_to_pose_without_backup.xml
[4.862s] -- Symlinking: /ros2_ws/install/description/share/description/config/behavior_trees/navigate_without_backup.xml
[4.887s] -- Symlinking: /ros2_ws/install/description/share/description/config/brain_controllers.yaml
[4.914s] -- Symlinking: /ros2_ws/install/description/share/description/config/ekf.yaml
[4.939s] -- Symlinking: /ros2_ws/install/description/share/description/config/ekf_3d.yaml
[4.964s] -- Symlinking: /ros2_ws/install/description/share/description/config/nav2_params.yaml
[4.989s] -- Symlinking: /ros2_ws/install/description/share/description/config/nav2_params_pointcloud.yaml
[5.016s] -- Symlinking: /ros2_ws/install/description/share/description/config/slam_params.yaml
[5.042s] -- Symlinking: /ros2_ws/install/description/share/description/launch/display.launch.py
[5.073s] -- Symlinking: /ros2_ws/install/description/share/description/rviz/view.rviz
[5.099s] -- Symlinking: /ros2_ws/install/description/share/description/rviz/view_pointcloud.rviz
[5.127s] -- Symlinking: /ros2_ws/install/description/share/ament_index/resource_index/package_run_dependencies/description
[5.154s] -- Symlinking: /ros2_ws/install/description/share/ament_index/resource_index/parent_prefix_path/description
[5.179s] -- Symlinking: /ros2_ws/install/description/share/description/environment/ament_prefix_path.sh
[5.204s] -- Symlinking: /ros2_ws/install/description/share/description/environment/ament_prefix_path.dsv
[5.230s] -- Symlinking: /ros2_ws/install/description/share/description/environment/path.sh
[5.256s] -- Symlinking: /ros2_ws/install/description/share/description/environment/path.dsv
[5.281s] -- Symlinking: /ros2_ws/install/description/share/description/local_setup.bash
[5.307s] -- Symlinking: /ros2_ws/install/description/share/description/local_setup.sh
[5.333s] -- Symlinking: /ros2_ws/install/description/share/description/local_setup.zsh
[5.358s] -- Symlinking: /ros2_ws/install/description/share/description/local_setup.dsv
[5.384s] -- Symlinking: /ros2_ws/install/description/share/description/package.dsv
[5.409s] -- Symlinking: /ros2_ws/install/description/share/ament_index/resource_index/packages/description
[5.435s] -- Symlinking: /ros2_ws/install/description/share/description/cmake/descriptionConfig.cmake
[5.461s] -- Symlinking: /ros2_ws/install/description/share/description/cmake/descriptionConfig-version.cmake
[5.489s] -- Symlinking: /ros2_ws/install/description/share/description/package.xml
[5.519s] Invoked command in '/ros2_ws/build/description' returned '0': CMAKE_PREFIX_PATH=/ros2_ws/install/brain_hardware:/ros2_ws/install/interfaces:/ros2_ws/install/oradar_lidar:/ros2_ws/install/bringup:/ros2_ws/install/description:/ros2_ws/install/brain_controller:/ros2_ws/install/yolov8n_ros:/ros2_ws/install/yolo26n_ros:/opt/ros/humble LD_LIBRARY_PATH=/ros2_ws/install/brain_hardware/lib:/ros2_ws/install/interfaces/lib:/ros2_ws/install/brain_controller/lib:/opt/ros/humble/opt/rviz_ogre_vendor/lib:/opt/ros/humble/lib/aarch64-linux-gnu:/opt/ros/humble/lib /usr/bin/cmake --install /ros2_ws/build/description
