[1.047s] DEBUG:colcon:Command line arguments: ['/usr/bin/colcon', 'build']
[1.048s] DEBUG:colcon:Parsed command line arguments: Namespace(log_base=None, log_level=None, verb_name='build', build_base='build', install_base='install', merge_install=False, symlink_install=False, test_result_base=None, continue_on_error=False, executor='parallel', parallel_workers=4, event_handlers=None, ignore_user_meta=False, metas=['./colcon.meta'], base_paths=['.'], packages_ignore=None, packages_ignore_regex=None, paths=None, packages_up_to=None, packages_up_to_regex=None, packages_above=None, packages_above_and_dependencies=None, packages_above_depth=None, packages_select_by_dep=None, packages_skip_by_dep=None, packages_skip_up_to=None, packages_select_build_failed=False, packages_skip_build_finished=False, packages_select_test_failures=False, packages_skip_test_passed=False, packages_select=None, packages_skip=None, packages_select_regex=None, packages_skip_regex=None, packages_start=None, packages_end=None, allow_overriding=[], cmake_args=None, cmake_target=None, cmake_target_skip_unavailable=False, cmake_clean_cache=False, cmake_clean_first=False, cmake_force_configure=False, ament_cmake_args=None, catkin_cmake_args=None, catkin_skip_building_tests=False, verb_parser=<colcon_defaults.argument_parser.defaults.DefaultArgumentsDecorator object at 0x7f962a74f0>, verb_extension=<colcon_core.verb.build.BuildVerb object at 0x7f96420c70>, main=<bound method BuildVerb.main of <colcon_core.verb.build.BuildVerb object at 0x7f96420c70>>)
[2.188s] Level 1:colcon.colcon_core.package_discovery:discover_packages(colcon_meta) check parameters
[2.189s] Level 1:colcon.colcon_core.package_discovery:discover_packages(recursive) check parameters
[2.224s] Level 1:colcon.colcon_core.package_discovery:discover_packages(ignore) check parameters
[2.224s] Level 1:colcon.colcon_core.package_discovery:discover_packages(path) check parameters
[2.224s] Level 1:colcon.colcon_core.package_discovery:discover_packages(colcon_meta) discover
[2.225s] Level 1:colcon.colcon_core.package_discovery:discover_packages(recursive) discover
[2.225s] INFO:colcon.colcon_core.package_discovery:Crawling recursively for packages in '/ros2_ws'
[2.226s] Level 1:colcon.colcon_core.package_identification:_identify(.) by extensions ['ignore', 'ignore_ament_install']
[2.227s] Level 1:colcon.colcon_core.package_identification:_identify(.) by extension 'ignore'
[2.227s] Level 1:colcon.colcon_core.package_identification:_identify(.) by extension 'ignore_ament_install'
[2.228s] Level 1:colcon.colcon_core.package_identification:_identify(.) by extensions ['colcon_pkg']
[2.228s] Level 1:colcon.colcon_core.package_identification:_identify(.) by extension 'colcon_pkg'
[2.229s] Level 1:colcon.colcon_core.package_identification:_identify(.) by extensions ['colcon_meta']
[2.229s] Level 1:colcon.colcon_core.package_identification:_identify(.) by extension 'colcon_meta'
[2.229s] Level 1:colcon.colcon_core.package_identification:_identify(.) by extensions ['ros']
[2.230s] Level 1:colcon.colcon_core.package_identification:_identify(.) by extension 'ros'
[2.304s] Level 1:colcon.colcon_core.package_identification:_identify(.) by extensions ['cmake', 'python']
[2.304s] Level 1:colcon.colcon_core.package_identification:_identify(.) by extension 'cmake'
[2.304s] Level 1:colcon.colcon_core.package_identification:_identify(.) by extension 'python'
[2.305s] Level 1:colcon.colcon_core.package_identification:_identify(.) by extensions ['python_setup_py']
[2.305s] Level 1:colcon.colcon_core.package_identification:_identify(.) by extension 'python_setup_py'
[2.305s] Level 1:colcon.colcon_core.package_identification:_identify(build) by extensions ['ignore', 'ignore_ament_install']
[2.306s] Level 1:colcon.colcon_core.package_identification:_identify(build) by extension 'ignore'
[2.306s] Level 1:colcon.colcon_core.package_identification:_identify(build) ignored
[2.307s] Level 1:colcon.colcon_core.package_identification:_identify(install) by extensions ['ignore', 'ignore_ament_install']
[2.307s] Level 1:colcon.colcon_core.package_identification:_identify(install) by extension 'ignore'
[2.307s] Level 1:colcon.colcon_core.package_identification:_identify(install) ignored
[2.309s] Level 1:colcon.colcon_core.package_identification:_identify(log) by extensions ['ignore', 'ignore_ament_install']
[2.309s] Level 1:colcon.colcon_core.package_identification:_identify(log) by extension 'ignore'
[2.309s] Level 1:colcon.colcon_core.package_identification:_identify(log) ignored
[2.310s] Level 1:colcon.colcon_core.package_identification:_identify(src) by extensions ['ignore', 'ignore_ament_install']
[2.310s] Level 1:colcon.colcon_core.package_identification:_identify(src) by extension 'ignore'
[2.310s] Level 1:colcon.colcon_core.package_identification:_identify(src) by extension 'ignore_ament_install'
[2.310s] Level 1:colcon.colcon_core.package_identification:_identify(src) by extensions ['colcon_pkg']
[2.311s] Level 1:colcon.colcon_core.package_identification:_identify(src) by extension 'colcon_pkg'
[2.311s] Level 1:colcon.colcon_core.package_identification:_identify(src) by extensions ['colcon_meta']
[2.311s] Level 1:colcon.colcon_core.package_identification:_identify(src) by extension 'colcon_meta'
[2.311s] Level 1:colcon.colcon_core.package_identification:_identify(src) by extensions ['ros']
[2.311s] Level 1:colcon.colcon_core.package_identification:_identify(src) by extension 'ros'
[2.312s] Level 1:colcon.colcon_core.package_identification:_identify(src) by extensions ['cmake', 'python']
[2.312s] Level 1:colcon.colcon_core.package_identification:_identify(src) by extension 'cmake'
[2.312s] Level 1:colcon.colcon_core.package_identification:_identify(src) by extension 'python'
[2.312s] Level 1:colcon.colcon_core.package_identification:_identify(src) by extensions ['python_setup_py']
[2.312s] Level 1:colcon.colcon_core.package_identification:_identify(src) by extension 'python_setup_py'
[2.313s] Level 1:colcon.colcon_core.package_identification:_identify(src/bringup) by extensions ['ignore', 'ignore_ament_install']
[2.313s] Level 1:colcon.colcon_core.package_identification:_identify(src/bringup) by extension 'ignore'
[2.313s] Level 1:colcon.colcon_core.package_identification:_identify(src/bringup) by extension 'ignore_ament_install'
[2.314s] Level 1:colcon.colcon_core.package_identification:_identify(src/bringup) by extensions ['colcon_pkg']
[2.314s] Level 1:colcon.colcon_core.package_identification:_identify(src/bringup) by extension 'colcon_pkg'
[2.314s] Level 1:colcon.colcon_core.package_identification:_identify(src/bringup) by extensions ['colcon_meta']
[2.314s] Level 1:colcon.colcon_core.package_identification:_identify(src/bringup) by extension 'colcon_meta'
[2.314s] Level 1:colcon.colcon_core.package_identification:_identify(src/bringup) by extensions ['ros']
[2.314s] Level 1:colcon.colcon_core.package_identification:_identify(src/bringup) by extension 'ros'
[2.326s] DEBUG:colcon.colcon_core.package_identification:Package 'src/bringup' with type 'ros.ament_cmake' and name 'bringup'
[2.327s] Level 1:colcon.colcon_core.package_identification:_identify(src/description) by extensions ['ignore', 'ignore_ament_install']
[2.327s] Level 1:colcon.colcon_core.package_identification:_identify(src/description) by extension 'ignore'
[2.328s] Level 1:colcon.colcon_core.package_identification:_identify(src/description) by extension 'ignore_ament_install'
[2.328s] Level 1:colcon.colcon_core.package_identification:_identify(src/description) by extensions ['colcon_pkg']
[2.328s] Level 1:colcon.colcon_core.package_identification:_identify(src/description) by extension 'colcon_pkg'
[2.328s] Level 1:colcon.colcon_core.package_identification:_identify(src/description) by extensions ['colcon_meta']
[2.328s] Level 1:colcon.colcon_core.package_identification:_identify(src/description) by extension 'colcon_meta'
[2.329s] Level 1:colcon.colcon_core.package_identification:_identify(src/description) by extensions ['ros']
[2.329s] Level 1:colcon.colcon_core.package_identification:_identify(src/description) by extension 'ros'
[2.332s] DEBUG:colcon.colcon_core.package_identification:Package 'src/description' with type 'ros.ament_cmake' and name 'description'
[2.333s] Level 1:colcon.colcon_core.package_identification:_identify(src/interfaces) by extensions ['ignore', 'ignore_ament_install']
[2.333s] Level 1:colcon.colcon_core.package_identification:_identify(src/interfaces) by extension 'ignore'
[2.334s] Level 1:colcon.colcon_core.package_identification:_identify(src/interfaces) by extension 'ignore_ament_install'
[2.334s] Level 1:colcon.colcon_core.package_identification:_identify(src/interfaces) by extensions ['colcon_pkg']
[2.334s] Level 1:colcon.colcon_core.package_identification:_identify(src/interfaces) by extension 'colcon_pkg'
[2.334s] Level 1:colcon.colcon_core.package_identification:_identify(src/interfaces) by extensions ['colcon_meta']
[2.334s] Level 1:colcon.colcon_core.package_identification:_identify(src/interfaces) by extension 'colcon_meta'
[2.335s] Level 1:colcon.colcon_core.package_identification:_identify(src/interfaces) by extensions ['ros']
[2.335s] Level 1:colcon.colcon_core.package_identification:_identify(src/interfaces) by extension 'ros'
[2.339s] DEBUG:colcon.colcon_core.package_identification:Package 'src/interfaces' with type 'ros.ament_cmake' and name 'interfaces'
[2.339s] Level 1:colcon.colcon_core.package_identification:_identify(src/oradar_lidar) by extensions ['ignore', 'ignore_ament_install']
[2.340s] Level 1:colcon.colcon_core.package_identification:_identify(src/oradar_lidar) by extension 'ignore'
[2.340s] Level 1:colcon.colcon_core.package_identification:_identify(src/oradar_lidar) by extension 'ignore_ament_install'
[2.340s] Level 1:colcon.colcon_core.package_identification:_identify(src/oradar_lidar) by extensions ['colcon_pkg']
[2.340s] Level 1:colcon.colcon_core.package_identification:_identify(src/oradar_lidar) by extension 'colcon_pkg'
[2.340s] Level 1:colcon.colcon_core.package_identification:_identify(src/oradar_lidar) by extensions ['colcon_meta']
[2.341s] Level 1:colcon.colcon_core.package_identification:_identify(src/oradar_lidar) by extension 'colcon_meta'
[2.341s] Level 1:colcon.colcon_core.package_identification:_identify(src/oradar_lidar) by extensions ['ros']
[2.341s] Level 1:colcon.colcon_core.package_identification:_identify(src/oradar_lidar) by extension 'ros'
[2.345s] DEBUG:colcon.colcon_core.package_identification:Package 'src/oradar_lidar' with type 'ros.ament_cmake' and name 'oradar_lidar'
[2.345s] Level 1:colcon.colcon_core.package_identification:_identify(src/ros2_control) by extensions ['ignore', 'ignore_ament_install']
[2.345s] Level 1:colcon.colcon_core.package_identification:_identify(src/ros2_control) by extension 'ignore'
[2.346s] Level 1:colcon.colcon_core.package_identification:_identify(src/ros2_control) by extension 'ignore_ament_install'
[2.346s] Level 1:colcon.colcon_core.package_identification:_identify(src/ros2_control) by extensions ['colcon_pkg']
[2.346s] Level 1:colcon.colcon_core.package_identification:_identify(src/ros2_control) by extension 'colcon_pkg'
[2.346s] Level 1:colcon.colcon_core.package_identification:_identify(src/ros2_control) by extensions ['colcon_meta']
[2.346s] Level 1:colcon.colcon_core.package_identification:_identify(src/ros2_control) by extension 'colcon_meta'
[2.347s] Level 1:colcon.colcon_core.package_identification:_identify(src/ros2_control) by extensions ['ros']
[2.347s] Level 1:colcon.colcon_core.package_identification:_identify(src/ros2_control) by extension 'ros'
[2.347s] Level 1:colcon.colcon_core.package_identification:_identify(src/ros2_control) by extensions ['cmake', 'python']
[2.347s] Level 1:colcon.colcon_core.package_identification:_identify(src/ros2_control) by extension 'cmake'
[2.348s] Level 1:colcon.colcon_core.package_identification:_identify(src/ros2_control) by extension 'python'
[2.348s] Level 1:colcon.colcon_core.package_identification:_identify(src/ros2_control) by extensions ['python_setup_py']
[2.348s] Level 1:colcon.colcon_core.package_identification:_identify(src/ros2_control) by extension 'python_setup_py'
[2.348s] Level 1:colcon.colcon_core.package_identification:_identify(src/ros2_control/brain_controller) by extensions ['ignore', 'ignore_ament_install']
[2.349s] Level 1:colcon.colcon_core.package_identification:_identify(src/ros2_control/brain_controller) by extension 'ignore'
[2.349s] Level 1:colcon.colcon_core.package_identification:_identify(src/ros2_control/brain_controller) by extension 'ignore_ament_install'
[2.349s] Level 1:colcon.colcon_core.package_identification:_identify(src/ros2_control/brain_controller) by extensions ['colcon_pkg']
[2.350s] Level 1:colcon.colcon_core.package_identification:_identify(src/ros2_control/brain_controller) by extension 'colcon_pkg'
[2.350s] Level 1:colcon.colcon_core.package_identification:_identify(src/ros2_control/brain_controller) by extensions ['colcon_meta']
[2.350s] Level 1:colcon.colcon_core.package_identification:_identify(src/ros2_control/brain_controller) by extension 'colcon_meta'
[2.350s] Level 1:colcon.colcon_core.package_identification:_identify(src/ros2_control/brain_controller) by extensions ['ros']
[2.350s] Level 1:colcon.colcon_core.package_identification:_identify(src/ros2_control/brain_controller) by extension 'ros'
[2.357s] DEBUG:colcon.colcon_core.package_identification:Package 'src/ros2_control/brain_controller' with type 'ros.ament_cmake' and name 'brain_controller'
[2.358s] Level 1:colcon.colcon_core.package_identification:_identify(src/ros2_control/brain_hardware) by extensions ['ignore', 'ignore_ament_install']
[2.358s] Level 1:colcon.colcon_core.package_identification:_identify(src/ros2_control/brain_hardware) by extension 'ignore'
[2.359s] Level 1:colcon.colcon_core.package_identification:_identify(src/ros2_control/brain_hardware) by extension 'ignore_ament_install'
[2.359s] Level 1:colcon.colcon_core.package_identification:_identify(src/ros2_control/brain_hardware) by extensions ['colcon_pkg']
[2.359s] Level 1:colcon.colcon_core.package_identification:_identify(src/ros2_control/brain_hardware) by extension 'colcon_pkg'
[2.359s] Level 1:colcon.colcon_core.package_identification:_identify(src/ros2_control/brain_hardware) by extensions ['colcon_meta']
[2.360s] Level 1:colcon.colcon_core.package_identification:_identify(src/ros2_control/brain_hardware) by extension 'colcon_meta'
[2.360s] Level 1:colcon.colcon_core.package_identification:_identify(src/ros2_control/brain_hardware) by extensions ['ros']
[2.360s] Level 1:colcon.colcon_core.package_identification:_identify(src/ros2_control/brain_hardware) by extension 'ros'
[2.365s] DEBUG:colcon.colcon_core.package_identification:Package 'src/ros2_control/brain_hardware' with type 'ros.ament_cmake' and name 'brain_hardware'
[2.366s] Level 1:colcon.colcon_core.package_discovery:discover_packages(recursive) using defaults
[2.366s] Level 1:colcon.colcon_core.package_discovery:discover_packages(ignore) discover
[2.366s] Level 1:colcon.colcon_core.package_discovery:discover_packages(ignore) using defaults
[2.366s] Level 1:colcon.colcon_core.package_discovery:discover_packages(path) discover
[2.366s] Level 1:colcon.colcon_core.package_discovery:discover_packages(path) using defaults
[2.499s] Level 1:colcon.colcon_core.package_discovery:discover_packages(prefix_path) check parameters
[2.499s] Level 1:colcon.colcon_core.package_discovery:discover_packages(prefix_path) discover
[2.526s] DEBUG:colcon.colcon_installed_package_information.package_discovery:Found 6 installed packages in /ros2_ws/install
[2.537s] DEBUG:colcon.colcon_installed_package_information.package_discovery:Found 365 installed packages in /opt/ros/humble
[2.594s] Level 1:colcon.colcon_core.package_discovery:discover_packages(prefix_path) using defaults
[3.025s] Level 5:colcon.colcon_core.verb:set package 'interfaces' build argument 'cmake_args' from command line to 'None'
[3.026s] Level 5:colcon.colcon_core.verb:set package 'interfaces' build argument 'cmake_target' from command line to 'None'
[3.026s] Level 5:colcon.colcon_core.verb:set package 'interfaces' build argument 'cmake_target_skip_unavailable' from command line to 'False'
[3.026s] Level 5:colcon.colcon_core.verb:set package 'interfaces' build argument 'cmake_clean_cache' from command line to 'False'
[3.026s] Level 5:colcon.colcon_core.verb:set package 'interfaces' build argument 'cmake_clean_first' from command line to 'False'
[3.026s] Level 5:colcon.colcon_core.verb:set package 'interfaces' build argument 'cmake_force_configure' from command line to 'False'
[3.026s] Level 5:colcon.colcon_core.verb:set package 'interfaces' build argument 'ament_cmake_args' from command line to 'None'
[3.027s] Level 5:colcon.colcon_core.verb:set package 'interfaces' build argument 'catkin_cmake_args' from command line to 'None'
[3.027s] Level 5:colcon.colcon_core.verb:set package 'interfaces' build argument 'catkin_skip_building_tests' from command line to 'False'
[3.027s] DEBUG:colcon.colcon_core.verb:Building package 'interfaces' with the following arguments: {'ament_cmake_args': None, 'build_base': '/ros2_ws/build/interfaces', 'catkin_cmake_args': None, 'catkin_skip_building_tests': False, 'cmake_args': None, 'cmake_clean_cache': False, 'cmake_clean_first': False, 'cmake_force_configure': False, 'cmake_target': None, 'cmake_target_skip_unavailable': False, 'install_base': '/ros2_ws/install/interfaces', 'merge_install': False, 'path': '/ros2_ws/src/interfaces', 'symlink_install': False, 'test_result_base': None}
[3.029s] Level 5:colcon.colcon_core.verb:set package 'oradar_lidar' build argument 'cmake_args' from command line to 'None'
[3.029s] Level 5:colcon.colcon_core.verb:set package 'oradar_lidar' build argument 'cmake_target' from command line to 'None'
[3.029s] Level 5:colcon.colcon_core.verb:set package 'oradar_lidar' build argument 'cmake_target_skip_unavailable' from command line to 'False'
[3.029s] Level 5:colcon.colcon_core.verb:set package 'oradar_lidar' build argument 'cmake_clean_cache' from command line to 'False'
[3.029s] Level 5:colcon.colcon_core.verb:set package 'oradar_lidar' build argument 'cmake_clean_first' from command line to 'False'
[3.030s] Level 5:colcon.colcon_core.verb:set package 'oradar_lidar' build argument 'cmake_force_configure' from command line to 'False'
[3.030s] Level 5:colcon.colcon_core.verb:set package 'oradar_lidar' build argument 'ament_cmake_args' from command line to 'None'
[3.030s] Level 5:colcon.colcon_core.verb:set package 'oradar_lidar' build argument 'catkin_cmake_args' from command line to 'None'
[3.030s] Level 5:colcon.colcon_core.verb:set package 'oradar_lidar' build argument 'catkin_skip_building_tests' from command line to 'False'
[3.030s] DEBUG:colcon.colcon_core.verb:Building package 'oradar_lidar' with the following arguments: {'ament_cmake_args': None, 'build_base': '/ros2_ws/build/oradar_lidar', 'catkin_cmake_args': None, 'catkin_skip_building_tests': False, 'cmake_args': None, 'cmake_clean_cache': False, 'cmake_clean_first': False, 'cmake_force_configure': False, 'cmake_target': None, 'cmake_target_skip_unavailable': False, 'install_base': '/ros2_ws/install/oradar_lidar', 'merge_install': False, 'path': '/ros2_ws/src/oradar_lidar', 'symlink_install': False, 'test_result_base': None}
[3.032s] Level 5:colcon.colcon_core.verb:set package 'brain_controller' build argument 'cmake_args' from command line to 'None'
[3.032s] Level 5:colcon.colcon_core.verb:set package 'brain_controller' build argument 'cmake_target' from command line to 'None'
[3.032s] Level 5:colcon.colcon_core.verb:set package 'brain_controller' build argument 'cmake_target_skip_unavailable' from command line to 'False'
[3.032s] Level 5:colcon.colcon_core.verb:set package 'brain_controller' build argument 'cmake_clean_cache' from command line to 'False'
[3.033s] Level 5:colcon.colcon_core.verb:set package 'brain_controller' build argument 'cmake_clean_first' from command line to 'False'
[3.033s] Level 5:colcon.colcon_core.verb:set package 'brain_controller' build argument 'cmake_force_configure' from command line to 'False'
[3.033s] Level 5:colcon.colcon_core.verb:set package 'brain_controller' build argument 'ament_cmake_args' from command line to 'None'
[3.033s] Level 5:colcon.colcon_core.verb:set package 'brain_controller' build argument 'catkin_cmake_args' from command line to 'None'
[3.033s] Level 5:colcon.colcon_core.verb:set package 'brain_controller' build argument 'catkin_skip_building_tests' from command line to 'False'
[3.033s] DEBUG:colcon.colcon_core.verb:Building package 'brain_controller' with the following arguments: {'ament_cmake_args': None, 'build_base': '/ros2_ws/build/brain_controller', 'catkin_cmake_args': None, 'catkin_skip_building_tests': False, 'cmake_args': None, 'cmake_clean_cache': False, 'cmake_clean_first': False, 'cmake_force_configure': False, 'cmake_target': None, 'cmake_target_skip_unavailable': False, 'install_base': '/ros2_ws/install/brain_controller', 'merge_install': False, 'path': '/ros2_ws/src/ros2_control/brain_controller', 'symlink_install': False, 'test_result_base': None}
[3.035s] Level 5:colcon.colcon_core.verb:set package 'brain_hardware' build argument 'cmake_args' from command line to 'None'
[3.035s] Level 5:colcon.colcon_core.verb:set package 'brain_hardware' build argument 'cmake_target' from command line to 'None'
[3.035s] Level 5:colcon.colcon_core.verb:set package 'brain_hardware' build argument 'cmake_target_skip_unavailable' from command line to 'False'
[3.035s] Level 5:colcon.colcon_core.verb:set package 'brain_hardware' build argument 'cmake_clean_cache' from command line to 'False'
[3.035s] Level 5:colcon.colcon_core.verb:set package 'brain_hardware' build argument 'cmake_clean_first' from command line to 'False'
[3.036s] Level 5:colcon.colcon_core.verb:set package 'brain_hardware' build argument 'cmake_force_configure' from command line to 'False'
[3.036s] Level 5:colcon.colcon_core.verb:set package 'brain_hardware' build argument 'ament_cmake_args' from command line to 'None'
[3.036s] Level 5:colcon.colcon_core.verb:set package 'brain_hardware' build argument 'catkin_cmake_args' from command line to 'None'
[3.036s] Level 5:colcon.colcon_core.verb:set package 'brain_hardware' build argument 'catkin_skip_building_tests' from command line to 'False'
[3.036s] DEBUG:colcon.colcon_core.verb:Building package 'brain_hardware' with the following arguments: {'ament_cmake_args': None, 'build_base': '/ros2_ws/build/brain_hardware', 'catkin_cmake_args': None, 'catkin_skip_building_tests': False, 'cmake_args': None, 'cmake_clean_cache': False, 'cmake_clean_first': False, 'cmake_force_configure': False, 'cmake_target': None, 'cmake_target_skip_unavailable': False, 'install_base': '/ros2_ws/install/brain_hardware', 'merge_install': False, 'path': '/ros2_ws/src/ros2_control/brain_hardware', 'symlink_install': False, 'test_result_base': None}
[3.038s] Level 5:colcon.colcon_core.verb:set package 'description' build argument 'cmake_args' from command line to 'None'
[3.038s] Level 5:colcon.colcon_core.verb:set package 'description' build argument 'cmake_target' from command line to 'None'
[3.038s] Level 5:colcon.colcon_core.verb:set package 'description' build argument 'cmake_target_skip_unavailable' from command line to 'False'
[3.038s] Level 5:colcon.colcon_core.verb:set package 'description' build argument 'cmake_clean_cache' from command line to 'False'
[3.039s] Level 5:colcon.colcon_core.verb:set package 'description' build argument 'cmake_clean_first' from command line to 'False'
[3.039s] Level 5:colcon.colcon_core.verb:set package 'description' build argument 'cmake_force_configure' from command line to 'False'
[3.039s] Level 5:colcon.colcon_core.verb:set package 'description' build argument 'ament_cmake_args' from command line to 'None'
[3.039s] Level 5:colcon.colcon_core.verb:set package 'description' build argument 'catkin_cmake_args' from command line to 'None'
[3.039s] Level 5:colcon.colcon_core.verb:set package 'description' build argument 'catkin_skip_building_tests' from command line to 'False'
[3.039s] DEBUG:colcon.colcon_core.verb:Building package 'description' with the following arguments: {'ament_cmake_args': None, 'build_base': '/ros2_ws/build/description', 'catkin_cmake_args': None, 'catkin_skip_building_tests': False, 'cmake_args': None, 'cmake_clean_cache': False, 'cmake_clean_first': False, 'cmake_force_configure': False, 'cmake_target': None, 'cmake_target_skip_unavailable': False, 'install_base': '/ros2_ws/install/description', 'merge_install': False, 'path': '/ros2_ws/src/description', 'symlink_install': False, 'test_result_base': None}
[3.041s] Level 5:colcon.colcon_core.verb:set package 'bringup' build argument 'cmake_args' from command line to 'None'
[3.042s] Level 5:colcon.colcon_core.verb:set package 'bringup' build argument 'cmake_target' from command line to 'None'
[3.042s] Level 5:colcon.colcon_core.verb:set package 'bringup' build argument 'cmake_target_skip_unavailable' from command line to 'False'
[3.042s] Level 5:colcon.colcon_core.verb:set package 'bringup' build argument 'cmake_clean_cache' from command line to 'False'
[3.042s] Level 5:colcon.colcon_core.verb:set package 'bringup' build argument 'cmake_clean_first' from command line to 'False'
[3.042s] Level 5:colcon.colcon_core.verb:set package 'bringup' build argument 'cmake_force_configure' from command line to 'False'
[3.042s] Level 5:colcon.colcon_core.verb:set package 'bringup' build argument 'ament_cmake_args' from command line to 'None'
[3.043s] Level 5:colcon.colcon_core.verb:set package 'bringup' build argument 'catkin_cmake_args' from command line to 'None'
[3.043s] Level 5:colcon.colcon_core.verb:set package 'bringup' build argument 'catkin_skip_building_tests' from command line to 'False'
[3.043s] DEBUG:colcon.colcon_core.verb:Building package 'bringup' with the following arguments: {'ament_cmake_args': None, 'build_base': '/ros2_ws/build/bringup', 'catkin_cmake_args': None, 'catkin_skip_building_tests': False, 'cmake_args': None, 'cmake_clean_cache': False, 'cmake_clean_first': False, 'cmake_force_configure': False, 'cmake_target': None, 'cmake_target_skip_unavailable': False, 'install_base': '/ros2_ws/install/bringup', 'merge_install': False, 'path': '/ros2_ws/src/bringup', 'symlink_install': False, 'test_result_base': None}
[3.044s] INFO:colcon.colcon_core.executor:Executing jobs using 'parallel' executor
[3.047s] DEBUG:colcon.colcon_parallel_executor.executor.parallel:run_until_complete
[3.048s] INFO:colcon.colcon_ros.task.ament_cmake.build:Building ROS package in '/ros2_ws/src/interfaces' with build type 'ament_cmake'
[3.049s] INFO:colcon.colcon_cmake.task.cmake.build:Building CMake package in '/ros2_ws/src/interfaces'
[3.065s] INFO:colcon.colcon_core.plugin_system:Skipping extension 'colcon_core.shell.bat': Not used on non-Windows systems
[3.067s] INFO:colcon.colcon_core.shell:Skip shell extension 'powershell' for command environment: Not usable outside of PowerShell
[3.067s] DEBUG:colcon.colcon_core.shell:Skip shell extension 'dsv' for command environment
[3.087s] INFO:colcon.colcon_ros.task.ament_cmake.build:Building ROS package in '/ros2_ws/src/oradar_lidar' with build type 'ament_cmake'
[3.087s] INFO:colcon.colcon_cmake.task.cmake.build:Building CMake package in '/ros2_ws/src/oradar_lidar'
[3.089s] INFO:colcon.colcon_core.shell:Skip shell extension 'powershell' for command environment: Not usable outside of PowerShell
[3.090s] DEBUG:colcon.colcon_core.shell:Skip shell extension 'dsv' for command environment
[3.123s] DEBUG:colcon.colcon_core.event_handler.log_command:Invoking command in '/ros2_ws/build/interfaces': CMAKE_PREFIX_PATH=${CMAKE_PREFIX_PATH}:/opt/ros/humble /usr/bin/cmake --build /ros2_ws/build/interfaces -- -j4 -l4
[3.179s] DEBUG:colcon.colcon_core.event_handler.log_command:Invoking command in '/ros2_ws/build/oradar_lidar': CMAKE_PREFIX_PATH=${CMAKE_PREFIX_PATH}:/opt/ros/humble /usr/bin/cmake --build /ros2_ws/build/oradar_lidar -- -j4 -l4
[4.235s] DEBUG:colcon.colcon_core.event_handler.log_command:Invoked command in '/ros2_ws/build/oradar_lidar' returned '0': CMAKE_PREFIX_PATH=${CMAKE_PREFIX_PATH}:/opt/ros/humble /usr/bin/cmake --build /ros2_ws/build/oradar_lidar -- -j4 -l4
[4.278s] DEBUG:colcon.colcon_core.event_handler.log_command:Invoking command in '/ros2_ws/build/oradar_lidar': CMAKE_PREFIX_PATH=${CMAKE_PREFIX_PATH}:/opt/ros/humble /usr/bin/cmake --install /ros2_ws/build/oradar_lidar
[4.374s] Level 1:colcon.colcon_core.environment:create_environment_scripts_only(oradar_lidar)
[4.391s] DEBUG:colcon.colcon_core.event_handler.log_command:Invoked command in '/ros2_ws/build/oradar_lidar' returned '0': CMAKE_PREFIX_PATH=${CMAKE_PREFIX_PATH}:/opt/ros/humble /usr/bin/cmake --install /ros2_ws/build/oradar_lidar
[4.407s] Level 1:colcon.colcon_core.environment:checking '/ros2_ws/install/oradar_lidar' for CMake module files
[4.411s] Level 1:colcon.colcon_core.environment:checking '/ros2_ws/install/oradar_lidar' for CMake config files
[4.418s] Level 1:colcon.colcon_core.shell:create_environment_hook('oradar_lidar', 'cmake_prefix_path')
[4.419s] INFO:colcon.colcon_core.shell:Creating environment hook '/ros2_ws/install/oradar_lidar/share/oradar_lidar/hook/cmake_prefix_path.ps1'
[4.424s] INFO:colcon.colcon_core.shell:Creating environment descriptor '/ros2_ws/install/oradar_lidar/share/oradar_lidar/hook/cmake_prefix_path.dsv'
[4.428s] INFO:colcon.colcon_core.shell:Creating environment hook '/ros2_ws/install/oradar_lidar/share/oradar_lidar/hook/cmake_prefix_path.sh'
[4.434s] Level 1:colcon.colcon_core.environment:checking '/ros2_ws/install/oradar_lidar/lib'
[4.435s] Level 1:colcon.colcon_core.environment:checking '/ros2_ws/install/oradar_lidar/bin'
[4.435s] Level 1:colcon.colcon_core.shell:create_environment_hook('oradar_lidar', 'path')
[4.437s] INFO:colcon.colcon_core.shell:Creating environment hook '/ros2_ws/install/oradar_lidar/share/oradar_lidar/hook/path.ps1'
[4.439s] INFO:colcon.colcon_core.shell:Creating environment descriptor '/ros2_ws/install/oradar_lidar/share/oradar_lidar/hook/path.dsv'
[4.443s] INFO:colcon.colcon_core.shell:Creating environment hook '/ros2_ws/install/oradar_lidar/share/oradar_lidar/hook/path.sh'
[4.446s] Level 1:colcon.colcon_core.environment:checking '/ros2_ws/install/oradar_lidar/lib/pkgconfig/oradar_lidar.pc'
[4.448s] Level 1:colcon.colcon_core.environment:checking '/ros2_ws/install/oradar_lidar/lib/python3.10/site-packages'
[4.450s] Level 1:colcon.colcon_core.environment:checking '/ros2_ws/install/oradar_lidar/bin'
[4.455s] Level 1:colcon.colcon_core.shell:create_environment_hook('oradar_lidar', 'pythonscriptspath')
[4.457s] INFO:colcon.colcon_core.shell:Creating environment hook '/ros2_ws/install/oradar_lidar/share/oradar_lidar/hook/pythonscriptspath.ps1'
[4.461s] INFO:colcon.colcon_core.shell:Creating environment descriptor '/ros2_ws/install/oradar_lidar/share/oradar_lidar/hook/pythonscriptspath.dsv'
[4.463s] INFO:colcon.colcon_core.shell:Creating environment hook '/ros2_ws/install/oradar_lidar/share/oradar_lidar/hook/pythonscriptspath.sh'
[4.467s] INFO:colcon.colcon_core.shell:Creating package script '/ros2_ws/install/oradar_lidar/share/oradar_lidar/package.ps1'
[4.506s] INFO:colcon.colcon_core.shell:Creating package descriptor '/ros2_ws/install/oradar_lidar/share/oradar_lidar/package.dsv'
[4.511s] INFO:colcon.colcon_core.shell:Creating package script '/ros2_ws/install/oradar_lidar/share/oradar_lidar/package.sh'
[4.516s] INFO:colcon.colcon_core.shell:Creating package script '/ros2_ws/install/oradar_lidar/share/oradar_lidar/package.bash'
[4.522s] INFO:colcon.colcon_core.shell:Creating package script '/ros2_ws/install/oradar_lidar/share/oradar_lidar/package.zsh'
[4.527s] Level 1:colcon.colcon_core.environment:create_file_with_runtime_dependencies(/ros2_ws/install/oradar_lidar/share/colcon-core/packages/oradar_lidar)
[4.531s] Level 1:colcon.colcon_core.environment:create_environment_scripts_only(oradar_lidar)
[4.532s] Level 1:colcon.colcon_core.environment:checking '/ros2_ws/install/oradar_lidar' for CMake module files
[4.535s] Level 1:colcon.colcon_core.environment:checking '/ros2_ws/install/oradar_lidar' for CMake config files
[4.537s] Level 1:colcon.colcon_core.shell:create_environment_hook('oradar_lidar', 'cmake_prefix_path')
[4.539s] INFO:colcon.colcon_core.shell:Creating environment hook '/ros2_ws/install/oradar_lidar/share/oradar_lidar/hook/cmake_prefix_path.ps1'
[4.541s] INFO:colcon.colcon_core.shell:Creating environment descriptor '/ros2_ws/install/oradar_lidar/share/oradar_lidar/hook/cmake_prefix_path.dsv'
[4.543s] INFO:colcon.colcon_core.shell:Creating environment hook '/ros2_ws/install/oradar_lidar/share/oradar_lidar/hook/cmake_prefix_path.sh'
[4.545s] Level 1:colcon.colcon_core.environment:checking '/ros2_ws/install/oradar_lidar/lib'
[4.546s] Level 1:colcon.colcon_core.environment:checking '/ros2_ws/install/oradar_lidar/bin'
[4.546s] Level 1:colcon.colcon_core.shell:create_environment_hook('oradar_lidar', 'path')
[4.547s] INFO:colcon.colcon_core.shell:Creating environment hook '/ros2_ws/install/oradar_lidar/share/oradar_lidar/hook/path.ps1'
[4.549s] INFO:colcon.colcon_core.shell:Creating environment descriptor '/ros2_ws/install/oradar_lidar/share/oradar_lidar/hook/path.dsv'
[4.551s] INFO:colcon.colcon_core.shell:Creating environment hook '/ros2_ws/install/oradar_lidar/share/oradar_lidar/hook/path.sh'
[4.553s] Level 1:colcon.colcon_core.environment:checking '/ros2_ws/install/oradar_lidar/lib/pkgconfig/oradar_lidar.pc'
[4.554s] Level 1:colcon.colcon_core.environment:checking '/ros2_ws/install/oradar_lidar/lib/python3.10/site-packages'
[4.556s] Level 1:colcon.colcon_core.environment:checking '/ros2_ws/install/oradar_lidar/bin'
[4.556s] Level 1:colcon.colcon_core.shell:create_environment_hook('oradar_lidar', 'pythonscriptspath')
[4.557s] INFO:colcon.colcon_core.shell:Creating environment hook '/ros2_ws/install/oradar_lidar/share/oradar_lidar/hook/pythonscriptspath.ps1'
[4.559s] INFO:colcon.colcon_core.shell:Creating environment descriptor '/ros2_ws/install/oradar_lidar/share/oradar_lidar/hook/pythonscriptspath.dsv'
[4.562s] INFO:colcon.colcon_core.shell:Creating environment hook '/ros2_ws/install/oradar_lidar/share/oradar_lidar/hook/pythonscriptspath.sh'
[4.565s] INFO:colcon.colcon_core.shell:Creating package script '/ros2_ws/install/oradar_lidar/share/oradar_lidar/package.ps1'
[4.570s] INFO:colcon.colcon_core.shell:Creating package descriptor '/ros2_ws/install/oradar_lidar/share/oradar_lidar/package.dsv'
[4.573s] INFO:colcon.colcon_core.shell:Creating package script '/ros2_ws/install/oradar_lidar/share/oradar_lidar/package.sh'
[4.575s] INFO:colcon.colcon_core.shell:Creating package script '/ros2_ws/install/oradar_lidar/share/oradar_lidar/package.bash'
[4.578s] INFO:colcon.colcon_core.shell:Creating package script '/ros2_ws/install/oradar_lidar/share/oradar_lidar/package.zsh'
[4.580s] Level 1:colcon.colcon_core.environment:create_file_with_runtime_dependencies(/ros2_ws/install/oradar_lidar/share/colcon-core/packages/oradar_lidar)
[5.495s] DEBUG:colcon.colcon_core.event_handler.log_command:Invoked command in '/ros2_ws/build/interfaces' returned '0': CMAKE_PREFIX_PATH=${CMAKE_PREFIX_PATH}:/opt/ros/humble /usr/bin/cmake --build /ros2_ws/build/interfaces -- -j4 -l4
[5.504s] DEBUG:colcon.colcon_core.event_handler.log_command:Invoking command in '/ros2_ws/build/interfaces': CMAKE_PREFIX_PATH=${CMAKE_PREFIX_PATH}:/opt/ros/humble /usr/bin/cmake --install /ros2_ws/build/interfaces
[5.837s] Level 1:colcon.colcon_core.environment:create_environment_scripts_only(interfaces)
[5.839s] Level 1:colcon.colcon_core.environment:checking '/ros2_ws/install/interfaces' for CMake module files
[5.841s] DEBUG:colcon.colcon_core.event_handler.log_command:Invoked command in '/ros2_ws/build/interfaces' returned '0': CMAKE_PREFIX_PATH=${CMAKE_PREFIX_PATH}:/opt/ros/humble /usr/bin/cmake --install /ros2_ws/build/interfaces
[5.844s] Level 1:colcon.colcon_core.environment:checking '/ros2_ws/install/interfaces' for CMake config files
[5.850s] Level 1:colcon.colcon_core.shell:create_environment_hook('interfaces', 'cmake_prefix_path')
[5.851s] INFO:colcon.colcon_core.shell:Creating environment hook '/ros2_ws/install/interfaces/share/interfaces/hook/cmake_prefix_path.ps1'
[5.853s] INFO:colcon.colcon_core.shell:Creating environment descriptor '/ros2_ws/install/interfaces/share/interfaces/hook/cmake_prefix_path.dsv'
[5.854s] INFO:colcon.colcon_core.shell:Creating environment hook '/ros2_ws/install/interfaces/share/interfaces/hook/cmake_prefix_path.sh'
[5.857s] Level 1:colcon.colcon_core.environment:checking '/ros2_ws/install/interfaces/lib'
[5.857s] Level 1:colcon.colcon_core.shell:create_environment_hook('interfaces', 'ld_library_path_lib')
[5.858s] INFO:colcon.colcon_core.shell:Creating environment hook '/ros2_ws/install/interfaces/share/interfaces/hook/ld_library_path_lib.ps1'
[5.860s] INFO:colcon.colcon_core.shell:Creating environment descriptor '/ros2_ws/install/interfaces/share/interfaces/hook/ld_library_path_lib.dsv'
[5.862s] INFO:colcon.colcon_core.shell:Creating environment hook '/ros2_ws/install/interfaces/share/interfaces/hook/ld_library_path_lib.sh'
[5.864s] Level 1:colcon.colcon_core.environment:checking '/ros2_ws/install/interfaces/bin'
[5.865s] Level 1:colcon.colcon_core.environment:checking '/ros2_ws/install/interfaces/lib/pkgconfig/interfaces.pc'
[5.866s] Level 1:colcon.colcon_core.environment:checking '/ros2_ws/install/interfaces/lib/python3.10/site-packages'
[5.868s] Level 1:colcon.colcon_core.environment:checking '/ros2_ws/install/interfaces/bin'
[5.870s] INFO:colcon.colcon_core.shell:Creating package script '/ros2_ws/install/interfaces/share/interfaces/package.ps1'
[5.874s] INFO:colcon.colcon_core.shell:Creating package descriptor '/ros2_ws/install/interfaces/share/interfaces/package.dsv'
[5.876s] INFO:colcon.colcon_core.shell:Creating package script '/ros2_ws/install/interfaces/share/interfaces/package.sh'
[5.879s] INFO:colcon.colcon_core.shell:Creating package script '/ros2_ws/install/interfaces/share/interfaces/package.bash'
[5.880s] INFO:colcon.colcon_core.shell:Creating package script '/ros2_ws/install/interfaces/share/interfaces/package.zsh'
[5.882s] Level 1:colcon.colcon_core.environment:create_file_with_runtime_dependencies(/ros2_ws/install/interfaces/share/colcon-core/packages/interfaces)
[5.885s] Level 1:colcon.colcon_core.environment:create_environment_scripts_only(interfaces)
[5.886s] Level 1:colcon.colcon_core.environment:checking '/ros2_ws/install/interfaces' for CMake module files
[5.890s] Level 1:colcon.colcon_core.environment:checking '/ros2_ws/install/interfaces' for CMake config files
[5.893s] Level 1:colcon.colcon_core.shell:create_environment_hook('interfaces', 'cmake_prefix_path')
[5.894s] INFO:colcon.colcon_core.shell:Creating environment hook '/ros2_ws/install/interfaces/share/interfaces/hook/cmake_prefix_path.ps1'
[5.895s] INFO:colcon.colcon_core.shell:Creating environment descriptor '/ros2_ws/install/interfaces/share/interfaces/hook/cmake_prefix_path.dsv'
[5.897s] INFO:colcon.colcon_core.shell:Creating environment hook '/ros2_ws/install/interfaces/share/interfaces/hook/cmake_prefix_path.sh'
[5.899s] Level 1:colcon.colcon_core.environment:checking '/ros2_ws/install/interfaces/lib'
[5.900s] Level 1:colcon.colcon_core.shell:create_environment_hook('interfaces', 'ld_library_path_lib')
[5.901s] INFO:colcon.colcon_core.shell:Creating environment hook '/ros2_ws/install/interfaces/share/interfaces/hook/ld_library_path_lib.ps1'
[5.902s] INFO:colcon.colcon_core.shell:Creating environment descriptor '/ros2_ws/install/interfaces/share/interfaces/hook/ld_library_path_lib.dsv'
[5.904s] INFO:colcon.colcon_core.shell:Creating environment hook '/ros2_ws/install/interfaces/share/interfaces/hook/ld_library_path_lib.sh'
[5.906s] Level 1:colcon.colcon_core.environment:checking '/ros2_ws/install/interfaces/bin'
[5.906s] Level 1:colcon.colcon_core.environment:checking '/ros2_ws/install/interfaces/lib/pkgconfig/interfaces.pc'
[5.907s] Level 1:colcon.colcon_core.environment:checking '/ros2_ws/install/interfaces/lib/python3.10/site-packages'
[5.909s] Level 1:colcon.colcon_core.environment:checking '/ros2_ws/install/interfaces/bin'
[5.911s] INFO:colcon.colcon_core.shell:Creating package script '/ros2_ws/install/interfaces/share/interfaces/package.ps1'
[5.915s] INFO:colcon.colcon_core.shell:Creating package descriptor '/ros2_ws/install/interfaces/share/interfaces/package.dsv'
[5.918s] INFO:colcon.colcon_core.shell:Creating package script '/ros2_ws/install/interfaces/share/interfaces/package.sh'
[5.920s] INFO:colcon.colcon_core.shell:Creating package script '/ros2_ws/install/interfaces/share/interfaces/package.bash'
[5.922s] INFO:colcon.colcon_core.shell:Creating package script '/ros2_ws/install/interfaces/share/interfaces/package.zsh'
[5.924s] Level 1:colcon.colcon_core.environment:create_file_with_runtime_dependencies(/ros2_ws/install/interfaces/share/colcon-core/packages/interfaces)
[5.926s] INFO:colcon.colcon_ros.task.ament_cmake.build:Building ROS package in '/ros2_ws/src/ros2_control/brain_hardware' with build type 'ament_cmake'
[5.927s] INFO:colcon.colcon_cmake.task.cmake.build:Building CMake package in '/ros2_ws/src/ros2_control/brain_hardware'
[5.928s] INFO:colcon.colcon_core.shell:Skip shell extension 'powershell' for command environment: Not usable outside of PowerShell
[5.928s] DEBUG:colcon.colcon_core.shell:Skip shell extension 'dsv' for command environment
[5.948s] INFO:colcon.colcon_ros.task.ament_cmake.build:Building ROS package in '/ros2_ws/src/ros2_control/brain_controller' with build type 'ament_cmake'
[5.949s] INFO:colcon.colcon_cmake.task.cmake.build:Building CMake package in '/ros2_ws/src/ros2_control/brain_controller'
[5.950s] INFO:colcon.colcon_core.shell:Skip shell extension 'powershell' for command environment: Not usable outside of PowerShell
[5.951s] DEBUG:colcon.colcon_core.shell:Skip shell extension 'dsv' for command environment
[5.988s] DEBUG:colcon.colcon_core.event_handler.log_command:Invoking command in '/ros2_ws/build/brain_hardware': CMAKE_PREFIX_PATH=/ros2_ws/install/interfaces:/ros2_ws/install/oradar_lidar:/ros2_ws/install/bringup:/ros2_ws/install/description:/ros2_ws/install/brain_hardware:/ros2_ws/install/brain_controller:/opt/ros/humble LD_LIBRARY_PATH=/ros2_ws/install/interfaces/lib:/ros2_ws/install/brain_hardware/lib:/ros2_ws/install/brain_controller/lib:/opt/ros/humble/opt/rviz_ogre_vendor/lib:/opt/ros/humble/lib/aarch64-linux-gnu:/opt/ros/humble/lib /usr/bin/cmake --build /ros2_ws/build/brain_hardware -- -j4 -l4
[6.009s] DEBUG:colcon.colcon_core.event_handler.log_command:Invoking command in '/ros2_ws/build/brain_controller': CMAKE_PREFIX_PATH=/ros2_ws/install/interfaces:/ros2_ws/install/oradar_lidar:/ros2_ws/install/bringup:/ros2_ws/install/description:/ros2_ws/install/brain_hardware:/ros2_ws/install/brain_controller:/opt/ros/humble LD_LIBRARY_PATH=/ros2_ws/install/interfaces/lib:/ros2_ws/install/brain_hardware/lib:/ros2_ws/install/brain_controller/lib:/opt/ros/humble/opt/rviz_ogre_vendor/lib:/opt/ros/humble/lib/aarch64-linux-gnu:/opt/ros/humble/lib /usr/bin/cmake --build /ros2_ws/build/brain_controller -- -j4 -l4
[6.253s] DEBUG:colcon.colcon_core.event_handler.log_command:Invoked command in '/ros2_ws/build/brain_hardware' returned '0': CMAKE_PREFIX_PATH=/ros2_ws/install/interfaces:/ros2_ws/install/oradar_lidar:/ros2_ws/install/bringup:/ros2_ws/install/description:/ros2_ws/install/brain_hardware:/ros2_ws/install/brain_controller:/opt/ros/humble LD_LIBRARY_PATH=/ros2_ws/install/interfaces/lib:/ros2_ws/install/brain_hardware/lib:/ros2_ws/install/brain_controller/lib:/opt/ros/humble/opt/rviz_ogre_vendor/lib:/opt/ros/humble/lib/aarch64-linux-gnu:/opt/ros/humble/lib /usr/bin/cmake --build /ros2_ws/build/brain_hardware -- -j4 -l4
[6.266s] DEBUG:colcon.colcon_core.event_handler.log_command:Invoking command in '/ros2_ws/build/brain_hardware': CMAKE_PREFIX_PATH=/ros2_ws/install/interfaces:/ros2_ws/install/oradar_lidar:/ros2_ws/install/bringup:/ros2_ws/install/description:/ros2_ws/install/brain_hardware:/ros2_ws/install/brain_controller:/opt/ros/humble LD_LIBRARY_PATH=/ros2_ws/install/interfaces/lib:/ros2_ws/install/brain_hardware/lib:/ros2_ws/install/brain_controller/lib:/opt/ros/humble/opt/rviz_ogre_vendor/lib:/opt/ros/humble/lib/aarch64-linux-gnu:/opt/ros/humble/lib /usr/bin/cmake --install /ros2_ws/build/brain_hardware
[6.336s] Level 1:colcon.colcon_core.environment:create_environment_scripts_only(brain_hardware)
[6.338s] Level 1:colcon.colcon_core.environment:checking '/ros2_ws/install/brain_hardware' for CMake module files
[6.340s] DEBUG:colcon.colcon_core.event_handler.log_command:Invoked command in '/ros2_ws/build/brain_hardware' returned '0': CMAKE_PREFIX_PATH=/ros2_ws/install/interfaces:/ros2_ws/install/oradar_lidar:/ros2_ws/install/bringup:/ros2_ws/install/description:/ros2_ws/install/brain_hardware:/ros2_ws/install/brain_controller:/opt/ros/humble LD_LIBRARY_PATH=/ros2_ws/install/interfaces/lib:/ros2_ws/install/brain_hardware/lib:/ros2_ws/install/brain_controller/lib:/opt/ros/humble/opt/rviz_ogre_vendor/lib:/opt/ros/humble/lib/aarch64-linux-gnu:/opt/ros/humble/lib /usr/bin/cmake --install /ros2_ws/build/brain_hardware
[6.342s] Level 1:colcon.colcon_core.environment:checking '/ros2_ws/install/brain_hardware' for CMake config files
[6.345s] Level 1:colcon.colcon_core.shell:create_environment_hook('brain_hardware', 'cmake_prefix_path')
[6.346s] INFO:colcon.colcon_core.shell:Creating environment hook '/ros2_ws/install/brain_hardware/share/brain_hardware/hook/cmake_prefix_path.ps1'
[6.348s] INFO:colcon.colcon_core.shell:Creating environment descriptor '/ros2_ws/install/brain_hardware/share/brain_hardware/hook/cmake_prefix_path.dsv'
[6.350s] INFO:colcon.colcon_core.shell:Creating environment hook '/ros2_ws/install/brain_hardware/share/brain_hardware/hook/cmake_prefix_path.sh'
[6.353s] Level 1:colcon.colcon_core.environment:checking '/ros2_ws/install/brain_hardware/lib'
[6.354s] Level 1:colcon.colcon_core.shell:create_environment_hook('brain_hardware', 'ld_library_path_lib')
[6.355s] INFO:colcon.colcon_core.shell:Creating environment hook '/ros2_ws/install/brain_hardware/share/brain_hardware/hook/ld_library_path_lib.ps1'
[6.357s] INFO:colcon.colcon_core.shell:Creating environment descriptor '/ros2_ws/install/brain_hardware/share/brain_hardware/hook/ld_library_path_lib.dsv'
[6.359s] INFO:colcon.colcon_core.shell:Creating environment hook '/ros2_ws/install/brain_hardware/share/brain_hardware/hook/ld_library_path_lib.sh'
[6.361s] Level 1:colcon.colcon_core.environment:checking '/ros2_ws/install/brain_hardware/bin'
[6.362s] Level 1:colcon.colcon_core.environment:checking '/ros2_ws/install/brain_hardware/lib/pkgconfig/brain_hardware.pc'
[6.363s] Level 1:colcon.colcon_core.environment:checking '/ros2_ws/install/brain_hardware/lib/python3.10/site-packages'
[6.365s] Level 1:colcon.colcon_core.environment:checking '/ros2_ws/install/brain_hardware/bin'
[6.367s] INFO:colcon.colcon_core.shell:Creating package script '/ros2_ws/install/brain_hardware/share/brain_hardware/package.ps1'
[6.371s] INFO:colcon.colcon_core.shell:Creating package descriptor '/ros2_ws/install/brain_hardware/share/brain_hardware/package.dsv'
[6.373s] INFO:colcon.colcon_core.shell:Creating package script '/ros2_ws/install/brain_hardware/share/brain_hardware/package.sh'
[6.375s] INFO:colcon.colcon_core.shell:Creating package script '/ros2_ws/install/brain_hardware/share/brain_hardware/package.bash'
[6.377s] INFO:colcon.colcon_core.shell:Creating package script '/ros2_ws/install/brain_hardware/share/brain_hardware/package.zsh'
[6.380s] Level 1:colcon.colcon_core.environment:create_file_with_runtime_dependencies(/ros2_ws/install/brain_hardware/share/colcon-core/packages/brain_hardware)
[6.383s] Level 1:colcon.colcon_core.environment:create_environment_scripts_only(brain_hardware)
[6.384s] Level 1:colcon.colcon_core.environment:checking '/ros2_ws/install/brain_hardware' for CMake module files
[6.386s] Level 1:colcon.colcon_core.environment:checking '/ros2_ws/install/brain_hardware' for CMake config files
[6.387s] Level 1:colcon.colcon_core.shell:create_environment_hook('brain_hardware', 'cmake_prefix_path')
[6.388s] INFO:colcon.colcon_core.shell:Creating environment hook '/ros2_ws/install/brain_hardware/share/brain_hardware/hook/cmake_prefix_path.ps1'
[6.390s] INFO:colcon.colcon_core.shell:Creating environment descriptor '/ros2_ws/install/brain_hardware/share/brain_hardware/hook/cmake_prefix_path.dsv'
[6.391s] INFO:colcon.colcon_core.shell:Creating environment hook '/ros2_ws/install/brain_hardware/share/brain_hardware/hook/cmake_prefix_path.sh'
[6.394s] Level 1:colcon.colcon_core.environment:checking '/ros2_ws/install/brain_hardware/lib'
[6.394s] Level 1:colcon.colcon_core.shell:create_environment_hook('brain_hardware', 'ld_library_path_lib')
[6.395s] INFO:colcon.colcon_core.shell:Creating environment hook '/ros2_ws/install/brain_hardware/share/brain_hardware/hook/ld_library_path_lib.ps1'
[6.397s] INFO:colcon.colcon_core.shell:Creating environment descriptor '/ros2_ws/install/brain_hardware/share/brain_hardware/hook/ld_library_path_lib.dsv'
[6.398s] INFO:colcon.colcon_core.shell:Creating environment hook '/ros2_ws/install/brain_hardware/share/brain_hardware/hook/ld_library_path_lib.sh'
[6.399s] Level 1:colcon.colcon_core.environment:checking '/ros2_ws/install/brain_hardware/bin'
[6.400s] Level 1:colcon.colcon_core.environment:checking '/ros2_ws/install/brain_hardware/lib/pkgconfig/brain_hardware.pc'
[6.401s] Level 1:colcon.colcon_core.environment:checking '/ros2_ws/install/brain_hardware/lib/python3.10/site-packages'
[6.402s] Level 1:colcon.colcon_core.environment:checking '/ros2_ws/install/brain_hardware/bin'
[6.404s] INFO:colcon.colcon_core.shell:Creating package script '/ros2_ws/install/brain_hardware/share/brain_hardware/package.ps1'
[6.408s] INFO:colcon.colcon_core.shell:Creating package descriptor '/ros2_ws/install/brain_hardware/share/brain_hardware/package.dsv'
[6.410s] INFO:colcon.colcon_core.shell:Creating package script '/ros2_ws/install/brain_hardware/share/brain_hardware/package.sh'
[6.412s] INFO:colcon.colcon_core.shell:Creating package script '/ros2_ws/install/brain_hardware/share/brain_hardware/package.bash'
[6.414s] INFO:colcon.colcon_core.shell:Creating package script '/ros2_ws/install/brain_hardware/share/brain_hardware/package.zsh'
[6.416s] Level 1:colcon.colcon_core.environment:create_file_with_runtime_dependencies(/ros2_ws/install/brain_hardware/share/colcon-core/packages/brain_hardware)
[6.417s] INFO:colcon.colcon_ros.task.ament_cmake.build:Building ROS package in '/ros2_ws/src/description' with build type 'ament_cmake'
[6.417s] INFO:colcon.colcon_cmake.task.cmake.build:Building CMake package in '/ros2_ws/src/description'
[6.419s] INFO:colcon.colcon_core.shell:Skip shell extension 'powershell' for command environment: Not usable outside of PowerShell
[6.419s] DEBUG:colcon.colcon_core.shell:Skip shell extension 'dsv' for command environment
[6.483s] DEBUG:colcon.colcon_core.event_handler.log_command:Invoking command in '/ros2_ws/build/description': CMAKE_PREFIX_PATH=/ros2_ws/install/brain_hardware:/ros2_ws/install/interfaces:/ros2_ws/install/oradar_lidar:/ros2_ws/install/bringup:/ros2_ws/install/description:/ros2_ws/install/brain_controller:/opt/ros/humble LD_LIBRARY_PATH=/ros2_ws/install/brain_hardware/lib:/ros2_ws/install/interfaces/lib:/ros2_ws/install/brain_controller/lib:/opt/ros/humble/opt/rviz_ogre_vendor/lib:/opt/ros/humble/lib/aarch64-linux-gnu:/opt/ros/humble/lib /usr/bin/cmake --build /ros2_ws/build/description -- -j4 -l4
[6.644s] DEBUG:colcon.colcon_core.event_handler.log_command:Invoked command in '/ros2_ws/build/description' returned '0': CMAKE_PREFIX_PATH=/ros2_ws/install/brain_hardware:/ros2_ws/install/interfaces:/ros2_ws/install/oradar_lidar:/ros2_ws/install/bringup:/ros2_ws/install/description:/ros2_ws/install/brain_controller:/opt/ros/humble LD_LIBRARY_PATH=/ros2_ws/install/brain_hardware/lib:/ros2_ws/install/interfaces/lib:/ros2_ws/install/brain_controller/lib:/opt/ros/humble/opt/rviz_ogre_vendor/lib:/opt/ros/humble/lib/aarch64-linux-gnu:/opt/ros/humble/lib /usr/bin/cmake --build /ros2_ws/build/description -- -j4 -l4
[6.653s] DEBUG:colcon.colcon_core.event_handler.log_command:Invoking command in '/ros2_ws/build/description': CMAKE_PREFIX_PATH=/ros2_ws/install/brain_hardware:/ros2_ws/install/interfaces:/ros2_ws/install/oradar_lidar:/ros2_ws/install/bringup:/ros2_ws/install/description:/ros2_ws/install/brain_controller:/opt/ros/humble LD_LIBRARY_PATH=/ros2_ws/install/brain_hardware/lib:/ros2_ws/install/interfaces/lib:/ros2_ws/install/brain_controller/lib:/opt/ros/humble/opt/rviz_ogre_vendor/lib:/opt/ros/humble/lib/aarch64-linux-gnu:/opt/ros/humble/lib /usr/bin/cmake --install /ros2_ws/build/description
[6.693s] Level 1:colcon.colcon_core.environment:create_environment_scripts_only(description)
[6.695s] Level 1:colcon.colcon_core.environment:checking '/ros2_ws/install/description' for CMake module files
[6.700s] Level 1:colcon.colcon_core.environment:checking '/ros2_ws/install/description' for CMake config files
[6.708s] DEBUG:colcon.colcon_core.event_handler.log_command:Invoked command in '/ros2_ws/build/description' returned '0': CMAKE_PREFIX_PATH=/ros2_ws/install/brain_hardware:/ros2_ws/install/interfaces:/ros2_ws/install/oradar_lidar:/ros2_ws/install/bringup:/ros2_ws/install/description:/ros2_ws/install/brain_controller:/opt/ros/humble LD_LIBRARY_PATH=/ros2_ws/install/brain_hardware/lib:/ros2_ws/install/interfaces/lib:/ros2_ws/install/brain_controller/lib:/opt/ros/humble/opt/rviz_ogre_vendor/lib:/opt/ros/humble/lib/aarch64-linux-gnu:/opt/ros/humble/lib /usr/bin/cmake --install /ros2_ws/build/description
[6.709s] Level 1:colcon.colcon_core.shell:create_environment_hook('description', 'cmake_prefix_path')
[6.711s] INFO:colcon.colcon_core.shell:Creating environment hook '/ros2_ws/install/description/share/description/hook/cmake_prefix_path.ps1'
[6.713s] INFO:colcon.colcon_core.shell:Creating environment descriptor '/ros2_ws/install/description/share/description/hook/cmake_prefix_path.dsv'
[6.715s] INFO:colcon.colcon_core.shell:Creating environment hook '/ros2_ws/install/description/share/description/hook/cmake_prefix_path.sh'
[6.717s] Level 1:colcon.colcon_core.environment:checking '/ros2_ws/install/description/bin'
[6.718s] Level 1:colcon.colcon_core.environment:checking '/ros2_ws/install/description/lib/pkgconfig/description.pc'
[6.719s] Level 1:colcon.colcon_core.environment:checking '/ros2_ws/install/description/lib/python3.10/site-packages'
[6.721s] Level 1:colcon.colcon_core.environment:checking '/ros2_ws/install/description/bin'
[6.722s] INFO:colcon.colcon_core.shell:Creating package script '/ros2_ws/install/description/share/description/package.ps1'
[6.725s] INFO:colcon.colcon_core.shell:Creating package descriptor '/ros2_ws/install/description/share/description/package.dsv'
[6.727s] INFO:colcon.colcon_core.shell:Creating package script '/ros2_ws/install/description/share/description/package.sh'
[6.728s] INFO:colcon.colcon_core.shell:Creating package script '/ros2_ws/install/description/share/description/package.bash'
[6.730s] INFO:colcon.colcon_core.shell:Creating package script '/ros2_ws/install/description/share/description/package.zsh'
[6.732s] Level 1:colcon.colcon_core.environment:create_file_with_runtime_dependencies(/ros2_ws/install/description/share/colcon-core/packages/description)
[6.734s] Level 1:colcon.colcon_core.environment:create_environment_scripts_only(description)
[6.735s] Level 1:colcon.colcon_core.environment:checking '/ros2_ws/install/description' for CMake module files
[6.737s] Level 1:colcon.colcon_core.environment:checking '/ros2_ws/install/description' for CMake config files
[6.739s] Level 1:colcon.colcon_core.shell:create_environment_hook('description', 'cmake_prefix_path')
[6.740s] INFO:colcon.colcon_core.shell:Creating environment hook '/ros2_ws/install/description/share/description/hook/cmake_prefix_path.ps1'
[6.742s] INFO:colcon.colcon_core.shell:Creating environment descriptor '/ros2_ws/install/description/share/description/hook/cmake_prefix_path.dsv'
[6.743s] INFO:colcon.colcon_core.shell:Creating environment hook '/ros2_ws/install/description/share/description/hook/cmake_prefix_path.sh'
[6.746s] Level 1:colcon.colcon_core.environment:checking '/ros2_ws/install/description/bin'
[6.746s] Level 1:colcon.colcon_core.environment:checking '/ros2_ws/install/description/lib/pkgconfig/description.pc'
[6.747s] Level 1:colcon.colcon_core.environment:checking '/ros2_ws/install/description/lib/python3.10/site-packages'
[6.749s] Level 1:colcon.colcon_core.environment:checking '/ros2_ws/install/description/bin'
[6.750s] INFO:colcon.colcon_core.shell:Creating package script '/ros2_ws/install/description/share/description/package.ps1'
[6.753s] INFO:colcon.colcon_core.shell:Creating package descriptor '/ros2_ws/install/description/share/description/package.dsv'
[6.755s] INFO:colcon.colcon_core.shell:Creating package script '/ros2_ws/install/description/share/description/package.sh'
[6.757s] INFO:colcon.colcon_core.shell:Creating package script '/ros2_ws/install/description/share/description/package.bash'
[6.759s] INFO:colcon.colcon_core.shell:Creating package script '/ros2_ws/install/description/share/description/package.zsh'
[6.761s] Level 1:colcon.colcon_core.environment:create_file_with_runtime_dependencies(/ros2_ws/install/description/share/colcon-core/packages/description)
[6.763s] INFO:colcon.colcon_ros.task.ament_cmake.build:Building ROS package in '/ros2_ws/src/bringup' with build type 'ament_cmake'
[6.763s] INFO:colcon.colcon_cmake.task.cmake.build:Building CMake package in '/ros2_ws/src/bringup'
[6.764s] INFO:colcon.colcon_core.shell:Skip shell extension 'powershell' for command environment: Not usable outside of PowerShell
[6.765s] DEBUG:colcon.colcon_core.shell:Skip shell extension 'dsv' for command environment
[6.819s] DEBUG:colcon.colcon_core.event_handler.log_command:Invoking command in '/ros2_ws/build/bringup': CMAKE_PREFIX_PATH=/ros2_ws/install/description:/ros2_ws/install/brain_hardware:/ros2_ws/install/interfaces:/ros2_ws/install/oradar_lidar:/ros2_ws/install/bringup:/ros2_ws/install/brain_controller:/opt/ros/humble LD_LIBRARY_PATH=/ros2_ws/install/brain_hardware/lib:/ros2_ws/install/interfaces/lib:/ros2_ws/install/brain_controller/lib:/opt/ros/humble/opt/rviz_ogre_vendor/lib:/opt/ros/humble/lib/aarch64-linux-gnu:/opt/ros/humble/lib /usr/bin/cmake --build /ros2_ws/build/bringup -- -j4 -l4
[6.947s] DEBUG:colcon.colcon_core.event_handler.log_command:Invoked command in '/ros2_ws/build/bringup' returned '0': CMAKE_PREFIX_PATH=/ros2_ws/install/description:/ros2_ws/install/brain_hardware:/ros2_ws/install/interfaces:/ros2_ws/install/oradar_lidar:/ros2_ws/install/bringup:/ros2_ws/install/brain_controller:/opt/ros/humble LD_LIBRARY_PATH=/ros2_ws/install/brain_hardware/lib:/ros2_ws/install/interfaces/lib:/ros2_ws/install/brain_controller/lib:/opt/ros/humble/opt/rviz_ogre_vendor/lib:/opt/ros/humble/lib/aarch64-linux-gnu:/opt/ros/humble/lib /usr/bin/cmake --build /ros2_ws/build/bringup -- -j4 -l4
[6.955s] DEBUG:colcon.colcon_core.event_handler.log_command:Invoking command in '/ros2_ws/build/bringup': CMAKE_PREFIX_PATH=/ros2_ws/install/description:/ros2_ws/install/brain_hardware:/ros2_ws/install/interfaces:/ros2_ws/install/oradar_lidar:/ros2_ws/install/bringup:/ros2_ws/install/brain_controller:/opt/ros/humble LD_LIBRARY_PATH=/ros2_ws/install/brain_hardware/lib:/ros2_ws/install/interfaces/lib:/ros2_ws/install/brain_controller/lib:/opt/ros/humble/opt/rviz_ogre_vendor/lib:/opt/ros/humble/lib/aarch64-linux-gnu:/opt/ros/humble/lib /usr/bin/cmake --install /ros2_ws/build/bringup
[6.991s] Level 1:colcon.colcon_core.environment:create_environment_scripts_only(bringup)
[6.992s] Level 1:colcon.colcon_core.environment:checking '/ros2_ws/install/bringup' for CMake module files
[7.001s] Level 1:colcon.colcon_core.environment:checking '/ros2_ws/install/bringup' for CMake config files
[7.005s] Level 1:colcon.colcon_core.shell:create_environment_hook('bringup', 'cmake_prefix_path')
[7.007s] INFO:colcon.colcon_core.shell:Creating environment hook '/ros2_ws/install/bringup/share/bringup/hook/cmake_prefix_path.ps1'
[7.008s] DEBUG:colcon.colcon_core.event_handler.log_command:Invoked command in '/ros2_ws/build/bringup' returned '0': CMAKE_PREFIX_PATH=/ros2_ws/install/description:/ros2_ws/install/brain_hardware:/ros2_ws/install/interfaces:/ros2_ws/install/oradar_lidar:/ros2_ws/install/bringup:/ros2_ws/install/brain_controller:/opt/ros/humble LD_LIBRARY_PATH=/ros2_ws/install/brain_hardware/lib:/ros2_ws/install/interfaces/lib:/ros2_ws/install/brain_controller/lib:/opt/ros/humble/opt/rviz_ogre_vendor/lib:/opt/ros/humble/lib/aarch64-linux-gnu:/opt/ros/humble/lib /usr/bin/cmake --install /ros2_ws/build/bringup
[7.011s] INFO:colcon.colcon_core.shell:Creating environment descriptor '/ros2_ws/install/bringup/share/bringup/hook/cmake_prefix_path.dsv'
[7.014s] INFO:colcon.colcon_core.shell:Creating environment hook '/ros2_ws/install/bringup/share/bringup/hook/cmake_prefix_path.sh'
[7.017s] Level 1:colcon.colcon_core.environment:checking '/ros2_ws/install/bringup/bin'
[7.018s] Level 1:colcon.colcon_core.environment:checking '/ros2_ws/install/bringup/lib/pkgconfig/bringup.pc'
[7.020s] Level 1:colcon.colcon_core.environment:checking '/ros2_ws/install/bringup/lib/python3.10/site-packages'
[7.022s] Level 1:colcon.colcon_core.environment:checking '/ros2_ws/install/bringup/bin'
[7.024s] INFO:colcon.colcon_core.shell:Creating package script '/ros2_ws/install/bringup/share/bringup/package.ps1'
[7.028s] INFO:colcon.colcon_core.shell:Creating package descriptor '/ros2_ws/install/bringup/share/bringup/package.dsv'
[7.031s] INFO:colcon.colcon_core.shell:Creating package script '/ros2_ws/install/bringup/share/bringup/package.sh'
[7.034s] INFO:colcon.colcon_core.shell:Creating package script '/ros2_ws/install/bringup/share/bringup/package.bash'
[7.036s] INFO:colcon.colcon_core.shell:Creating package script '/ros2_ws/install/bringup/share/bringup/package.zsh'
[7.038s] Level 1:colcon.colcon_core.environment:create_file_with_runtime_dependencies(/ros2_ws/install/bringup/share/colcon-core/packages/bringup)
[7.041s] Level 1:colcon.colcon_core.environment:create_environment_scripts_only(bringup)
[7.042s] Level 1:colcon.colcon_core.environment:checking '/ros2_ws/install/bringup' for CMake module files
[7.044s] Level 1:colcon.colcon_core.environment:checking '/ros2_ws/install/bringup' for CMake config files
[7.046s] Level 1:colcon.colcon_core.shell:create_environment_hook('bringup', 'cmake_prefix_path')
[7.047s] INFO:colcon.colcon_core.shell:Creating environment hook '/ros2_ws/install/bringup/share/bringup/hook/cmake_prefix_path.ps1'
[7.049s] INFO:colcon.colcon_core.shell:Creating environment descriptor '/ros2_ws/install/bringup/share/bringup/hook/cmake_prefix_path.dsv'
[7.050s] INFO:colcon.colcon_core.shell:Creating environment hook '/ros2_ws/install/bringup/share/bringup/hook/cmake_prefix_path.sh'
[7.053s] Level 1:colcon.colcon_core.environment:checking '/ros2_ws/install/bringup/bin'
[7.053s] Level 1:colcon.colcon_core.environment:checking '/ros2_ws/install/bringup/lib/pkgconfig/bringup.pc'
[7.055s] Level 1:colcon.colcon_core.environment:checking '/ros2_ws/install/bringup/lib/python3.10/site-packages'
[7.056s] Level 1:colcon.colcon_core.environment:checking '/ros2_ws/install/bringup/bin'
[7.058s] INFO:colcon.colcon_core.shell:Creating package script '/ros2_ws/install/bringup/share/bringup/package.ps1'
[7.061s] INFO:colcon.colcon_core.shell:Creating package descriptor '/ros2_ws/install/bringup/share/bringup/package.dsv'
[7.064s] INFO:colcon.colcon_core.shell:Creating package script '/ros2_ws/install/bringup/share/bringup/package.sh'
[7.066s] INFO:colcon.colcon_core.shell:Creating package script '/ros2_ws/install/bringup/share/bringup/package.bash'
[7.068s] INFO:colcon.colcon_core.shell:Creating package script '/ros2_ws/install/bringup/share/bringup/package.zsh'
[7.070s] Level 1:colcon.colcon_core.environment:create_file_with_runtime_dependencies(/ros2_ws/install/bringup/share/colcon-core/packages/bringup)
[50.416s] DEBUG:colcon.colcon_core.event_handler.log_command:Invoked command in '/ros2_ws/build/brain_controller' returned '0': CMAKE_PREFIX_PATH=/ros2_ws/install/interfaces:/ros2_ws/install/oradar_lidar:/ros2_ws/install/bringup:/ros2_ws/install/description:/ros2_ws/install/brain_hardware:/ros2_ws/install/brain_controller:/opt/ros/humble LD_LIBRARY_PATH=/ros2_ws/install/interfaces/lib:/ros2_ws/install/brain_hardware/lib:/ros2_ws/install/brain_controller/lib:/opt/ros/humble/opt/rviz_ogre_vendor/lib:/opt/ros/humble/lib/aarch64-linux-gnu:/opt/ros/humble/lib /usr/bin/cmake --build /ros2_ws/build/brain_controller -- -j4 -l4
[50.424s] DEBUG:colcon.colcon_core.event_handler.log_command:Invoking command in '/ros2_ws/build/brain_controller': CMAKE_PREFIX_PATH=/ros2_ws/install/interfaces:/ros2_ws/install/oradar_lidar:/ros2_ws/install/bringup:/ros2_ws/install/description:/ros2_ws/install/brain_hardware:/ros2_ws/install/brain_controller:/opt/ros/humble LD_LIBRARY_PATH=/ros2_ws/install/interfaces/lib:/ros2_ws/install/brain_hardware/lib:/ros2_ws/install/brain_controller/lib:/opt/ros/humble/opt/rviz_ogre_vendor/lib:/opt/ros/humble/lib/aarch64-linux-gnu:/opt/ros/humble/lib /usr/bin/cmake --install /ros2_ws/build/brain_controller
[50.507s] Level 1:colcon.colcon_core.environment:create_environment_scripts_only(brain_controller)
[50.508s] Level 1:colcon.colcon_core.environment:checking '/ros2_ws/install/brain_controller' for CMake module files
[50.510s] DEBUG:colcon.colcon_core.event_handler.log_command:Invoked command in '/ros2_ws/build/brain_controller' returned '0': CMAKE_PREFIX_PATH=/ros2_ws/install/interfaces:/ros2_ws/install/oradar_lidar:/ros2_ws/install/bringup:/ros2_ws/install/description:/ros2_ws/install/brain_hardware:/ros2_ws/install/brain_controller:/opt/ros/humble LD_LIBRARY_PATH=/ros2_ws/install/interfaces/lib:/ros2_ws/install/brain_hardware/lib:/ros2_ws/install/brain_controller/lib:/opt/ros/humble/opt/rviz_ogre_vendor/lib:/opt/ros/humble/lib/aarch64-linux-gnu:/opt/ros/humble/lib /usr/bin/cmake --install /ros2_ws/build/brain_controller
[50.512s] Level 1:colcon.colcon_core.environment:checking '/ros2_ws/install/brain_controller' for CMake config files
[50.514s] Level 1:colcon.colcon_core.shell:create_environment_hook('brain_controller', 'cmake_prefix_path')
[50.515s] INFO:colcon.colcon_core.shell:Creating environment hook '/ros2_ws/install/brain_controller/share/brain_controller/hook/cmake_prefix_path.ps1'
[50.517s] INFO:colcon.colcon_core.shell:Creating environment descriptor '/ros2_ws/install/brain_controller/share/brain_controller/hook/cmake_prefix_path.dsv'
[50.519s] INFO:colcon.colcon_core.shell:Creating environment hook '/ros2_ws/install/brain_controller/share/brain_controller/hook/cmake_prefix_path.sh'
[50.522s] Level 1:colcon.colcon_core.environment:checking '/ros2_ws/install/brain_controller/lib'
[50.522s] Level 1:colcon.colcon_core.shell:create_environment_hook('brain_controller', 'ld_library_path_lib')
[50.524s] INFO:colcon.colcon_core.shell:Creating environment hook '/ros2_ws/install/brain_controller/share/brain_controller/hook/ld_library_path_lib.ps1'
[50.525s] INFO:colcon.colcon_core.shell:Creating environment descriptor '/ros2_ws/install/brain_controller/share/brain_controller/hook/ld_library_path_lib.dsv'
[50.527s] INFO:colcon.colcon_core.shell:Creating environment hook '/ros2_ws/install/brain_controller/share/brain_controller/hook/ld_library_path_lib.sh'
[50.529s] Level 1:colcon.colcon_core.environment:checking '/ros2_ws/install/brain_controller/bin'
[50.529s] Level 1:colcon.colcon_core.environment:checking '/ros2_ws/install/brain_controller/lib/pkgconfig/brain_controller.pc'
[50.530s] Level 1:colcon.colcon_core.environment:checking '/ros2_ws/install/brain_controller/lib/python3.10/site-packages'
[50.532s] Level 1:colcon.colcon_core.environment:checking '/ros2_ws/install/brain_controller/bin'
[50.533s] INFO:colcon.colcon_core.shell:Creating package script '/ros2_ws/install/brain_controller/share/brain_controller/package.ps1'
[50.536s] INFO:colcon.colcon_core.shell:Creating package descriptor '/ros2_ws/install/brain_controller/share/brain_controller/package.dsv'
[50.538s] INFO:colcon.colcon_core.shell:Creating package script '/ros2_ws/install/brain_controller/share/brain_controller/package.sh'
[50.540s] INFO:colcon.colcon_core.shell:Creating package script '/ros2_ws/install/brain_controller/share/brain_controller/package.bash'
[50.542s] INFO:colcon.colcon_core.shell:Creating package script '/ros2_ws/install/brain_controller/share/brain_controller/package.zsh'
[50.544s] Level 1:colcon.colcon_core.environment:create_file_with_runtime_dependencies(/ros2_ws/install/brain_controller/share/colcon-core/packages/brain_controller)
[50.546s] Level 1:colcon.colcon_core.environment:create_environment_scripts_only(brain_controller)
[50.547s] Level 1:colcon.colcon_core.environment:checking '/ros2_ws/install/brain_controller' for CMake module files
[50.550s] Level 1:colcon.colcon_core.environment:checking '/ros2_ws/install/brain_controller' for CMake config files
[50.551s] Level 1:colcon.colcon_core.shell:create_environment_hook('brain_controller', 'cmake_prefix_path')
[50.553s] INFO:colcon.colcon_core.shell:Creating environment hook '/ros2_ws/install/brain_controller/share/brain_controller/hook/cmake_prefix_path.ps1'
[50.554s] INFO:colcon.colcon_core.shell:Creating environment descriptor '/ros2_ws/install/brain_controller/share/brain_controller/hook/cmake_prefix_path.dsv'
[50.556s] INFO:colcon.colcon_core.shell:Creating environment hook '/ros2_ws/install/brain_controller/share/brain_controller/hook/cmake_prefix_path.sh'
[50.559s] Level 1:colcon.colcon_core.environment:checking '/ros2_ws/install/brain_controller/lib'
[50.560s] Level 1:colcon.colcon_core.shell:create_environment_hook('brain_controller', 'ld_library_path_lib')
[50.561s] INFO:colcon.colcon_core.shell:Creating environment hook '/ros2_ws/install/brain_controller/share/brain_controller/hook/ld_library_path_lib.ps1'
[50.562s] INFO:colcon.colcon_core.shell:Creating environment descriptor '/ros2_ws/install/brain_controller/share/brain_controller/hook/ld_library_path_lib.dsv'
[50.564s] INFO:colcon.colcon_core.shell:Creating environment hook '/ros2_ws/install/brain_controller/share/brain_controller/hook/ld_library_path_lib.sh'
[50.566s] Level 1:colcon.colcon_core.environment:checking '/ros2_ws/install/brain_controller/bin'
[50.566s] Level 1:colcon.colcon_core.environment:checking '/ros2_ws/install/brain_controller/lib/pkgconfig/brain_controller.pc'
[50.567s] Level 1:colcon.colcon_core.environment:checking '/ros2_ws/install/brain_controller/lib/python3.10/site-packages'
[50.569s] Level 1:colcon.colcon_core.environment:checking '/ros2_ws/install/brain_controller/bin'
[50.570s] INFO:colcon.colcon_core.shell:Creating package script '/ros2_ws/install/brain_controller/share/brain_controller/package.ps1'
[50.574s] INFO:colcon.colcon_core.shell:Creating package descriptor '/ros2_ws/install/brain_controller/share/brain_controller/package.dsv'
[50.576s] INFO:colcon.colcon_core.shell:Creating package script '/ros2_ws/install/brain_controller/share/brain_controller/package.sh'
[50.578s] INFO:colcon.colcon_core.shell:Creating package script '/ros2_ws/install/brain_controller/share/brain_controller/package.bash'
[50.580s] INFO:colcon.colcon_core.shell:Creating package script '/ros2_ws/install/brain_controller/share/brain_controller/package.zsh'
[50.583s] Level 1:colcon.colcon_core.environment:create_file_with_runtime_dependencies(/ros2_ws/install/brain_controller/share/colcon-core/packages/brain_controller)
[50.584s] DEBUG:colcon.colcon_parallel_executor.executor.parallel:closing loop
[50.585s] DEBUG:colcon.colcon_parallel_executor.executor.parallel:loop closed
[50.586s] DEBUG:colcon.colcon_parallel_executor.executor.parallel:run_until_complete finished with '0'
[50.586s] DEBUG:colcon.colcon_core.event_reactor:joining thread
[50.629s] INFO:colcon.colcon_core.plugin_system:Skipping extension 'colcon_notification.desktop_notification.notify_send': Could not find 'notify-send'
[50.629s] INFO:colcon.colcon_core.plugin_system:Skipping extension 'colcon_notification.desktop_notification.terminal_notifier': Not used on non-Darwin systems
[50.630s] INFO:colcon.colcon_core.plugin_system:Skipping extension 'colcon_notification.desktop_notification.win32': Not used on non-Windows systems
[50.630s] INFO:colcon.colcon_notification.desktop_notification:Sending desktop notification using 'notify2'
[50.647s] DEBUG:colcon.colcon_notification.desktop_notification.notify2:Failed to initialize notify2: org.freedesktop.DBus.Error.Spawn.ExecFailed: /usr/bin/dbus-launch terminated abnormally without any error message
[50.647s] DEBUG:colcon.colcon_core.event_reactor:joined thread
[50.649s] INFO:colcon.colcon_core.shell:Creating prefix script '/ros2_ws/install/local_setup.ps1'
[50.659s] INFO:colcon.colcon_core.shell:Creating prefix util module '/ros2_ws/install/_local_setup_util_ps1.py'
[50.669s] INFO:colcon.colcon_core.shell:Creating prefix chain script '/ros2_ws/install/setup.ps1'
[50.677s] INFO:colcon.colcon_core.shell:Creating prefix script '/ros2_ws/install/local_setup.sh'
[50.683s] INFO:colcon.colcon_core.shell:Creating prefix util module '/ros2_ws/install/_local_setup_util_sh.py'
[50.686s] INFO:colcon.colcon_core.shell:Creating prefix chain script '/ros2_ws/install/setup.sh'
[50.692s] INFO:colcon.colcon_core.shell:Creating prefix script '/ros2_ws/install/local_setup.bash'
[50.696s] INFO:colcon.colcon_core.shell:Creating prefix chain script '/ros2_ws/install/setup.bash'
[50.703s] INFO:colcon.colcon_core.shell:Creating prefix script '/ros2_ws/install/local_setup.zsh'
[50.707s] INFO:colcon.colcon_core.shell:Creating prefix chain script '/ros2_ws/install/setup.zsh'
