[1.398s] DEBUG:colcon:Command line arguments: ['/usr/bin/colcon', 'build', '--symlink-install']
[1.399s] DEBUG:colcon:Parsed command line arguments: Namespace(log_base=None, log_level=None, verb_name='build', build_base='build', install_base='install', merge_install=False, symlink_install=True, test_result_base=None, continue_on_error=False, executor='parallel', parallel_workers=4, event_handlers=None, ignore_user_meta=False, metas=['./colcon.meta'], base_paths=['.'], packages_ignore=None, packages_ignore_regex=None, paths=None, packages_up_to=None, packages_up_to_regex=None, packages_above=None, packages_above_and_dependencies=None, packages_above_depth=None, packages_select_by_dep=None, packages_skip_by_dep=None, packages_skip_up_to=None, packages_select_build_failed=False, packages_skip_build_finished=False, packages_select_test_failures=False, packages_skip_test_passed=False, packages_select=None, packages_skip=None, packages_select_regex=None, packages_skip_regex=None, packages_start=None, packages_end=None, allow_overriding=[], cmake_args=None, cmake_target=None, cmake_target_skip_unavailable=False, cmake_clean_cache=False, cmake_clean_first=False, cmake_force_configure=False, ament_cmake_args=None, catkin_cmake_args=None, catkin_skip_building_tests=False, verb_parser=<colcon_defaults.argument_parser.defaults.DefaultArgumentsDecorator object at 0x7f93e5e5c0>, verb_extension=<colcon_core.verb.build.BuildVerb object at 0x7f9421bd00>, main=<bound method BuildVerb.main of <colcon_core.verb.build.BuildVerb object at 0x7f9421bd00>>)
[2.409s] Level 1:colcon.colcon_core.package_discovery:discover_packages(colcon_meta) check parameters
[2.410s] Level 1:colcon.colcon_core.package_discovery:discover_packages(recursive) check parameters
[2.410s] Level 1:colcon.colcon_core.package_discovery:discover_packages(ignore) check parameters
[2.410s] Level 1:colcon.colcon_core.package_discovery:discover_packages(path) check parameters
[2.410s] Level 1:colcon.colcon_core.package_discovery:discover_packages(colcon_meta) discover
[2.411s] Level 1:colcon.colcon_core.package_discovery:discover_packages(recursive) discover
[2.411s] INFO:colcon.colcon_core.package_discovery:Crawling recursively for packages in '/ros2_ws'
[2.411s] Level 1:colcon.colcon_core.package_identification:_identify(.) by extensions ['ignore', 'ignore_ament_install']
[2.411s] Level 1:colcon.colcon_core.package_identification:_identify(.) by extension 'ignore'
[2.412s] Level 1:colcon.colcon_core.package_identification:_identify(.) by extension 'ignore_ament_install'
[2.412s] Level 1:colcon.colcon_core.package_identification:_identify(.) by extensions ['colcon_pkg']
[2.412s] Level 1:colcon.colcon_core.package_identification:_identify(.) by extension 'colcon_pkg'
[2.413s] Level 1:colcon.colcon_core.package_identification:_identify(.) by extensions ['colcon_meta']
[2.413s] Level 1:colcon.colcon_core.package_identification:_identify(.) by extension 'colcon_meta'
[2.413s] Level 1:colcon.colcon_core.package_identification:_identify(.) by extensions ['ros']
[2.413s] Level 1:colcon.colcon_core.package_identification:_identify(.) by extension 'ros'
[2.464s] Level 1:colcon.colcon_core.package_identification:_identify(.) by extensions ['cmake', 'python']
[2.465s] Level 1:colcon.colcon_core.package_identification:_identify(.) by extension 'cmake'
[2.465s] Level 1:colcon.colcon_core.package_identification:_identify(.) by extension 'python'
[2.465s] Level 1:colcon.colcon_core.package_identification:_identify(.) by extensions ['python_setup_py']
[2.465s] Level 1:colcon.colcon_core.package_identification:_identify(.) by extension 'python_setup_py'
[2.466s] Level 1:colcon.colcon_core.package_identification:_identify(build) by extensions ['ignore', 'ignore_ament_install']
[2.466s] Level 1:colcon.colcon_core.package_identification:_identify(build) by extension 'ignore'
[2.466s] Level 1:colcon.colcon_core.package_identification:_identify(build) ignored
[2.467s] Level 1:colcon.colcon_core.package_identification:_identify(install) by extensions ['ignore', 'ignore_ament_install']
[2.467s] Level 1:colcon.colcon_core.package_identification:_identify(install) by extension 'ignore'
[2.467s] Level 1:colcon.colcon_core.package_identification:_identify(install) ignored
[2.468s] Level 1:colcon.colcon_core.package_identification:_identify(log) by extensions ['ignore', 'ignore_ament_install']
[2.468s] Level 1:colcon.colcon_core.package_identification:_identify(log) by extension 'ignore'
[2.468s] Level 1:colcon.colcon_core.package_identification:_identify(log) ignored
[2.469s] Level 1:colcon.colcon_core.package_identification:_identify(src) by extensions ['ignore', 'ignore_ament_install']
[2.469s] Level 1:colcon.colcon_core.package_identification:_identify(src) by extension 'ignore'
[2.469s] Level 1:colcon.colcon_core.package_identification:_identify(src) by extension 'ignore_ament_install'
[2.469s] Level 1:colcon.colcon_core.package_identification:_identify(src) by extensions ['colcon_pkg']
[2.470s] Level 1:colcon.colcon_core.package_identification:_identify(src) by extension 'colcon_pkg'
[2.470s] Level 1:colcon.colcon_core.package_identification:_identify(src) by extensions ['colcon_meta']
[2.470s] Level 1:colcon.colcon_core.package_identification:_identify(src) by extension 'colcon_meta'
[2.470s] Level 1:colcon.colcon_core.package_identification:_identify(src) by extensions ['ros']
[2.470s] Level 1:colcon.colcon_core.package_identification:_identify(src) by extension 'ros'
[2.471s] Level 1:colcon.colcon_core.package_identification:_identify(src) by extensions ['cmake', 'python']
[2.471s] Level 1:colcon.colcon_core.package_identification:_identify(src) by extension 'cmake'
[2.471s] Level 1:colcon.colcon_core.package_identification:_identify(src) by extension 'python'
[2.471s] Level 1:colcon.colcon_core.package_identification:_identify(src) by extensions ['python_setup_py']
[2.471s] Level 1:colcon.colcon_core.package_identification:_identify(src) by extension 'python_setup_py'
[2.472s] Level 1:colcon.colcon_core.package_identification:_identify(src/algorithms) by extensions ['ignore', 'ignore_ament_install']
[2.472s] Level 1:colcon.colcon_core.package_identification:_identify(src/algorithms) by extension 'ignore'
[2.472s] Level 1:colcon.colcon_core.package_identification:_identify(src/algorithms) by extension 'ignore_ament_install'
[2.473s] Level 1:colcon.colcon_core.package_identification:_identify(src/algorithms) by extensions ['colcon_pkg']
[2.473s] Level 1:colcon.colcon_core.package_identification:_identify(src/algorithms) by extension 'colcon_pkg'
[2.473s] Level 1:colcon.colcon_core.package_identification:_identify(src/algorithms) by extensions ['colcon_meta']
[2.473s] Level 1:colcon.colcon_core.package_identification:_identify(src/algorithms) by extension 'colcon_meta'
[2.473s] Level 1:colcon.colcon_core.package_identification:_identify(src/algorithms) by extensions ['ros']
[2.473s] Level 1:colcon.colcon_core.package_identification:_identify(src/algorithms) by extension 'ros'
[2.474s] Level 1:colcon.colcon_core.package_identification:_identify(src/algorithms) by extensions ['cmake', 'python']
[2.474s] Level 1:colcon.colcon_core.package_identification:_identify(src/algorithms) by extension 'cmake'
[2.475s] Level 1:colcon.colcon_core.package_identification:_identify(src/algorithms) by extension 'python'
[2.475s] Level 1:colcon.colcon_core.package_identification:_identify(src/algorithms) by extensions ['python_setup_py']
[2.475s] Level 1:colcon.colcon_core.package_identification:_identify(src/algorithms) by extension 'python_setup_py'
[2.476s] Level 1:colcon.colcon_core.package_identification:_identify(src/applications) by extensions ['ignore', 'ignore_ament_install']
[2.476s] Level 1:colcon.colcon_core.package_identification:_identify(src/applications) by extension 'ignore'
[2.476s] Level 1:colcon.colcon_core.package_identification:_identify(src/applications) by extension 'ignore_ament_install'
[2.476s] Level 1:colcon.colcon_core.package_identification:_identify(src/applications) by extensions ['colcon_pkg']
[2.477s] Level 1:colcon.colcon_core.package_identification:_identify(src/applications) by extension 'colcon_pkg'
[2.477s] Level 1:colcon.colcon_core.package_identification:_identify(src/applications) by extensions ['colcon_meta']
[2.477s] Level 1:colcon.colcon_core.package_identification:_identify(src/applications) by extension 'colcon_meta'
[2.477s] Level 1:colcon.colcon_core.package_identification:_identify(src/applications) by extensions ['ros']
[2.478s] Level 1:colcon.colcon_core.package_identification:_identify(src/applications) by extension 'ros'
[2.478s] Level 1:colcon.colcon_core.package_identification:_identify(src/applications) by extensions ['cmake', 'python']
[2.478s] Level 1:colcon.colcon_core.package_identification:_identify(src/applications) by extension 'cmake'
[2.478s] Level 1:colcon.colcon_core.package_identification:_identify(src/applications) by extension 'python'
[2.478s] Level 1:colcon.colcon_core.package_identification:_identify(src/applications) by extensions ['python_setup_py']
[2.479s] Level 1:colcon.colcon_core.package_identification:_identify(src/applications) by extension 'python_setup_py'
[2.479s] Level 1:colcon.colcon_core.package_identification:_identify(src/bringup) by extensions ['ignore', 'ignore_ament_install']
[2.479s] Level 1:colcon.colcon_core.package_identification:_identify(src/bringup) by extension 'ignore'
[2.479s] Level 1:colcon.colcon_core.package_identification:_identify(src/bringup) by extension 'ignore_ament_install'
[2.480s] Level 1:colcon.colcon_core.package_identification:_identify(src/bringup) by extensions ['colcon_pkg']
[2.480s] Level 1:colcon.colcon_core.package_identification:_identify(src/bringup) by extension 'colcon_pkg'
[2.480s] Level 1:colcon.colcon_core.package_identification:_identify(src/bringup) by extensions ['colcon_meta']
[2.480s] Level 1:colcon.colcon_core.package_identification:_identify(src/bringup) by extension 'colcon_meta'
[2.480s] Level 1:colcon.colcon_core.package_identification:_identify(src/bringup) by extensions ['ros']
[2.481s] Level 1:colcon.colcon_core.package_identification:_identify(src/bringup) by extension 'ros'
[2.481s] Level 1:colcon.colcon_core.package_identification:_identify(src/bringup) by extensions ['cmake', 'python']
[2.481s] Level 1:colcon.colcon_core.package_identification:_identify(src/bringup) by extension 'cmake'
[2.481s] Level 1:colcon.colcon_core.package_identification:_identify(src/bringup) by extension 'python'
[2.481s] Level 1:colcon.colcon_core.package_identification:_identify(src/bringup) by extensions ['python_setup_py']
[2.482s] Level 1:colcon.colcon_core.package_identification:_identify(src/bringup) by extension 'python_setup_py'
[2.482s] Level 1:colcon.colcon_core.package_identification:_identify(src/common) by extensions ['ignore', 'ignore_ament_install']
[2.482s] Level 1:colcon.colcon_core.package_identification:_identify(src/common) by extension 'ignore'
[2.482s] Level 1:colcon.colcon_core.package_identification:_identify(src/common) by extension 'ignore_ament_install'
[2.483s] Level 1:colcon.colcon_core.package_identification:_identify(src/common) by extensions ['colcon_pkg']
[2.483s] Level 1:colcon.colcon_core.package_identification:_identify(src/common) by extension 'colcon_pkg'
[2.483s] Level 1:colcon.colcon_core.package_identification:_identify(src/common) by extensions ['colcon_meta']
[2.483s] Level 1:colcon.colcon_core.package_identification:_identify(src/common) by extension 'colcon_meta'
[2.483s] Level 1:colcon.colcon_core.package_identification:_identify(src/common) by extensions ['ros']
[2.484s] Level 1:colcon.colcon_core.package_identification:_identify(src/common) by extension 'ros'
[2.484s] Level 1:colcon.colcon_core.package_identification:_identify(src/common) by extensions ['cmake', 'python']
[2.484s] Level 1:colcon.colcon_core.package_identification:_identify(src/common) by extension 'cmake'
[2.484s] Level 1:colcon.colcon_core.package_identification:_identify(src/common) by extension 'python'
[2.484s] Level 1:colcon.colcon_core.package_identification:_identify(src/common) by extensions ['python_setup_py']
[2.485s] Level 1:colcon.colcon_core.package_identification:_identify(src/common) by extension 'python_setup_py'
[2.485s] Level 1:colcon.colcon_core.package_identification:_identify(src/drivers) by extensions ['ignore', 'ignore_ament_install']
[2.485s] Level 1:colcon.colcon_core.package_identification:_identify(src/drivers) by extension 'ignore'
[2.486s] Level 1:colcon.colcon_core.package_identification:_identify(src/drivers) by extension 'ignore_ament_install'
[2.486s] Level 1:colcon.colcon_core.package_identification:_identify(src/drivers) by extensions ['colcon_pkg']
[2.486s] Level 1:colcon.colcon_core.package_identification:_identify(src/drivers) by extension 'colcon_pkg'
[2.486s] Level 1:colcon.colcon_core.package_identification:_identify(src/drivers) by extensions ['colcon_meta']
[2.486s] Level 1:colcon.colcon_core.package_identification:_identify(src/drivers) by extension 'colcon_meta'
[2.486s] Level 1:colcon.colcon_core.package_identification:_identify(src/drivers) by extensions ['ros']
[2.487s] Level 1:colcon.colcon_core.package_identification:_identify(src/drivers) by extension 'ros'
[2.500s] DEBUG:colcon.colcon_core.package_identification:Package 'src/drivers' with type 'ros.ament_cmake' and name 'drivers'
[2.501s] Level 1:colcon.colcon_core.package_identification:_identify(src/interfaces) by extensions ['ignore', 'ignore_ament_install']
[2.501s] Level 1:colcon.colcon_core.package_identification:_identify(src/interfaces) by extension 'ignore'
[2.501s] Level 1:colcon.colcon_core.package_identification:_identify(src/interfaces) by extension 'ignore_ament_install'
[2.502s] Level 1:colcon.colcon_core.package_identification:_identify(src/interfaces) by extensions ['colcon_pkg']
[2.502s] Level 1:colcon.colcon_core.package_identification:_identify(src/interfaces) by extension 'colcon_pkg'
[2.502s] Level 1:colcon.colcon_core.package_identification:_identify(src/interfaces) by extensions ['colcon_meta']
[2.502s] Level 1:colcon.colcon_core.package_identification:_identify(src/interfaces) by extension 'colcon_meta'
[2.502s] Level 1:colcon.colcon_core.package_identification:_identify(src/interfaces) by extensions ['ros']
[2.503s] Level 1:colcon.colcon_core.package_identification:_identify(src/interfaces) by extension 'ros'
[2.503s] Level 1:colcon.colcon_core.package_identification:_identify(src/interfaces) by extensions ['cmake', 'python']
[2.503s] Level 1:colcon.colcon_core.package_identification:_identify(src/interfaces) by extension 'cmake'
[2.503s] Level 1:colcon.colcon_core.package_identification:_identify(src/interfaces) by extension 'python'
[2.503s] Level 1:colcon.colcon_core.package_identification:_identify(src/interfaces) by extensions ['python_setup_py']
[2.504s] Level 1:colcon.colcon_core.package_identification:_identify(src/interfaces) by extension 'python_setup_py'
[2.504s] Level 1:colcon.colcon_core.package_identification:_identify(src/msgs) by extensions ['ignore', 'ignore_ament_install']
[2.504s] Level 1:colcon.colcon_core.package_identification:_identify(src/msgs) by extension 'ignore'
[2.505s] Level 1:colcon.colcon_core.package_identification:_identify(src/msgs) by extension 'ignore_ament_install'
[2.505s] Level 1:colcon.colcon_core.package_identification:_identify(src/msgs) by extensions ['colcon_pkg']
[2.505s] Level 1:colcon.colcon_core.package_identification:_identify(src/msgs) by extension 'colcon_pkg'
[2.505s] Level 1:colcon.colcon_core.package_identification:_identify(src/msgs) by extensions ['colcon_meta']
[2.505s] Level 1:colcon.colcon_core.package_identification:_identify(src/msgs) by extension 'colcon_meta'
[2.506s] Level 1:colcon.colcon_core.package_identification:_identify(src/msgs) by extensions ['ros']
[2.506s] Level 1:colcon.colcon_core.package_identification:_identify(src/msgs) by extension 'ros'
[2.506s] Level 1:colcon.colcon_core.package_identification:_identify(src/msgs) by extensions ['cmake', 'python']
[2.506s] Level 1:colcon.colcon_core.package_identification:_identify(src/msgs) by extension 'cmake'
[2.506s] Level 1:colcon.colcon_core.package_identification:_identify(src/msgs) by extension 'python'
[2.507s] Level 1:colcon.colcon_core.package_identification:_identify(src/msgs) by extensions ['python_setup_py']
[2.507s] Level 1:colcon.colcon_core.package_identification:_identify(src/msgs) by extension 'python_setup_py'
[2.507s] Level 1:colcon.colcon_core.package_identification:_identify(src/system_services) by extensions ['ignore', 'ignore_ament_install']
[2.507s] Level 1:colcon.colcon_core.package_identification:_identify(src/system_services) by extension 'ignore'
[2.508s] Level 1:colcon.colcon_core.package_identification:_identify(src/system_services) by extension 'ignore_ament_install'
[2.508s] Level 1:colcon.colcon_core.package_identification:_identify(src/system_services) by extensions ['colcon_pkg']
[2.508s] Level 1:colcon.colcon_core.package_identification:_identify(src/system_services) by extension 'colcon_pkg'
[2.508s] Level 1:colcon.colcon_core.package_identification:_identify(src/system_services) by extensions ['colcon_meta']
[2.508s] Level 1:colcon.colcon_core.package_identification:_identify(src/system_services) by extension 'colcon_meta'
[2.509s] Level 1:colcon.colcon_core.package_identification:_identify(src/system_services) by extensions ['ros']
[2.509s] Level 1:colcon.colcon_core.package_identification:_identify(src/system_services) by extension 'ros'
[2.509s] Level 1:colcon.colcon_core.package_identification:_identify(src/system_services) by extensions ['cmake', 'python']
[2.509s] Level 1:colcon.colcon_core.package_identification:_identify(src/system_services) by extension 'cmake'
[2.510s] Level 1:colcon.colcon_core.package_identification:_identify(src/system_services) by extension 'python'
[2.510s] Level 1:colcon.colcon_core.package_identification:_identify(src/system_services) by extensions ['python_setup_py']
[2.510s] Level 1:colcon.colcon_core.package_identification:_identify(src/system_services) by extension 'python_setup_py'
[2.510s] Level 1:colcon.colcon_core.package_discovery:discover_packages(recursive) using defaults
[2.510s] Level 1:colcon.colcon_core.package_discovery:discover_packages(ignore) discover
[2.510s] Level 1:colcon.colcon_core.package_discovery:discover_packages(ignore) using defaults
[2.511s] Level 1:colcon.colcon_core.package_discovery:discover_packages(path) discover
[2.511s] Level 1:colcon.colcon_core.package_discovery:discover_packages(path) using defaults
[2.627s] Level 1:colcon.colcon_core.package_discovery:discover_packages(prefix_path) check parameters
[2.627s] Level 1:colcon.colcon_core.package_discovery:discover_packages(prefix_path) discover
[2.645s] DEBUG:colcon.colcon_installed_package_information.package_discovery:Found 273 installed packages in /opt/ros/humble
[2.653s] Level 1:colcon.colcon_core.package_discovery:discover_packages(prefix_path) using defaults
[2.894s] Level 5:colcon.colcon_core.verb:set package 'drivers' build argument 'cmake_args' from command line to 'None'
[2.894s] Level 5:colcon.colcon_core.verb:set package 'drivers' build argument 'cmake_target' from command line to 'None'
[2.895s] Level 5:colcon.colcon_core.verb:set package 'drivers' build argument 'cmake_target_skip_unavailable' from command line to 'False'
[2.895s] Level 5:colcon.colcon_core.verb:set package 'drivers' build argument 'cmake_clean_cache' from command line to 'False'
[2.895s] Level 5:colcon.colcon_core.verb:set package 'drivers' build argument 'cmake_clean_first' from command line to 'False'
[2.895s] Level 5:colcon.colcon_core.verb:set package 'drivers' build argument 'cmake_force_configure' from command line to 'False'
[2.895s] Level 5:colcon.colcon_core.verb:set package 'drivers' build argument 'ament_cmake_args' from command line to 'None'
[2.895s] Level 5:colcon.colcon_core.verb:set package 'drivers' build argument 'catkin_cmake_args' from command line to 'None'
[2.895s] Level 5:colcon.colcon_core.verb:set package 'drivers' build argument 'catkin_skip_building_tests' from command line to 'False'
[2.895s] DEBUG:colcon.colcon_core.verb:Building package 'drivers' with the following arguments: {'ament_cmake_args': None, 'build_base': '/ros2_ws/build/drivers', 'catkin_cmake_args': None, 'catkin_skip_building_tests': False, 'cmake_args': None, 'cmake_clean_cache': False, 'cmake_clean_first': False, 'cmake_force_configure': False, 'cmake_target': None, 'cmake_target_skip_unavailable': False, 'install_base': '/ros2_ws/install/drivers', 'merge_install': False, 'path': '/ros2_ws/src/drivers', 'symlink_install': True, 'test_result_base': None}
[2.896s] INFO:colcon.colcon_core.executor:Executing jobs using 'parallel' executor
[2.899s] DEBUG:colcon.colcon_parallel_executor.executor.parallel:run_until_complete
[2.900s] INFO:colcon.colcon_ros.task.ament_cmake.build:Building ROS package in '/ros2_ws/src/drivers' with build type 'ament_cmake'
[2.901s] INFO:colcon.colcon_cmake.task.cmake.build:Building CMake package in '/ros2_ws/src/drivers'
[2.920s] INFO:colcon.colcon_core.plugin_system:Skipping extension 'colcon_core.shell.bat': Not used on non-Windows systems
[2.921s] INFO:colcon.colcon_core.shell:Skip shell extension 'powershell' for command environment: Not usable outside of PowerShell
[2.921s] DEBUG:colcon.colcon_core.shell:Skip shell extension 'dsv' for command environment
[2.945s] DEBUG:colcon.colcon_core.event_handler.log_command:Invoking command in '/ros2_ws/build/drivers': CMAKE_PREFIX_PATH=/opt/ros/humble /usr/bin/cmake /ros2_ws/src/drivers -DAMENT_CMAKE_SYMLINK_INSTALL=1 -DCMAKE_INSTALL_PREFIX=/ros2_ws/install/drivers
[5.580s] DEBUG:colcon.colcon_core.event_handler.log_command:Invoked command in '/ros2_ws/build/drivers' returned '1': CMAKE_PREFIX_PATH=/opt/ros/humble /usr/bin/cmake /ros2_ws/src/drivers -DAMENT_CMAKE_SYMLINK_INSTALL=1 -DCMAKE_INSTALL_PREFIX=/ros2_ws/install/drivers
[5.620s] Level 1:colcon.colcon_core.environment:create_environment_scripts_only(drivers)
[5.642s] Level 1:colcon.colcon_core.environment:checking '/ros2_ws/install/drivers' for CMake module files
[5.643s] Level 1:colcon.colcon_core.environment:checking '/ros2_ws/install/drivers' for CMake config files
[5.644s] Level 1:colcon.colcon_core.environment:checking '/ros2_ws/install/drivers/bin'
[5.645s] Level 1:colcon.colcon_core.environment:checking '/ros2_ws/install/drivers/lib/pkgconfig/drivers.pc'
[5.646s] Level 1:colcon.colcon_core.environment:checking '/ros2_ws/install/drivers/lib/python3.10/site-packages'
[5.647s] Level 1:colcon.colcon_core.environment:checking '/ros2_ws/install/drivers/bin'
[5.649s] INFO:colcon.colcon_core.shell:Creating package script '/ros2_ws/install/drivers/share/drivers/package.ps1'
[5.656s] INFO:colcon.colcon_core.shell:Creating package descriptor '/ros2_ws/install/drivers/share/drivers/package.dsv'
[5.659s] INFO:colcon.colcon_core.shell:Creating package script '/ros2_ws/install/drivers/share/drivers/package.sh'
[5.662s] INFO:colcon.colcon_core.shell:Creating package script '/ros2_ws/install/drivers/share/drivers/package.bash'
[5.667s] INFO:colcon.colcon_core.shell:Creating package script '/ros2_ws/install/drivers/share/drivers/package.zsh'
[5.671s] Level 1:colcon.colcon_core.environment:create_file_with_runtime_dependencies(/ros2_ws/install/drivers/share/colcon-core/packages/drivers)
[5.673s] DEBUG:colcon.colcon_parallel_executor.executor.parallel:closing loop
[5.674s] DEBUG:colcon.colcon_parallel_executor.executor.parallel:loop closed
[5.674s] DEBUG:colcon.colcon_parallel_executor.executor.parallel:run_until_complete finished with '1'
[5.675s] DEBUG:colcon.colcon_core.event_reactor:joining thread
[5.718s] INFO:colcon.colcon_core.plugin_system:Skipping extension 'colcon_notification.desktop_notification.notify_send': Could not find 'notify-send'
[5.719s] INFO:colcon.colcon_core.plugin_system:Skipping extension 'colcon_notification.desktop_notification.terminal_notifier': Not used on non-Darwin systems
[5.719s] INFO:colcon.colcon_core.plugin_system:Skipping extension 'colcon_notification.desktop_notification.win32': Not used on non-Windows systems
[5.719s] INFO:colcon.colcon_notification.desktop_notification:Sending desktop notification using 'notify2'
[5.720s] DEBUG:colcon.colcon_notification.desktop_notification.notify2:Failed to initialize notify2: org.freedesktop.DBus.Error.NotSupported: Unable to autolaunch a dbus-daemon without a $DISPLAY for X11
[5.720s] DEBUG:colcon.colcon_core.event_reactor:joined thread
[5.722s] INFO:colcon.colcon_core.shell:Creating prefix script '/ros2_ws/install/local_setup.ps1'
[5.727s] INFO:colcon.colcon_core.shell:Creating prefix util module '/ros2_ws/install/_local_setup_util_ps1.py'
[5.735s] INFO:colcon.colcon_core.shell:Creating prefix chain script '/ros2_ws/install/setup.ps1'
[5.740s] INFO:colcon.colcon_core.shell:Creating prefix script '/ros2_ws/install/local_setup.sh'
[5.743s] INFO:colcon.colcon_core.shell:Creating prefix util module '/ros2_ws/install/_local_setup_util_sh.py'
[5.746s] INFO:colcon.colcon_core.shell:Creating prefix chain script '/ros2_ws/install/setup.sh'
[5.751s] INFO:colcon.colcon_core.shell:Creating prefix script '/ros2_ws/install/local_setup.bash'
[5.754s] INFO:colcon.colcon_core.shell:Creating prefix chain script '/ros2_ws/install/setup.bash'
[5.760s] INFO:colcon.colcon_core.shell:Creating prefix script '/ros2_ws/install/local_setup.zsh'
[5.763s] INFO:colcon.colcon_core.shell:Creating prefix chain script '/ros2_ws/install/setup.zsh'
