[0.454s] DEBUG:colcon:Command line arguments: ['/usr/bin/colcon', 'build']
[0.454s] DEBUG:colcon:Parsed command line arguments: Namespace(log_base=None, log_level=None, verb_name='build', build_base='build', install_base='install', merge_install=False, symlink_install=False, test_result_base=None, continue_on_error=False, executor='parallel', parallel_workers=4, event_handlers=None, ignore_user_meta=False, metas=['./colcon.meta'], base_paths=['.'], packages_ignore=None, packages_ignore_regex=None, paths=None, packages_up_to=None, packages_up_to_regex=None, packages_above=None, packages_above_and_dependencies=None, packages_above_depth=None, packages_select_by_dep=None, packages_skip_by_dep=None, packages_skip_up_to=None, packages_select_build_failed=False, packages_skip_build_finished=False, packages_select_test_failures=False, packages_skip_test_passed=False, packages_select=None, packages_skip=None, packages_select_regex=None, packages_skip_regex=None, packages_start=None, packages_end=None, allow_overriding=[], cmake_args=None, cmake_target=None, cmake_target_skip_unavailable=False, cmake_clean_cache=False, cmake_clean_first=False, cmake_force_configure=False, ament_cmake_args=None, catkin_cmake_args=None, catkin_skip_building_tests=False, verb_parser=<colcon_defaults.argument_parser.defaults.DefaultArgumentsDecorator object at 0x7f923b74f0>, verb_extension=<colcon_core.verb.build.BuildVerb object at 0x7f92530c70>, main=<bound method BuildVerb.main of <colcon_core.verb.build.BuildVerb object at 0x7f92530c70>>)
[1.248s] Level 1:colcon.colcon_core.package_discovery:discover_packages(colcon_meta) check parameters
[1.248s] Level 1:colcon.colcon_core.package_discovery:discover_packages(recursive) check parameters
[1.249s] Level 1:colcon.colcon_core.package_discovery:discover_packages(ignore) check parameters
[1.249s] Level 1:colcon.colcon_core.package_discovery:discover_packages(path) check parameters
[1.249s] Level 1:colcon.colcon_core.package_discovery:discover_packages(colcon_meta) discover
[1.249s] Level 1:colcon.colcon_core.package_discovery:discover_packages(recursive) discover
[1.249s] INFO:colcon.colcon_core.package_discovery:Crawling recursively for packages in '/ros2_ws'
[1.250s] Level 1:colcon.colcon_core.package_identification:_identify(.) by extensions ['ignore', 'ignore_ament_install']
[1.250s] Level 1:colcon.colcon_core.package_identification:_identify(.) by extension 'ignore'
[1.250s] Level 1:colcon.colcon_core.package_identification:_identify(.) by extension 'ignore_ament_install'
[1.251s] Level 1:colcon.colcon_core.package_identification:_identify(.) by extensions ['colcon_pkg']
[1.251s] Level 1:colcon.colcon_core.package_identification:_identify(.) by extension 'colcon_pkg'
[1.251s] Level 1:colcon.colcon_core.package_identification:_identify(.) by extensions ['colcon_meta']
[1.251s] Level 1:colcon.colcon_core.package_identification:_identify(.) by extension 'colcon_meta'
[1.251s] Level 1:colcon.colcon_core.package_identification:_identify(.) by extensions ['ros']
[1.251s] Level 1:colcon.colcon_core.package_identification:_identify(.) by extension 'ros'
[1.303s] Level 1:colcon.colcon_core.package_identification:_identify(.) by extensions ['cmake', 'python']
[1.303s] Level 1:colcon.colcon_core.package_identification:_identify(.) by extension 'cmake'
[1.303s] Level 1:colcon.colcon_core.package_identification:_identify(.) by extension 'python'
[1.304s] Level 1:colcon.colcon_core.package_identification:_identify(.) by extensions ['python_setup_py']
[1.304s] Level 1:colcon.colcon_core.package_identification:_identify(.) by extension 'python_setup_py'
[1.304s] Level 1:colcon.colcon_core.package_identification:_identify(build) by extensions ['ignore', 'ignore_ament_install']
[1.305s] Level 1:colcon.colcon_core.package_identification:_identify(build) by extension 'ignore'
[1.305s] Level 1:colcon.colcon_core.package_identification:_identify(build) ignored
[1.306s] Level 1:colcon.colcon_core.package_identification:_identify(install) by extensions ['ignore', 'ignore_ament_install']
[1.306s] Level 1:colcon.colcon_core.package_identification:_identify(install) by extension 'ignore'
[1.307s] Level 1:colcon.colcon_core.package_identification:_identify(install) ignored
[1.308s] Level 1:colcon.colcon_core.package_identification:_identify(log) by extensions ['ignore', 'ignore_ament_install']
[1.308s] Level 1:colcon.colcon_core.package_identification:_identify(log) by extension 'ignore'
[1.309s] Level 1:colcon.colcon_core.package_identification:_identify(log) ignored
[1.309s] Level 1:colcon.colcon_core.package_identification:_identify(src) by extensions ['ignore', 'ignore_ament_install']
[1.309s] Level 1:colcon.colcon_core.package_identification:_identify(src) by extension 'ignore'
[1.310s] Level 1:colcon.colcon_core.package_identification:_identify(src) by extension 'ignore_ament_install'
[1.310s] Level 1:colcon.colcon_core.package_identification:_identify(src) by extensions ['colcon_pkg']
[1.310s] Level 1:colcon.colcon_core.package_identification:_identify(src) by extension 'colcon_pkg'
[1.310s] Level 1:colcon.colcon_core.package_identification:_identify(src) by extensions ['colcon_meta']
[1.310s] Level 1:colcon.colcon_core.package_identification:_identify(src) by extension 'colcon_meta'
[1.311s] Level 1:colcon.colcon_core.package_identification:_identify(src) by extensions ['ros']
[1.311s] Level 1:colcon.colcon_core.package_identification:_identify(src) by extension 'ros'
[1.311s] Level 1:colcon.colcon_core.package_identification:_identify(src) by extensions ['cmake', 'python']
[1.311s] Level 1:colcon.colcon_core.package_identification:_identify(src) by extension 'cmake'
[1.311s] Level 1:colcon.colcon_core.package_identification:_identify(src) by extension 'python'
[1.312s] Level 1:colcon.colcon_core.package_identification:_identify(src) by extensions ['python_setup_py']
[1.312s] Level 1:colcon.colcon_core.package_identification:_identify(src) by extension 'python_setup_py'
[1.313s] Level 1:colcon.colcon_core.package_identification:_identify(src/bringup) by extensions ['ignore', 'ignore_ament_install']
[1.313s] Level 1:colcon.colcon_core.package_identification:_identify(src/bringup) by extension 'ignore'
[1.313s] Level 1:colcon.colcon_core.package_identification:_identify(src/bringup) by extension 'ignore_ament_install'
[1.314s] Level 1:colcon.colcon_core.package_identification:_identify(src/bringup) by extensions ['colcon_pkg']
[1.314s] Level 1:colcon.colcon_core.package_identification:_identify(src/bringup) by extension 'colcon_pkg'
[1.314s] Level 1:colcon.colcon_core.package_identification:_identify(src/bringup) by extensions ['colcon_meta']
[1.314s] Level 1:colcon.colcon_core.package_identification:_identify(src/bringup) by extension 'colcon_meta'
[1.315s] Level 1:colcon.colcon_core.package_identification:_identify(src/bringup) by extensions ['ros']
[1.315s] Level 1:colcon.colcon_core.package_identification:_identify(src/bringup) by extension 'ros'
[1.325s] DEBUG:colcon.colcon_core.package_identification:Package 'src/bringup' with type 'ros.ament_cmake' and name 'bringup'
[1.325s] Level 1:colcon.colcon_core.package_identification:_identify(src/description) by extensions ['ignore', 'ignore_ament_install']
[1.326s] Level 1:colcon.colcon_core.package_identification:_identify(src/description) by extension 'ignore'
[1.326s] Level 1:colcon.colcon_core.package_identification:_identify(src/description) by extension 'ignore_ament_install'
[1.327s] Level 1:colcon.colcon_core.package_identification:_identify(src/description) by extensions ['colcon_pkg']
[1.327s] Level 1:colcon.colcon_core.package_identification:_identify(src/description) by extension 'colcon_pkg'
[1.327s] Level 1:colcon.colcon_core.package_identification:_identify(src/description) by extensions ['colcon_meta']
[1.327s] Level 1:colcon.colcon_core.package_identification:_identify(src/description) by extension 'colcon_meta'
[1.328s] Level 1:colcon.colcon_core.package_identification:_identify(src/description) by extensions ['ros']
[1.328s] Level 1:colcon.colcon_core.package_identification:_identify(src/description) by extension 'ros'
[1.330s] DEBUG:colcon.colcon_core.package_identification:Package 'src/description' with type 'ros.ament_cmake' and name 'description'
[1.331s] Level 1:colcon.colcon_core.package_identification:_identify(src/interfaces) by extensions ['ignore', 'ignore_ament_install']
[1.331s] Level 1:colcon.colcon_core.package_identification:_identify(src/interfaces) by extension 'ignore'
[1.332s] Level 1:colcon.colcon_core.package_identification:_identify(src/interfaces) by extension 'ignore_ament_install'
[1.332s] Level 1:colcon.colcon_core.package_identification:_identify(src/interfaces) by extensions ['colcon_pkg']
[1.332s] Level 1:colcon.colcon_core.package_identification:_identify(src/interfaces) by extension 'colcon_pkg'
[1.332s] Level 1:colcon.colcon_core.package_identification:_identify(src/interfaces) by extensions ['colcon_meta']
[1.332s] Level 1:colcon.colcon_core.package_identification:_identify(src/interfaces) by extension 'colcon_meta'
[1.333s] Level 1:colcon.colcon_core.package_identification:_identify(src/interfaces) by extensions ['ros']
[1.333s] Level 1:colcon.colcon_core.package_identification:_identify(src/interfaces) by extension 'ros'
[1.337s] DEBUG:colcon.colcon_core.package_identification:Package 'src/interfaces' with type 'ros.ament_cmake' and name 'interfaces'
[1.337s] Level 1:colcon.colcon_core.package_identification:_identify(src/oradar_lidar) by extensions ['ignore', 'ignore_ament_install']
[1.338s] Level 1:colcon.colcon_core.package_identification:_identify(src/oradar_lidar) by extension 'ignore'
[1.338s] Level 1:colcon.colcon_core.package_identification:_identify(src/oradar_lidar) by extension 'ignore_ament_install'
[1.339s] Level 1:colcon.colcon_core.package_identification:_identify(src/oradar_lidar) by extensions ['colcon_pkg']
[1.339s] Level 1:colcon.colcon_core.package_identification:_identify(src/oradar_lidar) by extension 'colcon_pkg'
[1.339s] Level 1:colcon.colcon_core.package_identification:_identify(src/oradar_lidar) by extensions ['colcon_meta']
[1.339s] Level 1:colcon.colcon_core.package_identification:_identify(src/oradar_lidar) by extension 'colcon_meta'
[1.339s] Level 1:colcon.colcon_core.package_identification:_identify(src/oradar_lidar) by extensions ['ros']
[1.340s] Level 1:colcon.colcon_core.package_identification:_identify(src/oradar_lidar) by extension 'ros'
[1.343s] DEBUG:colcon.colcon_core.package_identification:Package 'src/oradar_lidar' with type 'ros.ament_cmake' and name 'oradar_lidar'
[1.343s] Level 1:colcon.colcon_core.package_identification:_identify(src/ros2_control) by extensions ['ignore', 'ignore_ament_install']
[1.343s] Level 1:colcon.colcon_core.package_identification:_identify(src/ros2_control) by extension 'ignore'
[1.344s] Level 1:colcon.colcon_core.package_identification:_identify(src/ros2_control) by extension 'ignore_ament_install'
[1.344s] Level 1:colcon.colcon_core.package_identification:_identify(src/ros2_control) by extensions ['colcon_pkg']
[1.344s] Level 1:colcon.colcon_core.package_identification:_identify(src/ros2_control) by extension 'colcon_pkg'
[1.344s] Level 1:colcon.colcon_core.package_identification:_identify(src/ros2_control) by extensions ['colcon_meta']
[1.345s] Level 1:colcon.colcon_core.package_identification:_identify(src/ros2_control) by extension 'colcon_meta'
[1.345s] Level 1:colcon.colcon_core.package_identification:_identify(src/ros2_control) by extensions ['ros']
[1.345s] Level 1:colcon.colcon_core.package_identification:_identify(src/ros2_control) by extension 'ros'
[1.346s] Level 1:colcon.colcon_core.package_identification:_identify(src/ros2_control) by extensions ['cmake', 'python']
[1.346s] Level 1:colcon.colcon_core.package_identification:_identify(src/ros2_control) by extension 'cmake'
[1.346s] Level 1:colcon.colcon_core.package_identification:_identify(src/ros2_control) by extension 'python'
[1.346s] Level 1:colcon.colcon_core.package_identification:_identify(src/ros2_control) by extensions ['python_setup_py']
[1.347s] Level 1:colcon.colcon_core.package_identification:_identify(src/ros2_control) by extension 'python_setup_py'
[1.347s] Level 1:colcon.colcon_core.package_identification:_identify(src/ros2_control/brain_controller) by extensions ['ignore', 'ignore_ament_install']
[1.348s] Level 1:colcon.colcon_core.package_identification:_identify(src/ros2_control/brain_controller) by extension 'ignore'
[1.348s] Level 1:colcon.colcon_core.package_identification:_identify(src/ros2_control/brain_controller) by extension 'ignore_ament_install'
[1.348s] Level 1:colcon.colcon_core.package_identification:_identify(src/ros2_control/brain_controller) by extensions ['colcon_pkg']
[1.348s] Level 1:colcon.colcon_core.package_identification:_identify(src/ros2_control/brain_controller) by extension 'colcon_pkg'
[1.349s] Level 1:colcon.colcon_core.package_identification:_identify(src/ros2_control/brain_controller) by extensions ['colcon_meta']
[1.349s] Level 1:colcon.colcon_core.package_identification:_identify(src/ros2_control/brain_controller) by extension 'colcon_meta'
[1.349s] Level 1:colcon.colcon_core.package_identification:_identify(src/ros2_control/brain_controller) by extensions ['ros']
[1.349s] Level 1:colcon.colcon_core.package_identification:_identify(src/ros2_control/brain_controller) by extension 'ros'
[1.356s] DEBUG:colcon.colcon_core.package_identification:Package 'src/ros2_control/brain_controller' with type 'ros.ament_cmake' and name 'brain_controller'
[1.356s] Level 1:colcon.colcon_core.package_identification:_identify(src/ros2_control/brain_hardware) by extensions ['ignore', 'ignore_ament_install']
[1.357s] Level 1:colcon.colcon_core.package_identification:_identify(src/ros2_control/brain_hardware) by extension 'ignore'
[1.357s] Level 1:colcon.colcon_core.package_identification:_identify(src/ros2_control/brain_hardware) by extension 'ignore_ament_install'
[1.357s] Level 1:colcon.colcon_core.package_identification:_identify(src/ros2_control/brain_hardware) by extensions ['colcon_pkg']
[1.357s] Level 1:colcon.colcon_core.package_identification:_identify(src/ros2_control/brain_hardware) by extension 'colcon_pkg'
[1.358s] Level 1:colcon.colcon_core.package_identification:_identify(src/ros2_control/brain_hardware) by extensions ['colcon_meta']
[1.358s] Level 1:colcon.colcon_core.package_identification:_identify(src/ros2_control/brain_hardware) by extension 'colcon_meta'
[1.358s] Level 1:colcon.colcon_core.package_identification:_identify(src/ros2_control/brain_hardware) by extensions ['ros']
[1.358s] Level 1:colcon.colcon_core.package_identification:_identify(src/ros2_control/brain_hardware) by extension 'ros'
[1.362s] DEBUG:colcon.colcon_core.package_identification:Package 'src/ros2_control/brain_hardware' with type 'ros.ament_cmake' and name 'brain_hardware'
[1.362s] Level 1:colcon.colcon_core.package_discovery:discover_packages(recursive) using defaults
[1.362s] Level 1:colcon.colcon_core.package_discovery:discover_packages(ignore) discover
[1.362s] Level 1:colcon.colcon_core.package_discovery:discover_packages(ignore) using defaults
[1.363s] Level 1:colcon.colcon_core.package_discovery:discover_packages(path) discover
[1.363s] Level 1:colcon.colcon_core.package_discovery:discover_packages(path) using defaults
[1.452s] Level 1:colcon.colcon_core.package_discovery:discover_packages(prefix_path) check parameters
[1.453s] Level 1:colcon.colcon_core.package_discovery:discover_packages(prefix_path) discover
[1.461s] DEBUG:colcon.colcon_installed_package_information.package_discovery:Found 6 installed packages in /ros2_ws/install
[1.471s] DEBUG:colcon.colcon_installed_package_information.package_discovery:Found 365 installed packages in /opt/ros/humble
[1.528s] Level 1:colcon.colcon_core.package_discovery:discover_packages(prefix_path) using defaults
[1.780s] Level 5:colcon.colcon_core.verb:set package 'interfaces' build argument 'cmake_args' from command line to 'None'
[1.781s] Level 5:colcon.colcon_core.verb:set package 'interfaces' build argument 'cmake_target' from command line to 'None'
[1.781s] Level 5:colcon.colcon_core.verb:set package 'interfaces' build argument 'cmake_target_skip_unavailable' from command line to 'False'
[1.781s] Level 5:colcon.colcon_core.verb:set package 'interfaces' build argument 'cmake_clean_cache' from command line to 'False'
[1.781s] Level 5:colcon.colcon_core.verb:set package 'interfaces' build argument 'cmake_clean_first' from command line to 'False'
[1.781s] Level 5:colcon.colcon_core.verb:set package 'interfaces' build argument 'cmake_force_configure' from command line to 'False'
[1.781s] Level 5:colcon.colcon_core.verb:set package 'interfaces' build argument 'ament_cmake_args' from command line to 'None'
[1.781s] Level 5:colcon.colcon_core.verb:set package 'interfaces' build argument 'catkin_cmake_args' from command line to 'None'
[1.782s] Level 5:colcon.colcon_core.verb:set package 'interfaces' build argument 'catkin_skip_building_tests' from command line to 'False'
[1.782s] DEBUG:colcon.colcon_core.verb:Building package 'interfaces' with the following arguments: {'ament_cmake_args': None, 'build_base': '/ros2_ws/build/interfaces', 'catkin_cmake_args': None, 'catkin_skip_building_tests': False, 'cmake_args': None, 'cmake_clean_cache': False, 'cmake_clean_first': False, 'cmake_force_configure': False, 'cmake_target': None, 'cmake_target_skip_unavailable': False, 'install_base': '/ros2_ws/install/interfaces', 'merge_install': False, 'path': '/ros2_ws/src/interfaces', 'symlink_install': False, 'test_result_base': None}
[1.784s] Level 5:colcon.colcon_core.verb:set package 'oradar_lidar' build argument 'cmake_args' from command line to 'None'
[1.784s] Level 5:colcon.colcon_core.verb:set package 'oradar_lidar' build argument 'cmake_target' from command line to 'None'
[1.784s] Level 5:colcon.colcon_core.verb:set package 'oradar_lidar' build argument 'cmake_target_skip_unavailable' from command line to 'False'
[1.784s] Level 5:colcon.colcon_core.verb:set package 'oradar_lidar' build argument 'cmake_clean_cache' from command line to 'False'
[1.784s] Level 5:colcon.colcon_core.verb:set package 'oradar_lidar' build argument 'cmake_clean_first' from command line to 'False'
[1.784s] Level 5:colcon.colcon_core.verb:set package 'oradar_lidar' build argument 'cmake_force_configure' from command line to 'False'
[1.784s] Level 5:colcon.colcon_core.verb:set package 'oradar_lidar' build argument 'ament_cmake_args' from command line to 'None'
[1.785s] Level 5:colcon.colcon_core.verb:set package 'oradar_lidar' build argument 'catkin_cmake_args' from command line to 'None'
[1.785s] Level 5:colcon.colcon_core.verb:set package 'oradar_lidar' build argument 'catkin_skip_building_tests' from command line to 'False'
[1.785s] DEBUG:colcon.colcon_core.verb:Building package 'oradar_lidar' with the following arguments: {'ament_cmake_args': None, 'build_base': '/ros2_ws/build/oradar_lidar', 'catkin_cmake_args': None, 'catkin_skip_building_tests': False, 'cmake_args': None, 'cmake_clean_cache': False, 'cmake_clean_first': False, 'cmake_force_configure': False, 'cmake_target': None, 'cmake_target_skip_unavailable': False, 'install_base': '/ros2_ws/install/oradar_lidar', 'merge_install': False, 'path': '/ros2_ws/src/oradar_lidar', 'symlink_install': False, 'test_result_base': None}
[1.787s] Level 5:colcon.colcon_core.verb:set package 'brain_controller' build argument 'cmake_args' from command line to 'None'
[1.787s] Level 5:colcon.colcon_core.verb:set package 'brain_controller' build argument 'cmake_target' from command line to 'None'
[1.787s] Level 5:colcon.colcon_core.verb:set package 'brain_controller' build argument 'cmake_target_skip_unavailable' from command line to 'False'
[1.787s] Level 5:colcon.colcon_core.verb:set package 'brain_controller' build argument 'cmake_clean_cache' from command line to 'False'
[1.787s] Level 5:colcon.colcon_core.verb:set package 'brain_controller' build argument 'cmake_clean_first' from command line to 'False'
[1.787s] Level 5:colcon.colcon_core.verb:set package 'brain_controller' build argument 'cmake_force_configure' from command line to 'False'
[1.787s] Level 5:colcon.colcon_core.verb:set package 'brain_controller' build argument 'ament_cmake_args' from command line to 'None'
[1.788s] Level 5:colcon.colcon_core.verb:set package 'brain_controller' build argument 'catkin_cmake_args' from command line to 'None'
[1.788s] Level 5:colcon.colcon_core.verb:set package 'brain_controller' build argument 'catkin_skip_building_tests' from command line to 'False'
[1.788s] DEBUG:colcon.colcon_core.verb:Building package 'brain_controller' with the following arguments: {'ament_cmake_args': None, 'build_base': '/ros2_ws/build/brain_controller', 'catkin_cmake_args': None, 'catkin_skip_building_tests': False, 'cmake_args': None, 'cmake_clean_cache': False, 'cmake_clean_first': False, 'cmake_force_configure': False, 'cmake_target': None, 'cmake_target_skip_unavailable': False, 'install_base': '/ros2_ws/install/brain_controller', 'merge_install': False, 'path': '/ros2_ws/src/ros2_control/brain_controller', 'symlink_install': False, 'test_result_base': None}
[1.789s] Level 5:colcon.colcon_core.verb:set package 'brain_hardware' build argument 'cmake_args' from command line to 'None'
[1.790s] Level 5:colcon.colcon_core.verb:set package 'brain_hardware' build argument 'cmake_target' from command line to 'None'
[1.790s] Level 5:colcon.colcon_core.verb:set package 'brain_hardware' build argument 'cmake_target_skip_unavailable' from command line to 'False'
[1.790s] Level 5:colcon.colcon_core.verb:set package 'brain_hardware' build argument 'cmake_clean_cache' from command line to 'False'
[1.790s] Level 5:colcon.colcon_core.verb:set package 'brain_hardware' build argument 'cmake_clean_first' from command line to 'False'
[1.790s] Level 5:colcon.colcon_core.verb:set package 'brain_hardware' build argument 'cmake_force_configure' from command line to 'False'
[1.790s] Level 5:colcon.colcon_core.verb:set package 'brain_hardware' build argument 'ament_cmake_args' from command line to 'None'
[1.790s] Level 5:colcon.colcon_core.verb:set package 'brain_hardware' build argument 'catkin_cmake_args' from command line to 'None'
[1.791s] Level 5:colcon.colcon_core.verb:set package 'brain_hardware' build argument 'catkin_skip_building_tests' from command line to 'False'
[1.791s] DEBUG:colcon.colcon_core.verb:Building package 'brain_hardware' with the following arguments: {'ament_cmake_args': None, 'build_base': '/ros2_ws/build/brain_hardware', 'catkin_cmake_args': None, 'catkin_skip_building_tests': False, 'cmake_args': None, 'cmake_clean_cache': False, 'cmake_clean_first': False, 'cmake_force_configure': False, 'cmake_target': None, 'cmake_target_skip_unavailable': False, 'install_base': '/ros2_ws/install/brain_hardware', 'merge_install': False, 'path': '/ros2_ws/src/ros2_control/brain_hardware', 'symlink_install': False, 'test_result_base': None}
[1.792s] Level 5:colcon.colcon_core.verb:set package 'description' build argument 'cmake_args' from command line to 'None'
[1.793s] Level 5:colcon.colcon_core.verb:set package 'description' build argument 'cmake_target' from command line to 'None'
[1.793s] Level 5:colcon.colcon_core.verb:set package 'description' build argument 'cmake_target_skip_unavailable' from command line to 'False'
[1.793s] Level 5:colcon.colcon_core.verb:set package 'description' build argument 'cmake_clean_cache' from command line to 'False'
[1.793s] Level 5:colcon.colcon_core.verb:set package 'description' build argument 'cmake_clean_first' from command line to 'False'
[1.793s] Level 5:colcon.colcon_core.verb:set package 'description' build argument 'cmake_force_configure' from command line to 'False'
[1.793s] Level 5:colcon.colcon_core.verb:set package 'description' build argument 'ament_cmake_args' from command line to 'None'
[1.793s] Level 5:colcon.colcon_core.verb:set package 'description' build argument 'catkin_cmake_args' from command line to 'None'
[1.793s] Level 5:colcon.colcon_core.verb:set package 'description' build argument 'catkin_skip_building_tests' from command line to 'False'
[1.794s] DEBUG:colcon.colcon_core.verb:Building package 'description' with the following arguments: {'ament_cmake_args': None, 'build_base': '/ros2_ws/build/description', 'catkin_cmake_args': None, 'catkin_skip_building_tests': False, 'cmake_args': None, 'cmake_clean_cache': False, 'cmake_clean_first': False, 'cmake_force_configure': False, 'cmake_target': None, 'cmake_target_skip_unavailable': False, 'install_base': '/ros2_ws/install/description', 'merge_install': False, 'path': '/ros2_ws/src/description', 'symlink_install': False, 'test_result_base': None}
[1.795s] Level 5:colcon.colcon_core.verb:set package 'bringup' build argument 'cmake_args' from command line to 'None'
[1.796s] Level 5:colcon.colcon_core.verb:set package 'bringup' build argument 'cmake_target' from command line to 'None'
[1.796s] Level 5:colcon.colcon_core.verb:set package 'bringup' build argument 'cmake_target_skip_unavailable' from command line to 'False'
[1.796s] Level 5:colcon.colcon_core.verb:set package 'bringup' build argument 'cmake_clean_cache' from command line to 'False'
[1.796s] Level 5:colcon.colcon_core.verb:set package 'bringup' build argument 'cmake_clean_first' from command line to 'False'
[1.796s] Level 5:colcon.colcon_core.verb:set package 'bringup' build argument 'cmake_force_configure' from command line to 'False'
[1.796s] Level 5:colcon.colcon_core.verb:set package 'bringup' build argument 'ament_cmake_args' from command line to 'None'
[1.796s] Level 5:colcon.colcon_core.verb:set package 'bringup' build argument 'catkin_cmake_args' from command line to 'None'
[1.796s] Level 5:colcon.colcon_core.verb:set package 'bringup' build argument 'catkin_skip_building_tests' from command line to 'False'
[1.797s] DEBUG:colcon.colcon_core.verb:Building package 'bringup' with the following arguments: {'ament_cmake_args': None, 'build_base': '/ros2_ws/build/bringup', 'catkin_cmake_args': None, 'catkin_skip_building_tests': False, 'cmake_args': None, 'cmake_clean_cache': False, 'cmake_clean_first': False, 'cmake_force_configure': False, 'cmake_target': None, 'cmake_target_skip_unavailable': False, 'install_base': '/ros2_ws/install/bringup', 'merge_install': False, 'path': '/ros2_ws/src/bringup', 'symlink_install': False, 'test_result_base': None}
[1.797s] INFO:colcon.colcon_core.executor:Executing jobs using 'parallel' executor
[1.800s] DEBUG:colcon.colcon_parallel_executor.executor.parallel:run_until_complete
[1.801s] INFO:colcon.colcon_ros.task.ament_cmake.build:Building ROS package in '/ros2_ws/src/interfaces' with build type 'ament_cmake'
[1.802s] INFO:colcon.colcon_cmake.task.cmake.build:Building CMake package in '/ros2_ws/src/interfaces'
[1.811s] INFO:colcon.colcon_core.plugin_system:Skipping extension 'colcon_core.shell.bat': Not used on non-Windows systems
[1.812s] INFO:colcon.colcon_core.shell:Skip shell extension 'powershell' for command environment: Not usable outside of PowerShell
[1.813s] DEBUG:colcon.colcon_core.shell:Skip shell extension 'dsv' for command environment
[1.833s] INFO:colcon.colcon_ros.task.ament_cmake.build:Building ROS package in '/ros2_ws/src/oradar_lidar' with build type 'ament_cmake'
[1.833s] INFO:colcon.colcon_cmake.task.cmake.build:Building CMake package in '/ros2_ws/src/oradar_lidar'
[1.835s] INFO:colcon.colcon_core.shell:Skip shell extension 'powershell' for command environment: Not usable outside of PowerShell
[1.835s] DEBUG:colcon.colcon_core.shell:Skip shell extension 'dsv' for command environment
[1.867s] DEBUG:colcon.colcon_core.event_handler.log_command:Invoking command in '/ros2_ws/build/interfaces': CMAKE_PREFIX_PATH=${CMAKE_PREFIX_PATH}:/opt/ros/humble /usr/bin/cmake --build /ros2_ws/build/interfaces -- -j4 -l4
[1.888s] DEBUG:colcon.colcon_core.event_handler.log_command:Invoking command in '/ros2_ws/build/oradar_lidar': CMAKE_PREFIX_PATH=${CMAKE_PREFIX_PATH}:/opt/ros/humble /usr/bin/cmake --build /ros2_ws/build/oradar_lidar -- -j4 -l4
[2.559s] DEBUG:colcon.colcon_core.event_handler.log_command:Invoked command in '/ros2_ws/build/oradar_lidar' returned '0': CMAKE_PREFIX_PATH=${CMAKE_PREFIX_PATH}:/opt/ros/humble /usr/bin/cmake --build /ros2_ws/build/oradar_lidar -- -j4 -l4
[2.603s] DEBUG:colcon.colcon_core.event_handler.log_command:Invoking command in '/ros2_ws/build/oradar_lidar': CMAKE_PREFIX_PATH=${CMAKE_PREFIX_PATH}:/opt/ros/humble /usr/bin/cmake --install /ros2_ws/build/oradar_lidar
[2.742s] Level 1:colcon.colcon_core.environment:create_environment_scripts_only(oradar_lidar)
[2.757s] DEBUG:colcon.colcon_core.event_handler.log_command:Invoked command in '/ros2_ws/build/oradar_lidar' returned '0': CMAKE_PREFIX_PATH=${CMAKE_PREFIX_PATH}:/opt/ros/humble /usr/bin/cmake --install /ros2_ws/build/oradar_lidar
[2.760s] Level 1:colcon.colcon_core.environment:checking '/ros2_ws/install/oradar_lidar' for CMake module files
[2.763s] Level 1:colcon.colcon_core.environment:checking '/ros2_ws/install/oradar_lidar' for CMake config files
[2.777s] Level 1:colcon.colcon_core.shell:create_environment_hook('oradar_lidar', 'cmake_prefix_path')
[2.784s] INFO:colcon.colcon_core.shell:Creating environment hook '/ros2_ws/install/oradar_lidar/share/oradar_lidar/hook/cmake_prefix_path.ps1'
[2.790s] INFO:colcon.colcon_core.shell:Creating environment descriptor '/ros2_ws/install/oradar_lidar/share/oradar_lidar/hook/cmake_prefix_path.dsv'
[2.792s] INFO:colcon.colcon_core.shell:Creating environment hook '/ros2_ws/install/oradar_lidar/share/oradar_lidar/hook/cmake_prefix_path.sh'
[2.815s] Level 1:colcon.colcon_core.environment:checking '/ros2_ws/install/oradar_lidar/lib'
[2.816s] Level 1:colcon.colcon_core.environment:checking '/ros2_ws/install/oradar_lidar/bin'
[2.816s] Level 1:colcon.colcon_core.shell:create_environment_hook('oradar_lidar', 'path')
[2.817s] INFO:colcon.colcon_core.shell:Creating environment hook '/ros2_ws/install/oradar_lidar/share/oradar_lidar/hook/path.ps1'
[2.828s] INFO:colcon.colcon_core.shell:Creating environment descriptor '/ros2_ws/install/oradar_lidar/share/oradar_lidar/hook/path.dsv'
[2.835s] INFO:colcon.colcon_core.shell:Creating environment hook '/ros2_ws/install/oradar_lidar/share/oradar_lidar/hook/path.sh'
[2.840s] Level 1:colcon.colcon_core.environment:checking '/ros2_ws/install/oradar_lidar/lib/pkgconfig/oradar_lidar.pc'
[2.841s] Level 1:colcon.colcon_core.environment:checking '/ros2_ws/install/oradar_lidar/lib/python3.10/site-packages'
[2.844s] Level 1:colcon.colcon_core.environment:checking '/ros2_ws/install/oradar_lidar/bin'
[2.846s] Level 1:colcon.colcon_core.shell:create_environment_hook('oradar_lidar', 'pythonscriptspath')
[2.848s] INFO:colcon.colcon_core.shell:Creating environment hook '/ros2_ws/install/oradar_lidar/share/oradar_lidar/hook/pythonscriptspath.ps1'
[2.852s] INFO:colcon.colcon_core.shell:Creating environment descriptor '/ros2_ws/install/oradar_lidar/share/oradar_lidar/hook/pythonscriptspath.dsv'
[2.854s] INFO:colcon.colcon_core.shell:Creating environment hook '/ros2_ws/install/oradar_lidar/share/oradar_lidar/hook/pythonscriptspath.sh'
[2.858s] INFO:colcon.colcon_core.shell:Creating package script '/ros2_ws/install/oradar_lidar/share/oradar_lidar/package.ps1'
[2.889s] INFO:colcon.colcon_core.shell:Creating package descriptor '/ros2_ws/install/oradar_lidar/share/oradar_lidar/package.dsv'
[2.893s] INFO:colcon.colcon_core.shell:Creating package script '/ros2_ws/install/oradar_lidar/share/oradar_lidar/package.sh'
[2.901s] INFO:colcon.colcon_core.shell:Creating package script '/ros2_ws/install/oradar_lidar/share/oradar_lidar/package.bash'
[2.906s] INFO:colcon.colcon_core.shell:Creating package script '/ros2_ws/install/oradar_lidar/share/oradar_lidar/package.zsh'
[2.910s] Level 1:colcon.colcon_core.environment:create_file_with_runtime_dependencies(/ros2_ws/install/oradar_lidar/share/colcon-core/packages/oradar_lidar)
[2.917s] Level 1:colcon.colcon_core.environment:create_environment_scripts_only(oradar_lidar)
[2.918s] Level 1:colcon.colcon_core.environment:checking '/ros2_ws/install/oradar_lidar' for CMake module files
[2.921s] Level 1:colcon.colcon_core.environment:checking '/ros2_ws/install/oradar_lidar' for CMake config files
[2.925s] Level 1:colcon.colcon_core.shell:create_environment_hook('oradar_lidar', 'cmake_prefix_path')
[2.926s] INFO:colcon.colcon_core.shell:Creating environment hook '/ros2_ws/install/oradar_lidar/share/oradar_lidar/hook/cmake_prefix_path.ps1'
[2.928s] INFO:colcon.colcon_core.shell:Creating environment descriptor '/ros2_ws/install/oradar_lidar/share/oradar_lidar/hook/cmake_prefix_path.dsv'
[2.931s] INFO:colcon.colcon_core.shell:Creating environment hook '/ros2_ws/install/oradar_lidar/share/oradar_lidar/hook/cmake_prefix_path.sh'
[2.934s] Level 1:colcon.colcon_core.environment:checking '/ros2_ws/install/oradar_lidar/lib'
[2.935s] Level 1:colcon.colcon_core.environment:checking '/ros2_ws/install/oradar_lidar/bin'
[2.935s] Level 1:colcon.colcon_core.shell:create_environment_hook('oradar_lidar', 'path')
[2.937s] INFO:colcon.colcon_core.shell:Creating environment hook '/ros2_ws/install/oradar_lidar/share/oradar_lidar/hook/path.ps1'
[2.939s] INFO:colcon.colcon_core.shell:Creating environment descriptor '/ros2_ws/install/oradar_lidar/share/oradar_lidar/hook/path.dsv'
[2.941s] INFO:colcon.colcon_core.shell:Creating environment hook '/ros2_ws/install/oradar_lidar/share/oradar_lidar/hook/path.sh'
[2.943s] Level 1:colcon.colcon_core.environment:checking '/ros2_ws/install/oradar_lidar/lib/pkgconfig/oradar_lidar.pc'
[2.945s] Level 1:colcon.colcon_core.environment:checking '/ros2_ws/install/oradar_lidar/lib/python3.10/site-packages'
[2.948s] Level 1:colcon.colcon_core.environment:checking '/ros2_ws/install/oradar_lidar/bin'
[2.949s] Level 1:colcon.colcon_core.shell:create_environment_hook('oradar_lidar', 'pythonscriptspath')
[2.950s] INFO:colcon.colcon_core.shell:Creating environment hook '/ros2_ws/install/oradar_lidar/share/oradar_lidar/hook/pythonscriptspath.ps1'
[2.952s] INFO:colcon.colcon_core.shell:Creating environment descriptor '/ros2_ws/install/oradar_lidar/share/oradar_lidar/hook/pythonscriptspath.dsv'
[2.954s] INFO:colcon.colcon_core.shell:Creating environment hook '/ros2_ws/install/oradar_lidar/share/oradar_lidar/hook/pythonscriptspath.sh'
[2.958s] INFO:colcon.colcon_core.shell:Creating package script '/ros2_ws/install/oradar_lidar/share/oradar_lidar/package.ps1'
[2.962s] INFO:colcon.colcon_core.shell:Creating package descriptor '/ros2_ws/install/oradar_lidar/share/oradar_lidar/package.dsv'
[2.967s] INFO:colcon.colcon_core.shell:Creating package script '/ros2_ws/install/oradar_lidar/share/oradar_lidar/package.sh'
[2.973s] INFO:colcon.colcon_core.shell:Creating package script '/ros2_ws/install/oradar_lidar/share/oradar_lidar/package.bash'
[2.978s] INFO:colcon.colcon_core.shell:Creating package script '/ros2_ws/install/oradar_lidar/share/oradar_lidar/package.zsh'
[2.982s] Level 1:colcon.colcon_core.environment:create_file_with_runtime_dependencies(/ros2_ws/install/oradar_lidar/share/colcon-core/packages/oradar_lidar)
[4.036s] DEBUG:colcon.colcon_core.event_handler.log_command:Invoked command in '/ros2_ws/build/interfaces' returned '0': CMAKE_PREFIX_PATH=${CMAKE_PREFIX_PATH}:/opt/ros/humble /usr/bin/cmake --build /ros2_ws/build/interfaces -- -j4 -l4
[4.042s] DEBUG:colcon.colcon_core.event_handler.log_command:Invoking command in '/ros2_ws/build/interfaces': CMAKE_PREFIX_PATH=${CMAKE_PREFIX_PATH}:/opt/ros/humble /usr/bin/cmake --install /ros2_ws/build/interfaces
[4.326s] Level 1:colcon.colcon_core.environment:create_environment_scripts_only(interfaces)
[4.328s] Level 1:colcon.colcon_core.environment:checking '/ros2_ws/install/interfaces' for CMake module files
[4.342s] Level 1:colcon.colcon_core.environment:checking '/ros2_ws/install/interfaces' for CMake config files
[4.345s] DEBUG:colcon.colcon_core.event_handler.log_command:Invoked command in '/ros2_ws/build/interfaces' returned '0': CMAKE_PREFIX_PATH=${CMAKE_PREFIX_PATH}:/opt/ros/humble /usr/bin/cmake --install /ros2_ws/build/interfaces
[4.348s] Level 1:colcon.colcon_core.shell:create_environment_hook('interfaces', 'cmake_prefix_path')
[4.349s] INFO:colcon.colcon_core.shell:Creating environment hook '/ros2_ws/install/interfaces/share/interfaces/hook/cmake_prefix_path.ps1'
[4.351s] INFO:colcon.colcon_core.shell:Creating environment descriptor '/ros2_ws/install/interfaces/share/interfaces/hook/cmake_prefix_path.dsv'
[4.353s] INFO:colcon.colcon_core.shell:Creating environment hook '/ros2_ws/install/interfaces/share/interfaces/hook/cmake_prefix_path.sh'
[4.356s] Level 1:colcon.colcon_core.environment:checking '/ros2_ws/install/interfaces/lib'
[4.356s] Level 1:colcon.colcon_core.shell:create_environment_hook('interfaces', 'ld_library_path_lib')
[4.357s] INFO:colcon.colcon_core.shell:Creating environment hook '/ros2_ws/install/interfaces/share/interfaces/hook/ld_library_path_lib.ps1'
[4.359s] INFO:colcon.colcon_core.shell:Creating environment descriptor '/ros2_ws/install/interfaces/share/interfaces/hook/ld_library_path_lib.dsv'
[4.361s] INFO:colcon.colcon_core.shell:Creating environment hook '/ros2_ws/install/interfaces/share/interfaces/hook/ld_library_path_lib.sh'
[4.363s] Level 1:colcon.colcon_core.environment:checking '/ros2_ws/install/interfaces/bin'
[4.364s] Level 1:colcon.colcon_core.environment:checking '/ros2_ws/install/interfaces/lib/pkgconfig/interfaces.pc'
[4.365s] Level 1:colcon.colcon_core.environment:checking '/ros2_ws/install/interfaces/lib/python3.10/site-packages'
[4.367s] Level 1:colcon.colcon_core.environment:checking '/ros2_ws/install/interfaces/bin'
[4.370s] INFO:colcon.colcon_core.shell:Creating package script '/ros2_ws/install/interfaces/share/interfaces/package.ps1'
[4.373s] INFO:colcon.colcon_core.shell:Creating package descriptor '/ros2_ws/install/interfaces/share/interfaces/package.dsv'
[4.375s] INFO:colcon.colcon_core.shell:Creating package script '/ros2_ws/install/interfaces/share/interfaces/package.sh'
[4.377s] INFO:colcon.colcon_core.shell:Creating package script '/ros2_ws/install/interfaces/share/interfaces/package.bash'
[4.379s] INFO:colcon.colcon_core.shell:Creating package script '/ros2_ws/install/interfaces/share/interfaces/package.zsh'
[4.381s] Level 1:colcon.colcon_core.environment:create_file_with_runtime_dependencies(/ros2_ws/install/interfaces/share/colcon-core/packages/interfaces)
[4.384s] Level 1:colcon.colcon_core.environment:create_environment_scripts_only(interfaces)
[4.385s] Level 1:colcon.colcon_core.environment:checking '/ros2_ws/install/interfaces' for CMake module files
[4.389s] Level 1:colcon.colcon_core.environment:checking '/ros2_ws/install/interfaces' for CMake config files
[4.393s] Level 1:colcon.colcon_core.shell:create_environment_hook('interfaces', 'cmake_prefix_path')
[4.394s] INFO:colcon.colcon_core.shell:Creating environment hook '/ros2_ws/install/interfaces/share/interfaces/hook/cmake_prefix_path.ps1'
[4.396s] INFO:colcon.colcon_core.shell:Creating environment descriptor '/ros2_ws/install/interfaces/share/interfaces/hook/cmake_prefix_path.dsv'
[4.398s] INFO:colcon.colcon_core.shell:Creating environment hook '/ros2_ws/install/interfaces/share/interfaces/hook/cmake_prefix_path.sh'
[4.401s] Level 1:colcon.colcon_core.environment:checking '/ros2_ws/install/interfaces/lib'
[4.402s] Level 1:colcon.colcon_core.shell:create_environment_hook('interfaces', 'ld_library_path_lib')
[4.403s] INFO:colcon.colcon_core.shell:Creating environment hook '/ros2_ws/install/interfaces/share/interfaces/hook/ld_library_path_lib.ps1'
[4.405s] INFO:colcon.colcon_core.shell:Creating environment descriptor '/ros2_ws/install/interfaces/share/interfaces/hook/ld_library_path_lib.dsv'
[4.407s] INFO:colcon.colcon_core.shell:Creating environment hook '/ros2_ws/install/interfaces/share/interfaces/hook/ld_library_path_lib.sh'
[4.409s] Level 1:colcon.colcon_core.environment:checking '/ros2_ws/install/interfaces/bin'
[4.409s] Level 1:colcon.colcon_core.environment:checking '/ros2_ws/install/interfaces/lib/pkgconfig/interfaces.pc'
[4.410s] Level 1:colcon.colcon_core.environment:checking '/ros2_ws/install/interfaces/lib/python3.10/site-packages'
[4.412s] Level 1:colcon.colcon_core.environment:checking '/ros2_ws/install/interfaces/bin'
[4.413s] INFO:colcon.colcon_core.shell:Creating package script '/ros2_ws/install/interfaces/share/interfaces/package.ps1'
[4.417s] INFO:colcon.colcon_core.shell:Creating package descriptor '/ros2_ws/install/interfaces/share/interfaces/package.dsv'
[4.420s] INFO:colcon.colcon_core.shell:Creating package script '/ros2_ws/install/interfaces/share/interfaces/package.sh'
[4.424s] INFO:colcon.colcon_core.shell:Creating package script '/ros2_ws/install/interfaces/share/interfaces/package.bash'
[4.426s] INFO:colcon.colcon_core.shell:Creating package script '/ros2_ws/install/interfaces/share/interfaces/package.zsh'
[4.428s] Level 1:colcon.colcon_core.environment:create_file_with_runtime_dependencies(/ros2_ws/install/interfaces/share/colcon-core/packages/interfaces)
[4.430s] INFO:colcon.colcon_ros.task.ament_cmake.build:Building ROS package in '/ros2_ws/src/ros2_control/brain_hardware' with build type 'ament_cmake'
[4.431s] INFO:colcon.colcon_cmake.task.cmake.build:Building CMake package in '/ros2_ws/src/ros2_control/brain_hardware'
[4.432s] INFO:colcon.colcon_core.shell:Skip shell extension 'powershell' for command environment: Not usable outside of PowerShell
[4.433s] DEBUG:colcon.colcon_core.shell:Skip shell extension 'dsv' for command environment
[4.471s] INFO:colcon.colcon_ros.task.ament_cmake.build:Building ROS package in '/ros2_ws/src/ros2_control/brain_controller' with build type 'ament_cmake'
[4.471s] INFO:colcon.colcon_cmake.task.cmake.build:Building CMake package in '/ros2_ws/src/ros2_control/brain_controller'
[4.473s] INFO:colcon.colcon_core.shell:Skip shell extension 'powershell' for command environment: Not usable outside of PowerShell
[4.473s] DEBUG:colcon.colcon_core.shell:Skip shell extension 'dsv' for command environment
[4.514s] DEBUG:colcon.colcon_core.event_handler.log_command:Invoking command in '/ros2_ws/build/brain_hardware': CMAKE_PREFIX_PATH=/ros2_ws/install/interfaces:/ros2_ws/install/oradar_lidar:/ros2_ws/install/bringup:/ros2_ws/install/description:/ros2_ws/install/brain_hardware:/ros2_ws/install/brain_controller:/opt/ros/humble LD_LIBRARY_PATH=/ros2_ws/install/interfaces/lib:/ros2_ws/install/brain_hardware/lib:/ros2_ws/install/brain_controller/lib:/opt/ros/humble/opt/rviz_ogre_vendor/lib:/opt/ros/humble/lib/aarch64-linux-gnu:/opt/ros/humble/lib /usr/bin/cmake --build /ros2_ws/build/brain_hardware -- -j4 -l4
[4.540s] DEBUG:colcon.colcon_core.event_handler.log_command:Invoking command in '/ros2_ws/build/brain_controller': CMAKE_PREFIX_PATH=/ros2_ws/install/interfaces:/ros2_ws/install/oradar_lidar:/ros2_ws/install/bringup:/ros2_ws/install/description:/ros2_ws/install/brain_hardware:/ros2_ws/install/brain_controller:/opt/ros/humble LD_LIBRARY_PATH=/ros2_ws/install/interfaces/lib:/ros2_ws/install/brain_hardware/lib:/ros2_ws/install/brain_controller/lib:/opt/ros/humble/opt/rviz_ogre_vendor/lib:/opt/ros/humble/lib/aarch64-linux-gnu:/opt/ros/humble/lib /usr/bin/cmake --build /ros2_ws/build/brain_controller -- -j4 -l4
[4.863s] DEBUG:colcon.colcon_core.event_handler.log_command:Invoked command in '/ros2_ws/build/brain_hardware' returned '0': CMAKE_PREFIX_PATH=/ros2_ws/install/interfaces:/ros2_ws/install/oradar_lidar:/ros2_ws/install/bringup:/ros2_ws/install/description:/ros2_ws/install/brain_hardware:/ros2_ws/install/brain_controller:/opt/ros/humble LD_LIBRARY_PATH=/ros2_ws/install/interfaces/lib:/ros2_ws/install/brain_hardware/lib:/ros2_ws/install/brain_controller/lib:/opt/ros/humble/opt/rviz_ogre_vendor/lib:/opt/ros/humble/lib/aarch64-linux-gnu:/opt/ros/humble/lib /usr/bin/cmake --build /ros2_ws/build/brain_hardware -- -j4 -l4
[4.867s] DEBUG:colcon.colcon_core.event_handler.log_command:Invoking command in '/ros2_ws/build/brain_hardware': CMAKE_PREFIX_PATH=/ros2_ws/install/interfaces:/ros2_ws/install/oradar_lidar:/ros2_ws/install/bringup:/ros2_ws/install/description:/ros2_ws/install/brain_hardware:/ros2_ws/install/brain_controller:/opt/ros/humble LD_LIBRARY_PATH=/ros2_ws/install/interfaces/lib:/ros2_ws/install/brain_hardware/lib:/ros2_ws/install/brain_controller/lib:/opt/ros/humble/opt/rviz_ogre_vendor/lib:/opt/ros/humble/lib/aarch64-linux-gnu:/opt/ros/humble/lib /usr/bin/cmake --install /ros2_ws/build/brain_hardware
[4.929s] Level 1:colcon.colcon_core.environment:create_environment_scripts_only(brain_hardware)
[4.931s] Level 1:colcon.colcon_core.environment:checking '/ros2_ws/install/brain_hardware' for CMake module files
[4.933s] Level 1:colcon.colcon_core.environment:checking '/ros2_ws/install/brain_hardware' for CMake config files
[4.935s] Level 1:colcon.colcon_core.shell:create_environment_hook('brain_hardware', 'cmake_prefix_path')
[4.936s] INFO:colcon.colcon_core.shell:Creating environment hook '/ros2_ws/install/brain_hardware/share/brain_hardware/hook/cmake_prefix_path.ps1'
[4.938s] INFO:colcon.colcon_core.shell:Creating environment descriptor '/ros2_ws/install/brain_hardware/share/brain_hardware/hook/cmake_prefix_path.dsv'
[4.948s] INFO:colcon.colcon_core.shell:Creating environment hook '/ros2_ws/install/brain_hardware/share/brain_hardware/hook/cmake_prefix_path.sh'
[4.951s] Level 1:colcon.colcon_core.environment:checking '/ros2_ws/install/brain_hardware/lib'
[4.951s] Level 1:colcon.colcon_core.shell:create_environment_hook('brain_hardware', 'ld_library_path_lib')
[4.952s] INFO:colcon.colcon_core.shell:Creating environment hook '/ros2_ws/install/brain_hardware/share/brain_hardware/hook/ld_library_path_lib.ps1'
[4.954s] INFO:colcon.colcon_core.shell:Creating environment descriptor '/ros2_ws/install/brain_hardware/share/brain_hardware/hook/ld_library_path_lib.dsv'
[4.956s] INFO:colcon.colcon_core.shell:Creating environment hook '/ros2_ws/install/brain_hardware/share/brain_hardware/hook/ld_library_path_lib.sh'
[4.958s] Level 1:colcon.colcon_core.environment:checking '/ros2_ws/install/brain_hardware/bin'
[4.958s] Level 1:colcon.colcon_core.environment:checking '/ros2_ws/install/brain_hardware/lib/pkgconfig/brain_hardware.pc'
[4.961s] DEBUG:colcon.colcon_core.event_handler.log_command:Invoked command in '/ros2_ws/build/brain_hardware' returned '0': CMAKE_PREFIX_PATH=/ros2_ws/install/interfaces:/ros2_ws/install/oradar_lidar:/ros2_ws/install/bringup:/ros2_ws/install/description:/ros2_ws/install/brain_hardware:/ros2_ws/install/brain_controller:/opt/ros/humble LD_LIBRARY_PATH=/ros2_ws/install/interfaces/lib:/ros2_ws/install/brain_hardware/lib:/ros2_ws/install/brain_controller/lib:/opt/ros/humble/opt/rviz_ogre_vendor/lib:/opt/ros/humble/lib/aarch64-linux-gnu:/opt/ros/humble/lib /usr/bin/cmake --install /ros2_ws/build/brain_hardware
[4.973s] Level 1:colcon.colcon_core.environment:checking '/ros2_ws/install/brain_hardware/lib/python3.10/site-packages'
[4.974s] Level 1:colcon.colcon_core.environment:checking '/ros2_ws/install/brain_hardware/bin'
[4.976s] INFO:colcon.colcon_core.shell:Creating package script '/ros2_ws/install/brain_hardware/share/brain_hardware/package.ps1'
[4.980s] INFO:colcon.colcon_core.shell:Creating package descriptor '/ros2_ws/install/brain_hardware/share/brain_hardware/package.dsv'
[4.983s] INFO:colcon.colcon_core.shell:Creating package script '/ros2_ws/install/brain_hardware/share/brain_hardware/package.sh'
[4.986s] INFO:colcon.colcon_core.shell:Creating package script '/ros2_ws/install/brain_hardware/share/brain_hardware/package.bash'
[4.988s] INFO:colcon.colcon_core.shell:Creating package script '/ros2_ws/install/brain_hardware/share/brain_hardware/package.zsh'
[4.989s] Level 1:colcon.colcon_core.environment:create_file_with_runtime_dependencies(/ros2_ws/install/brain_hardware/share/colcon-core/packages/brain_hardware)
[4.994s] Level 1:colcon.colcon_core.environment:create_environment_scripts_only(brain_hardware)
[4.996s] Level 1:colcon.colcon_core.environment:checking '/ros2_ws/install/brain_hardware' for CMake module files
[4.999s] Level 1:colcon.colcon_core.environment:checking '/ros2_ws/install/brain_hardware' for CMake config files
[5.001s] Level 1:colcon.colcon_core.shell:create_environment_hook('brain_hardware', 'cmake_prefix_path')
[5.003s] INFO:colcon.colcon_core.shell:Creating environment hook '/ros2_ws/install/brain_hardware/share/brain_hardware/hook/cmake_prefix_path.ps1'
[5.006s] INFO:colcon.colcon_core.shell:Creating environment descriptor '/ros2_ws/install/brain_hardware/share/brain_hardware/hook/cmake_prefix_path.dsv'
[5.009s] INFO:colcon.colcon_core.shell:Creating environment hook '/ros2_ws/install/brain_hardware/share/brain_hardware/hook/cmake_prefix_path.sh'
[5.013s] Level 1:colcon.colcon_core.environment:checking '/ros2_ws/install/brain_hardware/lib'
[5.014s] Level 1:colcon.colcon_core.shell:create_environment_hook('brain_hardware', 'ld_library_path_lib')
[5.015s] INFO:colcon.colcon_core.shell:Creating environment hook '/ros2_ws/install/brain_hardware/share/brain_hardware/hook/ld_library_path_lib.ps1'
[5.019s] INFO:colcon.colcon_core.shell:Creating environment descriptor '/ros2_ws/install/brain_hardware/share/brain_hardware/hook/ld_library_path_lib.dsv'
[5.022s] INFO:colcon.colcon_core.shell:Creating environment hook '/ros2_ws/install/brain_hardware/share/brain_hardware/hook/ld_library_path_lib.sh'
[5.025s] Level 1:colcon.colcon_core.environment:checking '/ros2_ws/install/brain_hardware/bin'
[5.026s] Level 1:colcon.colcon_core.environment:checking '/ros2_ws/install/brain_hardware/lib/pkgconfig/brain_hardware.pc'
[5.027s] Level 1:colcon.colcon_core.environment:checking '/ros2_ws/install/brain_hardware/lib/python3.10/site-packages'
[5.030s] Level 1:colcon.colcon_core.environment:checking '/ros2_ws/install/brain_hardware/bin'
[5.032s] INFO:colcon.colcon_core.shell:Creating package script '/ros2_ws/install/brain_hardware/share/brain_hardware/package.ps1'
[5.036s] INFO:colcon.colcon_core.shell:Creating package descriptor '/ros2_ws/install/brain_hardware/share/brain_hardware/package.dsv'
[5.040s] INFO:colcon.colcon_core.shell:Creating package script '/ros2_ws/install/brain_hardware/share/brain_hardware/package.sh'
[5.044s] INFO:colcon.colcon_core.shell:Creating package script '/ros2_ws/install/brain_hardware/share/brain_hardware/package.bash'
[5.047s] INFO:colcon.colcon_core.shell:Creating package script '/ros2_ws/install/brain_hardware/share/brain_hardware/package.zsh'
[5.051s] Level 1:colcon.colcon_core.environment:create_file_with_runtime_dependencies(/ros2_ws/install/brain_hardware/share/colcon-core/packages/brain_hardware)
[5.056s] INFO:colcon.colcon_ros.task.ament_cmake.build:Building ROS package in '/ros2_ws/src/description' with build type 'ament_cmake'
[5.058s] INFO:colcon.colcon_cmake.task.cmake.build:Building CMake package in '/ros2_ws/src/description'
[5.059s] INFO:colcon.colcon_core.shell:Skip shell extension 'powershell' for command environment: Not usable outside of PowerShell
[5.060s] DEBUG:colcon.colcon_core.shell:Skip shell extension 'dsv' for command environment
[5.153s] DEBUG:colcon.colcon_core.event_handler.log_command:Invoking command in '/ros2_ws/build/description': CMAKE_PREFIX_PATH=/ros2_ws/install/brain_hardware:/ros2_ws/install/interfaces:/ros2_ws/install/oradar_lidar:/ros2_ws/install/bringup:/ros2_ws/install/description:/ros2_ws/install/brain_controller:/opt/ros/humble LD_LIBRARY_PATH=/ros2_ws/install/brain_hardware/lib:/ros2_ws/install/interfaces/lib:/ros2_ws/install/brain_controller/lib:/opt/ros/humble/opt/rviz_ogre_vendor/lib:/opt/ros/humble/lib/aarch64-linux-gnu:/opt/ros/humble/lib /usr/bin/cmake --build /ros2_ws/build/description -- -j4 -l4
[5.352s] DEBUG:colcon.colcon_core.event_handler.log_command:Invoked command in '/ros2_ws/build/description' returned '0': CMAKE_PREFIX_PATH=/ros2_ws/install/brain_hardware:/ros2_ws/install/interfaces:/ros2_ws/install/oradar_lidar:/ros2_ws/install/bringup:/ros2_ws/install/description:/ros2_ws/install/brain_controller:/opt/ros/humble LD_LIBRARY_PATH=/ros2_ws/install/brain_hardware/lib:/ros2_ws/install/interfaces/lib:/ros2_ws/install/brain_controller/lib:/opt/ros/humble/opt/rviz_ogre_vendor/lib:/opt/ros/humble/lib/aarch64-linux-gnu:/opt/ros/humble/lib /usr/bin/cmake --build /ros2_ws/build/description -- -j4 -l4
[5.354s] DEBUG:colcon.colcon_core.event_handler.log_command:Invoking command in '/ros2_ws/build/description': CMAKE_PREFIX_PATH=/ros2_ws/install/brain_hardware:/ros2_ws/install/interfaces:/ros2_ws/install/oradar_lidar:/ros2_ws/install/bringup:/ros2_ws/install/description:/ros2_ws/install/brain_controller:/opt/ros/humble LD_LIBRARY_PATH=/ros2_ws/install/brain_hardware/lib:/ros2_ws/install/interfaces/lib:/ros2_ws/install/brain_controller/lib:/opt/ros/humble/opt/rviz_ogre_vendor/lib:/opt/ros/humble/lib/aarch64-linux-gnu:/opt/ros/humble/lib /usr/bin/cmake --install /ros2_ws/build/description
[5.466s] Level 1:colcon.colcon_core.environment:create_environment_scripts_only(description)
[5.467s] Level 1:colcon.colcon_core.environment:checking '/ros2_ws/install/description' for CMake module files
[5.470s] Level 1:colcon.colcon_core.environment:checking '/ros2_ws/install/description' for CMake config files
[5.472s] Level 1:colcon.colcon_core.shell:create_environment_hook('description', 'cmake_prefix_path')
[5.473s] INFO:colcon.colcon_core.shell:Creating environment hook '/ros2_ws/install/description/share/description/hook/cmake_prefix_path.ps1'
[5.476s] INFO:colcon.colcon_core.shell:Creating environment descriptor '/ros2_ws/install/description/share/description/hook/cmake_prefix_path.dsv'
[5.478s] INFO:colcon.colcon_core.shell:Creating environment hook '/ros2_ws/install/description/share/description/hook/cmake_prefix_path.sh'
[5.480s] DEBUG:colcon.colcon_core.event_handler.log_command:Invoked command in '/ros2_ws/build/description' returned '0': CMAKE_PREFIX_PATH=/ros2_ws/install/brain_hardware:/ros2_ws/install/interfaces:/ros2_ws/install/oradar_lidar:/ros2_ws/install/bringup:/ros2_ws/install/description:/ros2_ws/install/brain_controller:/opt/ros/humble LD_LIBRARY_PATH=/ros2_ws/install/brain_hardware/lib:/ros2_ws/install/interfaces/lib:/ros2_ws/install/brain_controller/lib:/opt/ros/humble/opt/rviz_ogre_vendor/lib:/opt/ros/humble/lib/aarch64-linux-gnu:/opt/ros/humble/lib /usr/bin/cmake --install /ros2_ws/build/description
[5.484s] Level 1:colcon.colcon_core.environment:checking '/ros2_ws/install/description/bin'
[5.495s] Level 1:colcon.colcon_core.environment:checking '/ros2_ws/install/description/lib/pkgconfig/description.pc'
[5.496s] Level 1:colcon.colcon_core.environment:checking '/ros2_ws/install/description/lib/python3.10/site-packages'
[5.498s] Level 1:colcon.colcon_core.environment:checking '/ros2_ws/install/description/bin'
[5.502s] INFO:colcon.colcon_core.shell:Creating package script '/ros2_ws/install/description/share/description/package.ps1'
[5.511s] INFO:colcon.colcon_core.shell:Creating package descriptor '/ros2_ws/install/description/share/description/package.dsv'
[5.513s] INFO:colcon.colcon_core.shell:Creating package script '/ros2_ws/install/description/share/description/package.sh'
[5.517s] INFO:colcon.colcon_core.shell:Creating package script '/ros2_ws/install/description/share/description/package.bash'
[5.520s] INFO:colcon.colcon_core.shell:Creating package script '/ros2_ws/install/description/share/description/package.zsh'
[5.524s] Level 1:colcon.colcon_core.environment:create_file_with_runtime_dependencies(/ros2_ws/install/description/share/colcon-core/packages/description)
[5.538s] Level 1:colcon.colcon_core.environment:create_environment_scripts_only(description)
[5.540s] Level 1:colcon.colcon_core.environment:checking '/ros2_ws/install/description' for CMake module files
[5.608s] Level 1:colcon.colcon_core.environment:checking '/ros2_ws/install/description' for CMake config files
[5.611s] Level 1:colcon.colcon_core.shell:create_environment_hook('description', 'cmake_prefix_path')
[5.613s] INFO:colcon.colcon_core.shell:Creating environment hook '/ros2_ws/install/description/share/description/hook/cmake_prefix_path.ps1'
[5.617s] INFO:colcon.colcon_core.shell:Creating environment descriptor '/ros2_ws/install/description/share/description/hook/cmake_prefix_path.dsv'
[5.623s] INFO:colcon.colcon_core.shell:Creating environment hook '/ros2_ws/install/description/share/description/hook/cmake_prefix_path.sh'
[5.633s] Level 1:colcon.colcon_core.environment:checking '/ros2_ws/install/description/bin'
[5.634s] Level 1:colcon.colcon_core.environment:checking '/ros2_ws/install/description/lib/pkgconfig/description.pc'
[5.640s] Level 1:colcon.colcon_core.environment:checking '/ros2_ws/install/description/lib/python3.10/site-packages'
[5.643s] Level 1:colcon.colcon_core.environment:checking '/ros2_ws/install/description/bin'
[5.646s] INFO:colcon.colcon_core.shell:Creating package script '/ros2_ws/install/description/share/description/package.ps1'
[5.659s] INFO:colcon.colcon_core.shell:Creating package descriptor '/ros2_ws/install/description/share/description/package.dsv'
[5.665s] INFO:colcon.colcon_core.shell:Creating package script '/ros2_ws/install/description/share/description/package.sh'
[5.676s] INFO:colcon.colcon_core.shell:Creating package script '/ros2_ws/install/description/share/description/package.bash'
[5.683s] INFO:colcon.colcon_core.shell:Creating package script '/ros2_ws/install/description/share/description/package.zsh'
[5.703s] Level 1:colcon.colcon_core.environment:create_file_with_runtime_dependencies(/ros2_ws/install/description/share/colcon-core/packages/description)
[5.706s] INFO:colcon.colcon_ros.task.ament_cmake.build:Building ROS package in '/ros2_ws/src/bringup' with build type 'ament_cmake'
[5.711s] INFO:colcon.colcon_cmake.task.cmake.build:Building CMake package in '/ros2_ws/src/bringup'
[5.712s] INFO:colcon.colcon_core.shell:Skip shell extension 'powershell' for command environment: Not usable outside of PowerShell
[5.714s] DEBUG:colcon.colcon_core.shell:Skip shell extension 'dsv' for command environment
[5.937s] DEBUG:colcon.colcon_core.event_handler.log_command:Invoking command in '/ros2_ws/build/bringup': CMAKE_PREFIX_PATH=/ros2_ws/install/description:/ros2_ws/install/brain_hardware:/ros2_ws/install/interfaces:/ros2_ws/install/oradar_lidar:/ros2_ws/install/bringup:/ros2_ws/install/brain_controller:/opt/ros/humble LD_LIBRARY_PATH=/ros2_ws/install/brain_hardware/lib:/ros2_ws/install/interfaces/lib:/ros2_ws/install/brain_controller/lib:/opt/ros/humble/opt/rviz_ogre_vendor/lib:/opt/ros/humble/lib/aarch64-linux-gnu:/opt/ros/humble/lib /usr/bin/cmake --build /ros2_ws/build/bringup -- -j4 -l4
[6.160s] DEBUG:colcon.colcon_core.event_handler.log_command:Invoked command in '/ros2_ws/build/bringup' returned '0': CMAKE_PREFIX_PATH=/ros2_ws/install/description:/ros2_ws/install/brain_hardware:/ros2_ws/install/interfaces:/ros2_ws/install/oradar_lidar:/ros2_ws/install/bringup:/ros2_ws/install/brain_controller:/opt/ros/humble LD_LIBRARY_PATH=/ros2_ws/install/brain_hardware/lib:/ros2_ws/install/interfaces/lib:/ros2_ws/install/brain_controller/lib:/opt/ros/humble/opt/rviz_ogre_vendor/lib:/opt/ros/humble/lib/aarch64-linux-gnu:/opt/ros/humble/lib /usr/bin/cmake --build /ros2_ws/build/bringup -- -j4 -l4
[6.162s] DEBUG:colcon.colcon_core.event_handler.log_command:Invoking command in '/ros2_ws/build/bringup': CMAKE_PREFIX_PATH=/ros2_ws/install/description:/ros2_ws/install/brain_hardware:/ros2_ws/install/interfaces:/ros2_ws/install/oradar_lidar:/ros2_ws/install/bringup:/ros2_ws/install/brain_controller:/opt/ros/humble LD_LIBRARY_PATH=/ros2_ws/install/brain_hardware/lib:/ros2_ws/install/interfaces/lib:/ros2_ws/install/brain_controller/lib:/opt/ros/humble/opt/rviz_ogre_vendor/lib:/opt/ros/humble/lib/aarch64-linux-gnu:/opt/ros/humble/lib /usr/bin/cmake --install /ros2_ws/build/bringup
[6.294s] Level 1:colcon.colcon_core.environment:create_environment_scripts_only(bringup)
[6.296s] Level 1:colcon.colcon_core.environment:checking '/ros2_ws/install/bringup' for CMake module files
[6.298s] DEBUG:colcon.colcon_core.event_handler.log_command:Invoked command in '/ros2_ws/build/bringup' returned '0': CMAKE_PREFIX_PATH=/ros2_ws/install/description:/ros2_ws/install/brain_hardware:/ros2_ws/install/interfaces:/ros2_ws/install/oradar_lidar:/ros2_ws/install/bringup:/ros2_ws/install/brain_controller:/opt/ros/humble LD_LIBRARY_PATH=/ros2_ws/install/brain_hardware/lib:/ros2_ws/install/interfaces/lib:/ros2_ws/install/brain_controller/lib:/opt/ros/humble/opt/rviz_ogre_vendor/lib:/opt/ros/humble/lib/aarch64-linux-gnu:/opt/ros/humble/lib /usr/bin/cmake --install /ros2_ws/build/bringup
[6.300s] Level 1:colcon.colcon_core.environment:checking '/ros2_ws/install/bringup' for CMake config files
[6.302s] Level 1:colcon.colcon_core.shell:create_environment_hook('bringup', 'cmake_prefix_path')
[6.307s] INFO:colcon.colcon_core.shell:Creating environment hook '/ros2_ws/install/bringup/share/bringup/hook/cmake_prefix_path.ps1'
[6.311s] INFO:colcon.colcon_core.shell:Creating environment descriptor '/ros2_ws/install/bringup/share/bringup/hook/cmake_prefix_path.dsv'
[6.318s] INFO:colcon.colcon_core.shell:Creating environment hook '/ros2_ws/install/bringup/share/bringup/hook/cmake_prefix_path.sh'
[6.326s] Level 1:colcon.colcon_core.environment:checking '/ros2_ws/install/bringup/bin'
[6.329s] Level 1:colcon.colcon_core.environment:checking '/ros2_ws/install/bringup/lib/pkgconfig/bringup.pc'
[6.330s] Level 1:colcon.colcon_core.environment:checking '/ros2_ws/install/bringup/lib/python3.10/site-packages'
[6.354s] Level 1:colcon.colcon_core.environment:checking '/ros2_ws/install/bringup/bin'
[6.360s] INFO:colcon.colcon_core.shell:Creating package script '/ros2_ws/install/bringup/share/bringup/package.ps1'
[6.371s] INFO:colcon.colcon_core.shell:Creating package descriptor '/ros2_ws/install/bringup/share/bringup/package.dsv'
[6.375s] INFO:colcon.colcon_core.shell:Creating package script '/ros2_ws/install/bringup/share/bringup/package.sh'
[6.378s] INFO:colcon.colcon_core.shell:Creating package script '/ros2_ws/install/bringup/share/bringup/package.bash'
[6.380s] INFO:colcon.colcon_core.shell:Creating package script '/ros2_ws/install/bringup/share/bringup/package.zsh'
[6.383s] Level 1:colcon.colcon_core.environment:create_file_with_runtime_dependencies(/ros2_ws/install/bringup/share/colcon-core/packages/bringup)
[6.395s] Level 1:colcon.colcon_core.environment:create_environment_scripts_only(bringup)
[6.396s] Level 1:colcon.colcon_core.environment:checking '/ros2_ws/install/bringup' for CMake module files
[6.400s] Level 1:colcon.colcon_core.environment:checking '/ros2_ws/install/bringup' for CMake config files
[6.402s] Level 1:colcon.colcon_core.shell:create_environment_hook('bringup', 'cmake_prefix_path')
[6.411s] INFO:colcon.colcon_core.shell:Creating environment hook '/ros2_ws/install/bringup/share/bringup/hook/cmake_prefix_path.ps1'
[6.415s] INFO:colcon.colcon_core.shell:Creating environment descriptor '/ros2_ws/install/bringup/share/bringup/hook/cmake_prefix_path.dsv'
[6.420s] INFO:colcon.colcon_core.shell:Creating environment hook '/ros2_ws/install/bringup/share/bringup/hook/cmake_prefix_path.sh'
[6.425s] Level 1:colcon.colcon_core.environment:checking '/ros2_ws/install/bringup/bin'
[6.431s] Level 1:colcon.colcon_core.environment:checking '/ros2_ws/install/bringup/lib/pkgconfig/bringup.pc'
[6.433s] Level 1:colcon.colcon_core.environment:checking '/ros2_ws/install/bringup/lib/python3.10/site-packages'
[6.435s] Level 1:colcon.colcon_core.environment:checking '/ros2_ws/install/bringup/bin'
[6.437s] INFO:colcon.colcon_core.shell:Creating package script '/ros2_ws/install/bringup/share/bringup/package.ps1'
[6.441s] INFO:colcon.colcon_core.shell:Creating package descriptor '/ros2_ws/install/bringup/share/bringup/package.dsv'
[6.445s] INFO:colcon.colcon_core.shell:Creating package script '/ros2_ws/install/bringup/share/bringup/package.sh'
[6.449s] INFO:colcon.colcon_core.shell:Creating package script '/ros2_ws/install/bringup/share/bringup/package.bash'
[6.452s] INFO:colcon.colcon_core.shell:Creating package script '/ros2_ws/install/bringup/share/bringup/package.zsh'
[6.456s] Level 1:colcon.colcon_core.environment:create_file_with_runtime_dependencies(/ros2_ws/install/bringup/share/colcon-core/packages/bringup)
[49.803s] DEBUG:colcon.colcon_core.event_handler.log_command:Invoked command in '/ros2_ws/build/brain_controller' returned '0': CMAKE_PREFIX_PATH=/ros2_ws/install/interfaces:/ros2_ws/install/oradar_lidar:/ros2_ws/install/bringup:/ros2_ws/install/description:/ros2_ws/install/brain_hardware:/ros2_ws/install/brain_controller:/opt/ros/humble LD_LIBRARY_PATH=/ros2_ws/install/interfaces/lib:/ros2_ws/install/brain_hardware/lib:/ros2_ws/install/brain_controller/lib:/opt/ros/humble/opt/rviz_ogre_vendor/lib:/opt/ros/humble/lib/aarch64-linux-gnu:/opt/ros/humble/lib /usr/bin/cmake --build /ros2_ws/build/brain_controller -- -j4 -l4
[49.805s] DEBUG:colcon.colcon_core.event_handler.log_command:Invoking command in '/ros2_ws/build/brain_controller': CMAKE_PREFIX_PATH=/ros2_ws/install/interfaces:/ros2_ws/install/oradar_lidar:/ros2_ws/install/bringup:/ros2_ws/install/description:/ros2_ws/install/brain_hardware:/ros2_ws/install/brain_controller:/opt/ros/humble LD_LIBRARY_PATH=/ros2_ws/install/interfaces/lib:/ros2_ws/install/brain_hardware/lib:/ros2_ws/install/brain_controller/lib:/opt/ros/humble/opt/rviz_ogre_vendor/lib:/opt/ros/humble/lib/aarch64-linux-gnu:/opt/ros/humble/lib /usr/bin/cmake --install /ros2_ws/build/brain_controller
[49.882s] Level 1:colcon.colcon_core.environment:create_environment_scripts_only(brain_controller)
[49.884s] Level 1:colcon.colcon_core.environment:checking '/ros2_ws/install/brain_controller' for CMake module files
[49.887s] Level 1:colcon.colcon_core.environment:checking '/ros2_ws/install/brain_controller' for CMake config files
[49.888s] Level 1:colcon.colcon_core.shell:create_environment_hook('brain_controller', 'cmake_prefix_path')
[49.890s] INFO:colcon.colcon_core.shell:Creating environment hook '/ros2_ws/install/brain_controller/share/brain_controller/hook/cmake_prefix_path.ps1'
[49.893s] INFO:colcon.colcon_core.shell:Creating environment descriptor '/ros2_ws/install/brain_controller/share/brain_controller/hook/cmake_prefix_path.dsv'
[49.896s] INFO:colcon.colcon_core.shell:Creating environment hook '/ros2_ws/install/brain_controller/share/brain_controller/hook/cmake_prefix_path.sh'
[49.900s] DEBUG:colcon.colcon_core.event_handler.log_command:Invoked command in '/ros2_ws/build/brain_controller' returned '0': CMAKE_PREFIX_PATH=/ros2_ws/install/interfaces:/ros2_ws/install/oradar_lidar:/ros2_ws/install/bringup:/ros2_ws/install/description:/ros2_ws/install/brain_hardware:/ros2_ws/install/brain_controller:/opt/ros/humble LD_LIBRARY_PATH=/ros2_ws/install/interfaces/lib:/ros2_ws/install/brain_hardware/lib:/ros2_ws/install/brain_controller/lib:/opt/ros/humble/opt/rviz_ogre_vendor/lib:/opt/ros/humble/lib/aarch64-linux-gnu:/opt/ros/humble/lib /usr/bin/cmake --install /ros2_ws/build/brain_controller
[49.901s] Level 1:colcon.colcon_core.environment:checking '/ros2_ws/install/brain_controller/lib'
[49.901s] Level 1:colcon.colcon_core.shell:create_environment_hook('brain_controller', 'ld_library_path_lib')
[49.902s] INFO:colcon.colcon_core.shell:Creating environment hook '/ros2_ws/install/brain_controller/share/brain_controller/hook/ld_library_path_lib.ps1'
[49.904s] INFO:colcon.colcon_core.shell:Creating environment descriptor '/ros2_ws/install/brain_controller/share/brain_controller/hook/ld_library_path_lib.dsv'
[49.905s] INFO:colcon.colcon_core.shell:Creating environment hook '/ros2_ws/install/brain_controller/share/brain_controller/hook/ld_library_path_lib.sh'
[49.907s] Level 1:colcon.colcon_core.environment:checking '/ros2_ws/install/brain_controller/bin'
[49.907s] Level 1:colcon.colcon_core.environment:checking '/ros2_ws/install/brain_controller/lib/pkgconfig/brain_controller.pc'
[49.908s] Level 1:colcon.colcon_core.environment:checking '/ros2_ws/install/brain_controller/lib/python3.10/site-packages'
[49.909s] Level 1:colcon.colcon_core.environment:checking '/ros2_ws/install/brain_controller/bin'
[49.911s] INFO:colcon.colcon_core.shell:Creating package script '/ros2_ws/install/brain_controller/share/brain_controller/package.ps1'
[49.914s] INFO:colcon.colcon_core.shell:Creating package descriptor '/ros2_ws/install/brain_controller/share/brain_controller/package.dsv'
[49.915s] INFO:colcon.colcon_core.shell:Creating package script '/ros2_ws/install/brain_controller/share/brain_controller/package.sh'
[49.917s] INFO:colcon.colcon_core.shell:Creating package script '/ros2_ws/install/brain_controller/share/brain_controller/package.bash'
[49.919s] INFO:colcon.colcon_core.shell:Creating package script '/ros2_ws/install/brain_controller/share/brain_controller/package.zsh'
[49.920s] Level 1:colcon.colcon_core.environment:create_file_with_runtime_dependencies(/ros2_ws/install/brain_controller/share/colcon-core/packages/brain_controller)
[49.923s] Level 1:colcon.colcon_core.environment:create_environment_scripts_only(brain_controller)
[49.924s] Level 1:colcon.colcon_core.environment:checking '/ros2_ws/install/brain_controller' for CMake module files
[49.926s] Level 1:colcon.colcon_core.environment:checking '/ros2_ws/install/brain_controller' for CMake config files
[49.928s] Level 1:colcon.colcon_core.shell:create_environment_hook('brain_controller', 'cmake_prefix_path')
[49.929s] INFO:colcon.colcon_core.shell:Creating environment hook '/ros2_ws/install/brain_controller/share/brain_controller/hook/cmake_prefix_path.ps1'
[49.931s] INFO:colcon.colcon_core.shell:Creating environment descriptor '/ros2_ws/install/brain_controller/share/brain_controller/hook/cmake_prefix_path.dsv'
[49.932s] INFO:colcon.colcon_core.shell:Creating environment hook '/ros2_ws/install/brain_controller/share/brain_controller/hook/cmake_prefix_path.sh'
[49.934s] Level 1:colcon.colcon_core.environment:checking '/ros2_ws/install/brain_controller/lib'
[49.935s] Level 1:colcon.colcon_core.shell:create_environment_hook('brain_controller', 'ld_library_path_lib')
[49.936s] INFO:colcon.colcon_core.shell:Creating environment hook '/ros2_ws/install/brain_controller/share/brain_controller/hook/ld_library_path_lib.ps1'
[49.938s] INFO:colcon.colcon_core.shell:Creating environment descriptor '/ros2_ws/install/brain_controller/share/brain_controller/hook/ld_library_path_lib.dsv'
[49.939s] INFO:colcon.colcon_core.shell:Creating environment hook '/ros2_ws/install/brain_controller/share/brain_controller/hook/ld_library_path_lib.sh'
[49.941s] Level 1:colcon.colcon_core.environment:checking '/ros2_ws/install/brain_controller/bin'
[49.941s] Level 1:colcon.colcon_core.environment:checking '/ros2_ws/install/brain_controller/lib/pkgconfig/brain_controller.pc'
[49.942s] Level 1:colcon.colcon_core.environment:checking '/ros2_ws/install/brain_controller/lib/python3.10/site-packages'
[49.944s] Level 1:colcon.colcon_core.environment:checking '/ros2_ws/install/brain_controller/bin'
[49.945s] INFO:colcon.colcon_core.shell:Creating package script '/ros2_ws/install/brain_controller/share/brain_controller/package.ps1'
[49.948s] INFO:colcon.colcon_core.shell:Creating package descriptor '/ros2_ws/install/brain_controller/share/brain_controller/package.dsv'
[49.951s] INFO:colcon.colcon_core.shell:Creating package script '/ros2_ws/install/brain_controller/share/brain_controller/package.sh'
[49.953s] INFO:colcon.colcon_core.shell:Creating package script '/ros2_ws/install/brain_controller/share/brain_controller/package.bash'
[49.955s] INFO:colcon.colcon_core.shell:Creating package script '/ros2_ws/install/brain_controller/share/brain_controller/package.zsh'
[49.957s] Level 1:colcon.colcon_core.environment:create_file_with_runtime_dependencies(/ros2_ws/install/brain_controller/share/colcon-core/packages/brain_controller)
[49.958s] DEBUG:colcon.colcon_parallel_executor.executor.parallel:closing loop
[49.959s] DEBUG:colcon.colcon_parallel_executor.executor.parallel:loop closed
[49.959s] DEBUG:colcon.colcon_parallel_executor.executor.parallel:run_until_complete finished with '0'
[49.960s] DEBUG:colcon.colcon_core.event_reactor:joining thread
[49.981s] INFO:colcon.colcon_core.plugin_system:Skipping extension 'colcon_notification.desktop_notification.notify_send': Could not find 'notify-send'
[49.981s] INFO:colcon.colcon_core.plugin_system:Skipping extension 'colcon_notification.desktop_notification.terminal_notifier': Not used on non-Darwin systems
[49.982s] INFO:colcon.colcon_core.plugin_system:Skipping extension 'colcon_notification.desktop_notification.win32': Not used on non-Windows systems
[49.982s] INFO:colcon.colcon_notification.desktop_notification:Sending desktop notification using 'notify2'
[49.987s] DEBUG:colcon.colcon_notification.desktop_notification.notify2:Failed to initialize notify2: org.freedesktop.DBus.Error.Spawn.ExecFailed: /usr/bin/dbus-launch terminated abnormally without any error message
[49.989s] DEBUG:colcon.colcon_core.event_reactor:joined thread
[49.990s] INFO:colcon.colcon_core.shell:Creating prefix script '/ros2_ws/install/local_setup.ps1'
[49.995s] INFO:colcon.colcon_core.shell:Creating prefix util module '/ros2_ws/install/_local_setup_util_ps1.py'
[50.002s] INFO:colcon.colcon_core.shell:Creating prefix chain script '/ros2_ws/install/setup.ps1'
[50.008s] INFO:colcon.colcon_core.shell:Creating prefix script '/ros2_ws/install/local_setup.sh'
[50.010s] INFO:colcon.colcon_core.shell:Creating prefix util module '/ros2_ws/install/_local_setup_util_sh.py'
[50.013s] INFO:colcon.colcon_core.shell:Creating prefix chain script '/ros2_ws/install/setup.sh'
[50.018s] INFO:colcon.colcon_core.shell:Creating prefix script '/ros2_ws/install/local_setup.bash'
[50.020s] INFO:colcon.colcon_core.shell:Creating prefix chain script '/ros2_ws/install/setup.bash'
[50.026s] INFO:colcon.colcon_core.shell:Creating prefix script '/ros2_ws/install/local_setup.zsh'
[50.029s] INFO:colcon.colcon_core.shell:Creating prefix chain script '/ros2_ws/install/setup.zsh'
