[0.151s] Invoking command in '/ros2_ws/build/bringup': CMAKE_PREFIX_PATH=/ros2_ws/install/description:/ros2_ws/install/brain_hardware:/ros2_ws/install/interfaces:/ros2_ws/install/oradar_lidar:/ros2_ws/install/bringup:/ros2_ws/install/brain_controller:/opt/ros/humble LD_LIBRARY_PATH=/ros2_ws/install/brain_hardware/lib:/ros2_ws/install/interfaces/lib:/ros2_ws/install/brain_controller/lib:/opt/ros/humble/opt/rviz_ogre_vendor/lib:/opt/ros/humble/lib/aarch64-linux-gnu:/opt/ros/humble/lib /usr/bin/cmake --build /ros2_ws/build/bringup -- -j4 -l4
[0.308s] Invoked command in '/ros2_ws/build/bringup' returned '0': CMAKE_PREFIX_PATH=/ros2_ws/install/description:/ros2_ws/install/brain_hardware:/ros2_ws/install/interfaces:/ros2_ws/install/oradar_lidar:/ros2_ws/install/bringup:/ros2_ws/install/brain_controller:/opt/ros/humble LD_LIBRARY_PATH=/ros2_ws/install/brain_hardware/lib:/ros2_ws/install/interfaces/lib:/ros2_ws/install/brain_controller/lib:/opt/ros/humble/opt/rviz_ogre_vendor/lib:/opt/ros/humble/lib/aarch64-linux-gnu:/opt/ros/humble/lib /usr/bin/cmake --build /ros2_ws/build/bringup -- -j4 -l4
[0.310s] Invoking command in '/ros2_ws/build/bringup': CMAKE_PREFIX_PATH=/ros2_ws/install/description:/ros2_ws/install/brain_hardware:/ros2_ws/install/interfaces:/ros2_ws/install/oradar_lidar:/ros2_ws/install/bringup:/ros2_ws/install/brain_controller:/opt/ros/humble LD_LIBRARY_PATH=/ros2_ws/install/brain_hardware/lib:/ros2_ws/install/interfaces/lib:/ros2_ws/install/brain_controller/lib:/opt/ros/humble/opt/rviz_ogre_vendor/lib:/opt/ros/humble/lib/aarch64-linux-gnu:/opt/ros/humble/lib /usr/bin/cmake --install /ros2_ws/build/bringup
[0.354s] -- Install configuration: ""
[0.354s] -- Up-to-date: /ros2_ws/install/bringup/share/bringup/launch
[0.355s] -- Installing: /ros2_ws/install/bringup/share/bringup/launch/brain_nav.launch.py
[0.356s] -- Up-to-date: /ros2_ws/install/bringup/share/ament_index/resource_index/package_run_dependencies/bringup
[0.356s] -- Up-to-date: /ros2_ws/install/bringup/share/ament_index/resource_index/parent_prefix_path/bringup
[0.357s] -- Up-to-date: /ros2_ws/install/bringup/share/bringup/environment/ament_prefix_path.sh
[0.357s] -- Up-to-date: /ros2_ws/install/bringup/share/bringup/environment/ament_prefix_path.dsv
[0.359s] -- Up-to-date: /ros2_ws/install/bringup/share/bringup/environment/path.sh
[0.360s] -- Up-to-date: /ros2_ws/install/bringup/share/bringup/environment/path.dsv
[0.360s] -- Up-to-date: /ros2_ws/install/bringup/share/bringup/local_setup.bash
[0.361s] -- Up-to-date: /ros2_ws/install/bringup/share/bringup/local_setup.sh
[0.378s] -- Up-to-date: /ros2_ws/install/bringup/share/bringup/local_setup.zsh
[0.379s] -- Up-to-date: /ros2_ws/install/bringup/share/bringup/local_setup.dsv
[0.379s] -- Installing: /ros2_ws/install/bringup/share/bringup/package.dsv
[0.379s] -- Up-to-date: /ros2_ws/install/bringup/share/ament_index/resource_index/packages/bringup
[0.380s] -- Up-to-date: /ros2_ws/install/bringup/share/bringup/cmake/bringupConfig.cmake
[0.380s] -- Up-to-date: /ros2_ws/install/bringup/share/bringup/cmake/bringupConfig-version.cmake
[0.381s] -- Up-to-date: /ros2_ws/install/bringup/share/bringup/package.xml
[0.381s] Invoked command in '/ros2_ws/build/bringup' returned '0': CMAKE_PREFIX_PATH=/ros2_ws/install/description:/ros2_ws/install/brain_hardware:/ros2_ws/install/interfaces:/ros2_ws/install/oradar_lidar:/ros2_ws/install/bringup:/ros2_ws/install/brain_controller:/opt/ros/humble LD_LIBRARY_PATH=/ros2_ws/install/brain_hardware/lib:/ros2_ws/install/interfaces/lib:/ros2_ws/install/brain_controller/lib:/opt/ros/humble/opt/rviz_ogre_vendor/lib:/opt/ros/humble/lib/aarch64-linux-gnu:/opt/ros/humble/lib /usr/bin/cmake --install /ros2_ws/build/bringup
