[0.082s] Invoking command in '/ros2_ws/build/oradar_lidar': CMAKE_PREFIX_PATH=${CMAKE_PREFIX_PATH}:/opt/ros/humble /usr/bin/cmake --build /ros2_ws/build/oradar_lidar -- -j4 -l4
[0.673s] [ 60%] Built target oradar_sdk
[0.933s] [ 70%] Built target blocking_c_api_test
[0.976s] [ 80%] Built target blocking_test
[1.083s] [ 90%] Built target non-blocking_test
[1.101s] [100%] Built target oradar_scan
[1.215s] Invoked command in '/ros2_ws/build/oradar_lidar' returned '0': CMAKE_PREFIX_PATH=${CMAKE_PREFIX_PATH}:/opt/ros/humble /usr/bin/cmake --build /ros2_ws/build/oradar_lidar -- -j4 -l4
[1.292s] Invoking command in '/ros2_ws/build/oradar_lidar': CMAKE_PREFIX_PATH=${CMAKE_PREFIX_PATH}:/opt/ros/humble /usr/bin/cmake --install /ros2_ws/build/oradar_lidar
[1.396s] -- Install configuration: "RELEASE"
[1.401s] -- Up-to-date: /ros2_ws/install/oradar_lidar/lib/oradar_lidar/oradar_scan
[1.406s] -- Up-to-date: /ros2_ws/install/oradar_lidar/share/oradar_lidar//launch
[1.408s] -- Up-to-date: /ros2_ws/install/oradar_lidar/share/oradar_lidar//launch/ms200_scan_view.launch
[1.411s] -- Up-to-date: /ros2_ws/install/oradar_lidar/share/oradar_lidar//launch/ms200_scan_gmapping.launch.py
[1.413s] -- Up-to-date: /ros2_ws/install/oradar_lidar/share/oradar_lidar//launch/ms200_scan.launch.py
[1.415s] -- Up-to-date: /ros2_ws/install/oradar_lidar/share/oradar_lidar//launch/ms200_scan_view.launch.py
[1.416s] -- Up-to-date: /ros2_ws/install/oradar_lidar/share/oradar_lidar//launch/ms200_scan.launch
[1.418s] -- Up-to-date: /ros2_ws/install/oradar_lidar/share/oradar_lidar//rviz2
[1.419s] -- Up-to-date: /ros2_ws/install/oradar_lidar/share/oradar_lidar//rviz2/oradar_scan.rviz
[1.421s] -- Up-to-date: /ros2_ws/install/oradar_lidar/share/ament_index/resource_index/package_run_dependencies/oradar_lidar
[1.423s] -- Up-to-date: /ros2_ws/install/oradar_lidar/share/ament_index/resource_index/parent_prefix_path/oradar_lidar
[1.424s] -- Up-to-date: /ros2_ws/install/oradar_lidar/share/oradar_lidar/environment/ament_prefix_path.sh
[1.427s] -- Up-to-date: /ros2_ws/install/oradar_lidar/share/oradar_lidar/environment/ament_prefix_path.dsv
[1.428s] -- Up-to-date: /ros2_ws/install/oradar_lidar/share/oradar_lidar/environment/path.sh
[1.430s] -- Up-to-date: /ros2_ws/install/oradar_lidar/share/oradar_lidar/environment/path.dsv
[1.432s] -- Up-to-date: /ros2_ws/install/oradar_lidar/share/oradar_lidar/local_setup.bash
[1.435s] -- Up-to-date: /ros2_ws/install/oradar_lidar/share/oradar_lidar/local_setup.sh
[1.436s] -- Up-to-date: /ros2_ws/install/oradar_lidar/share/oradar_lidar/local_setup.zsh
[1.438s] -- Up-to-date: /ros2_ws/install/oradar_lidar/share/oradar_lidar/local_setup.dsv
[1.439s] -- Installing: /ros2_ws/install/oradar_lidar/share/oradar_lidar/package.dsv
[1.442s] -- Up-to-date: /ros2_ws/install/oradar_lidar/share/ament_index/resource_index/packages/oradar_lidar
[1.445s] -- Up-to-date: /ros2_ws/install/oradar_lidar/share/oradar_lidar/cmake/oradar_lidarConfig.cmake
[1.447s] -- Up-to-date: /ros2_ws/install/oradar_lidar/share/oradar_lidar/cmake/oradar_lidarConfig-version.cmake
[1.451s] -- Up-to-date: /ros2_ws/install/oradar_lidar/share/oradar_lidar/package.xml
[1.454s] -- Up-to-date: /ros2_ws/install/oradar_lidar/include/core/base/datatype.h
[1.457s] -- Up-to-date: /ros2_ws/install/oradar_lidar/include/core/base/locker.h
[1.458s] -- Up-to-date: /ros2_ws/install/oradar_lidar/include/core/base/thread.h
[1.459s] -- Up-to-date: /ros2_ws/install/oradar_lidar/include/core/base/timer.h
[1.462s] -- Up-to-date: /ros2_ws/install/oradar_lidar/include/core/base/typedef.h
[1.463s] -- Up-to-date: /ros2_ws/install/oradar_lidar/include/core/base/utils.h
[1.471s] -- Up-to-date: /ros2_ws/install/oradar_lidar/include/core/base/v8stdint.h
[1.471s] -- Up-to-date: /ros2_ws/install/oradar_lidar/include/core/common/ChannelDevice.h
[1.476s] -- Up-to-date: /ros2_ws/install/oradar_lidar/include/core/math/angles.h
[1.480s] -- Up-to-date: /ros2_ws/install/oradar_lidar/include/core/network/ActiveSocket.h
[1.481s] -- Up-to-date: /ros2_ws/install/oradar_lidar/include/core/network/PassiveSocket.h
[1.487s] -- Up-to-date: /ros2_ws/install/oradar_lidar/include/core/network/SimpleSocket.h
[1.487s] -- Up-to-date: /ros2_ws/install/oradar_lidar/include/core/network/StatTimer.h
[1.490s] -- Up-to-date: /ros2_ws/install/oradar_lidar/include/core/serial/common.h
[1.492s] -- Up-to-date: /ros2_ws/install/oradar_lidar/include/core/serial/serial.h
[1.496s] -- Up-to-date: /ros2_ws/install/oradar_lidar/include/core/serial/impl/unix/lock.h
[1.498s] -- Up-to-date: /ros2_ws/install/oradar_lidar/include/core/serial/impl/unix/unix.h
[1.502s] -- Up-to-date: /ros2_ws/install/oradar_lidar/include/core/serial/impl/unix/unix_serial.h
[1.503s] -- Up-to-date: /ros2_ws/install/oradar_lidar/include/src/ord_lidar_c_api_driver.h
[1.510s] -- Up-to-date: /ros2_ws/install/oradar_lidar/include/src/ord_lidar_driver.h
[1.514s] -- Up-to-date: /ros2_ws/install/oradar_lidar/include/src/ordlidar_protocol.h
[1.515s] -- Up-to-date: /ros2_ws/install/oradar_lidar/include/src/filters/FullScanFilter.h
[1.521s] -- Up-to-date: /ros2_ws/install/oradar_lidar/lib/liboradar_sdk.a
[1.522s] -- Up-to-date: /ros2_ws/install/oradar_lidar/bin/blocking_test
[1.523s] -- Up-to-date: /ros2_ws/install/oradar_lidar/bin/non-blocking_test
[1.523s] -- Up-to-date: /ros2_ws/install/oradar_lidar/bin/blocking_c_api_test
[1.557s] Invoked command in '/ros2_ws/build/oradar_lidar' returned '0': CMAKE_PREFIX_PATH=${CMAKE_PREFIX_PATH}:/opt/ros/humble /usr/bin/cmake --install /ros2_ws/build/oradar_lidar
