[0.073s] Invoking command in '/ros2_ws/build/common': CMAKE_PREFIX_PATH=${CMAKE_PREFIX_PATH}:/opt/ros/humble /usr/bin/cmake --build /ros2_ws/build/common -- -j4 -l4
[0.311s] [ 60%] Built target common_config
[0.422s] [100%] Built target test_common
[0.466s] Invoked command in '/ros2_ws/build/common' returned '0': CMAKE_PREFIX_PATH=${CMAKE_PREFIX_PATH}:/opt/ros/humble /usr/bin/cmake --build /ros2_ws/build/common -- -j4 -l4
[0.508s] Invoking command in '/ros2_ws/build/common': CMAKE_PREFIX_PATH=${CMAKE_PREFIX_PATH}:/opt/ros/humble /usr/bin/cmake --install /ros2_ws/build/common
[0.546s] -- Install configuration: ""
[0.549s] -- Execute custom install script
[0.551s] -- Up-to-date symlink: /ros2_ws/install/common/lib/common/test_common
[0.552s] -- Up-to-date symlink: /ros2_ws/install/common/include/common/common/config_loader/config_loader.hpp
[0.553s] -- Up-to-date symlink: /ros2_ws/install/common/include/common/common/logger/logger.hpp
[0.555s] -- Up-to-date symlink: /ros2_ws/install/common/share/common/config/config.yaml
[0.556s] -- Up-to-date symlink: /ros2_ws/install/common/share/common/environment/library_path.sh
[0.556s] -- Up-to-date symlink: /ros2_ws/install/common/share/common/environment/library_path.dsv
[0.557s] -- Up-to-date symlink: /ros2_ws/install/common/share/ament_index/resource_index/package_run_dependencies/common
[0.558s] -- Up-to-date symlink: /ros2_ws/install/common/share/ament_index/resource_index/parent_prefix_path/common
[0.559s] -- Up-to-date symlink: /ros2_ws/install/common/share/common/environment/ament_prefix_path.sh
[0.560s] -- Up-to-date symlink: /ros2_ws/install/common/share/common/environment/ament_prefix_path.dsv
[0.560s] -- Up-to-date symlink: /ros2_ws/install/common/share/common/environment/path.sh
[0.561s] -- Up-to-date symlink: /ros2_ws/install/common/share/common/environment/path.dsv
[0.562s] -- Up-to-date symlink: /ros2_ws/install/common/share/common/local_setup.bash
[0.563s] -- Up-to-date symlink: /ros2_ws/install/common/share/common/local_setup.sh
[0.564s] -- Up-to-date symlink: /ros2_ws/install/common/share/common/local_setup.zsh
[0.565s] -- Up-to-date symlink: /ros2_ws/install/common/share/common/local_setup.dsv
[0.565s] -- Symlinking: /ros2_ws/install/common/share/common/package.dsv
[0.595s] -- Up-to-date symlink: /ros2_ws/install/common/share/ament_index/resource_index/packages/common
[0.597s] -- Up-to-date symlink: /ros2_ws/install/common/share/common/cmake/ament_cmake_export_include_directories-extras.cmake
[0.599s] -- Up-to-date symlink: /ros2_ws/install/common/share/common/cmake/ament_cmake_export_libraries-extras.cmake
[0.600s] -- Up-to-date symlink: /ros2_ws/install/common/share/common/cmake/commonConfig.cmake
[0.607s] -- Up-to-date symlink: /ros2_ws/install/common/share/common/cmake/commonConfig-version.cmake
[0.608s] -- Up-to-date symlink: /ros2_ws/install/common/share/common/package.xml
[0.609s] -- Up-to-date: /ros2_ws/install/common/lib/libcommon_config.a
[0.611s] Invoked command in '/ros2_ws/build/common' returned '0': CMAKE_PREFIX_PATH=${CMAKE_PREFIX_PATH}:/opt/ros/humble /usr/bin/cmake --install /ros2_ws/build/common
