[0.061s] Invoking command in '/ros2_ws/build/dri_interfaces': CMAKE_PREFIX_PATH=/ros2_ws/install/interfaces:/ros2_ws/install/bringup:/ros2_ws/install/dri_interfaces:/ros2_ws/install/algorithms:/ros2_ws/install/drivers:/ros2_ws/install/common:/opt/ros/humble /usr/bin/cmake --build /ros2_ws/build/dri_interfaces -- -j4 -l4
[0.425s] [100%] Built target cerebellum_dri
[0.464s] Invoked command in '/ros2_ws/build/dri_interfaces' returned '0': CMAKE_PREFIX_PATH=/ros2_ws/install/interfaces:/ros2_ws/install/bringup:/ros2_ws/install/dri_interfaces:/ros2_ws/install/algorithms:/ros2_ws/install/drivers:/ros2_ws/install/common:/opt/ros/humble /usr/bin/cmake --build /ros2_ws/build/dri_interfaces -- -j4 -l4
[0.472s] Invoking command in '/ros2_ws/build/dri_interfaces': CMAKE_PREFIX_PATH=/ros2_ws/install/interfaces:/ros2_ws/install/bringup:/ros2_ws/install/dri_interfaces:/ros2_ws/install/algorithms:/ros2_ws/install/drivers:/ros2_ws/install/common:/opt/ros/humble /usr/bin/cmake --install /ros2_ws/build/dri_interfaces
[0.505s] -- Install configuration: ""
[0.510s] -- Execute custom install script
[0.516s] -- Up-to-date symlink: /ros2_ws/install/dri_interfaces/lib/dri_interfaces/cerebellum_dri
[0.518s] -- Up-to-date symlink: /ros2_ws/install/dri_interfaces/share/ament_index/resource_index/package_run_dependencies/dri_interfaces
[0.520s] -- Up-to-date symlink: /ros2_ws/install/dri_interfaces/share/ament_index/resource_index/parent_prefix_path/dri_interfaces
[0.521s] -- Up-to-date symlink: /ros2_ws/install/dri_interfaces/share/dri_interfaces/environment/ament_prefix_path.sh
[0.522s] -- Up-to-date symlink: /ros2_ws/install/dri_interfaces/share/dri_interfaces/environment/ament_prefix_path.dsv
[0.524s] -- Up-to-date symlink: /ros2_ws/install/dri_interfaces/share/dri_interfaces/environment/path.sh
[0.527s] -- Up-to-date symlink: /ros2_ws/install/dri_interfaces/share/dri_interfaces/environment/path.dsv
[0.528s] -- Up-to-date symlink: /ros2_ws/install/dri_interfaces/share/dri_interfaces/local_setup.bash
[0.529s] -- Up-to-date symlink: /ros2_ws/install/dri_interfaces/share/dri_interfaces/local_setup.sh
[0.531s] -- Up-to-date symlink: /ros2_ws/install/dri_interfaces/share/dri_interfaces/local_setup.zsh
[0.532s] -- Up-to-date symlink: /ros2_ws/install/dri_interfaces/share/dri_interfaces/local_setup.dsv
[0.533s] -- Symlinking: /ros2_ws/install/dri_interfaces/share/dri_interfaces/package.dsv
[0.578s] -- Up-to-date symlink: /ros2_ws/install/dri_interfaces/share/ament_index/resource_index/packages/dri_interfaces
[0.580s] -- Up-to-date symlink: /ros2_ws/install/dri_interfaces/share/dri_interfaces/cmake/dri_interfacesConfig.cmake
[0.582s] -- Up-to-date symlink: /ros2_ws/install/dri_interfaces/share/dri_interfaces/cmake/dri_interfacesConfig-version.cmake
[0.583s] -- Up-to-date symlink: /ros2_ws/install/dri_interfaces/share/dri_interfaces/package.xml
[0.601s] Invoked command in '/ros2_ws/build/dri_interfaces' returned '0': CMAKE_PREFIX_PATH=/ros2_ws/install/interfaces:/ros2_ws/install/bringup:/ros2_ws/install/dri_interfaces:/ros2_ws/install/algorithms:/ros2_ws/install/drivers:/ros2_ws/install/common:/opt/ros/humble /usr/bin/cmake --install /ros2_ws/build/dri_interfaces
