[0.037s] Invoking command in '/ros2_ws/build/drivers': CMAKE_PREFIX_PATH=/ros2_ws/install/common:/ros2_ws/install/drivers:/opt/ros/humble /usr/bin/cmake --build /ros2_ws/build/drivers -- -j4 -l4
[0.171s] [35m[1mConsolidate compiler generated dependencies of target drivers_core[0m
[0.219s] [ 20%] [32mBuilding CXX object CMakeFiles/drivers_core.dir/src/drivers/controller_board/controller_board.cpp.o[0m
[5.467s] [ 40%] [32m[1mLinking CXX static library libdrivers_core.a[0m
[5.593s] [ 60%] Built target drivers_core
[5.662s] [ 80%] [32mBuilding CXX object CMakeFiles/test_controller.dir/test.cpp.o[0m
[8.266s] [100%] [32m[1mLinking CXX executable test_controller[0m
[8.655s] [100%] Built target test_controller
[8.688s] Invoked command in '/ros2_ws/build/drivers' returned '0': CMAKE_PREFIX_PATH=/ros2_ws/install/common:/ros2_ws/install/drivers:/opt/ros/humble /usr/bin/cmake --build /ros2_ws/build/drivers -- -j4 -l4
[8.695s] Invoking command in '/ros2_ws/build/drivers': CMAKE_PREFIX_PATH=/ros2_ws/install/common:/ros2_ws/install/drivers:/opt/ros/humble /usr/bin/cmake --install /ros2_ws/build/drivers
[8.718s] -- Install configuration: ""
[8.720s] -- Execute custom install script
[8.722s] -- Up-to-date symlink: /ros2_ws/install/drivers/lib/drivers/test_controller
[8.725s] -- Up-to-date symlink: /ros2_ws/install/drivers/include/drivers/drivers/controller_board/controller_board.h
[8.725s] -- Up-to-date symlink: /ros2_ws/install/drivers/include/drivers/drivers/controller_board/controller_comm.h
[8.726s] -- Up-to-date symlink: /ros2_ws/install/drivers/include/drivers/drivers/controller_board/protocol.h
[8.727s] -- Up-to-date symlink: /ros2_ws/install/drivers/share/drivers/environment/library_path.sh
[8.728s] -- Up-to-date symlink: /ros2_ws/install/drivers/share/drivers/environment/library_path.dsv
[8.728s] -- Up-to-date symlink: /ros2_ws/install/drivers/share/ament_index/resource_index/package_run_dependencies/drivers
[8.729s] -- Up-to-date symlink: /ros2_ws/install/drivers/share/ament_index/resource_index/parent_prefix_path/drivers
[8.730s] -- Up-to-date symlink: /ros2_ws/install/drivers/share/drivers/environment/ament_prefix_path.sh
[8.731s] -- Up-to-date symlink: /ros2_ws/install/drivers/share/drivers/environment/ament_prefix_path.dsv
[8.732s] -- Up-to-date symlink: /ros2_ws/install/drivers/share/drivers/environment/path.sh
[8.733s] -- Up-to-date symlink: /ros2_ws/install/drivers/share/drivers/environment/path.dsv
[8.733s] -- Up-to-date symlink: /ros2_ws/install/drivers/share/drivers/local_setup.bash
[8.734s] -- Up-to-date symlink: /ros2_ws/install/drivers/share/drivers/local_setup.sh
[8.735s] -- Up-to-date symlink: /ros2_ws/install/drivers/share/drivers/local_setup.zsh
[8.735s] -- Up-to-date symlink: /ros2_ws/install/drivers/share/drivers/local_setup.dsv
[8.736s] -- Symlinking: /ros2_ws/install/drivers/share/drivers/package.dsv
[8.763s] -- Up-to-date symlink: /ros2_ws/install/drivers/share/ament_index/resource_index/packages/drivers
[8.764s] -- Up-to-date symlink: /ros2_ws/install/drivers/share/drivers/cmake/ament_cmake_export_include_directories-extras.cmake
[8.765s] -- Up-to-date symlink: /ros2_ws/install/drivers/share/drivers/cmake/ament_cmake_export_libraries-extras.cmake
[8.765s] -- Up-to-date symlink: /ros2_ws/install/drivers/share/drivers/cmake/driversConfig.cmake
[8.766s] -- Up-to-date symlink: /ros2_ws/install/drivers/share/drivers/cmake/driversConfig-version.cmake
[8.766s] -- Up-to-date symlink: /ros2_ws/install/drivers/share/drivers/package.xml
[8.767s] -- Installing: /ros2_ws/install/drivers/lib/libdrivers_core.a
[8.779s] Invoked command in '/ros2_ws/build/drivers' returned '0': CMAKE_PREFIX_PATH=/ros2_ws/install/common:/ros2_ws/install/drivers:/opt/ros/humble /usr/bin/cmake --install /ros2_ws/build/drivers
