[0.049s] Invoking command in '/ros2_ws/build/oradar_lidar': CMAKE_PREFIX_PATH=${CMAKE_PREFIX_PATH}:/opt/ros/humble /usr/bin/cmake --build /ros2_ws/build/oradar_lidar -- -j4 -l4
[0.295s] [ 60%] Built target oradar_sdk
[0.423s] [ 70%] Built target oradar_scan
[0.448s] [ 80%] Built target blocking_c_api_test
[0.454s] [ 90%] Built target non-blocking_test
[0.477s] [100%] Built target blocking_test
[0.515s] Invoked command in '/ros2_ws/build/oradar_lidar' returned '0': CMAKE_PREFIX_PATH=${CMAKE_PREFIX_PATH}:/opt/ros/humble /usr/bin/cmake --build /ros2_ws/build/oradar_lidar -- -j4 -l4
[0.550s] Invoking command in '/ros2_ws/build/oradar_lidar': CMAKE_PREFIX_PATH=${CMAKE_PREFIX_PATH}:/opt/ros/humble /usr/bin/cmake --install /ros2_ws/build/oradar_lidar
[0.575s] -- Install configuration: "RELEASE"
[0.576s] -- Up-to-date: /ros2_ws/install/oradar_lidar/lib/oradar_lidar/oradar_scan
[0.579s] -- Up-to-date: /ros2_ws/install/oradar_lidar/share/oradar_lidar//launch
[0.581s] -- Up-to-date: /ros2_ws/install/oradar_lidar/share/oradar_lidar//launch/ms200_scan_view.launch
[0.582s] -- Up-to-date: /ros2_ws/install/oradar_lidar/share/oradar_lidar//launch/ms200_scan_gmapping.launch.py
[0.583s] -- Up-to-date: /ros2_ws/install/oradar_lidar/share/oradar_lidar//launch/ms200_scan.launch.py
[0.584s] -- Up-to-date: /ros2_ws/install/oradar_lidar/share/oradar_lidar//launch/ms200_scan_view.launch.py
[0.585s] -- Up-to-date: /ros2_ws/install/oradar_lidar/share/oradar_lidar//launch/ms200_scan.launch
[0.586s] -- Up-to-date: /ros2_ws/install/oradar_lidar/share/oradar_lidar//rviz2
[0.588s] -- Up-to-date: /ros2_ws/install/oradar_lidar/share/oradar_lidar//rviz2/oradar_scan.rviz
[0.589s] -- Up-to-date: /ros2_ws/install/oradar_lidar/share/ament_index/resource_index/package_run_dependencies/oradar_lidar
[0.590s] -- Up-to-date: /ros2_ws/install/oradar_lidar/share/ament_index/resource_index/parent_prefix_path/oradar_lidar
[0.591s] -- Up-to-date: /ros2_ws/install/oradar_lidar/share/oradar_lidar/environment/ament_prefix_path.sh
[0.592s] -- Up-to-date: /ros2_ws/install/oradar_lidar/share/oradar_lidar/environment/ament_prefix_path.dsv
[0.593s] -- Up-to-date: /ros2_ws/install/oradar_lidar/share/oradar_lidar/environment/path.sh
[0.594s] -- Up-to-date: /ros2_ws/install/oradar_lidar/share/oradar_lidar/environment/path.dsv
[0.595s] -- Up-to-date: /ros2_ws/install/oradar_lidar/share/oradar_lidar/local_setup.bash
[0.596s] -- Up-to-date: /ros2_ws/install/oradar_lidar/share/oradar_lidar/local_setup.sh
[0.597s] -- Up-to-date: /ros2_ws/install/oradar_lidar/share/oradar_lidar/local_setup.zsh
[0.598s] -- Up-to-date: /ros2_ws/install/oradar_lidar/share/oradar_lidar/local_setup.dsv
[0.600s] -- Installing: /ros2_ws/install/oradar_lidar/share/oradar_lidar/package.dsv
[0.600s] -- Up-to-date: /ros2_ws/install/oradar_lidar/share/ament_index/resource_index/packages/oradar_lidar
[0.601s] -- Up-to-date: /ros2_ws/install/oradar_lidar/share/oradar_lidar/cmake/oradar_lidarConfig.cmake
[0.601s] -- Up-to-date: /ros2_ws/install/oradar_lidar/share/oradar_lidar/cmake/oradar_lidarConfig-version.cmake
[0.602s] -- Up-to-date: /ros2_ws/install/oradar_lidar/share/oradar_lidar/package.xml
[0.602s] -- Up-to-date: /ros2_ws/install/oradar_lidar/include/core/base/datatype.h
[0.603s] -- Up-to-date: /ros2_ws/install/oradar_lidar/include/core/base/locker.h
[0.603s] -- Up-to-date: /ros2_ws/install/oradar_lidar/include/core/base/thread.h
[0.604s] -- Up-to-date: /ros2_ws/install/oradar_lidar/include/core/base/timer.h
[0.604s] -- Up-to-date: /ros2_ws/install/oradar_lidar/include/core/base/typedef.h
[0.605s] -- Up-to-date: /ros2_ws/install/oradar_lidar/include/core/base/utils.h
[0.605s] -- Up-to-date: /ros2_ws/install/oradar_lidar/include/core/base/v8stdint.h
[0.607s] -- Up-to-date: /ros2_ws/install/oradar_lidar/include/core/common/ChannelDevice.h
[0.607s] -- Up-to-date: /ros2_ws/install/oradar_lidar/include/core/math/angles.h
[0.607s] -- Up-to-date: /ros2_ws/install/oradar_lidar/include/core/network/ActiveSocket.h
[0.608s] -- Up-to-date: /ros2_ws/install/oradar_lidar/include/core/network/PassiveSocket.h
[0.608s] -- Up-to-date: /ros2_ws/install/oradar_lidar/include/core/network/SimpleSocket.h
[0.608s] -- Up-to-date: /ros2_ws/install/oradar_lidar/include/core/network/StatTimer.h
[0.609s] -- Up-to-date: /ros2_ws/install/oradar_lidar/include/core/serial/common.h
[0.609s] -- Up-to-date: /ros2_ws/install/oradar_lidar/include/core/serial/serial.h
[0.609s] -- Up-to-date: /ros2_ws/install/oradar_lidar/include/core/serial/impl/unix/lock.h
[0.610s] -- Up-to-date: /ros2_ws/install/oradar_lidar/include/core/serial/impl/unix/unix.h
[0.610s] -- Up-to-date: /ros2_ws/install/oradar_lidar/include/core/serial/impl/unix/unix_serial.h
[0.615s] -- Up-to-date: /ros2_ws/install/oradar_lidar/include/src/ord_lidar_c_api_driver.h
[0.616s] -- Up-to-date: /ros2_ws/install/oradar_lidar/include/src/ord_lidar_driver.h
[0.616s] -- Up-to-date: /ros2_ws/install/oradar_lidar/include/src/ordlidar_protocol.h
[0.617s] -- Up-to-date: /ros2_ws/install/oradar_lidar/include/src/filters/FullScanFilter.h
[0.618s] -- Up-to-date: /ros2_ws/install/oradar_lidar/lib/liboradar_sdk.a
[0.623s] -- Up-to-date: /ros2_ws/install/oradar_lidar/bin/blocking_test
[0.624s] -- Up-to-date: /ros2_ws/install/oradar_lidar/bin/non-blocking_test
[0.624s] -- Up-to-date: /ros2_ws/install/oradar_lidar/bin/blocking_c_api_test
[0.625s] Invoked command in '/ros2_ws/build/oradar_lidar' returned '0': CMAKE_PREFIX_PATH=${CMAKE_PREFIX_PATH}:/opt/ros/humble /usr/bin/cmake --install /ros2_ws/build/oradar_lidar
