[0.051s] Invoking command in '/ros2_ws/build/oradar_lidar': CMAKE_PREFIX_PATH=${CMAKE_PREFIX_PATH}:/opt/ros/humble /usr/bin/cmake --build /ros2_ws/build/oradar_lidar -- -j4 -l4
[0.378s] [ 60%] Built target oradar_sdk
[0.580s] [ 70%] Built target oradar_scan
[0.630s] [ 80%] Built target blocking_test
[0.638s] [ 90%] Built target non-blocking_test
[0.650s] [100%] Built target blocking_c_api_test
[0.707s] Invoked command in '/ros2_ws/build/oradar_lidar' returned '0': CMAKE_PREFIX_PATH=${CMAKE_PREFIX_PATH}:/opt/ros/humble /usr/bin/cmake --build /ros2_ws/build/oradar_lidar -- -j4 -l4
[0.748s] Invoking command in '/ros2_ws/build/oradar_lidar': CMAKE_PREFIX_PATH=${CMAKE_PREFIX_PATH}:/opt/ros/humble /usr/bin/cmake --install /ros2_ws/build/oradar_lidar
[0.782s] -- Install configuration: "RELEASE"
[0.785s] -- Up-to-date: /ros2_ws/install/oradar_lidar/lib/oradar_lidar/oradar_scan
[0.789s] -- Up-to-date: /ros2_ws/install/oradar_lidar/share/oradar_lidar//launch
[0.791s] -- Up-to-date: /ros2_ws/install/oradar_lidar/share/oradar_lidar//launch/ms200_scan_view.launch
[0.794s] -- Up-to-date: /ros2_ws/install/oradar_lidar/share/oradar_lidar//launch/ms200_scan_gmapping.launch.py
[0.797s] -- Up-to-date: /ros2_ws/install/oradar_lidar/share/oradar_lidar//launch/ms200_scan.launch.py
[0.801s] -- Up-to-date: /ros2_ws/install/oradar_lidar/share/oradar_lidar//launch/ms200_scan_view.launch.py
[0.803s] -- Up-to-date: /ros2_ws/install/oradar_lidar/share/oradar_lidar//launch/ms200_scan.launch
[0.805s] -- Up-to-date: /ros2_ws/install/oradar_lidar/share/oradar_lidar//rviz2
[0.808s] -- Up-to-date: /ros2_ws/install/oradar_lidar/share/oradar_lidar//rviz2/oradar_scan.rviz
[0.810s] -- Up-to-date: /ros2_ws/install/oradar_lidar/share/ament_index/resource_index/package_run_dependencies/oradar_lidar
[0.813s] -- Up-to-date: /ros2_ws/install/oradar_lidar/share/ament_index/resource_index/parent_prefix_path/oradar_lidar
[0.814s] -- Up-to-date: /ros2_ws/install/oradar_lidar/share/oradar_lidar/environment/ament_prefix_path.sh
[0.818s] -- Up-to-date: /ros2_ws/install/oradar_lidar/share/oradar_lidar/environment/ament_prefix_path.dsv
[0.820s] -- Up-to-date: /ros2_ws/install/oradar_lidar/share/oradar_lidar/environment/path.sh
[0.821s] -- Up-to-date: /ros2_ws/install/oradar_lidar/share/oradar_lidar/environment/path.dsv
[0.822s] -- Up-to-date: /ros2_ws/install/oradar_lidar/share/oradar_lidar/local_setup.bash
[0.823s] -- Up-to-date: /ros2_ws/install/oradar_lidar/share/oradar_lidar/local_setup.sh
[0.834s] -- Up-to-date: /ros2_ws/install/oradar_lidar/share/oradar_lidar/local_setup.zsh
[0.835s] -- Up-to-date: /ros2_ws/install/oradar_lidar/share/oradar_lidar/local_setup.dsv
[0.837s] -- Installing: /ros2_ws/install/oradar_lidar/share/oradar_lidar/package.dsv
[0.838s] -- Up-to-date: /ros2_ws/install/oradar_lidar/share/ament_index/resource_index/packages/oradar_lidar
[0.840s] -- Up-to-date: /ros2_ws/install/oradar_lidar/share/oradar_lidar/cmake/oradar_lidarConfig.cmake
[0.848s] -- Up-to-date: /ros2_ws/install/oradar_lidar/share/oradar_lidar/cmake/oradar_lidarConfig-version.cmake
[0.850s] -- Up-to-date: /ros2_ws/install/oradar_lidar/share/oradar_lidar/package.xml
[0.851s] -- Up-to-date: /ros2_ws/install/oradar_lidar/include/core/base/datatype.h
[0.852s] -- Up-to-date: /ros2_ws/install/oradar_lidar/include/core/base/locker.h
[0.853s] -- Up-to-date: /ros2_ws/install/oradar_lidar/include/core/base/thread.h
[0.854s] -- Up-to-date: /ros2_ws/install/oradar_lidar/include/core/base/timer.h
[0.865s] -- Up-to-date: /ros2_ws/install/oradar_lidar/include/core/base/typedef.h
[0.865s] -- Up-to-date: /ros2_ws/install/oradar_lidar/include/core/base/utils.h
[0.866s] -- Up-to-date: /ros2_ws/install/oradar_lidar/include/core/base/v8stdint.h
[0.866s] -- Up-to-date: /ros2_ws/install/oradar_lidar/include/core/common/ChannelDevice.h
[0.890s] -- Up-to-date: /ros2_ws/install/oradar_lidar/include/core/math/angles.h
[0.890s] -- Up-to-date: /ros2_ws/install/oradar_lidar/include/core/network/ActiveSocket.h
[0.891s] -- Up-to-date: /ros2_ws/install/oradar_lidar/include/core/network/PassiveSocket.h
[0.891s] -- Up-to-date: /ros2_ws/install/oradar_lidar/include/core/network/SimpleSocket.h
[0.892s] -- Up-to-date: /ros2_ws/install/oradar_lidar/include/core/network/StatTimer.h
[0.893s] -- Up-to-date: /ros2_ws/install/oradar_lidar/include/core/serial/common.h
[0.895s] -- Up-to-date: /ros2_ws/install/oradar_lidar/include/core/serial/serial.h
[0.912s] -- Up-to-date: /ros2_ws/install/oradar_lidar/include/core/serial/impl/unix/lock.h
[0.912s] -- Up-to-date: /ros2_ws/install/oradar_lidar/include/core/serial/impl/unix/unix.h
[0.913s] -- Up-to-date: /ros2_ws/install/oradar_lidar/include/core/serial/impl/unix/unix_serial.h
[0.914s] -- Up-to-date: /ros2_ws/install/oradar_lidar/include/src/ord_lidar_c_api_driver.h
[0.918s] -- Up-to-date: /ros2_ws/install/oradar_lidar/include/src/ord_lidar_driver.h
[0.919s] -- Up-to-date: /ros2_ws/install/oradar_lidar/include/src/ordlidar_protocol.h
[0.919s] -- Up-to-date: /ros2_ws/install/oradar_lidar/include/src/filters/FullScanFilter.h
[0.927s] -- Up-to-date: /ros2_ws/install/oradar_lidar/lib/liboradar_sdk.a
[0.928s] -- Up-to-date: /ros2_ws/install/oradar_lidar/bin/blocking_test
[0.928s] -- Up-to-date: /ros2_ws/install/oradar_lidar/bin/non-blocking_test
[0.933s] -- Up-to-date: /ros2_ws/install/oradar_lidar/bin/blocking_c_api_test
[0.934s] Invoked command in '/ros2_ws/build/oradar_lidar' returned '0': CMAKE_PREFIX_PATH=${CMAKE_PREFIX_PATH}:/opt/ros/humble /usr/bin/cmake --install /ros2_ws/build/oradar_lidar
