[0.069s] Invoking command in '/ros2_ws/build/cerebellum_description': CMAKE_PREFIX_PATH=/ros2_ws/install/cerebellum_hardware:/ros2_ws/install/drivers:/ros2_ws/install/common:/ros2_ws/install/bringup:/ros2_ws/install/dri_interfaces:/ros2_ws/install/interfaces:/ros2_ws/install/cerebellum_description:/ros2_ws/install/system_services:/opt/ros/humble /usr/bin/cmake /ros2_ws/src/ros2_control/cerebellum_description -DAMENT_CMAKE_SYMLINK_INSTALL=1 -DCMAKE_INSTALL_PREFIX=/ros2_ws/install/cerebellum_description
[0.115s] -- Found ament_cmake: 1.3.14 (/opt/ros/humble/share/ament_cmake/cmake)
[0.652s] -- Override CMake install command with custom implementation using symlinks instead of copying resources
[0.974s] -- Configuring done
[0.983s] -- Generating done
[0.989s] -- Build files have been written to: /ros2_ws/build/cerebellum_description
[1.006s] Invoked command in '/ros2_ws/build/cerebellum_description' returned '0': CMAKE_PREFIX_PATH=/ros2_ws/install/cerebellum_hardware:/ros2_ws/install/drivers:/ros2_ws/install/common:/ros2_ws/install/bringup:/ros2_ws/install/dri_interfaces:/ros2_ws/install/interfaces:/ros2_ws/install/cerebellum_description:/ros2_ws/install/system_services:/opt/ros/humble /usr/bin/cmake /ros2_ws/src/ros2_control/cerebellum_description -DAMENT_CMAKE_SYMLINK_INSTALL=1 -DCMAKE_INSTALL_PREFIX=/ros2_ws/install/cerebellum_description
[1.007s] Invoking command in '/ros2_ws/build/cerebellum_description': CMAKE_PREFIX_PATH=/ros2_ws/install/cerebellum_hardware:/ros2_ws/install/drivers:/ros2_ws/install/common:/ros2_ws/install/bringup:/ros2_ws/install/dri_interfaces:/ros2_ws/install/interfaces:/ros2_ws/install/cerebellum_description:/ros2_ws/install/system_services:/opt/ros/humble /usr/bin/cmake --build /ros2_ws/build/cerebellum_description -- -j4 -l4
[1.122s] Invoked command in '/ros2_ws/build/cerebellum_description' returned '0': CMAKE_PREFIX_PATH=/ros2_ws/install/cerebellum_hardware:/ros2_ws/install/drivers:/ros2_ws/install/common:/ros2_ws/install/bringup:/ros2_ws/install/dri_interfaces:/ros2_ws/install/interfaces:/ros2_ws/install/cerebellum_description:/ros2_ws/install/system_services:/opt/ros/humble /usr/bin/cmake --build /ros2_ws/build/cerebellum_description -- -j4 -l4
[1.127s] Invoking command in '/ros2_ws/build/cerebellum_description': CMAKE_PREFIX_PATH=/ros2_ws/install/cerebellum_hardware:/ros2_ws/install/drivers:/ros2_ws/install/common:/ros2_ws/install/bringup:/ros2_ws/install/dri_interfaces:/ros2_ws/install/interfaces:/ros2_ws/install/cerebellum_description:/ros2_ws/install/system_services:/opt/ros/humble /usr/bin/cmake --install /ros2_ws/build/cerebellum_description
[1.150s] -- Install configuration: ""
[1.151s] -- Execute custom install script
[1.153s] -- Up-to-date symlink: /ros2_ws/install/cerebellum_description/share/cerebellum_description/urdf/cerebellum.urdf.xacro
[1.153s] -- Up-to-date symlink: /ros2_ws/install/cerebellum_description/share/cerebellum_description/config/controllers.yaml
[1.154s] -- Up-to-date symlink: /ros2_ws/install/cerebellum_description/share/ament_index/resource_index/package_run_dependencies/cerebellum_description
[1.155s] -- Up-to-date symlink: /ros2_ws/install/cerebellum_description/share/ament_index/resource_index/parent_prefix_path/cerebellum_description
[1.155s] -- Up-to-date symlink: /ros2_ws/install/cerebellum_description/share/cerebellum_description/environment/ament_prefix_path.sh
[1.156s] -- Up-to-date symlink: /ros2_ws/install/cerebellum_description/share/cerebellum_description/environment/ament_prefix_path.dsv
[1.157s] -- Up-to-date symlink: /ros2_ws/install/cerebellum_description/share/cerebellum_description/environment/path.sh
[1.157s] -- Up-to-date symlink: /ros2_ws/install/cerebellum_description/share/cerebellum_description/environment/path.dsv
[1.158s] -- Up-to-date symlink: /ros2_ws/install/cerebellum_description/share/cerebellum_description/local_setup.bash
[1.158s] -- Up-to-date symlink: /ros2_ws/install/cerebellum_description/share/cerebellum_description/local_setup.sh
[1.159s] -- Up-to-date symlink: /ros2_ws/install/cerebellum_description/share/cerebellum_description/local_setup.zsh
[1.160s] -- Up-to-date symlink: /ros2_ws/install/cerebellum_description/share/cerebellum_description/local_setup.dsv
[1.160s] -- Symlinking: /ros2_ws/install/cerebellum_description/share/cerebellum_description/package.dsv
[1.188s] -- Up-to-date symlink: /ros2_ws/install/cerebellum_description/share/ament_index/resource_index/packages/cerebellum_description
[1.188s] -- Up-to-date symlink: /ros2_ws/install/cerebellum_description/share/cerebellum_description/cmake/cerebellum_descriptionConfig.cmake
[1.189s] -- Up-to-date symlink: /ros2_ws/install/cerebellum_description/share/cerebellum_description/cmake/cerebellum_descriptionConfig-version.cmake
[1.189s] -- Up-to-date symlink: /ros2_ws/install/cerebellum_description/share/cerebellum_description/package.xml
[1.200s] Invoked command in '/ros2_ws/build/cerebellum_description' returned '0': CMAKE_PREFIX_PATH=/ros2_ws/install/cerebellum_hardware:/ros2_ws/install/drivers:/ros2_ws/install/common:/ros2_ws/install/bringup:/ros2_ws/install/dri_interfaces:/ros2_ws/install/interfaces:/ros2_ws/install/cerebellum_description:/ros2_ws/install/system_services:/opt/ros/humble /usr/bin/cmake --install /ros2_ws/build/cerebellum_description
