[0.126s] Invoking command in '/ros2_ws/build/bringup': CMAKE_PREFIX_PATH=/ros2_ws/install/description:/ros2_ws/install/brain_hardware:/ros2_ws/install/interfaces:/ros2_ws/install/oradar_lidar:/ros2_ws/install/bringup:/ros2_ws/install/brain_controller:/opt/ros/humble LD_LIBRARY_PATH=/ros2_ws/install/brain_hardware/lib:/ros2_ws/install/interfaces/lib:/ros2_ws/install/brain_controller/lib:/opt/ros/humble/opt/rviz_ogre_vendor/lib:/opt/ros/humble/lib/aarch64-linux-gnu:/opt/ros/humble/lib /usr/bin/cmake --build /ros2_ws/build/bringup -- -j4 -l4
[0.414s] Invoked command in '/ros2_ws/build/bringup' returned '0': CMAKE_PREFIX_PATH=/ros2_ws/install/description:/ros2_ws/install/brain_hardware:/ros2_ws/install/interfaces:/ros2_ws/install/oradar_lidar:/ros2_ws/install/bringup:/ros2_ws/install/brain_controller:/opt/ros/humble LD_LIBRARY_PATH=/ros2_ws/install/brain_hardware/lib:/ros2_ws/install/interfaces/lib:/ros2_ws/install/brain_controller/lib:/opt/ros/humble/opt/rviz_ogre_vendor/lib:/opt/ros/humble/lib/aarch64-linux-gnu:/opt/ros/humble/lib /usr/bin/cmake --build /ros2_ws/build/bringup -- -j4 -l4
[0.416s] Invoking command in '/ros2_ws/build/bringup': CMAKE_PREFIX_PATH=/ros2_ws/install/description:/ros2_ws/install/brain_hardware:/ros2_ws/install/interfaces:/ros2_ws/install/oradar_lidar:/ros2_ws/install/bringup:/ros2_ws/install/brain_controller:/opt/ros/humble LD_LIBRARY_PATH=/ros2_ws/install/brain_hardware/lib:/ros2_ws/install/interfaces/lib:/ros2_ws/install/brain_controller/lib:/opt/ros/humble/opt/rviz_ogre_vendor/lib:/opt/ros/humble/lib/aarch64-linux-gnu:/opt/ros/humble/lib /usr/bin/cmake --install /ros2_ws/build/bringup
[0.466s] -- Install configuration: ""
[0.468s] -- Up-to-date: /ros2_ws/install/bringup/share/bringup/launch
[0.469s] -- Installing: /ros2_ws/install/bringup/share/bringup/launch/brain_nav.launch.py
[0.475s] -- Up-to-date: /ros2_ws/install/bringup/share/ament_index/resource_index/package_run_dependencies/bringup
[0.476s] -- Up-to-date: /ros2_ws/install/bringup/share/ament_index/resource_index/parent_prefix_path/bringup
[0.480s] -- Up-to-date: /ros2_ws/install/bringup/share/bringup/environment/ament_prefix_path.sh
[0.481s] -- Up-to-date: /ros2_ws/install/bringup/share/bringup/environment/ament_prefix_path.dsv
[0.482s] -- Up-to-date: /ros2_ws/install/bringup/share/bringup/environment/path.sh
[0.483s] -- Up-to-date: /ros2_ws/install/bringup/share/bringup/environment/path.dsv
[0.500s] -- Up-to-date: /ros2_ws/install/bringup/share/bringup/local_setup.bash
[0.511s] -- Up-to-date: /ros2_ws/install/bringup/share/bringup/local_setup.sh
[0.515s] -- Up-to-date: /ros2_ws/install/bringup/share/bringup/local_setup.zsh
[0.516s] -- Up-to-date: /ros2_ws/install/bringup/share/bringup/local_setup.dsv
[0.519s] -- Installing: /ros2_ws/install/bringup/share/bringup/package.dsv
[0.521s] -- Up-to-date: /ros2_ws/install/bringup/share/ament_index/resource_index/packages/bringup
[0.522s] -- Up-to-date: /ros2_ws/install/bringup/share/bringup/cmake/bringupConfig.cmake
[0.523s] -- Up-to-date: /ros2_ws/install/bringup/share/bringup/cmake/bringupConfig-version.cmake
[0.525s] -- Up-to-date: /ros2_ws/install/bringup/share/bringup/package.xml
[0.546s] Invoked command in '/ros2_ws/build/bringup' returned '0': CMAKE_PREFIX_PATH=/ros2_ws/install/description:/ros2_ws/install/brain_hardware:/ros2_ws/install/interfaces:/ros2_ws/install/oradar_lidar:/ros2_ws/install/bringup:/ros2_ws/install/brain_controller:/opt/ros/humble LD_LIBRARY_PATH=/ros2_ws/install/brain_hardware/lib:/ros2_ws/install/interfaces/lib:/ros2_ws/install/brain_controller/lib:/opt/ros/humble/opt/rviz_ogre_vendor/lib:/opt/ros/humble/lib/aarch64-linux-gnu:/opt/ros/humble/lib /usr/bin/cmake --install /ros2_ws/build/bringup
