[0.068s] Invoking command in '/ros2_ws/build/bringup': CMAKE_PREFIX_PATH=/ros2_ws/install/cerebellum_description:/ros2_ws/install/cerebellum_hardware:/ros2_ws/install/drivers:/ros2_ws/install/interfaces:/ros2_ws/install/common:/ros2_ws/install/bringup:/ros2_ws/install/dri_interfaces:/ros2_ws/install/system_services:/opt/ros/humble /usr/bin/cmake --build /ros2_ws/build/bringup -- -j4 -l4
[0.187s] Invoked command in '/ros2_ws/build/bringup' returned '0': CMAKE_PREFIX_PATH=/ros2_ws/install/cerebellum_description:/ros2_ws/install/cerebellum_hardware:/ros2_ws/install/drivers:/ros2_ws/install/interfaces:/ros2_ws/install/common:/ros2_ws/install/bringup:/ros2_ws/install/dri_interfaces:/ros2_ws/install/system_services:/opt/ros/humble /usr/bin/cmake --build /ros2_ws/build/bringup -- -j4 -l4
[0.193s] Invoking command in '/ros2_ws/build/bringup': CMAKE_PREFIX_PATH=/ros2_ws/install/cerebellum_description:/ros2_ws/install/cerebellum_hardware:/ros2_ws/install/drivers:/ros2_ws/install/interfaces:/ros2_ws/install/common:/ros2_ws/install/bringup:/ros2_ws/install/dri_interfaces:/ros2_ws/install/system_services:/opt/ros/humble /usr/bin/cmake --install /ros2_ws/build/bringup
[0.221s] -- Install configuration: ""
[0.223s] -- Execute custom install script
[0.227s] -- Up-to-date symlink: /ros2_ws/install/bringup/share/bringup/launch/cerebellum_bringup.launch.py
[0.227s] -- Up-to-date symlink: /ros2_ws/install/bringup/share/ament_index/resource_index/package_run_dependencies/bringup
[0.227s] -- Up-to-date symlink: /ros2_ws/install/bringup/share/ament_index/resource_index/parent_prefix_path/bringup
[0.228s] -- Up-to-date symlink: /ros2_ws/install/bringup/share/bringup/environment/ament_prefix_path.sh
[0.228s] -- Up-to-date symlink: /ros2_ws/install/bringup/share/bringup/environment/ament_prefix_path.dsv
[0.229s] -- Up-to-date symlink: /ros2_ws/install/bringup/share/bringup/environment/path.sh
[0.229s] -- Up-to-date symlink: /ros2_ws/install/bringup/share/bringup/environment/path.dsv
[0.229s] -- Up-to-date symlink: /ros2_ws/install/bringup/share/bringup/local_setup.bash
[0.230s] -- Up-to-date symlink: /ros2_ws/install/bringup/share/bringup/local_setup.sh
[0.230s] -- Up-to-date symlink: /ros2_ws/install/bringup/share/bringup/local_setup.zsh
[0.230s] -- Up-to-date symlink: /ros2_ws/install/bringup/share/bringup/local_setup.dsv
[0.231s] -- Symlinking: /ros2_ws/install/bringup/share/bringup/package.dsv
[0.262s] -- Up-to-date symlink: /ros2_ws/install/bringup/share/ament_index/resource_index/packages/bringup
[0.263s] -- Up-to-date symlink: /ros2_ws/install/bringup/share/bringup/cmake/bringupConfig.cmake
[0.267s] -- Up-to-date symlink: /ros2_ws/install/bringup/share/bringup/cmake/bringupConfig-version.cmake
[0.275s] -- Up-to-date symlink: /ros2_ws/install/bringup/share/bringup/package.xml
[0.276s] Invoked command in '/ros2_ws/build/bringup' returned '0': CMAKE_PREFIX_PATH=/ros2_ws/install/cerebellum_description:/ros2_ws/install/cerebellum_hardware:/ros2_ws/install/drivers:/ros2_ws/install/interfaces:/ros2_ws/install/common:/ros2_ws/install/bringup:/ros2_ws/install/dri_interfaces:/ros2_ws/install/system_services:/opt/ros/humble /usr/bin/cmake --install /ros2_ws/build/bringup
