[0.450s] DEBUG:colcon:Command line arguments: ['/usr/bin/colcon', 'build', '--symlink-install']
[0.450s] DEBUG:colcon:Parsed command line arguments: Namespace(log_base=None, log_level=None, verb_name='build', build_base='build', install_base='install', merge_install=False, symlink_install=True, test_result_base=None, continue_on_error=False, executor='parallel', parallel_workers=4, event_handlers=None, ignore_user_meta=False, metas=['./colcon.meta'], base_paths=['.'], packages_ignore=None, packages_ignore_regex=None, paths=None, packages_up_to=None, packages_up_to_regex=None, packages_above=None, packages_above_and_dependencies=None, packages_above_depth=None, packages_select_by_dep=None, packages_skip_by_dep=None, packages_skip_up_to=None, packages_select_build_failed=False, packages_skip_build_finished=False, packages_select_test_failures=False, packages_skip_test_passed=False, packages_select=None, packages_skip=None, packages_select_regex=None, packages_skip_regex=None, packages_start=None, packages_end=None, allow_overriding=[], cmake_args=None, cmake_target=None, cmake_target_skip_unavailable=False, cmake_clean_cache=False, cmake_clean_first=False, cmake_force_configure=False, ament_cmake_args=None, catkin_cmake_args=None, catkin_skip_building_tests=False, verb_parser=<colcon_defaults.argument_parser.defaults.DefaultArgumentsDecorator object at 0x7f784bef50>, verb_extension=<colcon_core.verb.build.BuildVerb object at 0x7f786386d0>, main=<bound method BuildVerb.main of <colcon_core.verb.build.BuildVerb object at 0x7f786386d0>>)
[1.211s] Level 1:colcon.colcon_core.package_discovery:discover_packages(colcon_meta) check parameters
[1.211s] Level 1:colcon.colcon_core.package_discovery:discover_packages(recursive) check parameters
[1.212s] Level 1:colcon.colcon_core.package_discovery:discover_packages(ignore) check parameters
[1.212s] Level 1:colcon.colcon_core.package_discovery:discover_packages(path) check parameters
[1.212s] Level 1:colcon.colcon_core.package_discovery:discover_packages(colcon_meta) discover
[1.212s] Level 1:colcon.colcon_core.package_discovery:discover_packages(recursive) discover
[1.213s] INFO:colcon.colcon_core.package_discovery:Crawling recursively for packages in '/ros2_ws'
[1.213s] Level 1:colcon.colcon_core.package_identification:_identify(.) by extensions ['ignore', 'ignore_ament_install']
[1.213s] Level 1:colcon.colcon_core.package_identification:_identify(.) by extension 'ignore'
[1.214s] Level 1:colcon.colcon_core.package_identification:_identify(.) by extension 'ignore_ament_install'
[1.214s] Level 1:colcon.colcon_core.package_identification:_identify(.) by extensions ['colcon_pkg']
[1.214s] Level 1:colcon.colcon_core.package_identification:_identify(.) by extension 'colcon_pkg'
[1.214s] Level 1:colcon.colcon_core.package_identification:_identify(.) by extensions ['colcon_meta']
[1.214s] Level 1:colcon.colcon_core.package_identification:_identify(.) by extension 'colcon_meta'
[1.214s] Level 1:colcon.colcon_core.package_identification:_identify(.) by extensions ['ros']
[1.215s] Level 1:colcon.colcon_core.package_identification:_identify(.) by extension 'ros'
[1.267s] Level 1:colcon.colcon_core.package_identification:_identify(.) by extensions ['cmake', 'python']
[1.267s] Level 1:colcon.colcon_core.package_identification:_identify(.) by extension 'cmake'
[1.267s] Level 1:colcon.colcon_core.package_identification:_identify(.) by extension 'python'
[1.267s] Level 1:colcon.colcon_core.package_identification:_identify(.) by extensions ['python_setup_py']
[1.268s] Level 1:colcon.colcon_core.package_identification:_identify(.) by extension 'python_setup_py'
[1.268s] Level 1:colcon.colcon_core.package_identification:_identify(build) by extensions ['ignore', 'ignore_ament_install']
[1.268s] Level 1:colcon.colcon_core.package_identification:_identify(build) by extension 'ignore'
[1.269s] Level 1:colcon.colcon_core.package_identification:_identify(build) ignored
[1.269s] Level 1:colcon.colcon_core.package_identification:_identify(install) by extensions ['ignore', 'ignore_ament_install']
[1.270s] Level 1:colcon.colcon_core.package_identification:_identify(install) by extension 'ignore'
[1.270s] Level 1:colcon.colcon_core.package_identification:_identify(install) ignored
[1.270s] Level 1:colcon.colcon_core.package_identification:_identify(log) by extensions ['ignore', 'ignore_ament_install']
[1.270s] Level 1:colcon.colcon_core.package_identification:_identify(log) by extension 'ignore'
[1.271s] Level 1:colcon.colcon_core.package_identification:_identify(log) ignored
[1.271s] Level 1:colcon.colcon_core.package_identification:_identify(src) by extensions ['ignore', 'ignore_ament_install']
[1.271s] Level 1:colcon.colcon_core.package_identification:_identify(src) by extension 'ignore'
[1.272s] Level 1:colcon.colcon_core.package_identification:_identify(src) by extension 'ignore_ament_install'
[1.272s] Level 1:colcon.colcon_core.package_identification:_identify(src) by extensions ['colcon_pkg']
[1.272s] Level 1:colcon.colcon_core.package_identification:_identify(src) by extension 'colcon_pkg'
[1.272s] Level 1:colcon.colcon_core.package_identification:_identify(src) by extensions ['colcon_meta']
[1.272s] Level 1:colcon.colcon_core.package_identification:_identify(src) by extension 'colcon_meta'
[1.273s] Level 1:colcon.colcon_core.package_identification:_identify(src) by extensions ['ros']
[1.273s] Level 1:colcon.colcon_core.package_identification:_identify(src) by extension 'ros'
[1.273s] Level 1:colcon.colcon_core.package_identification:_identify(src) by extensions ['cmake', 'python']
[1.273s] Level 1:colcon.colcon_core.package_identification:_identify(src) by extension 'cmake'
[1.273s] Level 1:colcon.colcon_core.package_identification:_identify(src) by extension 'python'
[1.274s] Level 1:colcon.colcon_core.package_identification:_identify(src) by extensions ['python_setup_py']
[1.274s] Level 1:colcon.colcon_core.package_identification:_identify(src) by extension 'python_setup_py'
[1.274s] Level 1:colcon.colcon_core.package_identification:_identify(src/bringup) by extensions ['ignore', 'ignore_ament_install']
[1.275s] Level 1:colcon.colcon_core.package_identification:_identify(src/bringup) by extension 'ignore'
[1.275s] Level 1:colcon.colcon_core.package_identification:_identify(src/bringup) by extension 'ignore_ament_install'
[1.275s] Level 1:colcon.colcon_core.package_identification:_identify(src/bringup) by extensions ['colcon_pkg']
[1.275s] Level 1:colcon.colcon_core.package_identification:_identify(src/bringup) by extension 'colcon_pkg'
[1.275s] Level 1:colcon.colcon_core.package_identification:_identify(src/bringup) by extensions ['colcon_meta']
[1.276s] Level 1:colcon.colcon_core.package_identification:_identify(src/bringup) by extension 'colcon_meta'
[1.276s] Level 1:colcon.colcon_core.package_identification:_identify(src/bringup) by extensions ['ros']
[1.276s] Level 1:colcon.colcon_core.package_identification:_identify(src/bringup) by extension 'ros'
[1.288s] DEBUG:colcon.colcon_core.package_identification:Package 'src/bringup' with type 'ros.ament_cmake' and name 'bringup'
[1.289s] Level 1:colcon.colcon_core.package_identification:_identify(src/common) by extensions ['ignore', 'ignore_ament_install']
[1.289s] Level 1:colcon.colcon_core.package_identification:_identify(src/common) by extension 'ignore'
[1.289s] Level 1:colcon.colcon_core.package_identification:_identify(src/common) by extension 'ignore_ament_install'
[1.290s] Level 1:colcon.colcon_core.package_identification:_identify(src/common) by extensions ['colcon_pkg']
[1.290s] Level 1:colcon.colcon_core.package_identification:_identify(src/common) by extension 'colcon_pkg'
[1.290s] Level 1:colcon.colcon_core.package_identification:_identify(src/common) by extensions ['colcon_meta']
[1.290s] Level 1:colcon.colcon_core.package_identification:_identify(src/common) by extension 'colcon_meta'
[1.291s] Level 1:colcon.colcon_core.package_identification:_identify(src/common) by extensions ['ros']
[1.291s] Level 1:colcon.colcon_core.package_identification:_identify(src/common) by extension 'ros'
[1.294s] DEBUG:colcon.colcon_core.package_identification:Package 'src/common' with type 'ros.ament_cmake' and name 'common'
[1.295s] Level 1:colcon.colcon_core.package_identification:_identify(src/dri_interfaces) by extensions ['ignore', 'ignore_ament_install']
[1.295s] Level 1:colcon.colcon_core.package_identification:_identify(src/dri_interfaces) by extension 'ignore'
[1.295s] Level 1:colcon.colcon_core.package_identification:_identify(src/dri_interfaces) by extension 'ignore_ament_install'
[1.296s] Level 1:colcon.colcon_core.package_identification:_identify(src/dri_interfaces) by extensions ['colcon_pkg']
[1.296s] Level 1:colcon.colcon_core.package_identification:_identify(src/dri_interfaces) by extension 'colcon_pkg'
[1.296s] Level 1:colcon.colcon_core.package_identification:_identify(src/dri_interfaces) by extensions ['colcon_meta']
[1.296s] Level 1:colcon.colcon_core.package_identification:_identify(src/dri_interfaces) by extension 'colcon_meta'
[1.296s] Level 1:colcon.colcon_core.package_identification:_identify(src/dri_interfaces) by extensions ['ros']
[1.296s] Level 1:colcon.colcon_core.package_identification:_identify(src/dri_interfaces) by extension 'ros'
[1.300s] DEBUG:colcon.colcon_core.package_identification:Package 'src/dri_interfaces' with type 'ros.ament_cmake' and name 'dri_interfaces'
[1.301s] Level 1:colcon.colcon_core.package_identification:_identify(src/drivers) by extensions ['ignore', 'ignore_ament_install']
[1.301s] Level 1:colcon.colcon_core.package_identification:_identify(src/drivers) by extension 'ignore'
[1.301s] Level 1:colcon.colcon_core.package_identification:_identify(src/drivers) by extension 'ignore_ament_install'
[1.302s] Level 1:colcon.colcon_core.package_identification:_identify(src/drivers) by extensions ['colcon_pkg']
[1.302s] Level 1:colcon.colcon_core.package_identification:_identify(src/drivers) by extension 'colcon_pkg'
[1.302s] Level 1:colcon.colcon_core.package_identification:_identify(src/drivers) by extensions ['colcon_meta']
[1.302s] Level 1:colcon.colcon_core.package_identification:_identify(src/drivers) by extension 'colcon_meta'
[1.302s] Level 1:colcon.colcon_core.package_identification:_identify(src/drivers) by extensions ['ros']
[1.303s] Level 1:colcon.colcon_core.package_identification:_identify(src/drivers) by extension 'ros'
[1.305s] DEBUG:colcon.colcon_core.package_identification:Package 'src/drivers' with type 'ros.ament_cmake' and name 'drivers'
[1.306s] Level 1:colcon.colcon_core.package_identification:_identify(src/interfaces) by extensions ['ignore', 'ignore_ament_install']
[1.306s] Level 1:colcon.colcon_core.package_identification:_identify(src/interfaces) by extension 'ignore'
[1.306s] Level 1:colcon.colcon_core.package_identification:_identify(src/interfaces) by extension 'ignore_ament_install'
[1.307s] Level 1:colcon.colcon_core.package_identification:_identify(src/interfaces) by extensions ['colcon_pkg']
[1.307s] Level 1:colcon.colcon_core.package_identification:_identify(src/interfaces) by extension 'colcon_pkg'
[1.307s] Level 1:colcon.colcon_core.package_identification:_identify(src/interfaces) by extensions ['colcon_meta']
[1.307s] Level 1:colcon.colcon_core.package_identification:_identify(src/interfaces) by extension 'colcon_meta'
[1.307s] Level 1:colcon.colcon_core.package_identification:_identify(src/interfaces) by extensions ['ros']
[1.308s] Level 1:colcon.colcon_core.package_identification:_identify(src/interfaces) by extension 'ros'
[1.311s] DEBUG:colcon.colcon_core.package_identification:Package 'src/interfaces' with type 'ros.ament_cmake' and name 'interfaces'
[1.312s] Level 1:colcon.colcon_core.package_identification:_identify(src/ros2_control) by extensions ['ignore', 'ignore_ament_install']
[1.312s] Level 1:colcon.colcon_core.package_identification:_identify(src/ros2_control) by extension 'ignore'
[1.313s] Level 1:colcon.colcon_core.package_identification:_identify(src/ros2_control) by extension 'ignore_ament_install'
[1.313s] Level 1:colcon.colcon_core.package_identification:_identify(src/ros2_control) by extensions ['colcon_pkg']
[1.313s] Level 1:colcon.colcon_core.package_identification:_identify(src/ros2_control) by extension 'colcon_pkg'
[1.313s] Level 1:colcon.colcon_core.package_identification:_identify(src/ros2_control) by extensions ['colcon_meta']
[1.313s] Level 1:colcon.colcon_core.package_identification:_identify(src/ros2_control) by extension 'colcon_meta'
[1.314s] Level 1:colcon.colcon_core.package_identification:_identify(src/ros2_control) by extensions ['ros']
[1.314s] Level 1:colcon.colcon_core.package_identification:_identify(src/ros2_control) by extension 'ros'
[1.314s] Level 1:colcon.colcon_core.package_identification:_identify(src/ros2_control) by extensions ['cmake', 'python']
[1.314s] Level 1:colcon.colcon_core.package_identification:_identify(src/ros2_control) by extension 'cmake'
[1.315s] Level 1:colcon.colcon_core.package_identification:_identify(src/ros2_control) by extension 'python'
[1.315s] Level 1:colcon.colcon_core.package_identification:_identify(src/ros2_control) by extensions ['python_setup_py']
[1.315s] Level 1:colcon.colcon_core.package_identification:_identify(src/ros2_control) by extension 'python_setup_py'
[1.315s] Level 1:colcon.colcon_core.package_identification:_identify(src/ros2_control/cerebellum_description) by extensions ['ignore', 'ignore_ament_install']
[1.316s] Level 1:colcon.colcon_core.package_identification:_identify(src/ros2_control/cerebellum_description) by extension 'ignore'
[1.316s] Level 1:colcon.colcon_core.package_identification:_identify(src/ros2_control/cerebellum_description) by extension 'ignore_ament_install'
[1.316s] Level 1:colcon.colcon_core.package_identification:_identify(src/ros2_control/cerebellum_description) by extensions ['colcon_pkg']
[1.316s] Level 1:colcon.colcon_core.package_identification:_identify(src/ros2_control/cerebellum_description) by extension 'colcon_pkg'
[1.317s] Level 1:colcon.colcon_core.package_identification:_identify(src/ros2_control/cerebellum_description) by extensions ['colcon_meta']
[1.317s] Level 1:colcon.colcon_core.package_identification:_identify(src/ros2_control/cerebellum_description) by extension 'colcon_meta'
[1.317s] Level 1:colcon.colcon_core.package_identification:_identify(src/ros2_control/cerebellum_description) by extensions ['ros']
[1.317s] Level 1:colcon.colcon_core.package_identification:_identify(src/ros2_control/cerebellum_description) by extension 'ros'
[1.320s] DEBUG:colcon.colcon_core.package_identification:Package 'src/ros2_control/cerebellum_description' with type 'ros.ament_cmake' and name 'cerebellum_description'
[1.321s] Level 1:colcon.colcon_core.package_identification:_identify(src/ros2_control/cerebellum_hardware) by extensions ['ignore', 'ignore_ament_install']
[1.321s] Level 1:colcon.colcon_core.package_identification:_identify(src/ros2_control/cerebellum_hardware) by extension 'ignore'
[1.321s] Level 1:colcon.colcon_core.package_identification:_identify(src/ros2_control/cerebellum_hardware) by extension 'ignore_ament_install'
[1.322s] Level 1:colcon.colcon_core.package_identification:_identify(src/ros2_control/cerebellum_hardware) by extensions ['colcon_pkg']
[1.322s] Level 1:colcon.colcon_core.package_identification:_identify(src/ros2_control/cerebellum_hardware) by extension 'colcon_pkg'
[1.322s] Level 1:colcon.colcon_core.package_identification:_identify(src/ros2_control/cerebellum_hardware) by extensions ['colcon_meta']
[1.322s] Level 1:colcon.colcon_core.package_identification:_identify(src/ros2_control/cerebellum_hardware) by extension 'colcon_meta'
[1.322s] Level 1:colcon.colcon_core.package_identification:_identify(src/ros2_control/cerebellum_hardware) by extensions ['ros']
[1.323s] Level 1:colcon.colcon_core.package_identification:_identify(src/ros2_control/cerebellum_hardware) by extension 'ros'
[1.326s] DEBUG:colcon.colcon_core.package_identification:Package 'src/ros2_control/cerebellum_hardware' with type 'ros.ament_cmake' and name 'cerebellum_hardware'
[1.326s] Level 1:colcon.colcon_core.package_identification:_identify(src/system_services) by extensions ['ignore', 'ignore_ament_install']
[1.326s] Level 1:colcon.colcon_core.package_identification:_identify(src/system_services) by extension 'ignore'
[1.327s] Level 1:colcon.colcon_core.package_identification:_identify(src/system_services) by extension 'ignore_ament_install'
[1.327s] Level 1:colcon.colcon_core.package_identification:_identify(src/system_services) by extensions ['colcon_pkg']
[1.327s] Level 1:colcon.colcon_core.package_identification:_identify(src/system_services) by extension 'colcon_pkg'
[1.327s] Level 1:colcon.colcon_core.package_identification:_identify(src/system_services) by extensions ['colcon_meta']
[1.327s] Level 1:colcon.colcon_core.package_identification:_identify(src/system_services) by extension 'colcon_meta'
[1.328s] Level 1:colcon.colcon_core.package_identification:_identify(src/system_services) by extensions ['ros']
[1.328s] Level 1:colcon.colcon_core.package_identification:_identify(src/system_services) by extension 'ros'
[1.331s] DEBUG:colcon.colcon_core.package_identification:Package 'src/system_services' with type 'ros.ament_python' and name 'system_services'
[1.331s] Level 1:colcon.colcon_core.package_discovery:discover_packages(recursive) using defaults
[1.331s] Level 1:colcon.colcon_core.package_discovery:discover_packages(ignore) discover
[1.331s] Level 1:colcon.colcon_core.package_discovery:discover_packages(ignore) using defaults
[1.332s] Level 1:colcon.colcon_core.package_discovery:discover_packages(path) discover
[1.332s] Level 1:colcon.colcon_core.package_discovery:discover_packages(path) using defaults
[1.419s] Level 1:colcon.colcon_core.package_discovery:discover_packages(prefix_path) check parameters
[1.419s] Level 1:colcon.colcon_core.package_discovery:discover_packages(prefix_path) discover
[1.432s] DEBUG:colcon.colcon_installed_package_information.package_discovery:Found 321 installed packages in /opt/ros/humble
[1.490s] Level 1:colcon.colcon_core.package_discovery:discover_packages(prefix_path) using defaults
[1.734s] Level 5:colcon.colcon_core.verb:set package 'cerebellum_description' build argument 'cmake_args' from command line to 'None'
[1.734s] Level 5:colcon.colcon_core.verb:set package 'cerebellum_description' build argument 'cmake_target' from command line to 'None'
[1.734s] Level 5:colcon.colcon_core.verb:set package 'cerebellum_description' build argument 'cmake_target_skip_unavailable' from command line to 'False'
[1.735s] Level 5:colcon.colcon_core.verb:set package 'cerebellum_description' build argument 'cmake_clean_cache' from command line to 'False'
[1.735s] Level 5:colcon.colcon_core.verb:set package 'cerebellum_description' build argument 'cmake_clean_first' from command line to 'False'
[1.735s] Level 5:colcon.colcon_core.verb:set package 'cerebellum_description' build argument 'cmake_force_configure' from command line to 'False'
[1.735s] Level 5:colcon.colcon_core.verb:set package 'cerebellum_description' build argument 'ament_cmake_args' from command line to 'None'
[1.735s] Level 5:colcon.colcon_core.verb:set package 'cerebellum_description' build argument 'catkin_cmake_args' from command line to 'None'
[1.735s] Level 5:colcon.colcon_core.verb:set package 'cerebellum_description' build argument 'catkin_skip_building_tests' from command line to 'False'
[1.735s] DEBUG:colcon.colcon_core.verb:Building package 'cerebellum_description' with the following arguments: {'ament_cmake_args': None, 'build_base': '/ros2_ws/build/cerebellum_description', 'catkin_cmake_args': None, 'catkin_skip_building_tests': False, 'cmake_args': None, 'cmake_clean_cache': False, 'cmake_clean_first': False, 'cmake_force_configure': False, 'cmake_target': None, 'cmake_target_skip_unavailable': False, 'install_base': '/ros2_ws/install/cerebellum_description', 'merge_install': False, 'path': '/ros2_ws/src/ros2_control/cerebellum_description', 'symlink_install': True, 'test_result_base': None}
[1.737s] Level 5:colcon.colcon_core.verb:set package 'cerebellum_hardware' build argument 'cmake_args' from command line to 'None'
[1.737s] Level 5:colcon.colcon_core.verb:set package 'cerebellum_hardware' build argument 'cmake_target' from command line to 'None'
[1.738s] Level 5:colcon.colcon_core.verb:set package 'cerebellum_hardware' build argument 'cmake_target_skip_unavailable' from command line to 'False'
[1.738s] Level 5:colcon.colcon_core.verb:set package 'cerebellum_hardware' build argument 'cmake_clean_cache' from command line to 'False'
[1.738s] Level 5:colcon.colcon_core.verb:set package 'cerebellum_hardware' build argument 'cmake_clean_first' from command line to 'False'
[1.738s] Level 5:colcon.colcon_core.verb:set package 'cerebellum_hardware' build argument 'cmake_force_configure' from command line to 'False'
[1.738s] Level 5:colcon.colcon_core.verb:set package 'cerebellum_hardware' build argument 'ament_cmake_args' from command line to 'None'
[1.738s] Level 5:colcon.colcon_core.verb:set package 'cerebellum_hardware' build argument 'catkin_cmake_args' from command line to 'None'
[1.738s] Level 5:colcon.colcon_core.verb:set package 'cerebellum_hardware' build argument 'catkin_skip_building_tests' from command line to 'False'
[1.738s] DEBUG:colcon.colcon_core.verb:Building package 'cerebellum_hardware' with the following arguments: {'ament_cmake_args': None, 'build_base': '/ros2_ws/build/cerebellum_hardware', 'catkin_cmake_args': None, 'catkin_skip_building_tests': False, 'cmake_args': None, 'cmake_clean_cache': False, 'cmake_clean_first': False, 'cmake_force_configure': False, 'cmake_target': None, 'cmake_target_skip_unavailable': False, 'install_base': '/ros2_ws/install/cerebellum_hardware', 'merge_install': False, 'path': '/ros2_ws/src/ros2_control/cerebellum_hardware', 'symlink_install': True, 'test_result_base': None}
[1.740s] Level 5:colcon.colcon_core.verb:set package 'common' build argument 'cmake_args' from command line to 'None'
[1.740s] Level 5:colcon.colcon_core.verb:set package 'common' build argument 'cmake_target' from command line to 'None'
[1.740s] Level 5:colcon.colcon_core.verb:set package 'common' build argument 'cmake_target_skip_unavailable' from command line to 'False'
[1.741s] Level 5:colcon.colcon_core.verb:set package 'common' build argument 'cmake_clean_cache' from command line to 'False'
[1.741s] Level 5:colcon.colcon_core.verb:set package 'common' build argument 'cmake_clean_first' from command line to 'False'
[1.741s] Level 5:colcon.colcon_core.verb:set package 'common' build argument 'cmake_force_configure' from command line to 'False'
[1.741s] Level 5:colcon.colcon_core.verb:set package 'common' build argument 'ament_cmake_args' from command line to 'None'
[1.741s] Level 5:colcon.colcon_core.verb:set package 'common' build argument 'catkin_cmake_args' from command line to 'None'
[1.741s] Level 5:colcon.colcon_core.verb:set package 'common' build argument 'catkin_skip_building_tests' from command line to 'False'
[1.741s] DEBUG:colcon.colcon_core.verb:Building package 'common' with the following arguments: {'ament_cmake_args': None, 'build_base': '/ros2_ws/build/common', 'catkin_cmake_args': None, 'catkin_skip_building_tests': False, 'cmake_args': None, 'cmake_clean_cache': False, 'cmake_clean_first': False, 'cmake_force_configure': False, 'cmake_target': None, 'cmake_target_skip_unavailable': False, 'install_base': '/ros2_ws/install/common', 'merge_install': False, 'path': '/ros2_ws/src/common', 'symlink_install': True, 'test_result_base': None}
[1.743s] Level 5:colcon.colcon_core.verb:set package 'interfaces' build argument 'cmake_args' from command line to 'None'
[1.743s] Level 5:colcon.colcon_core.verb:set package 'interfaces' build argument 'cmake_target' from command line to 'None'
[1.743s] Level 5:colcon.colcon_core.verb:set package 'interfaces' build argument 'cmake_target_skip_unavailable' from command line to 'False'
[1.743s] Level 5:colcon.colcon_core.verb:set package 'interfaces' build argument 'cmake_clean_cache' from command line to 'False'
[1.744s] Level 5:colcon.colcon_core.verb:set package 'interfaces' build argument 'cmake_clean_first' from command line to 'False'
[1.744s] Level 5:colcon.colcon_core.verb:set package 'interfaces' build argument 'cmake_force_configure' from command line to 'False'
[1.744s] Level 5:colcon.colcon_core.verb:set package 'interfaces' build argument 'ament_cmake_args' from command line to 'None'
[1.744s] Level 5:colcon.colcon_core.verb:set package 'interfaces' build argument 'catkin_cmake_args' from command line to 'None'
[1.744s] Level 5:colcon.colcon_core.verb:set package 'interfaces' build argument 'catkin_skip_building_tests' from command line to 'False'
[1.744s] DEBUG:colcon.colcon_core.verb:Building package 'interfaces' with the following arguments: {'ament_cmake_args': None, 'build_base': '/ros2_ws/build/interfaces', 'catkin_cmake_args': None, 'catkin_skip_building_tests': False, 'cmake_args': None, 'cmake_clean_cache': False, 'cmake_clean_first': False, 'cmake_force_configure': False, 'cmake_target': None, 'cmake_target_skip_unavailable': False, 'install_base': '/ros2_ws/install/interfaces', 'merge_install': False, 'path': '/ros2_ws/src/interfaces', 'symlink_install': True, 'test_result_base': None}
[1.746s] Level 5:colcon.colcon_core.verb:set package 'system_services' build argument 'cmake_args' from command line to 'None'
[1.746s] Level 5:colcon.colcon_core.verb:set package 'system_services' build argument 'cmake_target' from command line to 'None'
[1.746s] Level 5:colcon.colcon_core.verb:set package 'system_services' build argument 'cmake_target_skip_unavailable' from command line to 'False'
[1.746s] Level 5:colcon.colcon_core.verb:set package 'system_services' build argument 'cmake_clean_cache' from command line to 'False'
[1.746s] Level 5:colcon.colcon_core.verb:set package 'system_services' build argument 'cmake_clean_first' from command line to 'False'
[1.746s] Level 5:colcon.colcon_core.verb:set package 'system_services' build argument 'cmake_force_configure' from command line to 'False'
[1.747s] Level 5:colcon.colcon_core.verb:set package 'system_services' build argument 'ament_cmake_args' from command line to 'None'
[1.747s] Level 5:colcon.colcon_core.verb:set package 'system_services' build argument 'catkin_cmake_args' from command line to 'None'
[1.747s] Level 5:colcon.colcon_core.verb:set package 'system_services' build argument 'catkin_skip_building_tests' from command line to 'False'
[1.747s] DEBUG:colcon.colcon_core.verb:Building package 'system_services' with the following arguments: {'ament_cmake_args': None, 'build_base': '/ros2_ws/build/system_services', 'catkin_cmake_args': None, 'catkin_skip_building_tests': False, 'cmake_args': None, 'cmake_clean_cache': False, 'cmake_clean_first': False, 'cmake_force_configure': False, 'cmake_target': None, 'cmake_target_skip_unavailable': False, 'install_base': '/ros2_ws/install/system_services', 'merge_install': False, 'path': '/ros2_ws/src/system_services', 'symlink_install': True, 'test_result_base': None}
[1.749s] Level 5:colcon.colcon_core.verb:set package 'dri_interfaces' build argument 'cmake_args' from command line to 'None'
[1.749s] Level 5:colcon.colcon_core.verb:set package 'dri_interfaces' build argument 'cmake_target' from command line to 'None'
[1.749s] Level 5:colcon.colcon_core.verb:set package 'dri_interfaces' build argument 'cmake_target_skip_unavailable' from command line to 'False'
[1.749s] Level 5:colcon.colcon_core.verb:set package 'dri_interfaces' build argument 'cmake_clean_cache' from command line to 'False'
[1.749s] Level 5:colcon.colcon_core.verb:set package 'dri_interfaces' build argument 'cmake_clean_first' from command line to 'False'
[1.749s] Level 5:colcon.colcon_core.verb:set package 'dri_interfaces' build argument 'cmake_force_configure' from command line to 'False'
[1.749s] Level 5:colcon.colcon_core.verb:set package 'dri_interfaces' build argument 'ament_cmake_args' from command line to 'None'
[1.750s] Level 5:colcon.colcon_core.verb:set package 'dri_interfaces' build argument 'catkin_cmake_args' from command line to 'None'
[1.750s] Level 5:colcon.colcon_core.verb:set package 'dri_interfaces' build argument 'catkin_skip_building_tests' from command line to 'False'
[1.750s] DEBUG:colcon.colcon_core.verb:Building package 'dri_interfaces' with the following arguments: {'ament_cmake_args': None, 'build_base': '/ros2_ws/build/dri_interfaces', 'catkin_cmake_args': None, 'catkin_skip_building_tests': False, 'cmake_args': None, 'cmake_clean_cache': False, 'cmake_clean_first': False, 'cmake_force_configure': False, 'cmake_target': None, 'cmake_target_skip_unavailable': False, 'install_base': '/ros2_ws/install/dri_interfaces', 'merge_install': False, 'path': '/ros2_ws/src/dri_interfaces', 'symlink_install': True, 'test_result_base': None}
[1.751s] Level 5:colcon.colcon_core.verb:set package 'drivers' build argument 'cmake_args' from command line to 'None'
[1.752s] Level 5:colcon.colcon_core.verb:set package 'drivers' build argument 'cmake_target' from command line to 'None'
[1.752s] Level 5:colcon.colcon_core.verb:set package 'drivers' build argument 'cmake_target_skip_unavailable' from command line to 'False'
[1.752s] Level 5:colcon.colcon_core.verb:set package 'drivers' build argument 'cmake_clean_cache' from command line to 'False'
[1.752s] Level 5:colcon.colcon_core.verb:set package 'drivers' build argument 'cmake_clean_first' from command line to 'False'
[1.752s] Level 5:colcon.colcon_core.verb:set package 'drivers' build argument 'cmake_force_configure' from command line to 'False'
[1.752s] Level 5:colcon.colcon_core.verb:set package 'drivers' build argument 'ament_cmake_args' from command line to 'None'
[1.752s] Level 5:colcon.colcon_core.verb:set package 'drivers' build argument 'catkin_cmake_args' from command line to 'None'
[1.752s] Level 5:colcon.colcon_core.verb:set package 'drivers' build argument 'catkin_skip_building_tests' from command line to 'False'
[1.753s] DEBUG:colcon.colcon_core.verb:Building package 'drivers' with the following arguments: {'ament_cmake_args': None, 'build_base': '/ros2_ws/build/drivers', 'catkin_cmake_args': None, 'catkin_skip_building_tests': False, 'cmake_args': None, 'cmake_clean_cache': False, 'cmake_clean_first': False, 'cmake_force_configure': False, 'cmake_target': None, 'cmake_target_skip_unavailable': False, 'install_base': '/ros2_ws/install/drivers', 'merge_install': False, 'path': '/ros2_ws/src/drivers', 'symlink_install': True, 'test_result_base': None}
[1.754s] Level 5:colcon.colcon_core.verb:set package 'bringup' build argument 'cmake_args' from command line to 'None'
[1.754s] Level 5:colcon.colcon_core.verb:set package 'bringup' build argument 'cmake_target' from command line to 'None'
[1.755s] Level 5:colcon.colcon_core.verb:set package 'bringup' build argument 'cmake_target_skip_unavailable' from command line to 'False'
[1.755s] Level 5:colcon.colcon_core.verb:set package 'bringup' build argument 'cmake_clean_cache' from command line to 'False'
[1.755s] Level 5:colcon.colcon_core.verb:set package 'bringup' build argument 'cmake_clean_first' from command line to 'False'
[1.755s] Level 5:colcon.colcon_core.verb:set package 'bringup' build argument 'cmake_force_configure' from command line to 'False'
[1.755s] Level 5:colcon.colcon_core.verb:set package 'bringup' build argument 'ament_cmake_args' from command line to 'None'
[1.755s] Level 5:colcon.colcon_core.verb:set package 'bringup' build argument 'catkin_cmake_args' from command line to 'None'
[1.755s] Level 5:colcon.colcon_core.verb:set package 'bringup' build argument 'catkin_skip_building_tests' from command line to 'False'
[1.755s] DEBUG:colcon.colcon_core.verb:Building package 'bringup' with the following arguments: {'ament_cmake_args': None, 'build_base': '/ros2_ws/build/bringup', 'catkin_cmake_args': None, 'catkin_skip_building_tests': False, 'cmake_args': None, 'cmake_clean_cache': False, 'cmake_clean_first': False, 'cmake_force_configure': False, 'cmake_target': None, 'cmake_target_skip_unavailable': False, 'install_base': '/ros2_ws/install/bringup', 'merge_install': False, 'path': '/ros2_ws/src/bringup', 'symlink_install': True, 'test_result_base': None}
[1.756s] INFO:colcon.colcon_core.executor:Executing jobs using 'parallel' executor
[1.759s] DEBUG:colcon.colcon_parallel_executor.executor.parallel:run_until_complete
[1.760s] INFO:colcon.colcon_ros.task.ament_cmake.build:Building ROS package in '/ros2_ws/src/interfaces' with build type 'ament_cmake'
[1.761s] INFO:colcon.colcon_cmake.task.cmake.build:Building CMake package in '/ros2_ws/src/interfaces'
[1.772s] INFO:colcon.colcon_core.plugin_system:Skipping extension 'colcon_core.shell.bat': Not used on non-Windows systems
[1.773s] INFO:colcon.colcon_core.shell:Skip shell extension 'powershell' for command environment: Not usable outside of PowerShell
[1.773s] DEBUG:colcon.colcon_core.shell:Skip shell extension 'dsv' for command environment
[1.788s] INFO:colcon.colcon_ros.task.ament_cmake.build:Building ROS package in '/ros2_ws/src/ros2_control/cerebellum_description' with build type 'ament_cmake'
[1.789s] INFO:colcon.colcon_cmake.task.cmake.build:Building CMake package in '/ros2_ws/src/ros2_control/cerebellum_description'
[1.790s] INFO:colcon.colcon_core.shell:Skip shell extension 'powershell' for command environment: Not usable outside of PowerShell
[1.791s] DEBUG:colcon.colcon_core.shell:Skip shell extension 'dsv' for command environment
[1.804s] INFO:colcon.colcon_ros.task.ament_cmake.build:Building ROS package in '/ros2_ws/src/ros2_control/cerebellum_hardware' with build type 'ament_cmake'
[1.805s] INFO:colcon.colcon_cmake.task.cmake.build:Building CMake package in '/ros2_ws/src/ros2_control/cerebellum_hardware'
[1.806s] INFO:colcon.colcon_core.shell:Skip shell extension 'powershell' for command environment: Not usable outside of PowerShell
[1.807s] DEBUG:colcon.colcon_core.shell:Skip shell extension 'dsv' for command environment
[1.820s] INFO:colcon.colcon_ros.task.ament_cmake.build:Building ROS package in '/ros2_ws/src/common' with build type 'ament_cmake'
[1.822s] INFO:colcon.colcon_cmake.task.cmake.build:Building CMake package in '/ros2_ws/src/common'
[1.823s] INFO:colcon.colcon_core.shell:Skip shell extension 'powershell' for command environment: Not usable outside of PowerShell
[1.823s] DEBUG:colcon.colcon_core.shell:Skip shell extension 'dsv' for command environment
[1.856s] DEBUG:colcon.colcon_core.event_handler.log_command:Invoking command in '/ros2_ws/build/interfaces': CMAKE_PREFIX_PATH=/opt/ros/humble /usr/bin/cmake --build /ros2_ws/build/interfaces -- -j4 -l4
[1.877s] DEBUG:colcon.colcon_core.event_handler.log_command:Invoking command in '/ros2_ws/build/cerebellum_description': CMAKE_PREFIX_PATH=/opt/ros/humble /usr/bin/cmake --build /ros2_ws/build/cerebellum_description -- -j4 -l4
[1.892s] DEBUG:colcon.colcon_core.event_handler.log_command:Invoking command in '/ros2_ws/build/cerebellum_hardware': CMAKE_PREFIX_PATH=/opt/ros/humble /usr/bin/cmake --build /ros2_ws/build/cerebellum_hardware -- -j4 -l4
[1.907s] DEBUG:colcon.colcon_core.event_handler.log_command:Invoking command in '/ros2_ws/build/common': CMAKE_PREFIX_PATH=/opt/ros/humble /usr/bin/cmake --build /ros2_ws/build/common -- -j4 -l4
[2.056s] DEBUG:colcon.colcon_core.event_handler.log_command:Invoked command in '/ros2_ws/build/cerebellum_description' returned '0': CMAKE_PREFIX_PATH=/opt/ros/humble /usr/bin/cmake --build /ros2_ws/build/cerebellum_description -- -j4 -l4
[2.178s] DEBUG:colcon.colcon_core.event_handler.log_command:Invoking command in '/ros2_ws/build/cerebellum_description': CMAKE_PREFIX_PATH=/opt/ros/humble /usr/bin/cmake --install /ros2_ws/build/cerebellum_description
[2.509s] Level 1:colcon.colcon_core.environment:create_environment_scripts_only(cerebellum_description)
[2.517s] DEBUG:colcon.colcon_core.event_handler.log_command:Invoked command in '/ros2_ws/build/cerebellum_description' returned '0': CMAKE_PREFIX_PATH=/opt/ros/humble /usr/bin/cmake --install /ros2_ws/build/cerebellum_description
[2.529s] Level 1:colcon.colcon_core.environment:checking '/ros2_ws/install/cerebellum_description' for CMake module files
[2.531s] Level 1:colcon.colcon_core.environment:checking '/ros2_ws/install/cerebellum_description' for CMake config files
[2.536s] Level 1:colcon.colcon_core.shell:create_environment_hook('cerebellum_description', 'cmake_prefix_path')
[2.538s] INFO:colcon.colcon_core.shell:Creating environment hook '/ros2_ws/install/cerebellum_description/share/cerebellum_description/hook/cmake_prefix_path.ps1'
[2.541s] INFO:colcon.colcon_core.shell:Creating environment descriptor '/ros2_ws/install/cerebellum_description/share/cerebellum_description/hook/cmake_prefix_path.dsv'
[2.543s] INFO:colcon.colcon_core.shell:Creating environment hook '/ros2_ws/install/cerebellum_description/share/cerebellum_description/hook/cmake_prefix_path.sh'
[2.550s] Level 1:colcon.colcon_core.environment:checking '/ros2_ws/install/cerebellum_description/bin'
[2.550s] Level 1:colcon.colcon_core.environment:checking '/ros2_ws/install/cerebellum_description/lib/pkgconfig/cerebellum_description.pc'
[2.551s] Level 1:colcon.colcon_core.environment:checking '/ros2_ws/install/cerebellum_description/lib/python3.10/site-packages'
[2.553s] Level 1:colcon.colcon_core.environment:checking '/ros2_ws/install/cerebellum_description/bin'
[2.555s] INFO:colcon.colcon_core.shell:Creating package script '/ros2_ws/install/cerebellum_description/share/cerebellum_description/package.ps1'
[2.566s] INFO:colcon.colcon_core.shell:Creating package descriptor '/ros2_ws/install/cerebellum_description/share/cerebellum_description/package.dsv'
[2.569s] INFO:colcon.colcon_core.shell:Creating package script '/ros2_ws/install/cerebellum_description/share/cerebellum_description/package.sh'
[2.573s] INFO:colcon.colcon_core.shell:Creating package script '/ros2_ws/install/cerebellum_description/share/cerebellum_description/package.bash'
[2.578s] INFO:colcon.colcon_core.shell:Creating package script '/ros2_ws/install/cerebellum_description/share/cerebellum_description/package.zsh'
[2.585s] Level 1:colcon.colcon_core.environment:create_file_with_runtime_dependencies(/ros2_ws/install/cerebellum_description/share/colcon-core/packages/cerebellum_description)
[2.593s] Level 1:colcon.colcon_core.environment:create_environment_scripts_only(cerebellum_description)
[2.595s] Level 1:colcon.colcon_core.environment:checking '/ros2_ws/install/cerebellum_description' for CMake module files
[2.598s] Level 1:colcon.colcon_core.environment:checking '/ros2_ws/install/cerebellum_description' for CMake config files
[2.600s] Level 1:colcon.colcon_core.shell:create_environment_hook('cerebellum_description', 'cmake_prefix_path')
[2.602s] INFO:colcon.colcon_core.shell:Creating environment hook '/ros2_ws/install/cerebellum_description/share/cerebellum_description/hook/cmake_prefix_path.ps1'
[2.606s] INFO:colcon.colcon_core.shell:Creating environment descriptor '/ros2_ws/install/cerebellum_description/share/cerebellum_description/hook/cmake_prefix_path.dsv'
[2.609s] INFO:colcon.colcon_core.shell:Creating environment hook '/ros2_ws/install/cerebellum_description/share/cerebellum_description/hook/cmake_prefix_path.sh'
[2.613s] Level 1:colcon.colcon_core.environment:checking '/ros2_ws/install/cerebellum_description/bin'
[2.614s] Level 1:colcon.colcon_core.environment:checking '/ros2_ws/install/cerebellum_description/lib/pkgconfig/cerebellum_description.pc'
[2.616s] Level 1:colcon.colcon_core.environment:checking '/ros2_ws/install/cerebellum_description/lib/python3.10/site-packages'
[2.619s] Level 1:colcon.colcon_core.environment:checking '/ros2_ws/install/cerebellum_description/bin'
[2.621s] INFO:colcon.colcon_core.shell:Creating package script '/ros2_ws/install/cerebellum_description/share/cerebellum_description/package.ps1'
[2.630s] INFO:colcon.colcon_core.shell:Creating package descriptor '/ros2_ws/install/cerebellum_description/share/cerebellum_description/package.dsv'
[2.633s] INFO:colcon.colcon_core.shell:Creating package script '/ros2_ws/install/cerebellum_description/share/cerebellum_description/package.sh'
[2.639s] INFO:colcon.colcon_core.shell:Creating package script '/ros2_ws/install/cerebellum_description/share/cerebellum_description/package.bash'
[2.643s] INFO:colcon.colcon_core.shell:Creating package script '/ros2_ws/install/cerebellum_description/share/cerebellum_description/package.zsh'
[2.646s] Level 1:colcon.colcon_core.environment:create_file_with_runtime_dependencies(/ros2_ws/install/cerebellum_description/share/colcon-core/packages/cerebellum_description)
[2.657s] INFO:colcon.colcon_ros.task.ament_python.build:Building ROS package in '/ros2_ws/src/system_services' with build type 'ament_python'
[2.659s] Level 1:colcon.colcon_core.shell:create_environment_hook('system_services', 'ament_prefix_path')
[2.661s] INFO:colcon.colcon_core.shell:Creating environment hook '/ros2_ws/install/system_services/share/system_services/hook/ament_prefix_path.ps1'
[2.667s] INFO:colcon.colcon_core.shell:Creating environment descriptor '/ros2_ws/install/system_services/share/system_services/hook/ament_prefix_path.dsv'
[2.669s] INFO:colcon.colcon_core.shell:Creating environment hook '/ros2_ws/install/system_services/share/system_services/hook/ament_prefix_path.sh'
[2.674s] INFO:colcon.colcon_core.shell:Skip shell extension 'powershell' for command environment: Not usable outside of PowerShell
[2.674s] DEBUG:colcon.colcon_core.shell:Skip shell extension 'dsv' for command environment
[2.696s] DEBUG:colcon.colcon_core.event_handler.log_command:Invoked command in '/ros2_ws/build/common' returned '0': CMAKE_PREFIX_PATH=/opt/ros/humble /usr/bin/cmake --build /ros2_ws/build/common -- -j4 -l4
[2.706s] DEBUG:colcon.colcon_core.event_handler.log_command:Invoking command in '/ros2_ws/build/common': CMAKE_PREFIX_PATH=/opt/ros/humble /usr/bin/cmake --install /ros2_ws/build/common
[4.156s] INFO:colcon.colcon_core.task.python.build:Building Python package in '/ros2_ws/src/system_services'
[4.158s] INFO:colcon.colcon_core.shell:Skip shell extension 'powershell' for command environment: Not usable outside of PowerShell
[4.158s] DEBUG:colcon.colcon_core.shell:Skip shell extension 'dsv' for command environment
[4.175s] Level 1:colcon.colcon_core.environment:create_environment_scripts_only(common)
[4.177s] Level 1:colcon.colcon_core.environment:checking '/ros2_ws/install/common' for CMake module files
[4.179s] DEBUG:colcon.colcon_core.event_handler.log_command:Invoked command in '/ros2_ws/build/common' returned '0': CMAKE_PREFIX_PATH=/opt/ros/humble /usr/bin/cmake --install /ros2_ws/build/common
[4.181s] Level 1:colcon.colcon_core.environment:checking '/ros2_ws/install/common' for CMake config files
[4.183s] Level 1:colcon.colcon_core.shell:create_environment_hook('common', 'cmake_prefix_path')
[4.184s] INFO:colcon.colcon_core.shell:Creating environment hook '/ros2_ws/install/common/share/common/hook/cmake_prefix_path.ps1'
[4.186s] INFO:colcon.colcon_core.shell:Creating environment descriptor '/ros2_ws/install/common/share/common/hook/cmake_prefix_path.dsv'
[4.188s] INFO:colcon.colcon_core.shell:Creating environment hook '/ros2_ws/install/common/share/common/hook/cmake_prefix_path.sh'
[4.190s] Level 1:colcon.colcon_core.environment:checking '/ros2_ws/install/common/lib'
[4.191s] Level 1:colcon.colcon_core.environment:checking '/ros2_ws/install/common/bin'
[4.191s] Level 1:colcon.colcon_core.environment:checking '/ros2_ws/install/common/lib/pkgconfig/common.pc'
[4.192s] Level 1:colcon.colcon_core.environment:checking '/ros2_ws/install/common/lib/python3.10/site-packages'
[4.194s] Level 1:colcon.colcon_core.environment:checking '/ros2_ws/install/common/bin'
[4.196s] INFO:colcon.colcon_core.shell:Creating package script '/ros2_ws/install/common/share/common/package.ps1'
[4.199s] INFO:colcon.colcon_core.shell:Creating package descriptor '/ros2_ws/install/common/share/common/package.dsv'
[4.201s] INFO:colcon.colcon_core.shell:Creating package script '/ros2_ws/install/common/share/common/package.sh'
[4.203s] INFO:colcon.colcon_core.shell:Creating package script '/ros2_ws/install/common/share/common/package.bash'
[4.205s] INFO:colcon.colcon_core.shell:Creating package script '/ros2_ws/install/common/share/common/package.zsh'
[4.206s] Level 1:colcon.colcon_core.environment:create_file_with_runtime_dependencies(/ros2_ws/install/common/share/colcon-core/packages/common)
[4.209s] Level 1:colcon.colcon_core.environment:create_environment_scripts_only(common)
[4.210s] Level 1:colcon.colcon_core.environment:checking '/ros2_ws/install/common' for CMake module files
[4.213s] Level 1:colcon.colcon_core.environment:checking '/ros2_ws/install/common' for CMake config files
[4.215s] Level 1:colcon.colcon_core.shell:create_environment_hook('common', 'cmake_prefix_path')
[4.216s] INFO:colcon.colcon_core.shell:Creating environment hook '/ros2_ws/install/common/share/common/hook/cmake_prefix_path.ps1'
[4.218s] INFO:colcon.colcon_core.shell:Creating environment descriptor '/ros2_ws/install/common/share/common/hook/cmake_prefix_path.dsv'
[4.220s] INFO:colcon.colcon_core.shell:Creating environment hook '/ros2_ws/install/common/share/common/hook/cmake_prefix_path.sh'
[4.222s] Level 1:colcon.colcon_core.environment:checking '/ros2_ws/install/common/lib'
[4.223s] Level 1:colcon.colcon_core.environment:checking '/ros2_ws/install/common/bin'
[4.223s] Level 1:colcon.colcon_core.environment:checking '/ros2_ws/install/common/lib/pkgconfig/common.pc'
[4.224s] Level 1:colcon.colcon_core.environment:checking '/ros2_ws/install/common/lib/python3.10/site-packages'
[4.226s] Level 1:colcon.colcon_core.environment:checking '/ros2_ws/install/common/bin'
[4.227s] INFO:colcon.colcon_core.shell:Creating package script '/ros2_ws/install/common/share/common/package.ps1'
[4.230s] INFO:colcon.colcon_core.shell:Creating package descriptor '/ros2_ws/install/common/share/common/package.dsv'
[4.232s] INFO:colcon.colcon_core.shell:Creating package script '/ros2_ws/install/common/share/common/package.sh'
[4.234s] INFO:colcon.colcon_core.shell:Creating package script '/ros2_ws/install/common/share/common/package.bash'
[4.236s] INFO:colcon.colcon_core.shell:Creating package script '/ros2_ws/install/common/share/common/package.zsh'
[4.237s] Level 1:colcon.colcon_core.environment:create_file_with_runtime_dependencies(/ros2_ws/install/common/share/colcon-core/packages/common)
[4.242s] DEBUG:colcon.colcon_core.event_handler.log_command:Invoked command in '/ros2_ws/build/interfaces' returned '0': CMAKE_PREFIX_PATH=/opt/ros/humble /usr/bin/cmake --build /ros2_ws/build/interfaces -- -j4 -l4
[4.248s] DEBUG:colcon.colcon_core.event_handler.log_command:Invoking command in '/ros2_ws/build/interfaces': CMAKE_PREFIX_PATH=/opt/ros/humble /usr/bin/cmake --install /ros2_ws/build/interfaces
[4.251s] INFO:colcon.colcon_ros.task.ament_cmake.build:Building ROS package in '/ros2_ws/src/drivers' with build type 'ament_cmake'
[4.252s] INFO:colcon.colcon_cmake.task.cmake.build:Building CMake package in '/ros2_ws/src/drivers'
[4.254s] INFO:colcon.colcon_core.shell:Skip shell extension 'powershell' for command environment: Not usable outside of PowerShell
[4.254s] DEBUG:colcon.colcon_core.shell:Skip shell extension 'dsv' for command environment
[4.361s] DEBUG:colcon.colcon_core.event_handler.log_command:Invoking command in '/ros2_ws/build/drivers': AMENT_PREFIX_PATH=/ros2_ws/install/common:${AMENT_PREFIX_PATH} CMAKE_PREFIX_PATH=/ros2_ws/install/common:/opt/ros/humble LD_LIBRARY_PATH=/ros2_ws/install/common/lib:${LD_LIBRARY_PATH} /usr/bin/cmake --build /ros2_ws/build/drivers -- -j4 -l4
[4.750s] Level 1:colcon.colcon_core.environment:create_environment_scripts_only(interfaces)
[4.751s] Level 1:colcon.colcon_core.environment:checking '/ros2_ws/install/interfaces' for CMake module files
[4.753s] DEBUG:colcon.colcon_core.event_handler.log_command:Invoked command in '/ros2_ws/build/interfaces' returned '0': CMAKE_PREFIX_PATH=/opt/ros/humble /usr/bin/cmake --install /ros2_ws/build/interfaces
[4.757s] Level 1:colcon.colcon_core.environment:checking '/ros2_ws/install/interfaces' for CMake config files
[4.761s] Level 1:colcon.colcon_core.shell:create_environment_hook('interfaces', 'cmake_prefix_path')
[4.763s] INFO:colcon.colcon_core.shell:Creating environment hook '/ros2_ws/install/interfaces/share/interfaces/hook/cmake_prefix_path.ps1'
[4.768s] INFO:colcon.colcon_core.shell:Creating environment descriptor '/ros2_ws/install/interfaces/share/interfaces/hook/cmake_prefix_path.dsv'
[4.770s] INFO:colcon.colcon_core.shell:Creating environment hook '/ros2_ws/install/interfaces/share/interfaces/hook/cmake_prefix_path.sh'
[4.774s] Level 1:colcon.colcon_core.environment:checking '/ros2_ws/install/interfaces/lib'
[4.775s] Level 1:colcon.colcon_core.shell:create_environment_hook('interfaces', 'ld_library_path_lib')
[4.776s] INFO:colcon.colcon_core.shell:Creating environment hook '/ros2_ws/install/interfaces/share/interfaces/hook/ld_library_path_lib.ps1'
[4.779s] INFO:colcon.colcon_core.shell:Creating environment descriptor '/ros2_ws/install/interfaces/share/interfaces/hook/ld_library_path_lib.dsv'
[4.781s] INFO:colcon.colcon_core.shell:Creating environment hook '/ros2_ws/install/interfaces/share/interfaces/hook/ld_library_path_lib.sh'
[4.786s] Level 1:colcon.colcon_core.environment:checking '/ros2_ws/install/interfaces/bin'
[4.787s] Level 1:colcon.colcon_core.environment:checking '/ros2_ws/install/interfaces/lib/pkgconfig/interfaces.pc'
[4.791s] Level 1:colcon.colcon_core.environment:checking '/ros2_ws/install/interfaces/lib/python3.10/site-packages'
[4.793s] Level 1:colcon.colcon_core.environment:checking '/ros2_ws/install/interfaces/bin'
[4.799s] INFO:colcon.colcon_core.shell:Creating package script '/ros2_ws/install/interfaces/share/interfaces/package.ps1'
[4.805s] INFO:colcon.colcon_core.shell:Creating package descriptor '/ros2_ws/install/interfaces/share/interfaces/package.dsv'
[4.808s] INFO:colcon.colcon_core.shell:Creating package script '/ros2_ws/install/interfaces/share/interfaces/package.sh'
[4.810s] INFO:colcon.colcon_core.shell:Creating package script '/ros2_ws/install/interfaces/share/interfaces/package.bash'
[4.813s] INFO:colcon.colcon_core.shell:Creating package script '/ros2_ws/install/interfaces/share/interfaces/package.zsh'
[4.816s] Level 1:colcon.colcon_core.environment:create_file_with_runtime_dependencies(/ros2_ws/install/interfaces/share/colcon-core/packages/interfaces)
[4.820s] Level 1:colcon.colcon_core.environment:create_environment_scripts_only(interfaces)
[4.822s] Level 1:colcon.colcon_core.environment:checking '/ros2_ws/install/interfaces' for CMake module files
[4.826s] Level 1:colcon.colcon_core.environment:checking '/ros2_ws/install/interfaces' for CMake config files
[4.832s] Level 1:colcon.colcon_core.shell:create_environment_hook('interfaces', 'cmake_prefix_path')
[4.833s] INFO:colcon.colcon_core.shell:Creating environment hook '/ros2_ws/install/interfaces/share/interfaces/hook/cmake_prefix_path.ps1'
[4.835s] INFO:colcon.colcon_core.shell:Creating environment descriptor '/ros2_ws/install/interfaces/share/interfaces/hook/cmake_prefix_path.dsv'
[4.837s] INFO:colcon.colcon_core.shell:Creating environment hook '/ros2_ws/install/interfaces/share/interfaces/hook/cmake_prefix_path.sh'
[4.840s] Level 1:colcon.colcon_core.environment:checking '/ros2_ws/install/interfaces/lib'
[4.841s] Level 1:colcon.colcon_core.shell:create_environment_hook('interfaces', 'ld_library_path_lib')
[4.842s] INFO:colcon.colcon_core.shell:Creating environment hook '/ros2_ws/install/interfaces/share/interfaces/hook/ld_library_path_lib.ps1'
[4.844s] INFO:colcon.colcon_core.shell:Creating environment descriptor '/ros2_ws/install/interfaces/share/interfaces/hook/ld_library_path_lib.dsv'
[4.846s] INFO:colcon.colcon_core.shell:Creating environment hook '/ros2_ws/install/interfaces/share/interfaces/hook/ld_library_path_lib.sh'
[4.848s] Level 1:colcon.colcon_core.environment:checking '/ros2_ws/install/interfaces/bin'
[4.849s] Level 1:colcon.colcon_core.environment:checking '/ros2_ws/install/interfaces/lib/pkgconfig/interfaces.pc'
[4.850s] Level 1:colcon.colcon_core.environment:checking '/ros2_ws/install/interfaces/lib/python3.10/site-packages'
[4.852s] Level 1:colcon.colcon_core.environment:checking '/ros2_ws/install/interfaces/bin'
[4.853s] INFO:colcon.colcon_core.shell:Creating package script '/ros2_ws/install/interfaces/share/interfaces/package.ps1'
[4.857s] INFO:colcon.colcon_core.shell:Creating package descriptor '/ros2_ws/install/interfaces/share/interfaces/package.dsv'
[4.860s] INFO:colcon.colcon_core.shell:Creating package script '/ros2_ws/install/interfaces/share/interfaces/package.sh'
[4.863s] INFO:colcon.colcon_core.shell:Creating package script '/ros2_ws/install/interfaces/share/interfaces/package.bash'
[4.865s] INFO:colcon.colcon_core.shell:Creating package script '/ros2_ws/install/interfaces/share/interfaces/package.zsh'
[4.867s] Level 1:colcon.colcon_core.environment:create_file_with_runtime_dependencies(/ros2_ws/install/interfaces/share/colcon-core/packages/interfaces)
[4.872s] INFO:colcon.colcon_ros.task.ament_cmake.build:Building ROS package in '/ros2_ws/src/dri_interfaces' with build type 'ament_cmake'
[4.874s] INFO:colcon.colcon_cmake.task.cmake.build:Building CMake package in '/ros2_ws/src/dri_interfaces'
[4.875s] INFO:colcon.colcon_core.shell:Skip shell extension 'powershell' for command environment: Not usable outside of PowerShell
[4.875s] DEBUG:colcon.colcon_core.shell:Skip shell extension 'dsv' for command environment
[4.897s] DEBUG:colcon.colcon_core.event_handler.log_command:Invoked command in '/ros2_ws/build/drivers' returned '0': AMENT_PREFIX_PATH=/ros2_ws/install/common:${AMENT_PREFIX_PATH} CMAKE_PREFIX_PATH=/ros2_ws/install/common:/opt/ros/humble LD_LIBRARY_PATH=/ros2_ws/install/common/lib:${LD_LIBRARY_PATH} /usr/bin/cmake --build /ros2_ws/build/drivers -- -j4 -l4
[4.910s] DEBUG:colcon.colcon_core.event_handler.log_command:Invoking command in '/ros2_ws/build/drivers': AMENT_PREFIX_PATH=/ros2_ws/install/common:${AMENT_PREFIX_PATH} CMAKE_PREFIX_PATH=/ros2_ws/install/common:/opt/ros/humble LD_LIBRARY_PATH=/ros2_ws/install/common/lib:${LD_LIBRARY_PATH} /usr/bin/cmake --install /ros2_ws/build/drivers
[4.971s] DEBUG:colcon.colcon_core.event_handler.log_command:Invoking command in '/ros2_ws/build/dri_interfaces': AMENT_PREFIX_PATH=/ros2_ws/install/interfaces:${AMENT_PREFIX_PATH} CMAKE_PREFIX_PATH=/ros2_ws/install/interfaces:/opt/ros/humble LD_LIBRARY_PATH=/ros2_ws/install/interfaces/lib:${LD_LIBRARY_PATH} PYTHONPATH=/ros2_ws/install/interfaces/local/lib/python3.10/dist-packages:${PYTHONPATH} /usr/bin/cmake --build /ros2_ws/build/dri_interfaces -- -j4 -l4
[5.117s] Level 1:colcon.colcon_core.environment:create_environment_scripts_only(drivers)
[5.118s] Level 1:colcon.colcon_core.environment:checking '/ros2_ws/install/drivers' for CMake module files
[5.121s] Level 1:colcon.colcon_core.environment:checking '/ros2_ws/install/drivers' for CMake config files
[5.126s] DEBUG:colcon.colcon_core.event_handler.log_command:Invoked command in '/ros2_ws/build/drivers' returned '0': AMENT_PREFIX_PATH=/ros2_ws/install/common:${AMENT_PREFIX_PATH} CMAKE_PREFIX_PATH=/ros2_ws/install/common:/opt/ros/humble LD_LIBRARY_PATH=/ros2_ws/install/common/lib:${LD_LIBRARY_PATH} /usr/bin/cmake --install /ros2_ws/build/drivers
[5.128s] Level 1:colcon.colcon_core.shell:create_environment_hook('drivers', 'cmake_prefix_path')
[5.130s] INFO:colcon.colcon_core.shell:Creating environment hook '/ros2_ws/install/drivers/share/drivers/hook/cmake_prefix_path.ps1'
[5.132s] INFO:colcon.colcon_core.shell:Creating environment descriptor '/ros2_ws/install/drivers/share/drivers/hook/cmake_prefix_path.dsv'
[5.135s] INFO:colcon.colcon_core.shell:Creating environment hook '/ros2_ws/install/drivers/share/drivers/hook/cmake_prefix_path.sh'
[5.138s] Level 1:colcon.colcon_core.environment:checking '/ros2_ws/install/drivers/lib'
[5.139s] Level 1:colcon.colcon_core.environment:checking '/ros2_ws/install/drivers/bin'
[5.140s] Level 1:colcon.colcon_core.environment:checking '/ros2_ws/install/drivers/lib/pkgconfig/drivers.pc'
[5.141s] Level 1:colcon.colcon_core.environment:checking '/ros2_ws/install/drivers/lib/python3.10/site-packages'
[5.147s] Level 1:colcon.colcon_core.environment:checking '/ros2_ws/install/drivers/bin'
[5.161s] INFO:colcon.colcon_core.shell:Creating package script '/ros2_ws/install/drivers/share/drivers/package.ps1'
[5.165s] INFO:colcon.colcon_core.shell:Creating package descriptor '/ros2_ws/install/drivers/share/drivers/package.dsv'
[5.167s] INFO:colcon.colcon_core.shell:Creating package script '/ros2_ws/install/drivers/share/drivers/package.sh'
[5.169s] INFO:colcon.colcon_core.shell:Creating package script '/ros2_ws/install/drivers/share/drivers/package.bash'
[5.171s] INFO:colcon.colcon_core.shell:Creating package script '/ros2_ws/install/drivers/share/drivers/package.zsh'
[5.174s] Level 1:colcon.colcon_core.environment:create_file_with_runtime_dependencies(/ros2_ws/install/drivers/share/colcon-core/packages/drivers)
[5.180s] Level 1:colcon.colcon_core.environment:create_environment_scripts_only(drivers)
[5.181s] Level 1:colcon.colcon_core.environment:checking '/ros2_ws/install/drivers' for CMake module files
[5.185s] Level 1:colcon.colcon_core.environment:checking '/ros2_ws/install/drivers' for CMake config files
[5.187s] Level 1:colcon.colcon_core.shell:create_environment_hook('drivers', 'cmake_prefix_path')
[5.189s] INFO:colcon.colcon_core.shell:Creating environment hook '/ros2_ws/install/drivers/share/drivers/hook/cmake_prefix_path.ps1'
[5.191s] INFO:colcon.colcon_core.shell:Creating environment descriptor '/ros2_ws/install/drivers/share/drivers/hook/cmake_prefix_path.dsv'
[5.193s] INFO:colcon.colcon_core.shell:Creating environment hook '/ros2_ws/install/drivers/share/drivers/hook/cmake_prefix_path.sh'
[5.195s] Level 1:colcon.colcon_core.environment:checking '/ros2_ws/install/drivers/lib'
[5.196s] Level 1:colcon.colcon_core.environment:checking '/ros2_ws/install/drivers/bin'
[5.196s] Level 1:colcon.colcon_core.environment:checking '/ros2_ws/install/drivers/lib/pkgconfig/drivers.pc'
[5.197s] Level 1:colcon.colcon_core.environment:checking '/ros2_ws/install/drivers/lib/python3.10/site-packages'
[5.199s] Level 1:colcon.colcon_core.environment:checking '/ros2_ws/install/drivers/bin'
[5.201s] INFO:colcon.colcon_core.shell:Creating package script '/ros2_ws/install/drivers/share/drivers/package.ps1'
[5.205s] INFO:colcon.colcon_core.shell:Creating package descriptor '/ros2_ws/install/drivers/share/drivers/package.dsv'
[5.208s] INFO:colcon.colcon_core.shell:Creating package script '/ros2_ws/install/drivers/share/drivers/package.sh'
[5.210s] INFO:colcon.colcon_core.shell:Creating package script '/ros2_ws/install/drivers/share/drivers/package.bash'
[5.213s] INFO:colcon.colcon_core.shell:Creating package script '/ros2_ws/install/drivers/share/drivers/package.zsh'
[5.215s] Level 1:colcon.colcon_core.environment:create_file_with_runtime_dependencies(/ros2_ws/install/drivers/share/colcon-core/packages/drivers)
[5.222s] DEBUG:colcon.colcon_core.event_handler.log_command:Invoked command in '/ros2_ws/build/cerebellum_hardware' returned '2': CMAKE_PREFIX_PATH=/opt/ros/humble /usr/bin/cmake --build /ros2_ws/build/cerebellum_hardware -- -j4 -l4
[5.226s] Level 1:colcon.colcon_core.environment:create_environment_scripts_only(cerebellum_hardware)
[5.228s] Level 1:colcon.colcon_core.environment:checking '/ros2_ws/install/cerebellum_hardware' for CMake module files
[5.231s] Level 1:colcon.colcon_core.environment:checking '/ros2_ws/install/cerebellum_hardware' for CMake config files
[5.233s] Level 1:colcon.colcon_core.environment:checking '/ros2_ws/install/cerebellum_hardware/bin'
[5.234s] Level 1:colcon.colcon_core.environment:checking '/ros2_ws/install/cerebellum_hardware/lib/pkgconfig/cerebellum_hardware.pc'
[5.236s] Level 1:colcon.colcon_core.environment:checking '/ros2_ws/install/cerebellum_hardware/lib/python3.10/site-packages'
[5.238s] Level 1:colcon.colcon_core.environment:checking '/ros2_ws/install/cerebellum_hardware/bin'
[5.241s] INFO:colcon.colcon_core.shell:Creating package script '/ros2_ws/install/cerebellum_hardware/share/cerebellum_hardware/package.ps1'
[5.245s] INFO:colcon.colcon_core.shell:Creating package descriptor '/ros2_ws/install/cerebellum_hardware/share/cerebellum_hardware/package.dsv'
[5.247s] INFO:colcon.colcon_core.shell:Creating package script '/ros2_ws/install/cerebellum_hardware/share/cerebellum_hardware/package.sh'
[5.250s] INFO:colcon.colcon_core.shell:Creating package script '/ros2_ws/install/cerebellum_hardware/share/cerebellum_hardware/package.bash'
[5.253s] INFO:colcon.colcon_core.shell:Creating package script '/ros2_ws/install/cerebellum_hardware/share/cerebellum_hardware/package.zsh'
[5.260s] Level 1:colcon.colcon_core.environment:create_file_with_runtime_dependencies(/ros2_ws/install/cerebellum_hardware/share/colcon-core/packages/cerebellum_hardware)
[6.068s] DEBUG:colcon.colcon_parallel_executor.executor.parallel:closing loop
[6.069s] DEBUG:colcon.colcon_parallel_executor.executor.parallel:loop closed
[6.069s] DEBUG:colcon.colcon_parallel_executor.executor.parallel:run_until_complete finished with '2'
[6.070s] DEBUG:colcon.colcon_core.event_reactor:joining thread
[6.090s] INFO:colcon.colcon_core.plugin_system:Skipping extension 'colcon_notification.desktop_notification.notify_send': Could not find 'notify-send'
[6.091s] INFO:colcon.colcon_core.plugin_system:Skipping extension 'colcon_notification.desktop_notification.terminal_notifier': Not used on non-Darwin systems
[6.091s] INFO:colcon.colcon_core.plugin_system:Skipping extension 'colcon_notification.desktop_notification.win32': Not used on non-Windows systems
[6.091s] INFO:colcon.colcon_notification.desktop_notification:Sending desktop notification using 'notify2'
[6.092s] DEBUG:colcon.colcon_notification.desktop_notification.notify2:Failed to initialize notify2: org.freedesktop.DBus.Error.NotSupported: Unable to autolaunch a dbus-daemon without a $DISPLAY for X11
[6.092s] DEBUG:colcon.colcon_core.event_reactor:joined thread
[6.094s] INFO:colcon.colcon_core.shell:Creating prefix script '/ros2_ws/install/local_setup.ps1'
[6.098s] INFO:colcon.colcon_core.shell:Creating prefix util module '/ros2_ws/install/_local_setup_util_ps1.py'
[6.105s] INFO:colcon.colcon_core.shell:Creating prefix chain script '/ros2_ws/install/setup.ps1'
[6.111s] INFO:colcon.colcon_core.shell:Creating prefix script '/ros2_ws/install/local_setup.sh'
[6.113s] INFO:colcon.colcon_core.shell:Creating prefix util module '/ros2_ws/install/_local_setup_util_sh.py'
[6.116s] INFO:colcon.colcon_core.shell:Creating prefix chain script '/ros2_ws/install/setup.sh'
[6.121s] INFO:colcon.colcon_core.shell:Creating prefix script '/ros2_ws/install/local_setup.bash'
[6.123s] INFO:colcon.colcon_core.shell:Creating prefix chain script '/ros2_ws/install/setup.bash'
[6.127s] INFO:colcon.colcon_core.shell:Creating prefix script '/ros2_ws/install/local_setup.zsh'
[6.129s] INFO:colcon.colcon_core.shell:Creating prefix chain script '/ros2_ws/install/setup.zsh'
