[0.132s] Invoking command in '/ros2_ws/build/cerebellum_description': CMAKE_PREFIX_PATH=${CMAKE_PREFIX_PATH}:/ros2_ws/install/system_services:/opt/ros/humble /usr/bin/cmake --build /ros2_ws/build/cerebellum_description -- -j4 -l4
[0.634s] Invoked command in '/ros2_ws/build/cerebellum_description' returned '0': CMAKE_PREFIX_PATH=${CMAKE_PREFIX_PATH}:/ros2_ws/install/system_services:/opt/ros/humble /usr/bin/cmake --build /ros2_ws/build/cerebellum_description -- -j4 -l4
[0.680s] Invoking command in '/ros2_ws/build/cerebellum_description': CMAKE_PREFIX_PATH=${CMAKE_PREFIX_PATH}:/ros2_ws/install/system_services:/opt/ros/humble /usr/bin/cmake --install /ros2_ws/build/cerebellum_description
[0.730s] -- Install configuration: ""
[0.732s] -- Execute custom install script
[0.734s] -- Up-to-date symlink: /ros2_ws/install/cerebellum_description/share/cerebellum_description/urdf/cerebellum.urdf.xacro
[0.736s] -- Up-to-date symlink: /ros2_ws/install/cerebellum_description/share/cerebellum_description/config/controllers.yaml
[0.736s] -- Up-to-date symlink: /ros2_ws/install/cerebellum_description/share/ament_index/resource_index/package_run_dependencies/cerebellum_description
[0.738s] -- Up-to-date symlink: /ros2_ws/install/cerebellum_description/share/ament_index/resource_index/parent_prefix_path/cerebellum_description
[0.739s] -- Up-to-date symlink: /ros2_ws/install/cerebellum_description/share/cerebellum_description/environment/ament_prefix_path.sh
[0.741s] -- Up-to-date symlink: /ros2_ws/install/cerebellum_description/share/cerebellum_description/environment/ament_prefix_path.dsv
[0.742s] -- Up-to-date symlink: /ros2_ws/install/cerebellum_description/share/cerebellum_description/environment/path.sh
[0.743s] -- Up-to-date symlink: /ros2_ws/install/cerebellum_description/share/cerebellum_description/environment/path.dsv
[0.747s] -- Up-to-date symlink: /ros2_ws/install/cerebellum_description/share/cerebellum_description/local_setup.bash
[0.749s] -- Up-to-date symlink: /ros2_ws/install/cerebellum_description/share/cerebellum_description/local_setup.sh
[0.750s] -- Up-to-date symlink: /ros2_ws/install/cerebellum_description/share/cerebellum_description/local_setup.zsh
[0.755s] -- Up-to-date symlink: /ros2_ws/install/cerebellum_description/share/cerebellum_description/local_setup.dsv
[0.757s] -- Symlinking: /ros2_ws/install/cerebellum_description/share/cerebellum_description/package.dsv
[0.805s] -- Up-to-date symlink: /ros2_ws/install/cerebellum_description/share/ament_index/resource_index/packages/cerebellum_description
[0.806s] -- Up-to-date symlink: /ros2_ws/install/cerebellum_description/share/cerebellum_description/cmake/cerebellum_descriptionConfig.cmake
[0.810s] -- Up-to-date symlink: /ros2_ws/install/cerebellum_description/share/cerebellum_description/cmake/cerebellum_descriptionConfig-version.cmake
[0.811s] -- Up-to-date symlink: /ros2_ws/install/cerebellum_description/share/cerebellum_description/package.xml
[0.819s] Invoked command in '/ros2_ws/build/cerebellum_description' returned '0': CMAKE_PREFIX_PATH=${CMAKE_PREFIX_PATH}:/ros2_ws/install/system_services:/opt/ros/humble /usr/bin/cmake --install /ros2_ws/build/cerebellum_description
