[0.049s] Invoking command in '/ros2_ws/build/drivers': CMAKE_PREFIX_PATH=/ros2_ws/install/common:/ros2_ws/install/bringup:/ros2_ws/install/cerebellum_hardware:/ros2_ws/install/dri_interfaces:/ros2_ws/install/interfaces:/ros2_ws/install/drivers:/ros2_ws/install/cerebellum_description:/ros2_ws/install/system_services:/opt/ros/humble /usr/bin/cmake /ros2_ws/src/drivers -DCMAKE_INSTALL_PREFIX=/ros2_ws/install/drivers
[0.104s] -- Found ament_cmake: 1.3.14 (/opt/ros/humble/share/ament_cmake/cmake)
[0.808s] -- Override CMake install command with custom implementation using symlinks instead of copying resources
[0.855s] -- COMMON_INCLUDE_DIR: /ros2_ws/src/drivers/../common/include
[0.857s] -- COMMON_LIB: /ros2_ws/src/drivers/../../install/common/lib/libcommon_config.a
[0.873s] -- Found ament_lint_auto: 0.12.15 (/opt/ros/humble/share/ament_lint_auto/cmake)
[1.337s] -- Added test 'cppcheck' to perform static code analysis on C / C++ code
[1.342s] -- Configured cppcheck include dirs: $<BUILD_INTERFACE:/ros2_ws/src/drivers/include>;/ros2_ws/src/drivers/../common/include;/ros2_ws/src/drivers/include
[1.344s] -- Configured cppcheck exclude dirs and/or files: 
[1.351s] -- Added test 'lint_cmake' to check CMake code style
[1.363s] -- Added test 'uncrustify' to check C / C++ code style
[1.363s] -- Configured uncrustify additional arguments: 
[1.367s] -- Added test 'xmllint' to check XML markup files
[1.381s] -- Configuring done
[1.443s] -- Generating done
[1.455s] -- Build files have been written to: /ros2_ws/build/drivers
[1.471s] Invoked command in '/ros2_ws/build/drivers' returned '0': CMAKE_PREFIX_PATH=/ros2_ws/install/common:/ros2_ws/install/bringup:/ros2_ws/install/cerebellum_hardware:/ros2_ws/install/dri_interfaces:/ros2_ws/install/interfaces:/ros2_ws/install/drivers:/ros2_ws/install/cerebellum_description:/ros2_ws/install/system_services:/opt/ros/humble /usr/bin/cmake /ros2_ws/src/drivers -DCMAKE_INSTALL_PREFIX=/ros2_ws/install/drivers
[1.474s] Invoking command in '/ros2_ws/build/drivers': CMAKE_PREFIX_PATH=/ros2_ws/install/common:/ros2_ws/install/bringup:/ros2_ws/install/cerebellum_hardware:/ros2_ws/install/dri_interfaces:/ros2_ws/install/interfaces:/ros2_ws/install/drivers:/ros2_ws/install/cerebellum_description:/ros2_ws/install/system_services:/opt/ros/humble /usr/bin/cmake --build /ros2_ws/build/drivers -- -j4 -l4
[1.646s] [35m[1mConsolidate compiler generated dependencies of target drivers_core[0m
[1.749s] [ 75%] Built target drivers_core
[1.832s] [35m[1mConsolidate compiler generated dependencies of target test_controller[0m
[1.912s] [100%] Built target test_controller
[1.955s] Invoked command in '/ros2_ws/build/drivers' returned '0': CMAKE_PREFIX_PATH=/ros2_ws/install/common:/ros2_ws/install/bringup:/ros2_ws/install/cerebellum_hardware:/ros2_ws/install/dri_interfaces:/ros2_ws/install/interfaces:/ros2_ws/install/drivers:/ros2_ws/install/cerebellum_description:/ros2_ws/install/system_services:/opt/ros/humble /usr/bin/cmake --build /ros2_ws/build/drivers -- -j4 -l4
[1.957s] Invoking command in '/ros2_ws/build/drivers': CMAKE_PREFIX_PATH=/ros2_ws/install/common:/ros2_ws/install/bringup:/ros2_ws/install/cerebellum_hardware:/ros2_ws/install/dri_interfaces:/ros2_ws/install/interfaces:/ros2_ws/install/drivers:/ros2_ws/install/cerebellum_description:/ros2_ws/install/system_services:/opt/ros/humble /usr/bin/cmake --install /ros2_ws/build/drivers
[1.984s] -- Install configuration: ""
[1.987s] -- Execute custom install script
[1.989s] -- Up-to-date symlink: /ros2_ws/install/drivers/lib/drivers/test_controller
[1.990s] -- Up-to-date symlink: /ros2_ws/install/drivers/include/drivers/drivers/bms/bms.h
[1.991s] -- Up-to-date symlink: /ros2_ws/install/drivers/include/drivers/drivers/controller_board/controller_board.h
[1.994s] -- Up-to-date symlink: /ros2_ws/install/drivers/include/drivers/drivers/controller_board/controller_comm.h
[1.994s] -- Up-to-date symlink: /ros2_ws/install/drivers/include/drivers/drivers/controller_board/protocol.h
[1.995s] -- Up-to-date symlink: /ros2_ws/install/drivers/include/drivers/drivers/imu/imu.h
[1.995s] -- Up-to-date symlink: /ros2_ws/install/drivers/include/drivers/drivers/motor/motor.h
[1.996s] -- Up-to-date symlink: /ros2_ws/install/drivers/include/drivers/port/driver_port.h
[2.001s] -- Up-to-date symlink: /ros2_ws/install/drivers/share/drivers/environment/library_path.sh
[2.001s] -- Up-to-date symlink: /ros2_ws/install/drivers/share/drivers/environment/library_path.dsv
[2.006s] -- Up-to-date symlink: /ros2_ws/install/drivers/share/ament_index/resource_index/package_run_dependencies/drivers
[2.006s] -- Up-to-date symlink: /ros2_ws/install/drivers/share/ament_index/resource_index/parent_prefix_path/drivers
[2.007s] -- Up-to-date symlink: /ros2_ws/install/drivers/share/drivers/environment/ament_prefix_path.sh
[2.007s] -- Up-to-date symlink: /ros2_ws/install/drivers/share/drivers/environment/ament_prefix_path.dsv
[2.008s] -- Up-to-date symlink: /ros2_ws/install/drivers/share/drivers/environment/path.sh
[2.008s] -- Up-to-date symlink: /ros2_ws/install/drivers/share/drivers/environment/path.dsv
[2.008s] -- Up-to-date symlink: /ros2_ws/install/drivers/share/drivers/local_setup.bash
[2.010s] -- Up-to-date symlink: /ros2_ws/install/drivers/share/drivers/local_setup.sh
[2.014s] -- Up-to-date symlink: /ros2_ws/install/drivers/share/drivers/local_setup.zsh
[2.014s] -- Up-to-date symlink: /ros2_ws/install/drivers/share/drivers/local_setup.dsv
[2.015s] -- Symlinking: /ros2_ws/install/drivers/share/drivers/package.dsv
[2.041s] -- Up-to-date symlink: /ros2_ws/install/drivers/share/ament_index/resource_index/packages/drivers
[2.042s] -- Up-to-date symlink: /ros2_ws/install/drivers/share/drivers/cmake/ament_cmake_export_include_directories-extras.cmake
[2.044s] -- Up-to-date symlink: /ros2_ws/install/drivers/share/drivers/cmake/ament_cmake_export_libraries-extras.cmake
[2.044s] -- Up-to-date symlink: /ros2_ws/install/drivers/share/drivers/cmake/driversConfig.cmake
[2.044s] -- Up-to-date symlink: /ros2_ws/install/drivers/share/drivers/cmake/driversConfig-version.cmake
[2.047s] -- Up-to-date symlink: /ros2_ws/install/drivers/share/drivers/package.xml
[2.047s] -- Up-to-date: /ros2_ws/install/drivers/lib/libdrivers_core.a
[2.060s] Invoked command in '/ros2_ws/build/drivers' returned '0': CMAKE_PREFIX_PATH=/ros2_ws/install/common:/ros2_ws/install/bringup:/ros2_ws/install/cerebellum_hardware:/ros2_ws/install/dri_interfaces:/ros2_ws/install/interfaces:/ros2_ws/install/drivers:/ros2_ws/install/cerebellum_description:/ros2_ws/install/system_services:/opt/ros/humble /usr/bin/cmake --install /ros2_ws/build/drivers
