[0.049s] Invoking command in '/ros2_ws/build/oradar_lidar': CMAKE_PREFIX_PATH=${CMAKE_PREFIX_PATH}:/opt/ros/humble /usr/bin/cmake --build /ros2_ws/build/oradar_lidar -- -j4 -l4
[0.455s] [ 60%] Built target oradar_sdk
[0.731s] [ 70%] Built target non-blocking_test
[0.753s] [ 80%] Built target blocking_test
[0.791s] [ 90%] Built target blocking_c_api_test
[0.808s] [100%] Built target oradar_scan
[0.884s] Invoked command in '/ros2_ws/build/oradar_lidar' returned '0': CMAKE_PREFIX_PATH=${CMAKE_PREFIX_PATH}:/opt/ros/humble /usr/bin/cmake --build /ros2_ws/build/oradar_lidar -- -j4 -l4
[1.022s] Invoking command in '/ros2_ws/build/oradar_lidar': CMAKE_PREFIX_PATH=${CMAKE_PREFIX_PATH}:/opt/ros/humble /usr/bin/cmake --install /ros2_ws/build/oradar_lidar
[1.140s] -- Install configuration: "RELEASE"
[1.142s] -- Up-to-date: /ros2_ws/install/oradar_lidar/lib/oradar_lidar/oradar_scan
[1.142s] -- Up-to-date: /ros2_ws/install/oradar_lidar/share/oradar_lidar//launch
[1.145s] -- Up-to-date: /ros2_ws/install/oradar_lidar/share/oradar_lidar//launch/ms200_scan_view.launch
[1.146s] -- Up-to-date: /ros2_ws/install/oradar_lidar/share/oradar_lidar//launch/ms200_scan_gmapping.launch.py
[1.146s] -- Up-to-date: /ros2_ws/install/oradar_lidar/share/oradar_lidar//launch/ms200_scan.launch.py
[1.147s] -- Up-to-date: /ros2_ws/install/oradar_lidar/share/oradar_lidar//launch/ms200_scan_view.launch.py
[1.147s] -- Up-to-date: /ros2_ws/install/oradar_lidar/share/oradar_lidar//launch/ms200_scan.launch
[1.147s] -- Up-to-date: /ros2_ws/install/oradar_lidar/share/oradar_lidar//rviz2
[1.154s] -- Up-to-date: /ros2_ws/install/oradar_lidar/share/oradar_lidar//rviz2/oradar_scan.rviz
[1.155s] -- Up-to-date: /ros2_ws/install/oradar_lidar/share/ament_index/resource_index/package_run_dependencies/oradar_lidar
[1.156s] -- Up-to-date: /ros2_ws/install/oradar_lidar/share/ament_index/resource_index/parent_prefix_path/oradar_lidar
[1.156s] -- Up-to-date: /ros2_ws/install/oradar_lidar/share/oradar_lidar/environment/ament_prefix_path.sh
[1.157s] -- Up-to-date: /ros2_ws/install/oradar_lidar/share/oradar_lidar/environment/ament_prefix_path.dsv
[1.158s] -- Up-to-date: /ros2_ws/install/oradar_lidar/share/oradar_lidar/environment/path.sh
[1.158s] -- Up-to-date: /ros2_ws/install/oradar_lidar/share/oradar_lidar/environment/path.dsv
[1.159s] -- Up-to-date: /ros2_ws/install/oradar_lidar/share/oradar_lidar/local_setup.bash
[1.159s] -- Up-to-date: /ros2_ws/install/oradar_lidar/share/oradar_lidar/local_setup.sh
[1.159s] -- Up-to-date: /ros2_ws/install/oradar_lidar/share/oradar_lidar/local_setup.zsh
[1.160s] -- Up-to-date: /ros2_ws/install/oradar_lidar/share/oradar_lidar/local_setup.dsv
[1.160s] -- Installing: /ros2_ws/install/oradar_lidar/share/oradar_lidar/package.dsv
[1.161s] -- Up-to-date: /ros2_ws/install/oradar_lidar/share/ament_index/resource_index/packages/oradar_lidar
[1.161s] -- Up-to-date: /ros2_ws/install/oradar_lidar/share/oradar_lidar/cmake/oradar_lidarConfig.cmake
[1.162s] -- Up-to-date: /ros2_ws/install/oradar_lidar/share/oradar_lidar/cmake/oradar_lidarConfig-version.cmake
[1.188s] -- Up-to-date: /ros2_ws/install/oradar_lidar/share/oradar_lidar/package.xml
[1.189s] -- Up-to-date: /ros2_ws/install/oradar_lidar/include/core/base/datatype.h
[1.190s] -- Up-to-date: /ros2_ws/install/oradar_lidar/include/core/base/locker.h
[1.191s] -- Up-to-date: /ros2_ws/install/oradar_lidar/include/core/base/thread.h
[1.192s] -- Up-to-date: /ros2_ws/install/oradar_lidar/include/core/base/timer.h
[1.192s] -- Up-to-date: /ros2_ws/install/oradar_lidar/include/core/base/typedef.h
[1.193s] -- Up-to-date: /ros2_ws/install/oradar_lidar/include/core/base/utils.h
[1.196s] -- Up-to-date: /ros2_ws/install/oradar_lidar/include/core/base/v8stdint.h
[1.200s] -- Up-to-date: /ros2_ws/install/oradar_lidar/include/core/common/ChannelDevice.h
[1.200s] -- Up-to-date: /ros2_ws/install/oradar_lidar/include/core/math/angles.h
[1.201s] -- Up-to-date: /ros2_ws/install/oradar_lidar/include/core/network/ActiveSocket.h
[1.201s] -- Up-to-date: /ros2_ws/install/oradar_lidar/include/core/network/PassiveSocket.h
[1.202s] -- Up-to-date: /ros2_ws/install/oradar_lidar/include/core/network/SimpleSocket.h
[1.202s] -- Up-to-date: /ros2_ws/install/oradar_lidar/include/core/network/StatTimer.h
[1.203s] -- Up-to-date: /ros2_ws/install/oradar_lidar/include/core/serial/common.h
[1.203s] -- Up-to-date: /ros2_ws/install/oradar_lidar/include/core/serial/serial.h
[1.203s] -- Up-to-date: /ros2_ws/install/oradar_lidar/include/core/serial/impl/unix/lock.h
[1.204s] -- Up-to-date: /ros2_ws/install/oradar_lidar/include/core/serial/impl/unix/unix.h
[1.204s] -- Up-to-date: /ros2_ws/install/oradar_lidar/include/core/serial/impl/unix/unix_serial.h
[1.208s] -- Up-to-date: /ros2_ws/install/oradar_lidar/include/src/ord_lidar_c_api_driver.h
[1.231s] -- Up-to-date: /ros2_ws/install/oradar_lidar/include/src/ord_lidar_driver.h
[1.232s] -- Up-to-date: /ros2_ws/install/oradar_lidar/include/src/ordlidar_protocol.h
[1.232s] -- Up-to-date: /ros2_ws/install/oradar_lidar/include/src/filters/FullScanFilter.h
[1.233s] -- Up-to-date: /ros2_ws/install/oradar_lidar/lib/liboradar_sdk.a
[1.233s] -- Up-to-date: /ros2_ws/install/oradar_lidar/bin/blocking_test
[1.234s] -- Up-to-date: /ros2_ws/install/oradar_lidar/bin/non-blocking_test
[1.234s] -- Up-to-date: /ros2_ws/install/oradar_lidar/bin/blocking_c_api_test
[1.235s] Invoked command in '/ros2_ws/build/oradar_lidar' returned '0': CMAKE_PREFIX_PATH=${CMAKE_PREFIX_PATH}:/opt/ros/humble /usr/bin/cmake --install /ros2_ws/build/oradar_lidar
