[0.458s] DEBUG:colcon:Command line arguments: ['/usr/bin/colcon', 'build', '--symlink-install']
[0.458s] DEBUG:colcon:Parsed command line arguments: Namespace(log_base=None, log_level=None, verb_name='build', build_base='build', install_base='install', merge_install=False, symlink_install=True, test_result_base=None, continue_on_error=False, executor='parallel', parallel_workers=4, event_handlers=None, ignore_user_meta=False, metas=['./colcon.meta'], base_paths=['.'], packages_ignore=None, packages_ignore_regex=None, paths=None, packages_up_to=None, packages_up_to_regex=None, packages_above=None, packages_above_and_dependencies=None, packages_above_depth=None, packages_select_by_dep=None, packages_skip_by_dep=None, packages_skip_up_to=None, packages_select_build_failed=False, packages_skip_build_finished=False, packages_select_test_failures=False, packages_skip_test_passed=False, packages_select=None, packages_skip=None, packages_select_regex=None, packages_skip_regex=None, packages_start=None, packages_end=None, allow_overriding=[], cmake_args=None, cmake_target=None, cmake_target_skip_unavailable=False, cmake_clean_cache=False, cmake_clean_first=False, cmake_force_configure=False, ament_cmake_args=None, catkin_cmake_args=None, catkin_skip_building_tests=False, verb_parser=<colcon_defaults.argument_parser.defaults.DefaultArgumentsDecorator object at 0x7fb1c367a0>, verb_extension=<colcon_core.verb.build.BuildVerb object at 0x7fb1ff3ee0>, main=<bound method BuildVerb.main of <colcon_core.verb.build.BuildVerb object at 0x7fb1ff3ee0>>)
[1.292s] Level 1:colcon.colcon_core.package_discovery:discover_packages(colcon_meta) check parameters
[1.292s] Level 1:colcon.colcon_core.package_discovery:discover_packages(recursive) check parameters
[1.293s] Level 1:colcon.colcon_core.package_discovery:discover_packages(ignore) check parameters
[1.293s] Level 1:colcon.colcon_core.package_discovery:discover_packages(path) check parameters
[1.293s] Level 1:colcon.colcon_core.package_discovery:discover_packages(colcon_meta) discover
[1.293s] Level 1:colcon.colcon_core.package_discovery:discover_packages(recursive) discover
[1.293s] INFO:colcon.colcon_core.package_discovery:Crawling recursively for packages in '/ros2_ws'
[1.294s] Level 1:colcon.colcon_core.package_identification:_identify(.) by extensions ['ignore', 'ignore_ament_install']
[1.294s] Level 1:colcon.colcon_core.package_identification:_identify(.) by extension 'ignore'
[1.295s] Level 1:colcon.colcon_core.package_identification:_identify(.) by extension 'ignore_ament_install'
[1.295s] Level 1:colcon.colcon_core.package_identification:_identify(.) by extensions ['colcon_pkg']
[1.295s] Level 1:colcon.colcon_core.package_identification:_identify(.) by extension 'colcon_pkg'
[1.295s] Level 1:colcon.colcon_core.package_identification:_identify(.) by extensions ['colcon_meta']
[1.296s] Level 1:colcon.colcon_core.package_identification:_identify(.) by extension 'colcon_meta'
[1.296s] Level 1:colcon.colcon_core.package_identification:_identify(.) by extensions ['ros']
[1.296s] Level 1:colcon.colcon_core.package_identification:_identify(.) by extension 'ros'
[1.348s] Level 1:colcon.colcon_core.package_identification:_identify(.) by extensions ['cmake', 'python']
[1.348s] Level 1:colcon.colcon_core.package_identification:_identify(.) by extension 'cmake'
[1.348s] Level 1:colcon.colcon_core.package_identification:_identify(.) by extension 'python'
[1.348s] Level 1:colcon.colcon_core.package_identification:_identify(.) by extensions ['python_setup_py']
[1.349s] Level 1:colcon.colcon_core.package_identification:_identify(.) by extension 'python_setup_py'
[1.349s] Level 1:colcon.colcon_core.package_identification:_identify(build) by extensions ['ignore', 'ignore_ament_install']
[1.350s] Level 1:colcon.colcon_core.package_identification:_identify(build) by extension 'ignore'
[1.350s] Level 1:colcon.colcon_core.package_identification:_identify(build) ignored
[1.350s] Level 1:colcon.colcon_core.package_identification:_identify(install) by extensions ['ignore', 'ignore_ament_install']
[1.351s] Level 1:colcon.colcon_core.package_identification:_identify(install) by extension 'ignore'
[1.351s] Level 1:colcon.colcon_core.package_identification:_identify(install) ignored
[1.351s] Level 1:colcon.colcon_core.package_identification:_identify(log) by extensions ['ignore', 'ignore_ament_install']
[1.352s] Level 1:colcon.colcon_core.package_identification:_identify(log) by extension 'ignore'
[1.352s] Level 1:colcon.colcon_core.package_identification:_identify(log) ignored
[1.352s] Level 1:colcon.colcon_core.package_identification:_identify(src) by extensions ['ignore', 'ignore_ament_install']
[1.353s] Level 1:colcon.colcon_core.package_identification:_identify(src) by extension 'ignore'
[1.353s] Level 1:colcon.colcon_core.package_identification:_identify(src) by extension 'ignore_ament_install'
[1.353s] Level 1:colcon.colcon_core.package_identification:_identify(src) by extensions ['colcon_pkg']
[1.353s] Level 1:colcon.colcon_core.package_identification:_identify(src) by extension 'colcon_pkg'
[1.353s] Level 1:colcon.colcon_core.package_identification:_identify(src) by extensions ['colcon_meta']
[1.354s] Level 1:colcon.colcon_core.package_identification:_identify(src) by extension 'colcon_meta'
[1.354s] Level 1:colcon.colcon_core.package_identification:_identify(src) by extensions ['ros']
[1.354s] Level 1:colcon.colcon_core.package_identification:_identify(src) by extension 'ros'
[1.354s] Level 1:colcon.colcon_core.package_identification:_identify(src) by extensions ['cmake', 'python']
[1.354s] Level 1:colcon.colcon_core.package_identification:_identify(src) by extension 'cmake'
[1.355s] Level 1:colcon.colcon_core.package_identification:_identify(src) by extension 'python'
[1.355s] Level 1:colcon.colcon_core.package_identification:_identify(src) by extensions ['python_setup_py']
[1.355s] Level 1:colcon.colcon_core.package_identification:_identify(src) by extension 'python_setup_py'
[1.355s] Level 1:colcon.colcon_core.package_identification:_identify(src/algorithms) by extensions ['ignore', 'ignore_ament_install']
[1.356s] Level 1:colcon.colcon_core.package_identification:_identify(src/algorithms) by extension 'ignore'
[1.356s] Level 1:colcon.colcon_core.package_identification:_identify(src/algorithms) by extension 'ignore_ament_install'
[1.356s] Level 1:colcon.colcon_core.package_identification:_identify(src/algorithms) by extensions ['colcon_pkg']
[1.356s] Level 1:colcon.colcon_core.package_identification:_identify(src/algorithms) by extension 'colcon_pkg'
[1.357s] Level 1:colcon.colcon_core.package_identification:_identify(src/algorithms) by extensions ['colcon_meta']
[1.357s] Level 1:colcon.colcon_core.package_identification:_identify(src/algorithms) by extension 'colcon_meta'
[1.357s] Level 1:colcon.colcon_core.package_identification:_identify(src/algorithms) by extensions ['ros']
[1.357s] Level 1:colcon.colcon_core.package_identification:_identify(src/algorithms) by extension 'ros'
[1.371s] DEBUG:colcon.colcon_core.package_identification:Package 'src/algorithms' with type 'ros.ament_cmake' and name 'algorithms'
[1.372s] Level 1:colcon.colcon_core.package_identification:_identify(src/applications) by extensions ['ignore', 'ignore_ament_install']
[1.372s] Level 1:colcon.colcon_core.package_identification:_identify(src/applications) by extension 'ignore'
[1.372s] Level 1:colcon.colcon_core.package_identification:_identify(src/applications) by extension 'ignore_ament_install'
[1.373s] Level 1:colcon.colcon_core.package_identification:_identify(src/applications) by extensions ['colcon_pkg']
[1.373s] Level 1:colcon.colcon_core.package_identification:_identify(src/applications) by extension 'colcon_pkg'
[1.373s] Level 1:colcon.colcon_core.package_identification:_identify(src/applications) by extensions ['colcon_meta']
[1.373s] Level 1:colcon.colcon_core.package_identification:_identify(src/applications) by extension 'colcon_meta'
[1.373s] Level 1:colcon.colcon_core.package_identification:_identify(src/applications) by extensions ['ros']
[1.374s] Level 1:colcon.colcon_core.package_identification:_identify(src/applications) by extension 'ros'
[1.374s] Level 1:colcon.colcon_core.package_identification:_identify(src/applications) by extensions ['cmake', 'python']
[1.374s] Level 1:colcon.colcon_core.package_identification:_identify(src/applications) by extension 'cmake'
[1.374s] Level 1:colcon.colcon_core.package_identification:_identify(src/applications) by extension 'python'
[1.375s] Level 1:colcon.colcon_core.package_identification:_identify(src/applications) by extensions ['python_setup_py']
[1.375s] Level 1:colcon.colcon_core.package_identification:_identify(src/applications) by extension 'python_setup_py'
[1.375s] Level 1:colcon.colcon_core.package_identification:_identify(src/bringup) by extensions ['ignore', 'ignore_ament_install']
[1.375s] Level 1:colcon.colcon_core.package_identification:_identify(src/bringup) by extension 'ignore'
[1.376s] Level 1:colcon.colcon_core.package_identification:_identify(src/bringup) by extension 'ignore_ament_install'
[1.376s] Level 1:colcon.colcon_core.package_identification:_identify(src/bringup) by extensions ['colcon_pkg']
[1.376s] Level 1:colcon.colcon_core.package_identification:_identify(src/bringup) by extension 'colcon_pkg'
[1.376s] Level 1:colcon.colcon_core.package_identification:_identify(src/bringup) by extensions ['colcon_meta']
[1.376s] Level 1:colcon.colcon_core.package_identification:_identify(src/bringup) by extension 'colcon_meta'
[1.377s] Level 1:colcon.colcon_core.package_identification:_identify(src/bringup) by extensions ['ros']
[1.377s] Level 1:colcon.colcon_core.package_identification:_identify(src/bringup) by extension 'ros'
[1.379s] DEBUG:colcon.colcon_core.package_identification:Package 'src/bringup' with type 'ros.ament_cmake' and name 'bringup'
[1.379s] Level 1:colcon.colcon_core.package_identification:_identify(src/common) by extensions ['ignore', 'ignore_ament_install']
[1.380s] Level 1:colcon.colcon_core.package_identification:_identify(src/common) by extension 'ignore'
[1.380s] Level 1:colcon.colcon_core.package_identification:_identify(src/common) by extension 'ignore_ament_install'
[1.380s] Level 1:colcon.colcon_core.package_identification:_identify(src/common) by extensions ['colcon_pkg']
[1.380s] Level 1:colcon.colcon_core.package_identification:_identify(src/common) by extension 'colcon_pkg'
[1.381s] Level 1:colcon.colcon_core.package_identification:_identify(src/common) by extensions ['colcon_meta']
[1.381s] Level 1:colcon.colcon_core.package_identification:_identify(src/common) by extension 'colcon_meta'
[1.381s] Level 1:colcon.colcon_core.package_identification:_identify(src/common) by extensions ['ros']
[1.381s] Level 1:colcon.colcon_core.package_identification:_identify(src/common) by extension 'ros'
[1.384s] DEBUG:colcon.colcon_core.package_identification:Package 'src/common' with type 'ros.ament_cmake' and name 'common'
[1.384s] Level 1:colcon.colcon_core.package_identification:_identify(src/dri_interfaces) by extensions ['ignore', 'ignore_ament_install']
[1.384s] Level 1:colcon.colcon_core.package_identification:_identify(src/dri_interfaces) by extension 'ignore'
[1.385s] Level 1:colcon.colcon_core.package_identification:_identify(src/dri_interfaces) by extension 'ignore_ament_install'
[1.385s] Level 1:colcon.colcon_core.package_identification:_identify(src/dri_interfaces) by extensions ['colcon_pkg']
[1.385s] Level 1:colcon.colcon_core.package_identification:_identify(src/dri_interfaces) by extension 'colcon_pkg'
[1.385s] Level 1:colcon.colcon_core.package_identification:_identify(src/dri_interfaces) by extensions ['colcon_meta']
[1.386s] Level 1:colcon.colcon_core.package_identification:_identify(src/dri_interfaces) by extension 'colcon_meta'
[1.386s] Level 1:colcon.colcon_core.package_identification:_identify(src/dri_interfaces) by extensions ['ros']
[1.386s] Level 1:colcon.colcon_core.package_identification:_identify(src/dri_interfaces) by extension 'ros'
[1.391s] DEBUG:colcon.colcon_core.package_identification:Package 'src/dri_interfaces' with type 'ros.ament_cmake' and name 'dri_interfaces'
[1.391s] Level 1:colcon.colcon_core.package_identification:_identify(src/drivers) by extensions ['ignore', 'ignore_ament_install']
[1.392s] Level 1:colcon.colcon_core.package_identification:_identify(src/drivers) by extension 'ignore'
[1.392s] Level 1:colcon.colcon_core.package_identification:_identify(src/drivers) by extension 'ignore_ament_install'
[1.392s] Level 1:colcon.colcon_core.package_identification:_identify(src/drivers) by extensions ['colcon_pkg']
[1.392s] Level 1:colcon.colcon_core.package_identification:_identify(src/drivers) by extension 'colcon_pkg'
[1.392s] Level 1:colcon.colcon_core.package_identification:_identify(src/drivers) by extensions ['colcon_meta']
[1.393s] Level 1:colcon.colcon_core.package_identification:_identify(src/drivers) by extension 'colcon_meta'
[1.393s] Level 1:colcon.colcon_core.package_identification:_identify(src/drivers) by extensions ['ros']
[1.393s] Level 1:colcon.colcon_core.package_identification:_identify(src/drivers) by extension 'ros'
[1.395s] DEBUG:colcon.colcon_core.package_identification:Package 'src/drivers' with type 'ros.ament_cmake' and name 'drivers'
[1.396s] Level 1:colcon.colcon_core.package_identification:_identify(src/interfaces) by extensions ['ignore', 'ignore_ament_install']
[1.396s] Level 1:colcon.colcon_core.package_identification:_identify(src/interfaces) by extension 'ignore'
[1.396s] Level 1:colcon.colcon_core.package_identification:_identify(src/interfaces) by extension 'ignore_ament_install'
[1.397s] Level 1:colcon.colcon_core.package_identification:_identify(src/interfaces) by extensions ['colcon_pkg']
[1.397s] Level 1:colcon.colcon_core.package_identification:_identify(src/interfaces) by extension 'colcon_pkg'
[1.397s] Level 1:colcon.colcon_core.package_identification:_identify(src/interfaces) by extensions ['colcon_meta']
[1.397s] Level 1:colcon.colcon_core.package_identification:_identify(src/interfaces) by extension 'colcon_meta'
[1.397s] Level 1:colcon.colcon_core.package_identification:_identify(src/interfaces) by extensions ['ros']
[1.398s] Level 1:colcon.colcon_core.package_identification:_identify(src/interfaces) by extension 'ros'
[1.400s] DEBUG:colcon.colcon_core.package_identification:Package 'src/interfaces' with type 'ros.ament_cmake' and name 'interfaces'
[1.401s] Level 1:colcon.colcon_core.package_identification:_identify(src/system_services) by extensions ['ignore', 'ignore_ament_install']
[1.401s] Level 1:colcon.colcon_core.package_identification:_identify(src/system_services) by extension 'ignore'
[1.401s] Level 1:colcon.colcon_core.package_identification:_identify(src/system_services) by extension 'ignore_ament_install'
[1.401s] Level 1:colcon.colcon_core.package_identification:_identify(src/system_services) by extensions ['colcon_pkg']
[1.402s] Level 1:colcon.colcon_core.package_identification:_identify(src/system_services) by extension 'colcon_pkg'
[1.402s] Level 1:colcon.colcon_core.package_identification:_identify(src/system_services) by extensions ['colcon_meta']
[1.402s] Level 1:colcon.colcon_core.package_identification:_identify(src/system_services) by extension 'colcon_meta'
[1.402s] Level 1:colcon.colcon_core.package_identification:_identify(src/system_services) by extensions ['ros']
[1.402s] Level 1:colcon.colcon_core.package_identification:_identify(src/system_services) by extension 'ros'
[1.403s] Level 1:colcon.colcon_core.package_identification:_identify(src/system_services) by extensions ['cmake', 'python']
[1.403s] Level 1:colcon.colcon_core.package_identification:_identify(src/system_services) by extension 'cmake'
[1.403s] Level 1:colcon.colcon_core.package_identification:_identify(src/system_services) by extension 'python'
[1.403s] Level 1:colcon.colcon_core.package_identification:_identify(src/system_services) by extensions ['python_setup_py']
[1.403s] Level 1:colcon.colcon_core.package_identification:_identify(src/system_services) by extension 'python_setup_py'
[1.403s] Level 1:colcon.colcon_core.package_discovery:discover_packages(recursive) using defaults
[1.404s] Level 1:colcon.colcon_core.package_discovery:discover_packages(ignore) discover
[1.404s] Level 1:colcon.colcon_core.package_discovery:discover_packages(ignore) using defaults
[1.404s] Level 1:colcon.colcon_core.package_discovery:discover_packages(path) discover
[1.404s] Level 1:colcon.colcon_core.package_discovery:discover_packages(path) using defaults
[1.489s] Level 1:colcon.colcon_core.package_discovery:discover_packages(prefix_path) check parameters
[1.489s] Level 1:colcon.colcon_core.package_discovery:discover_packages(prefix_path) discover
[1.497s] DEBUG:colcon.colcon_installed_package_information.package_discovery:Found 6 installed packages in /ros2_ws/install
[1.504s] DEBUG:colcon.colcon_installed_package_information.package_discovery:Found 273 installed packages in /opt/ros/humble
[1.512s] Level 1:colcon.colcon_core.package_discovery:discover_packages(prefix_path) using defaults
[1.763s] Level 5:colcon.colcon_core.verb:set package 'common' build argument 'cmake_args' from command line to 'None'
[1.763s] Level 5:colcon.colcon_core.verb:set package 'common' build argument 'cmake_target' from command line to 'None'
[1.763s] Level 5:colcon.colcon_core.verb:set package 'common' build argument 'cmake_target_skip_unavailable' from command line to 'False'
[1.763s] Level 5:colcon.colcon_core.verb:set package 'common' build argument 'cmake_clean_cache' from command line to 'False'
[1.763s] Level 5:colcon.colcon_core.verb:set package 'common' build argument 'cmake_clean_first' from command line to 'False'
[1.764s] Level 5:colcon.colcon_core.verb:set package 'common' build argument 'cmake_force_configure' from command line to 'False'
[1.764s] Level 5:colcon.colcon_core.verb:set package 'common' build argument 'ament_cmake_args' from command line to 'None'
[1.764s] Level 5:colcon.colcon_core.verb:set package 'common' build argument 'catkin_cmake_args' from command line to 'None'
[1.764s] Level 5:colcon.colcon_core.verb:set package 'common' build argument 'catkin_skip_building_tests' from command line to 'False'
[1.764s] DEBUG:colcon.colcon_core.verb:Building package 'common' with the following arguments: {'ament_cmake_args': None, 'build_base': '/ros2_ws/build/common', 'catkin_cmake_args': None, 'catkin_skip_building_tests': False, 'cmake_args': None, 'cmake_clean_cache': False, 'cmake_clean_first': False, 'cmake_force_configure': False, 'cmake_target': None, 'cmake_target_skip_unavailable': False, 'install_base': '/ros2_ws/install/common', 'merge_install': False, 'path': '/ros2_ws/src/common', 'symlink_install': True, 'test_result_base': None}
[1.766s] Level 5:colcon.colcon_core.verb:set package 'interfaces' build argument 'cmake_args' from command line to 'None'
[1.766s] Level 5:colcon.colcon_core.verb:set package 'interfaces' build argument 'cmake_target' from command line to 'None'
[1.766s] Level 5:colcon.colcon_core.verb:set package 'interfaces' build argument 'cmake_target_skip_unavailable' from command line to 'False'
[1.766s] Level 5:colcon.colcon_core.verb:set package 'interfaces' build argument 'cmake_clean_cache' from command line to 'False'
[1.767s] Level 5:colcon.colcon_core.verb:set package 'interfaces' build argument 'cmake_clean_first' from command line to 'False'
[1.767s] Level 5:colcon.colcon_core.verb:set package 'interfaces' build argument 'cmake_force_configure' from command line to 'False'
[1.767s] Level 5:colcon.colcon_core.verb:set package 'interfaces' build argument 'ament_cmake_args' from command line to 'None'
[1.767s] Level 5:colcon.colcon_core.verb:set package 'interfaces' build argument 'catkin_cmake_args' from command line to 'None'
[1.767s] Level 5:colcon.colcon_core.verb:set package 'interfaces' build argument 'catkin_skip_building_tests' from command line to 'False'
[1.767s] DEBUG:colcon.colcon_core.verb:Building package 'interfaces' with the following arguments: {'ament_cmake_args': None, 'build_base': '/ros2_ws/build/interfaces', 'catkin_cmake_args': None, 'catkin_skip_building_tests': False, 'cmake_args': None, 'cmake_clean_cache': False, 'cmake_clean_first': False, 'cmake_force_configure': False, 'cmake_target': None, 'cmake_target_skip_unavailable': False, 'install_base': '/ros2_ws/install/interfaces', 'merge_install': False, 'path': '/ros2_ws/src/interfaces', 'symlink_install': True, 'test_result_base': None}
[1.769s] Level 5:colcon.colcon_core.verb:set package 'algorithms' build argument 'cmake_args' from command line to 'None'
[1.769s] Level 5:colcon.colcon_core.verb:set package 'algorithms' build argument 'cmake_target' from command line to 'None'
[1.769s] Level 5:colcon.colcon_core.verb:set package 'algorithms' build argument 'cmake_target_skip_unavailable' from command line to 'False'
[1.769s] Level 5:colcon.colcon_core.verb:set package 'algorithms' build argument 'cmake_clean_cache' from command line to 'False'
[1.769s] Level 5:colcon.colcon_core.verb:set package 'algorithms' build argument 'cmake_clean_first' from command line to 'False'
[1.770s] Level 5:colcon.colcon_core.verb:set package 'algorithms' build argument 'cmake_force_configure' from command line to 'False'
[1.770s] Level 5:colcon.colcon_core.verb:set package 'algorithms' build argument 'ament_cmake_args' from command line to 'None'
[1.770s] Level 5:colcon.colcon_core.verb:set package 'algorithms' build argument 'catkin_cmake_args' from command line to 'None'
[1.770s] Level 5:colcon.colcon_core.verb:set package 'algorithms' build argument 'catkin_skip_building_tests' from command line to 'False'
[1.770s] DEBUG:colcon.colcon_core.verb:Building package 'algorithms' with the following arguments: {'ament_cmake_args': None, 'build_base': '/ros2_ws/build/algorithms', 'catkin_cmake_args': None, 'catkin_skip_building_tests': False, 'cmake_args': None, 'cmake_clean_cache': False, 'cmake_clean_first': False, 'cmake_force_configure': False, 'cmake_target': None, 'cmake_target_skip_unavailable': False, 'install_base': '/ros2_ws/install/algorithms', 'merge_install': False, 'path': '/ros2_ws/src/algorithms', 'symlink_install': True, 'test_result_base': None}
[1.772s] Level 5:colcon.colcon_core.verb:set package 'dri_interfaces' build argument 'cmake_args' from command line to 'None'
[1.772s] Level 5:colcon.colcon_core.verb:set package 'dri_interfaces' build argument 'cmake_target' from command line to 'None'
[1.772s] Level 5:colcon.colcon_core.verb:set package 'dri_interfaces' build argument 'cmake_target_skip_unavailable' from command line to 'False'
[1.772s] Level 5:colcon.colcon_core.verb:set package 'dri_interfaces' build argument 'cmake_clean_cache' from command line to 'False'
[1.772s] Level 5:colcon.colcon_core.verb:set package 'dri_interfaces' build argument 'cmake_clean_first' from command line to 'False'
[1.772s] Level 5:colcon.colcon_core.verb:set package 'dri_interfaces' build argument 'cmake_force_configure' from command line to 'False'
[1.773s] Level 5:colcon.colcon_core.verb:set package 'dri_interfaces' build argument 'ament_cmake_args' from command line to 'None'
[1.773s] Level 5:colcon.colcon_core.verb:set package 'dri_interfaces' build argument 'catkin_cmake_args' from command line to 'None'
[1.773s] Level 5:colcon.colcon_core.verb:set package 'dri_interfaces' build argument 'catkin_skip_building_tests' from command line to 'False'
[1.773s] DEBUG:colcon.colcon_core.verb:Building package 'dri_interfaces' with the following arguments: {'ament_cmake_args': None, 'build_base': '/ros2_ws/build/dri_interfaces', 'catkin_cmake_args': None, 'catkin_skip_building_tests': False, 'cmake_args': None, 'cmake_clean_cache': False, 'cmake_clean_first': False, 'cmake_force_configure': False, 'cmake_target': None, 'cmake_target_skip_unavailable': False, 'install_base': '/ros2_ws/install/dri_interfaces', 'merge_install': False, 'path': '/ros2_ws/src/dri_interfaces', 'symlink_install': True, 'test_result_base': None}
[1.775s] Level 5:colcon.colcon_core.verb:set package 'drivers' build argument 'cmake_args' from command line to 'None'
[1.775s] Level 5:colcon.colcon_core.verb:set package 'drivers' build argument 'cmake_target' from command line to 'None'
[1.775s] Level 5:colcon.colcon_core.verb:set package 'drivers' build argument 'cmake_target_skip_unavailable' from command line to 'False'
[1.775s] Level 5:colcon.colcon_core.verb:set package 'drivers' build argument 'cmake_clean_cache' from command line to 'False'
[1.775s] Level 5:colcon.colcon_core.verb:set package 'drivers' build argument 'cmake_clean_first' from command line to 'False'
[1.775s] Level 5:colcon.colcon_core.verb:set package 'drivers' build argument 'cmake_force_configure' from command line to 'False'
[1.775s] Level 5:colcon.colcon_core.verb:set package 'drivers' build argument 'ament_cmake_args' from command line to 'None'
[1.776s] Level 5:colcon.colcon_core.verb:set package 'drivers' build argument 'catkin_cmake_args' from command line to 'None'
[1.776s] Level 5:colcon.colcon_core.verb:set package 'drivers' build argument 'catkin_skip_building_tests' from command line to 'False'
[1.776s] DEBUG:colcon.colcon_core.verb:Building package 'drivers' with the following arguments: {'ament_cmake_args': None, 'build_base': '/ros2_ws/build/drivers', 'catkin_cmake_args': None, 'catkin_skip_building_tests': False, 'cmake_args': None, 'cmake_clean_cache': False, 'cmake_clean_first': False, 'cmake_force_configure': False, 'cmake_target': None, 'cmake_target_skip_unavailable': False, 'install_base': '/ros2_ws/install/drivers', 'merge_install': False, 'path': '/ros2_ws/src/drivers', 'symlink_install': True, 'test_result_base': None}
[1.778s] Level 5:colcon.colcon_core.verb:set package 'bringup' build argument 'cmake_args' from command line to 'None'
[1.778s] Level 5:colcon.colcon_core.verb:set package 'bringup' build argument 'cmake_target' from command line to 'None'
[1.778s] Level 5:colcon.colcon_core.verb:set package 'bringup' build argument 'cmake_target_skip_unavailable' from command line to 'False'
[1.778s] Level 5:colcon.colcon_core.verb:set package 'bringup' build argument 'cmake_clean_cache' from command line to 'False'
[1.778s] Level 5:colcon.colcon_core.verb:set package 'bringup' build argument 'cmake_clean_first' from command line to 'False'
[1.778s] Level 5:colcon.colcon_core.verb:set package 'bringup' build argument 'cmake_force_configure' from command line to 'False'
[1.778s] Level 5:colcon.colcon_core.verb:set package 'bringup' build argument 'ament_cmake_args' from command line to 'None'
[1.778s] Level 5:colcon.colcon_core.verb:set package 'bringup' build argument 'catkin_cmake_args' from command line to 'None'
[1.779s] Level 5:colcon.colcon_core.verb:set package 'bringup' build argument 'catkin_skip_building_tests' from command line to 'False'
[1.779s] DEBUG:colcon.colcon_core.verb:Building package 'bringup' with the following arguments: {'ament_cmake_args': None, 'build_base': '/ros2_ws/build/bringup', 'catkin_cmake_args': None, 'catkin_skip_building_tests': False, 'cmake_args': None, 'cmake_clean_cache': False, 'cmake_clean_first': False, 'cmake_force_configure': False, 'cmake_target': None, 'cmake_target_skip_unavailable': False, 'install_base': '/ros2_ws/install/bringup', 'merge_install': False, 'path': '/ros2_ws/src/bringup', 'symlink_install': True, 'test_result_base': None}
[1.779s] INFO:colcon.colcon_core.executor:Executing jobs using 'parallel' executor
[1.783s] DEBUG:colcon.colcon_parallel_executor.executor.parallel:run_until_complete
[1.783s] INFO:colcon.colcon_ros.task.ament_cmake.build:Building ROS package in '/ros2_ws/src/common' with build type 'ament_cmake'
[1.784s] INFO:colcon.colcon_cmake.task.cmake.build:Building CMake package in '/ros2_ws/src/common'
[1.793s] INFO:colcon.colcon_core.plugin_system:Skipping extension 'colcon_core.shell.bat': Not used on non-Windows systems
[1.794s] INFO:colcon.colcon_core.shell:Skip shell extension 'powershell' for command environment: Not usable outside of PowerShell
[1.795s] DEBUG:colcon.colcon_core.shell:Skip shell extension 'dsv' for command environment
[1.812s] INFO:colcon.colcon_ros.task.ament_cmake.build:Building ROS package in '/ros2_ws/src/interfaces' with build type 'ament_cmake'
[1.812s] INFO:colcon.colcon_cmake.task.cmake.build:Building CMake package in '/ros2_ws/src/interfaces'
[1.813s] INFO:colcon.colcon_core.shell:Skip shell extension 'powershell' for command environment: Not usable outside of PowerShell
[1.814s] DEBUG:colcon.colcon_core.shell:Skip shell extension 'dsv' for command environment
[1.842s] DEBUG:colcon.colcon_core.event_handler.log_command:Invoking command in '/ros2_ws/build/common': CMAKE_PREFIX_PATH=${CMAKE_PREFIX_PATH}:/opt/ros/humble /usr/bin/cmake --build /ros2_ws/build/common -- -j4 -l4
[1.859s] DEBUG:colcon.colcon_core.event_handler.log_command:Invoking command in '/ros2_ws/build/interfaces': CMAKE_PREFIX_PATH=${CMAKE_PREFIX_PATH}:/opt/ros/humble /usr/bin/cmake --build /ros2_ws/build/interfaces -- -j4 -l4
[2.191s] DEBUG:colcon.colcon_core.event_handler.log_command:Invoked command in '/ros2_ws/build/common' returned '0': CMAKE_PREFIX_PATH=${CMAKE_PREFIX_PATH}:/opt/ros/humble /usr/bin/cmake --build /ros2_ws/build/common -- -j4 -l4
[2.230s] DEBUG:colcon.colcon_core.event_handler.log_command:Invoking command in '/ros2_ws/build/common': CMAKE_PREFIX_PATH=${CMAKE_PREFIX_PATH}:/opt/ros/humble /usr/bin/cmake --install /ros2_ws/build/common
[2.329s] Level 1:colcon.colcon_core.environment:create_environment_scripts_only(common)
[2.333s] DEBUG:colcon.colcon_core.event_handler.log_command:Invoked command in '/ros2_ws/build/common' returned '0': CMAKE_PREFIX_PATH=${CMAKE_PREFIX_PATH}:/opt/ros/humble /usr/bin/cmake --install /ros2_ws/build/common
[2.344s] Level 1:colcon.colcon_core.environment:checking '/ros2_ws/install/common' for CMake module files
[2.347s] Level 1:colcon.colcon_core.environment:checking '/ros2_ws/install/common' for CMake config files
[2.350s] Level 1:colcon.colcon_core.shell:create_environment_hook('common', 'cmake_prefix_path')
[2.352s] INFO:colcon.colcon_core.shell:Creating environment hook '/ros2_ws/install/common/share/common/hook/cmake_prefix_path.ps1'
[2.356s] INFO:colcon.colcon_core.shell:Creating environment descriptor '/ros2_ws/install/common/share/common/hook/cmake_prefix_path.dsv'
[2.359s] INFO:colcon.colcon_core.shell:Creating environment hook '/ros2_ws/install/common/share/common/hook/cmake_prefix_path.sh'
[2.365s] Level 1:colcon.colcon_core.environment:checking '/ros2_ws/install/common/lib'
[2.366s] Level 1:colcon.colcon_core.environment:checking '/ros2_ws/install/common/bin'
[2.367s] Level 1:colcon.colcon_core.environment:checking '/ros2_ws/install/common/lib/pkgconfig/common.pc'
[2.368s] Level 1:colcon.colcon_core.environment:checking '/ros2_ws/install/common/lib/python3.10/site-packages'
[2.370s] Level 1:colcon.colcon_core.environment:checking '/ros2_ws/install/common/bin'
[2.372s] INFO:colcon.colcon_core.shell:Creating package script '/ros2_ws/install/common/share/common/package.ps1'
[2.380s] INFO:colcon.colcon_core.shell:Creating package descriptor '/ros2_ws/install/common/share/common/package.dsv'
[2.383s] INFO:colcon.colcon_core.shell:Creating package script '/ros2_ws/install/common/share/common/package.sh'
[2.387s] INFO:colcon.colcon_core.shell:Creating package script '/ros2_ws/install/common/share/common/package.bash'
[2.392s] INFO:colcon.colcon_core.shell:Creating package script '/ros2_ws/install/common/share/common/package.zsh'
[2.395s] Level 1:colcon.colcon_core.environment:create_file_with_runtime_dependencies(/ros2_ws/install/common/share/colcon-core/packages/common)
[2.398s] Level 1:colcon.colcon_core.environment:create_environment_scripts_only(common)
[2.400s] Level 1:colcon.colcon_core.environment:checking '/ros2_ws/install/common' for CMake module files
[2.403s] Level 1:colcon.colcon_core.environment:checking '/ros2_ws/install/common' for CMake config files
[2.405s] Level 1:colcon.colcon_core.shell:create_environment_hook('common', 'cmake_prefix_path')
[2.407s] INFO:colcon.colcon_core.shell:Creating environment hook '/ros2_ws/install/common/share/common/hook/cmake_prefix_path.ps1'
[2.409s] INFO:colcon.colcon_core.shell:Creating environment descriptor '/ros2_ws/install/common/share/common/hook/cmake_prefix_path.dsv'
[2.411s] INFO:colcon.colcon_core.shell:Creating environment hook '/ros2_ws/install/common/share/common/hook/cmake_prefix_path.sh'
[2.414s] Level 1:colcon.colcon_core.environment:checking '/ros2_ws/install/common/lib'
[2.415s] Level 1:colcon.colcon_core.environment:checking '/ros2_ws/install/common/bin'
[2.416s] Level 1:colcon.colcon_core.environment:checking '/ros2_ws/install/common/lib/pkgconfig/common.pc'
[2.417s] Level 1:colcon.colcon_core.environment:checking '/ros2_ws/install/common/lib/python3.10/site-packages'
[2.419s] Level 1:colcon.colcon_core.environment:checking '/ros2_ws/install/common/bin'
[2.420s] INFO:colcon.colcon_core.shell:Creating package script '/ros2_ws/install/common/share/common/package.ps1'
[2.424s] INFO:colcon.colcon_core.shell:Creating package descriptor '/ros2_ws/install/common/share/common/package.dsv'
[2.427s] INFO:colcon.colcon_core.shell:Creating package script '/ros2_ws/install/common/share/common/package.sh'
[2.429s] INFO:colcon.colcon_core.shell:Creating package script '/ros2_ws/install/common/share/common/package.bash'
[2.431s] INFO:colcon.colcon_core.shell:Creating package script '/ros2_ws/install/common/share/common/package.zsh'
[2.433s] Level 1:colcon.colcon_core.environment:create_file_with_runtime_dependencies(/ros2_ws/install/common/share/colcon-core/packages/common)
[2.435s] INFO:colcon.colcon_ros.task.ament_cmake.build:Building ROS package in '/ros2_ws/src/drivers' with build type 'ament_cmake'
[2.436s] INFO:colcon.colcon_cmake.task.cmake.build:Building CMake package in '/ros2_ws/src/drivers'
[2.437s] INFO:colcon.colcon_core.shell:Skip shell extension 'powershell' for command environment: Not usable outside of PowerShell
[2.438s] DEBUG:colcon.colcon_core.shell:Skip shell extension 'dsv' for command environment
[2.477s] DEBUG:colcon.colcon_core.event_handler.log_command:Invoking command in '/ros2_ws/build/drivers': CMAKE_PREFIX_PATH=/ros2_ws/install/common:/ros2_ws/install/bringup:/ros2_ws/install/dri_interfaces:/ros2_ws/install/algorithms:/ros2_ws/install/interfaces:/ros2_ws/install/drivers:/opt/ros/humble /usr/bin/cmake --build /ros2_ws/build/drivers -- -j4 -l4
[2.820s] DEBUG:colcon.colcon_core.event_handler.log_command:Invoked command in '/ros2_ws/build/drivers' returned '0': CMAKE_PREFIX_PATH=/ros2_ws/install/common:/ros2_ws/install/bringup:/ros2_ws/install/dri_interfaces:/ros2_ws/install/algorithms:/ros2_ws/install/interfaces:/ros2_ws/install/drivers:/opt/ros/humble /usr/bin/cmake --build /ros2_ws/build/drivers -- -j4 -l4
[2.825s] DEBUG:colcon.colcon_core.event_handler.log_command:Invoking command in '/ros2_ws/build/drivers': CMAKE_PREFIX_PATH=/ros2_ws/install/common:/ros2_ws/install/bringup:/ros2_ws/install/dri_interfaces:/ros2_ws/install/algorithms:/ros2_ws/install/interfaces:/ros2_ws/install/drivers:/opt/ros/humble /usr/bin/cmake --install /ros2_ws/build/drivers
[2.908s] Level 1:colcon.colcon_core.environment:create_environment_scripts_only(drivers)
[2.909s] Level 1:colcon.colcon_core.environment:checking '/ros2_ws/install/drivers' for CMake module files
[2.911s] DEBUG:colcon.colcon_core.event_handler.log_command:Invoked command in '/ros2_ws/build/drivers' returned '0': CMAKE_PREFIX_PATH=/ros2_ws/install/common:/ros2_ws/install/bringup:/ros2_ws/install/dri_interfaces:/ros2_ws/install/algorithms:/ros2_ws/install/interfaces:/ros2_ws/install/drivers:/opt/ros/humble /usr/bin/cmake --install /ros2_ws/build/drivers
[2.913s] Level 1:colcon.colcon_core.environment:checking '/ros2_ws/install/drivers' for CMake config files
[2.915s] Level 1:colcon.colcon_core.shell:create_environment_hook('drivers', 'cmake_prefix_path')
[2.916s] INFO:colcon.colcon_core.shell:Creating environment hook '/ros2_ws/install/drivers/share/drivers/hook/cmake_prefix_path.ps1'
[2.918s] INFO:colcon.colcon_core.shell:Creating environment descriptor '/ros2_ws/install/drivers/share/drivers/hook/cmake_prefix_path.dsv'
[2.919s] INFO:colcon.colcon_core.shell:Creating environment hook '/ros2_ws/install/drivers/share/drivers/hook/cmake_prefix_path.sh'
[2.922s] Level 1:colcon.colcon_core.environment:checking '/ros2_ws/install/drivers/lib'
[2.922s] Level 1:colcon.colcon_core.environment:checking '/ros2_ws/install/drivers/bin'
[2.922s] Level 1:colcon.colcon_core.environment:checking '/ros2_ws/install/drivers/lib/pkgconfig/drivers.pc'
[2.923s] Level 1:colcon.colcon_core.environment:checking '/ros2_ws/install/drivers/lib/python3.10/site-packages'
[2.925s] Level 1:colcon.colcon_core.environment:checking '/ros2_ws/install/drivers/bin'
[2.926s] INFO:colcon.colcon_core.shell:Creating package script '/ros2_ws/install/drivers/share/drivers/package.ps1'
[2.929s] INFO:colcon.colcon_core.shell:Creating package descriptor '/ros2_ws/install/drivers/share/drivers/package.dsv'
[2.930s] INFO:colcon.colcon_core.shell:Creating package script '/ros2_ws/install/drivers/share/drivers/package.sh'
[2.932s] INFO:colcon.colcon_core.shell:Creating package script '/ros2_ws/install/drivers/share/drivers/package.bash'
[2.934s] INFO:colcon.colcon_core.shell:Creating package script '/ros2_ws/install/drivers/share/drivers/package.zsh'
[2.935s] Level 1:colcon.colcon_core.environment:create_file_with_runtime_dependencies(/ros2_ws/install/drivers/share/colcon-core/packages/drivers)
[2.937s] Level 1:colcon.colcon_core.environment:create_environment_scripts_only(drivers)
[2.938s] Level 1:colcon.colcon_core.environment:checking '/ros2_ws/install/drivers' for CMake module files
[2.941s] Level 1:colcon.colcon_core.environment:checking '/ros2_ws/install/drivers' for CMake config files
[2.943s] Level 1:colcon.colcon_core.shell:create_environment_hook('drivers', 'cmake_prefix_path')
[2.944s] INFO:colcon.colcon_core.shell:Creating environment hook '/ros2_ws/install/drivers/share/drivers/hook/cmake_prefix_path.ps1'
[2.945s] INFO:colcon.colcon_core.shell:Creating environment descriptor '/ros2_ws/install/drivers/share/drivers/hook/cmake_prefix_path.dsv'
[2.947s] INFO:colcon.colcon_core.shell:Creating environment hook '/ros2_ws/install/drivers/share/drivers/hook/cmake_prefix_path.sh'
[2.949s] Level 1:colcon.colcon_core.environment:checking '/ros2_ws/install/drivers/lib'
[2.949s] Level 1:colcon.colcon_core.environment:checking '/ros2_ws/install/drivers/bin'
[2.950s] Level 1:colcon.colcon_core.environment:checking '/ros2_ws/install/drivers/lib/pkgconfig/drivers.pc'
[2.951s] Level 1:colcon.colcon_core.environment:checking '/ros2_ws/install/drivers/lib/python3.10/site-packages'
[2.952s] Level 1:colcon.colcon_core.environment:checking '/ros2_ws/install/drivers/bin'
[2.954s] INFO:colcon.colcon_core.shell:Creating package script '/ros2_ws/install/drivers/share/drivers/package.ps1'
[2.956s] INFO:colcon.colcon_core.shell:Creating package descriptor '/ros2_ws/install/drivers/share/drivers/package.dsv'
[2.958s] INFO:colcon.colcon_core.shell:Creating package script '/ros2_ws/install/drivers/share/drivers/package.sh'
[2.960s] INFO:colcon.colcon_core.shell:Creating package script '/ros2_ws/install/drivers/share/drivers/package.bash'
[2.962s] INFO:colcon.colcon_core.shell:Creating package script '/ros2_ws/install/drivers/share/drivers/package.zsh'
[2.964s] Level 1:colcon.colcon_core.environment:create_file_with_runtime_dependencies(/ros2_ws/install/drivers/share/colcon-core/packages/drivers)
[3.400s] DEBUG:colcon.colcon_core.event_handler.log_command:Invoked command in '/ros2_ws/build/interfaces' returned '0': CMAKE_PREFIX_PATH=${CMAKE_PREFIX_PATH}:/opt/ros/humble /usr/bin/cmake --build /ros2_ws/build/interfaces -- -j4 -l4
[3.406s] DEBUG:colcon.colcon_core.event_handler.log_command:Invoking command in '/ros2_ws/build/interfaces': CMAKE_PREFIX_PATH=${CMAKE_PREFIX_PATH}:/opt/ros/humble /usr/bin/cmake --install /ros2_ws/build/interfaces
[3.688s] Level 1:colcon.colcon_core.environment:create_environment_scripts_only(interfaces)
[3.689s] Level 1:colcon.colcon_core.environment:checking '/ros2_ws/install/interfaces' for CMake module files
[3.691s] DEBUG:colcon.colcon_core.event_handler.log_command:Invoked command in '/ros2_ws/build/interfaces' returned '0': CMAKE_PREFIX_PATH=${CMAKE_PREFIX_PATH}:/opt/ros/humble /usr/bin/cmake --install /ros2_ws/build/interfaces
[3.694s] Level 1:colcon.colcon_core.environment:checking '/ros2_ws/install/interfaces' for CMake config files
[3.700s] Level 1:colcon.colcon_core.shell:create_environment_hook('interfaces', 'cmake_prefix_path')
[3.701s] INFO:colcon.colcon_core.shell:Creating environment hook '/ros2_ws/install/interfaces/share/interfaces/hook/cmake_prefix_path.ps1'
[3.703s] INFO:colcon.colcon_core.shell:Creating environment descriptor '/ros2_ws/install/interfaces/share/interfaces/hook/cmake_prefix_path.dsv'
[3.705s] INFO:colcon.colcon_core.shell:Creating environment hook '/ros2_ws/install/interfaces/share/interfaces/hook/cmake_prefix_path.sh'
[3.707s] Level 1:colcon.colcon_core.environment:checking '/ros2_ws/install/interfaces/lib'
[3.707s] Level 1:colcon.colcon_core.shell:create_environment_hook('interfaces', 'ld_library_path_lib')
[3.709s] INFO:colcon.colcon_core.shell:Creating environment hook '/ros2_ws/install/interfaces/share/interfaces/hook/ld_library_path_lib.ps1'
[3.710s] INFO:colcon.colcon_core.shell:Creating environment descriptor '/ros2_ws/install/interfaces/share/interfaces/hook/ld_library_path_lib.dsv'
[3.711s] INFO:colcon.colcon_core.shell:Creating environment hook '/ros2_ws/install/interfaces/share/interfaces/hook/ld_library_path_lib.sh'
[3.713s] Level 1:colcon.colcon_core.environment:checking '/ros2_ws/install/interfaces/bin'
[3.713s] Level 1:colcon.colcon_core.environment:checking '/ros2_ws/install/interfaces/lib/pkgconfig/interfaces.pc'
[3.714s] Level 1:colcon.colcon_core.environment:checking '/ros2_ws/install/interfaces/lib/python3.10/site-packages'
[3.716s] Level 1:colcon.colcon_core.environment:checking '/ros2_ws/install/interfaces/bin'
[3.717s] INFO:colcon.colcon_core.shell:Creating package script '/ros2_ws/install/interfaces/share/interfaces/package.ps1'
[3.720s] INFO:colcon.colcon_core.shell:Creating package descriptor '/ros2_ws/install/interfaces/share/interfaces/package.dsv'
[3.722s] INFO:colcon.colcon_core.shell:Creating package script '/ros2_ws/install/interfaces/share/interfaces/package.sh'
[3.723s] INFO:colcon.colcon_core.shell:Creating package script '/ros2_ws/install/interfaces/share/interfaces/package.bash'
[3.725s] INFO:colcon.colcon_core.shell:Creating package script '/ros2_ws/install/interfaces/share/interfaces/package.zsh'
[3.726s] Level 1:colcon.colcon_core.environment:create_file_with_runtime_dependencies(/ros2_ws/install/interfaces/share/colcon-core/packages/interfaces)
[3.728s] Level 1:colcon.colcon_core.environment:create_environment_scripts_only(interfaces)
[3.729s] Level 1:colcon.colcon_core.environment:checking '/ros2_ws/install/interfaces' for CMake module files
[3.733s] Level 1:colcon.colcon_core.environment:checking '/ros2_ws/install/interfaces' for CMake config files
[3.737s] Level 1:colcon.colcon_core.shell:create_environment_hook('interfaces', 'cmake_prefix_path')
[3.738s] INFO:colcon.colcon_core.shell:Creating environment hook '/ros2_ws/install/interfaces/share/interfaces/hook/cmake_prefix_path.ps1'
[3.740s] INFO:colcon.colcon_core.shell:Creating environment descriptor '/ros2_ws/install/interfaces/share/interfaces/hook/cmake_prefix_path.dsv'
[3.741s] INFO:colcon.colcon_core.shell:Creating environment hook '/ros2_ws/install/interfaces/share/interfaces/hook/cmake_prefix_path.sh'
[3.743s] Level 1:colcon.colcon_core.environment:checking '/ros2_ws/install/interfaces/lib'
[3.744s] Level 1:colcon.colcon_core.shell:create_environment_hook('interfaces', 'ld_library_path_lib')
[3.745s] INFO:colcon.colcon_core.shell:Creating environment hook '/ros2_ws/install/interfaces/share/interfaces/hook/ld_library_path_lib.ps1'
[3.746s] INFO:colcon.colcon_core.shell:Creating environment descriptor '/ros2_ws/install/interfaces/share/interfaces/hook/ld_library_path_lib.dsv'
[3.747s] INFO:colcon.colcon_core.shell:Creating environment hook '/ros2_ws/install/interfaces/share/interfaces/hook/ld_library_path_lib.sh'
[3.749s] Level 1:colcon.colcon_core.environment:checking '/ros2_ws/install/interfaces/bin'
[3.749s] Level 1:colcon.colcon_core.environment:checking '/ros2_ws/install/interfaces/lib/pkgconfig/interfaces.pc'
[3.750s] Level 1:colcon.colcon_core.environment:checking '/ros2_ws/install/interfaces/lib/python3.10/site-packages'
[3.752s] Level 1:colcon.colcon_core.environment:checking '/ros2_ws/install/interfaces/bin'
[3.753s] INFO:colcon.colcon_core.shell:Creating package script '/ros2_ws/install/interfaces/share/interfaces/package.ps1'
[3.756s] INFO:colcon.colcon_core.shell:Creating package descriptor '/ros2_ws/install/interfaces/share/interfaces/package.dsv'
[3.758s] INFO:colcon.colcon_core.shell:Creating package script '/ros2_ws/install/interfaces/share/interfaces/package.sh'
[3.760s] INFO:colcon.colcon_core.shell:Creating package script '/ros2_ws/install/interfaces/share/interfaces/package.bash'
[3.762s] INFO:colcon.colcon_core.shell:Creating package script '/ros2_ws/install/interfaces/share/interfaces/package.zsh'
[3.763s] Level 1:colcon.colcon_core.environment:create_file_with_runtime_dependencies(/ros2_ws/install/interfaces/share/colcon-core/packages/interfaces)
[3.765s] INFO:colcon.colcon_ros.task.ament_cmake.build:Building ROS package in '/ros2_ws/src/algorithms' with build type 'ament_cmake'
[3.765s] INFO:colcon.colcon_cmake.task.cmake.build:Building CMake package in '/ros2_ws/src/algorithms'
[3.766s] INFO:colcon.colcon_core.shell:Skip shell extension 'powershell' for command environment: Not usable outside of PowerShell
[3.766s] DEBUG:colcon.colcon_core.shell:Skip shell extension 'dsv' for command environment
[3.783s] INFO:colcon.colcon_ros.task.ament_cmake.build:Building ROS package in '/ros2_ws/src/dri_interfaces' with build type 'ament_cmake'
[3.784s] INFO:colcon.colcon_cmake.task.cmake.build:Building CMake package in '/ros2_ws/src/dri_interfaces'
[3.785s] INFO:colcon.colcon_core.shell:Skip shell extension 'powershell' for command environment: Not usable outside of PowerShell
[3.785s] DEBUG:colcon.colcon_core.shell:Skip shell extension 'dsv' for command environment
[3.816s] DEBUG:colcon.colcon_core.event_handler.log_command:Invoking command in '/ros2_ws/build/algorithms': CMAKE_PREFIX_PATH=/ros2_ws/install/interfaces:/ros2_ws/install/common:/ros2_ws/install/bringup:/ros2_ws/install/dri_interfaces:/ros2_ws/install/algorithms:/ros2_ws/install/drivers:/opt/ros/humble /usr/bin/cmake --build /ros2_ws/build/algorithms -- -j4 -l4
[3.831s] DEBUG:colcon.colcon_core.event_handler.log_command:Invoking command in '/ros2_ws/build/dri_interfaces': CMAKE_PREFIX_PATH=/ros2_ws/install/interfaces:/ros2_ws/install/bringup:/ros2_ws/install/dri_interfaces:/ros2_ws/install/algorithms:/ros2_ws/install/drivers:/ros2_ws/install/common:/opt/ros/humble /usr/bin/cmake --build /ros2_ws/build/dri_interfaces -- -j4 -l4
[4.213s] DEBUG:colcon.colcon_core.event_handler.log_command:Invoked command in '/ros2_ws/build/dri_interfaces' returned '0': CMAKE_PREFIX_PATH=/ros2_ws/install/interfaces:/ros2_ws/install/bringup:/ros2_ws/install/dri_interfaces:/ros2_ws/install/algorithms:/ros2_ws/install/drivers:/ros2_ws/install/common:/opt/ros/humble /usr/bin/cmake --build /ros2_ws/build/dri_interfaces -- -j4 -l4
[4.215s] DEBUG:colcon.colcon_core.event_handler.log_command:Invoking command in '/ros2_ws/build/dri_interfaces': CMAKE_PREFIX_PATH=/ros2_ws/install/interfaces:/ros2_ws/install/bringup:/ros2_ws/install/dri_interfaces:/ros2_ws/install/algorithms:/ros2_ws/install/drivers:/ros2_ws/install/common:/opt/ros/humble /usr/bin/cmake --install /ros2_ws/build/dri_interfaces
[4.305s] Level 1:colcon.colcon_core.environment:create_environment_scripts_only(dri_interfaces)
[4.307s] Level 1:colcon.colcon_core.environment:checking '/ros2_ws/install/dri_interfaces' for CMake module files
[4.308s] DEBUG:colcon.colcon_core.event_handler.log_command:Invoked command in '/ros2_ws/build/dri_interfaces' returned '0': CMAKE_PREFIX_PATH=/ros2_ws/install/interfaces:/ros2_ws/install/bringup:/ros2_ws/install/dri_interfaces:/ros2_ws/install/algorithms:/ros2_ws/install/drivers:/ros2_ws/install/common:/opt/ros/humble /usr/bin/cmake --install /ros2_ws/build/dri_interfaces
[4.312s] Level 1:colcon.colcon_core.environment:checking '/ros2_ws/install/dri_interfaces' for CMake config files
[4.313s] Level 1:colcon.colcon_core.shell:create_environment_hook('dri_interfaces', 'cmake_prefix_path')
[4.314s] INFO:colcon.colcon_core.shell:Creating environment hook '/ros2_ws/install/dri_interfaces/share/dri_interfaces/hook/cmake_prefix_path.ps1'
[4.318s] INFO:colcon.colcon_core.shell:Creating environment descriptor '/ros2_ws/install/dri_interfaces/share/dri_interfaces/hook/cmake_prefix_path.dsv'
[4.320s] INFO:colcon.colcon_core.shell:Creating environment hook '/ros2_ws/install/dri_interfaces/share/dri_interfaces/hook/cmake_prefix_path.sh'
[4.323s] Level 1:colcon.colcon_core.environment:checking '/ros2_ws/install/dri_interfaces/lib'
[4.323s] Level 1:colcon.colcon_core.environment:checking '/ros2_ws/install/dri_interfaces/bin'
[4.324s] Level 1:colcon.colcon_core.environment:checking '/ros2_ws/install/dri_interfaces/lib/pkgconfig/dri_interfaces.pc'
[4.325s] Level 1:colcon.colcon_core.environment:checking '/ros2_ws/install/dri_interfaces/lib/python3.10/site-packages'
[4.327s] Level 1:colcon.colcon_core.environment:checking '/ros2_ws/install/dri_interfaces/bin'
[4.328s] INFO:colcon.colcon_core.shell:Creating package script '/ros2_ws/install/dri_interfaces/share/dri_interfaces/package.ps1'
[4.331s] INFO:colcon.colcon_core.shell:Creating package descriptor '/ros2_ws/install/dri_interfaces/share/dri_interfaces/package.dsv'
[4.334s] INFO:colcon.colcon_core.shell:Creating package script '/ros2_ws/install/dri_interfaces/share/dri_interfaces/package.sh'
[4.337s] INFO:colcon.colcon_core.shell:Creating package script '/ros2_ws/install/dri_interfaces/share/dri_interfaces/package.bash'
[4.339s] INFO:colcon.colcon_core.shell:Creating package script '/ros2_ws/install/dri_interfaces/share/dri_interfaces/package.zsh'
[4.340s] Level 1:colcon.colcon_core.environment:create_file_with_runtime_dependencies(/ros2_ws/install/dri_interfaces/share/colcon-core/packages/dri_interfaces)
[4.343s] Level 1:colcon.colcon_core.environment:create_environment_scripts_only(dri_interfaces)
[4.344s] Level 1:colcon.colcon_core.environment:checking '/ros2_ws/install/dri_interfaces' for CMake module files
[4.347s] Level 1:colcon.colcon_core.environment:checking '/ros2_ws/install/dri_interfaces' for CMake config files
[4.348s] Level 1:colcon.colcon_core.shell:create_environment_hook('dri_interfaces', 'cmake_prefix_path')
[4.349s] INFO:colcon.colcon_core.shell:Creating environment hook '/ros2_ws/install/dri_interfaces/share/dri_interfaces/hook/cmake_prefix_path.ps1'
[4.351s] INFO:colcon.colcon_core.shell:Creating environment descriptor '/ros2_ws/install/dri_interfaces/share/dri_interfaces/hook/cmake_prefix_path.dsv'
[4.353s] INFO:colcon.colcon_core.shell:Creating environment hook '/ros2_ws/install/dri_interfaces/share/dri_interfaces/hook/cmake_prefix_path.sh'
[4.356s] Level 1:colcon.colcon_core.environment:checking '/ros2_ws/install/dri_interfaces/lib'
[4.357s] Level 1:colcon.colcon_core.environment:checking '/ros2_ws/install/dri_interfaces/bin'
[4.357s] Level 1:colcon.colcon_core.environment:checking '/ros2_ws/install/dri_interfaces/lib/pkgconfig/dri_interfaces.pc'
[4.358s] Level 1:colcon.colcon_core.environment:checking '/ros2_ws/install/dri_interfaces/lib/python3.10/site-packages'
[4.360s] Level 1:colcon.colcon_core.environment:checking '/ros2_ws/install/dri_interfaces/bin'
[4.361s] INFO:colcon.colcon_core.shell:Creating package script '/ros2_ws/install/dri_interfaces/share/dri_interfaces/package.ps1'
[4.365s] INFO:colcon.colcon_core.shell:Creating package descriptor '/ros2_ws/install/dri_interfaces/share/dri_interfaces/package.dsv'
[4.367s] INFO:colcon.colcon_core.shell:Creating package script '/ros2_ws/install/dri_interfaces/share/dri_interfaces/package.sh'
[4.369s] INFO:colcon.colcon_core.shell:Creating package script '/ros2_ws/install/dri_interfaces/share/dri_interfaces/package.bash'
[4.372s] INFO:colcon.colcon_core.shell:Creating package script '/ros2_ws/install/dri_interfaces/share/dri_interfaces/package.zsh'
[4.374s] Level 1:colcon.colcon_core.environment:create_file_with_runtime_dependencies(/ros2_ws/install/dri_interfaces/share/colcon-core/packages/dri_interfaces)
[12.513s] DEBUG:colcon.colcon_core.event_handler.log_command:Invoked command in '/ros2_ws/build/algorithms' returned '0': CMAKE_PREFIX_PATH=/ros2_ws/install/interfaces:/ros2_ws/install/common:/ros2_ws/install/bringup:/ros2_ws/install/dri_interfaces:/ros2_ws/install/algorithms:/ros2_ws/install/drivers:/opt/ros/humble /usr/bin/cmake --build /ros2_ws/build/algorithms -- -j4 -l4
[12.518s] DEBUG:colcon.colcon_core.event_handler.log_command:Invoking command in '/ros2_ws/build/algorithms': CMAKE_PREFIX_PATH=/ros2_ws/install/interfaces:/ros2_ws/install/common:/ros2_ws/install/bringup:/ros2_ws/install/dri_interfaces:/ros2_ws/install/algorithms:/ros2_ws/install/drivers:/opt/ros/humble /usr/bin/cmake --install /ros2_ws/build/algorithms
[12.590s] Level 1:colcon.colcon_core.environment:create_environment_scripts_only(algorithms)
[12.591s] Level 1:colcon.colcon_core.environment:checking '/ros2_ws/install/algorithms' for CMake module files
[12.593s] DEBUG:colcon.colcon_core.event_handler.log_command:Invoked command in '/ros2_ws/build/algorithms' returned '0': CMAKE_PREFIX_PATH=/ros2_ws/install/interfaces:/ros2_ws/install/common:/ros2_ws/install/bringup:/ros2_ws/install/dri_interfaces:/ros2_ws/install/algorithms:/ros2_ws/install/drivers:/opt/ros/humble /usr/bin/cmake --install /ros2_ws/build/algorithms
[12.595s] Level 1:colcon.colcon_core.environment:checking '/ros2_ws/install/algorithms' for CMake config files
[12.597s] Level 1:colcon.colcon_core.shell:create_environment_hook('algorithms', 'cmake_prefix_path')
[12.598s] INFO:colcon.colcon_core.shell:Creating environment hook '/ros2_ws/install/algorithms/share/algorithms/hook/cmake_prefix_path.ps1'
[12.600s] INFO:colcon.colcon_core.shell:Creating environment descriptor '/ros2_ws/install/algorithms/share/algorithms/hook/cmake_prefix_path.dsv'
[12.601s] INFO:colcon.colcon_core.shell:Creating environment hook '/ros2_ws/install/algorithms/share/algorithms/hook/cmake_prefix_path.sh'
[12.604s] Level 1:colcon.colcon_core.environment:checking '/ros2_ws/install/algorithms/lib'
[12.604s] Level 1:colcon.colcon_core.environment:checking '/ros2_ws/install/algorithms/bin'
[12.604s] Level 1:colcon.colcon_core.environment:checking '/ros2_ws/install/algorithms/lib/pkgconfig/algorithms.pc'
[12.605s] Level 1:colcon.colcon_core.environment:checking '/ros2_ws/install/algorithms/lib/python3.10/site-packages'
[12.607s] Level 1:colcon.colcon_core.environment:checking '/ros2_ws/install/algorithms/bin'
[12.609s] INFO:colcon.colcon_core.shell:Creating package script '/ros2_ws/install/algorithms/share/algorithms/package.ps1'
[12.612s] INFO:colcon.colcon_core.shell:Creating package descriptor '/ros2_ws/install/algorithms/share/algorithms/package.dsv'
[12.614s] INFO:colcon.colcon_core.shell:Creating package script '/ros2_ws/install/algorithms/share/algorithms/package.sh'
[12.615s] INFO:colcon.colcon_core.shell:Creating package script '/ros2_ws/install/algorithms/share/algorithms/package.bash'
[12.617s] INFO:colcon.colcon_core.shell:Creating package script '/ros2_ws/install/algorithms/share/algorithms/package.zsh'
[12.618s] Level 1:colcon.colcon_core.environment:create_file_with_runtime_dependencies(/ros2_ws/install/algorithms/share/colcon-core/packages/algorithms)
[12.621s] Level 1:colcon.colcon_core.environment:create_environment_scripts_only(algorithms)
[12.622s] Level 1:colcon.colcon_core.environment:checking '/ros2_ws/install/algorithms' for CMake module files
[12.624s] Level 1:colcon.colcon_core.environment:checking '/ros2_ws/install/algorithms' for CMake config files
[12.626s] Level 1:colcon.colcon_core.shell:create_environment_hook('algorithms', 'cmake_prefix_path')
[12.627s] INFO:colcon.colcon_core.shell:Creating environment hook '/ros2_ws/install/algorithms/share/algorithms/hook/cmake_prefix_path.ps1'
[12.629s] INFO:colcon.colcon_core.shell:Creating environment descriptor '/ros2_ws/install/algorithms/share/algorithms/hook/cmake_prefix_path.dsv'
[12.630s] INFO:colcon.colcon_core.shell:Creating environment hook '/ros2_ws/install/algorithms/share/algorithms/hook/cmake_prefix_path.sh'
[12.632s] Level 1:colcon.colcon_core.environment:checking '/ros2_ws/install/algorithms/lib'
[12.633s] Level 1:colcon.colcon_core.environment:checking '/ros2_ws/install/algorithms/bin'
[12.633s] Level 1:colcon.colcon_core.environment:checking '/ros2_ws/install/algorithms/lib/pkgconfig/algorithms.pc'
[12.634s] Level 1:colcon.colcon_core.environment:checking '/ros2_ws/install/algorithms/lib/python3.10/site-packages'
[12.636s] Level 1:colcon.colcon_core.environment:checking '/ros2_ws/install/algorithms/bin'
[12.637s] INFO:colcon.colcon_core.shell:Creating package script '/ros2_ws/install/algorithms/share/algorithms/package.ps1'
[12.640s] INFO:colcon.colcon_core.shell:Creating package descriptor '/ros2_ws/install/algorithms/share/algorithms/package.dsv'
[12.642s] INFO:colcon.colcon_core.shell:Creating package script '/ros2_ws/install/algorithms/share/algorithms/package.sh'
[12.643s] INFO:colcon.colcon_core.shell:Creating package script '/ros2_ws/install/algorithms/share/algorithms/package.bash'
[12.645s] INFO:colcon.colcon_core.shell:Creating package script '/ros2_ws/install/algorithms/share/algorithms/package.zsh'
[12.647s] Level 1:colcon.colcon_core.environment:create_file_with_runtime_dependencies(/ros2_ws/install/algorithms/share/colcon-core/packages/algorithms)
[12.648s] INFO:colcon.colcon_ros.task.ament_cmake.build:Building ROS package in '/ros2_ws/src/bringup' with build type 'ament_cmake'
[12.648s] INFO:colcon.colcon_cmake.task.cmake.build:Building CMake package in '/ros2_ws/src/bringup'
[12.650s] INFO:colcon.colcon_core.shell:Skip shell extension 'powershell' for command environment: Not usable outside of PowerShell
[12.650s] DEBUG:colcon.colcon_core.shell:Skip shell extension 'dsv' for command environment
[12.698s] DEBUG:colcon.colcon_core.event_handler.log_command:Invoking command in '/ros2_ws/build/bringup': CMAKE_PREFIX_PATH=/ros2_ws/install/dri_interfaces:/ros2_ws/install/algorithms:/ros2_ws/install/interfaces:/ros2_ws/install/common:/ros2_ws/install/bringup:/ros2_ws/install/drivers:/opt/ros/humble /usr/bin/cmake --build /ros2_ws/build/bringup -- -j4 -l4
[12.805s] DEBUG:colcon.colcon_core.event_handler.log_command:Invoked command in '/ros2_ws/build/bringup' returned '0': CMAKE_PREFIX_PATH=/ros2_ws/install/dri_interfaces:/ros2_ws/install/algorithms:/ros2_ws/install/interfaces:/ros2_ws/install/common:/ros2_ws/install/bringup:/ros2_ws/install/drivers:/opt/ros/humble /usr/bin/cmake --build /ros2_ws/build/bringup -- -j4 -l4
[12.810s] DEBUG:colcon.colcon_core.event_handler.log_command:Invoking command in '/ros2_ws/build/bringup': CMAKE_PREFIX_PATH=/ros2_ws/install/dri_interfaces:/ros2_ws/install/algorithms:/ros2_ws/install/interfaces:/ros2_ws/install/common:/ros2_ws/install/bringup:/ros2_ws/install/drivers:/opt/ros/humble /usr/bin/cmake --install /ros2_ws/build/bringup
[12.876s] Level 1:colcon.colcon_core.environment:create_environment_scripts_only(bringup)
[12.877s] Level 1:colcon.colcon_core.environment:checking '/ros2_ws/install/bringup' for CMake module files
[12.879s] DEBUG:colcon.colcon_core.event_handler.log_command:Invoked command in '/ros2_ws/build/bringup' returned '0': CMAKE_PREFIX_PATH=/ros2_ws/install/dri_interfaces:/ros2_ws/install/algorithms:/ros2_ws/install/interfaces:/ros2_ws/install/common:/ros2_ws/install/bringup:/ros2_ws/install/drivers:/opt/ros/humble /usr/bin/cmake --install /ros2_ws/build/bringup
[12.881s] Level 1:colcon.colcon_core.environment:checking '/ros2_ws/install/bringup' for CMake config files
[12.882s] Level 1:colcon.colcon_core.shell:create_environment_hook('bringup', 'cmake_prefix_path')
[12.883s] INFO:colcon.colcon_core.shell:Creating environment hook '/ros2_ws/install/bringup/share/bringup/hook/cmake_prefix_path.ps1'
[12.885s] INFO:colcon.colcon_core.shell:Creating environment descriptor '/ros2_ws/install/bringup/share/bringup/hook/cmake_prefix_path.dsv'
[12.887s] INFO:colcon.colcon_core.shell:Creating environment hook '/ros2_ws/install/bringup/share/bringup/hook/cmake_prefix_path.sh'
[12.889s] Level 1:colcon.colcon_core.environment:checking '/ros2_ws/install/bringup/bin'
[12.889s] Level 1:colcon.colcon_core.environment:checking '/ros2_ws/install/bringup/lib/pkgconfig/bringup.pc'
[12.891s] Level 1:colcon.colcon_core.environment:checking '/ros2_ws/install/bringup/lib/python3.10/site-packages'
[12.892s] Level 1:colcon.colcon_core.environment:checking '/ros2_ws/install/bringup/bin'
[12.894s] INFO:colcon.colcon_core.shell:Creating package script '/ros2_ws/install/bringup/share/bringup/package.ps1'
[12.896s] INFO:colcon.colcon_core.shell:Creating package descriptor '/ros2_ws/install/bringup/share/bringup/package.dsv'
[12.898s] INFO:colcon.colcon_core.shell:Creating package script '/ros2_ws/install/bringup/share/bringup/package.sh'
[12.900s] INFO:colcon.colcon_core.shell:Creating package script '/ros2_ws/install/bringup/share/bringup/package.bash'
[12.901s] INFO:colcon.colcon_core.shell:Creating package script '/ros2_ws/install/bringup/share/bringup/package.zsh'
[12.902s] Level 1:colcon.colcon_core.environment:create_file_with_runtime_dependencies(/ros2_ws/install/bringup/share/colcon-core/packages/bringup)
[12.905s] Level 1:colcon.colcon_core.environment:create_environment_scripts_only(bringup)
[12.906s] Level 1:colcon.colcon_core.environment:checking '/ros2_ws/install/bringup' for CMake module files
[12.908s] Level 1:colcon.colcon_core.environment:checking '/ros2_ws/install/bringup' for CMake config files
[12.909s] Level 1:colcon.colcon_core.shell:create_environment_hook('bringup', 'cmake_prefix_path')
[12.910s] INFO:colcon.colcon_core.shell:Creating environment hook '/ros2_ws/install/bringup/share/bringup/hook/cmake_prefix_path.ps1'
[12.911s] INFO:colcon.colcon_core.shell:Creating environment descriptor '/ros2_ws/install/bringup/share/bringup/hook/cmake_prefix_path.dsv'
[12.913s] INFO:colcon.colcon_core.shell:Creating environment hook '/ros2_ws/install/bringup/share/bringup/hook/cmake_prefix_path.sh'
[12.915s] Level 1:colcon.colcon_core.environment:checking '/ros2_ws/install/bringup/bin'
[12.915s] Level 1:colcon.colcon_core.environment:checking '/ros2_ws/install/bringup/lib/pkgconfig/bringup.pc'
[12.916s] Level 1:colcon.colcon_core.environment:checking '/ros2_ws/install/bringup/lib/python3.10/site-packages'
[12.918s] Level 1:colcon.colcon_core.environment:checking '/ros2_ws/install/bringup/bin'
[12.919s] INFO:colcon.colcon_core.shell:Creating package script '/ros2_ws/install/bringup/share/bringup/package.ps1'
[12.922s] INFO:colcon.colcon_core.shell:Creating package descriptor '/ros2_ws/install/bringup/share/bringup/package.dsv'
[12.924s] INFO:colcon.colcon_core.shell:Creating package script '/ros2_ws/install/bringup/share/bringup/package.sh'
[12.927s] INFO:colcon.colcon_core.shell:Creating package script '/ros2_ws/install/bringup/share/bringup/package.bash'
[12.929s] INFO:colcon.colcon_core.shell:Creating package script '/ros2_ws/install/bringup/share/bringup/package.zsh'
[12.931s] Level 1:colcon.colcon_core.environment:create_file_with_runtime_dependencies(/ros2_ws/install/bringup/share/colcon-core/packages/bringup)
[12.932s] DEBUG:colcon.colcon_parallel_executor.executor.parallel:closing loop
[12.932s] DEBUG:colcon.colcon_parallel_executor.executor.parallel:loop closed
[12.933s] DEBUG:colcon.colcon_parallel_executor.executor.parallel:run_until_complete finished with '0'
[12.933s] DEBUG:colcon.colcon_core.event_reactor:joining thread
[12.953s] INFO:colcon.colcon_core.plugin_system:Skipping extension 'colcon_notification.desktop_notification.notify_send': Could not find 'notify-send'
[12.953s] INFO:colcon.colcon_core.plugin_system:Skipping extension 'colcon_notification.desktop_notification.terminal_notifier': Not used on non-Darwin systems
[12.954s] INFO:colcon.colcon_core.plugin_system:Skipping extension 'colcon_notification.desktop_notification.win32': Not used on non-Windows systems
[12.954s] INFO:colcon.colcon_notification.desktop_notification:Sending desktop notification using 'notify2'
[12.954s] DEBUG:colcon.colcon_notification.desktop_notification.notify2:Failed to initialize notify2: org.freedesktop.DBus.Error.NotSupported: Unable to autolaunch a dbus-daemon without a $DISPLAY for X11
[12.954s] DEBUG:colcon.colcon_core.event_reactor:joined thread
[12.955s] INFO:colcon.colcon_core.shell:Creating prefix script '/ros2_ws/install/local_setup.ps1'
[12.959s] INFO:colcon.colcon_core.shell:Creating prefix util module '/ros2_ws/install/_local_setup_util_ps1.py'
[12.966s] INFO:colcon.colcon_core.shell:Creating prefix chain script '/ros2_ws/install/setup.ps1'
[12.972s] INFO:colcon.colcon_core.shell:Creating prefix script '/ros2_ws/install/local_setup.sh'
[12.975s] INFO:colcon.colcon_core.shell:Creating prefix util module '/ros2_ws/install/_local_setup_util_sh.py'
[12.977s] INFO:colcon.colcon_core.shell:Creating prefix chain script '/ros2_ws/install/setup.sh'
[12.982s] INFO:colcon.colcon_core.shell:Creating prefix script '/ros2_ws/install/local_setup.bash'
[12.985s] INFO:colcon.colcon_core.shell:Creating prefix chain script '/ros2_ws/install/setup.bash'
[12.990s] INFO:colcon.colcon_core.shell:Creating prefix script '/ros2_ws/install/local_setup.zsh'
[12.992s] INFO:colcon.colcon_core.shell:Creating prefix chain script '/ros2_ws/install/setup.zsh'
