[0.045s] Invoking command in '/ros2_ws/build/brain_controller': CMAKE_PREFIX_PATH=/ros2_ws/install/interfaces:/ros2_ws/install/oradar_lidar:/ros2_ws/install/bringup:/ros2_ws/install/description:/ros2_ws/install/brain_hardware:/ros2_ws/install/brain_controller:/opt/ros/humble LD_LIBRARY_PATH=/ros2_ws/install/interfaces/lib:/ros2_ws/install/brain_hardware/lib:/ros2_ws/install/brain_controller/lib:/opt/ros/humble/opt/rviz_ogre_vendor/lib:/opt/ros/humble/lib/aarch64-linux-gnu:/opt/ros/humble/lib /usr/bin/cmake --build /ros2_ws/build/brain_controller -- -j4 -l4
[0.241s] [100%] Built target brain_controller
[0.274s] Invoked command in '/ros2_ws/build/brain_controller' returned '0': CMAKE_PREFIX_PATH=/ros2_ws/install/interfaces:/ros2_ws/install/oradar_lidar:/ros2_ws/install/bringup:/ros2_ws/install/description:/ros2_ws/install/brain_hardware:/ros2_ws/install/brain_controller:/opt/ros/humble LD_LIBRARY_PATH=/ros2_ws/install/interfaces/lib:/ros2_ws/install/brain_hardware/lib:/ros2_ws/install/brain_controller/lib:/opt/ros/humble/opt/rviz_ogre_vendor/lib:/opt/ros/humble/lib/aarch64-linux-gnu:/opt/ros/humble/lib /usr/bin/cmake --build /ros2_ws/build/brain_controller -- -j4 -l4
[0.278s] Invoking command in '/ros2_ws/build/brain_controller': CMAKE_PREFIX_PATH=/ros2_ws/install/interfaces:/ros2_ws/install/oradar_lidar:/ros2_ws/install/bringup:/ros2_ws/install/description:/ros2_ws/install/brain_hardware:/ros2_ws/install/brain_controller:/opt/ros/humble LD_LIBRARY_PATH=/ros2_ws/install/interfaces/lib:/ros2_ws/install/brain_hardware/lib:/ros2_ws/install/brain_controller/lib:/opt/ros/humble/opt/rviz_ogre_vendor/lib:/opt/ros/humble/lib/aarch64-linux-gnu:/opt/ros/humble/lib /usr/bin/cmake --install /ros2_ws/build/brain_controller
[0.305s] -- Install configuration: ""
[0.306s] -- Up-to-date: /ros2_ws/install/brain_controller/share/brain_controller/brain_controller_plugins.xml
[0.307s] -- Up-to-date: /ros2_ws/install/brain_controller/lib/libbrain_controller.so
[0.307s] -- Up-to-date: /ros2_ws/install/brain_controller/include/brain_controller
[0.308s] -- Up-to-date: /ros2_ws/install/brain_controller/include/brain_controller/brain_controller
[0.309s] -- Up-to-date: /ros2_ws/install/brain_controller/include/brain_controller/brain_controller/brain_controller.hpp
[0.309s] -- Up-to-date: /ros2_ws/install/brain_controller/share/brain_controller/brain_controller_plugins.xml
[0.310s] -- Up-to-date: /ros2_ws/install/brain_controller/share/brain_controller/environment/library_path.sh
[0.310s] -- Up-to-date: /ros2_ws/install/brain_controller/share/brain_controller/environment/library_path.dsv
[0.311s] -- Up-to-date: /ros2_ws/install/brain_controller/share/ament_index/resource_index/package_run_dependencies/brain_controller
[0.311s] -- Up-to-date: /ros2_ws/install/brain_controller/share/ament_index/resource_index/parent_prefix_path/brain_controller
[0.312s] -- Up-to-date: /ros2_ws/install/brain_controller/share/brain_controller/environment/ament_prefix_path.sh
[0.313s] -- Up-to-date: /ros2_ws/install/brain_controller/share/brain_controller/environment/ament_prefix_path.dsv
[0.315s] -- Up-to-date: /ros2_ws/install/brain_controller/share/brain_controller/environment/path.sh
[0.316s] -- Up-to-date: /ros2_ws/install/brain_controller/share/brain_controller/environment/path.dsv
[0.316s] -- Up-to-date: /ros2_ws/install/brain_controller/share/brain_controller/local_setup.bash
[0.319s] -- Up-to-date: /ros2_ws/install/brain_controller/share/brain_controller/local_setup.sh
[0.322s] -- Up-to-date: /ros2_ws/install/brain_controller/share/brain_controller/local_setup.zsh
[0.323s] -- Up-to-date: /ros2_ws/install/brain_controller/share/brain_controller/local_setup.dsv
[0.324s] -- Installing: /ros2_ws/install/brain_controller/share/brain_controller/package.dsv
[0.330s] -- Up-to-date: /ros2_ws/install/brain_controller/share/ament_index/resource_index/packages/brain_controller
[0.331s] -- Up-to-date: /ros2_ws/install/brain_controller/share/ament_index/resource_index/controller_interface__pluginlib__plugin/brain_controller
[0.331s] -- Up-to-date: /ros2_ws/install/brain_controller/share/brain_controller/cmake/ament_cmake_export_include_directories-extras.cmake
[0.332s] -- Up-to-date: /ros2_ws/install/brain_controller/share/brain_controller/cmake/ament_cmake_export_libraries-extras.cmake
[0.332s] -- Up-to-date: /ros2_ws/install/brain_controller/share/brain_controller/cmake/ament_cmake_export_dependencies-extras.cmake
[0.333s] -- Up-to-date: /ros2_ws/install/brain_controller/share/brain_controller/cmake/brain_controllerConfig.cmake
[0.333s] -- Up-to-date: /ros2_ws/install/brain_controller/share/brain_controller/cmake/brain_controllerConfig-version.cmake
[0.334s] -- Up-to-date: /ros2_ws/install/brain_controller/share/brain_controller/package.xml
[0.350s] Invoked command in '/ros2_ws/build/brain_controller' returned '0': CMAKE_PREFIX_PATH=/ros2_ws/install/interfaces:/ros2_ws/install/oradar_lidar:/ros2_ws/install/bringup:/ros2_ws/install/description:/ros2_ws/install/brain_hardware:/ros2_ws/install/brain_controller:/opt/ros/humble LD_LIBRARY_PATH=/ros2_ws/install/interfaces/lib:/ros2_ws/install/brain_hardware/lib:/ros2_ws/install/brain_controller/lib:/opt/ros/humble/opt/rviz_ogre_vendor/lib:/opt/ros/humble/lib/aarch64-linux-gnu:/opt/ros/humble/lib /usr/bin/cmake --install /ros2_ws/build/brain_controller
