[0.036s] Invoking command in '/ros2_ws/build/description': CMAKE_PREFIX_PATH=${CMAKE_PREFIX_PATH}:/opt/ros/humble /usr/bin/cmake --build /ros2_ws/build/description -- -j4 -l4
[0.167s] Invoked command in '/ros2_ws/build/description' returned '0': CMAKE_PREFIX_PATH=${CMAKE_PREFIX_PATH}:/opt/ros/humble /usr/bin/cmake --build /ros2_ws/build/description -- -j4 -l4
[0.201s] Invoking command in '/ros2_ws/build/description': CMAKE_PREFIX_PATH=${CMAKE_PREFIX_PATH}:/opt/ros/humble /usr/bin/cmake --install /ros2_ws/build/description
[0.225s] -- Install configuration: ""
[0.226s] -- Up-to-date: /ros2_ws/install/description/share/description/urdf
[0.226s] -- Up-to-date: /ros2_ws/install/description/share/description/urdf/dabai.xacro
[0.227s] -- Up-to-date: /ros2_ws/install/description/share/description/urdf/materials.xacro
[0.227s] -- Installing: /ros2_ws/install/description/share/description/urdf/description.urdf.xacro
[0.227s] -- Up-to-date: /ros2_ws/install/description/share/description/urdf/ascamera.xacro
[0.228s] -- Up-to-date: /ros2_ws/install/description/share/description/config
[0.228s] -- Up-to-date: /ros2_ws/install/description/share/description/launch
[0.229s] -- Up-to-date: /ros2_ws/install/description/share/description/launch/display.launch.py
[0.231s] -- Up-to-date: /ros2_ws/install/description/share/description/rviz
[0.231s] -- Up-to-date: /ros2_ws/install/description/share/description/meshes
[0.232s] -- Up-to-date: /ros2_ws/install/description/share/ament_index/resource_index/package_run_dependencies/description
[0.232s] -- Up-to-date: /ros2_ws/install/description/share/ament_index/resource_index/parent_prefix_path/description
[0.233s] -- Up-to-date: /ros2_ws/install/description/share/description/environment/ament_prefix_path.sh
[0.234s] -- Up-to-date: /ros2_ws/install/description/share/description/environment/ament_prefix_path.dsv
[0.235s] -- Up-to-date: /ros2_ws/install/description/share/description/environment/path.sh
[0.236s] -- Up-to-date: /ros2_ws/install/description/share/description/environment/path.dsv
[0.237s] -- Up-to-date: /ros2_ws/install/description/share/description/local_setup.bash
[0.237s] -- Up-to-date: /ros2_ws/install/description/share/description/local_setup.sh
[0.238s] -- Up-to-date: /ros2_ws/install/description/share/description/local_setup.zsh
[0.239s] -- Up-to-date: /ros2_ws/install/description/share/description/local_setup.dsv
[0.240s] -- Installing: /ros2_ws/install/description/share/description/package.dsv
[0.240s] -- Up-to-date: /ros2_ws/install/description/share/ament_index/resource_index/packages/description
[0.241s] -- Up-to-date: /ros2_ws/install/description/share/description/cmake/descriptionConfig.cmake
[0.241s] -- Up-to-date: /ros2_ws/install/description/share/description/cmake/descriptionConfig-version.cmake
[0.242s] -- Up-to-date: /ros2_ws/install/description/share/description/package.xml
[0.242s] Invoked command in '/ros2_ws/build/description' returned '0': CMAKE_PREFIX_PATH=${CMAKE_PREFIX_PATH}:/opt/ros/humble /usr/bin/cmake --install /ros2_ws/build/description
