[0.045s] Invoking command in '/ros2_ws/build/bringup': AMENT_PREFIX_PATH=/ros2_ws/install/description:/ros2_ws/install/brain_hardware:/ros2_ws/install/interfaces:${AMENT_PREFIX_PATH} CMAKE_PREFIX_PATH=/ros2_ws/install/description:/ros2_ws/install/brain_hardware:/ros2_ws/install/interfaces:/opt/ros/humble LD_LIBRARY_PATH=/ros2_ws/install/brain_hardware/lib:/ros2_ws/install/interfaces/lib:${LD_LIBRARY_PATH} PYTHONPATH=/ros2_ws/install/interfaces/local/lib/python3.10/dist-packages:${PYTHONPATH} /usr/bin/cmake --build /ros2_ws/build/bringup -- -j4 -l4
[0.158s] Invoked command in '/ros2_ws/build/bringup' returned '0': AMENT_PREFIX_PATH=/ros2_ws/install/description:/ros2_ws/install/brain_hardware:/ros2_ws/install/interfaces:${AMENT_PREFIX_PATH} CMAKE_PREFIX_PATH=/ros2_ws/install/description:/ros2_ws/install/brain_hardware:/ros2_ws/install/interfaces:/opt/ros/humble LD_LIBRARY_PATH=/ros2_ws/install/brain_hardware/lib:/ros2_ws/install/interfaces/lib:${LD_LIBRARY_PATH} PYTHONPATH=/ros2_ws/install/interfaces/local/lib/python3.10/dist-packages:${PYTHONPATH} /usr/bin/cmake --build /ros2_ws/build/bringup -- -j4 -l4
[0.164s] Invoking command in '/ros2_ws/build/bringup': AMENT_PREFIX_PATH=/ros2_ws/install/description:/ros2_ws/install/brain_hardware:/ros2_ws/install/interfaces:${AMENT_PREFIX_PATH} CMAKE_PREFIX_PATH=/ros2_ws/install/description:/ros2_ws/install/brain_hardware:/ros2_ws/install/interfaces:/opt/ros/humble LD_LIBRARY_PATH=/ros2_ws/install/brain_hardware/lib:/ros2_ws/install/interfaces/lib:${LD_LIBRARY_PATH} PYTHONPATH=/ros2_ws/install/interfaces/local/lib/python3.10/dist-packages:${PYTHONPATH} /usr/bin/cmake --install /ros2_ws/build/bringup
[0.187s] -- Install configuration: ""
[0.196s] -- Up-to-date: /ros2_ws/install/bringup/share/bringup/launch
[0.208s] -- Up-to-date: /ros2_ws/install/bringup/share/bringup/launch/brain_localization.launch.py
[0.209s] -- Installing: /ros2_ws/install/bringup/share/bringup/launch/brain_slam_nav.launch.py
[0.209s] -- Up-to-date: /ros2_ws/install/bringup/share/bringup/launch/brain_mapping.launch.py
[0.210s] -- Up-to-date: /ros2_ws/install/bringup/share/ament_index/resource_index/package_run_dependencies/bringup
[0.210s] -- Up-to-date: /ros2_ws/install/bringup/share/ament_index/resource_index/parent_prefix_path/bringup
[0.210s] -- Up-to-date: /ros2_ws/install/bringup/share/bringup/environment/ament_prefix_path.sh
[0.211s] -- Up-to-date: /ros2_ws/install/bringup/share/bringup/environment/ament_prefix_path.dsv
[0.211s] -- Up-to-date: /ros2_ws/install/bringup/share/bringup/environment/path.sh
[0.211s] -- Up-to-date: /ros2_ws/install/bringup/share/bringup/environment/path.dsv
[0.212s] -- Up-to-date: /ros2_ws/install/bringup/share/bringup/local_setup.bash
[0.213s] -- Up-to-date: /ros2_ws/install/bringup/share/bringup/local_setup.sh
[0.213s] -- Up-to-date: /ros2_ws/install/bringup/share/bringup/local_setup.zsh
[0.214s] -- Up-to-date: /ros2_ws/install/bringup/share/bringup/local_setup.dsv
[0.215s] -- Installing: /ros2_ws/install/bringup/share/bringup/package.dsv
[0.216s] -- Up-to-date: /ros2_ws/install/bringup/share/ament_index/resource_index/packages/bringup
[0.217s] -- Up-to-date: /ros2_ws/install/bringup/share/bringup/cmake/bringupConfig.cmake
[0.220s] -- Up-to-date: /ros2_ws/install/bringup/share/bringup/cmake/bringupConfig-version.cmake
[0.221s] -- Up-to-date: /ros2_ws/install/bringup/share/bringup/package.xml
[0.222s] Invoked command in '/ros2_ws/build/bringup' returned '0': AMENT_PREFIX_PATH=/ros2_ws/install/description:/ros2_ws/install/brain_hardware:/ros2_ws/install/interfaces:${AMENT_PREFIX_PATH} CMAKE_PREFIX_PATH=/ros2_ws/install/description:/ros2_ws/install/brain_hardware:/ros2_ws/install/interfaces:/opt/ros/humble LD_LIBRARY_PATH=/ros2_ws/install/brain_hardware/lib:/ros2_ws/install/interfaces/lib:${LD_LIBRARY_PATH} PYTHONPATH=/ros2_ws/install/interfaces/local/lib/python3.10/dist-packages:${PYTHONPATH} /usr/bin/cmake --install /ros2_ws/build/bringup
