[0.207s] Invoking command in '/ros2_ws/build/bringup': AMENT_PREFIX_PATH=/ros2_ws/install/description:/ros2_ws/install/brain_hardware:/ros2_ws/install/interfaces:${AMENT_PREFIX_PATH} CMAKE_PREFIX_PATH=/ros2_ws/install/description:/ros2_ws/install/brain_hardware:/ros2_ws/install/interfaces:/opt/ros/humble LD_LIBRARY_PATH=/ros2_ws/install/brain_hardware/lib:/ros2_ws/install/interfaces/lib:${LD_LIBRARY_PATH} PYTHONPATH=/ros2_ws/install/interfaces/local/lib/python3.10/dist-packages:${PYTHONPATH} /usr/bin/cmake --build /ros2_ws/build/bringup -- -j4 -l4
[1.096s] Invoked command in '/ros2_ws/build/bringup' returned '0': AMENT_PREFIX_PATH=/ros2_ws/install/description:/ros2_ws/install/brain_hardware:/ros2_ws/install/interfaces:${AMENT_PREFIX_PATH} CMAKE_PREFIX_PATH=/ros2_ws/install/description:/ros2_ws/install/brain_hardware:/ros2_ws/install/interfaces:/opt/ros/humble LD_LIBRARY_PATH=/ros2_ws/install/brain_hardware/lib:/ros2_ws/install/interfaces/lib:${LD_LIBRARY_PATH} PYTHONPATH=/ros2_ws/install/interfaces/local/lib/python3.10/dist-packages:${PYTHONPATH} /usr/bin/cmake --build /ros2_ws/build/bringup -- -j4 -l4
[1.152s] Invoking command in '/ros2_ws/build/bringup': AMENT_PREFIX_PATH=/ros2_ws/install/description:/ros2_ws/install/brain_hardware:/ros2_ws/install/interfaces:${AMENT_PREFIX_PATH} CMAKE_PREFIX_PATH=/ros2_ws/install/description:/ros2_ws/install/brain_hardware:/ros2_ws/install/interfaces:/opt/ros/humble LD_LIBRARY_PATH=/ros2_ws/install/brain_hardware/lib:/ros2_ws/install/interfaces/lib:${LD_LIBRARY_PATH} PYTHONPATH=/ros2_ws/install/interfaces/local/lib/python3.10/dist-packages:${PYTHONPATH} /usr/bin/cmake --install /ros2_ws/build/bringup
[1.211s] -- Install configuration: ""
[1.223s] -- Execute custom install script
[1.230s] -- Up-to-date symlink: /ros2_ws/install/bringup/share/bringup/launch/a_full.launch.py
[1.230s] -- Up-to-date symlink: /ros2_ws/install/bringup/share/bringup/launch/a_localization.launch.py
[1.232s] -- Up-to-date symlink: /ros2_ws/install/bringup/share/bringup/launch/aurora_include.launch.py
[1.233s] -- Up-to-date symlink: /ros2_ws/install/bringup/share/bringup/launch/brain_full_debug_rosbridge.launch.py
[1.240s] -- Up-to-date symlink: /ros2_ws/install/bringup/share/bringup/launch/brain_localization.launch.py
[1.242s] -- Up-to-date symlink: /ros2_ws/install/bringup/share/bringup/launch/brain_localization_collision_avoidance.launch.py
[1.245s] -- Up-to-date symlink: /ros2_ws/install/bringup/share/bringup/launch/brain_localization_pointcloud.launch.py
[1.248s] -- Up-to-date symlink: /ros2_ws/install/bringup/share/bringup/launch/brain_mapping.launch.py
[1.250s] -- Up-to-date symlink: /ros2_ws/install/bringup/share/bringup/launch/brain_slam_nav.launch.py
[1.251s] -- Up-to-date symlink: /ros2_ws/install/bringup/share/bringup/launch/brain_slam_nav_pointcloud.launch.py
[1.254s] -- Up-to-date symlink: /ros2_ws/install/bringup/share/bringup/launch/image_compressor.launch.py
[1.254s] -- Up-to-date symlink: /ros2_ws/install/bringup/share/bringup/launch/rosbridge.launch.py
[1.260s] -- Up-to-date symlink: /ros2_ws/install/bringup/share/bringup/launch/teleop_collision_avoidance.launch.py
[1.261s] -- Up-to-date symlink: /ros2_ws/install/bringup/share/bringup/launch/teleop_collision_monitor.launch.py
[1.263s] -- Symlinking: /ros2_ws/install/bringup/lib/bringup/env.sh
[1.406s] -- Up-to-date symlink: /ros2_ws/install/bringup/lib/bringup/ros_to_rtmp.py
[1.411s] -- Up-to-date symlink: /ros2_ws/install/bringup/share/ament_index/resource_index/package_run_dependencies/bringup
[1.412s] -- Up-to-date symlink: /ros2_ws/install/bringup/share/ament_index/resource_index/parent_prefix_path/bringup
[1.414s] -- Up-to-date symlink: /ros2_ws/install/bringup/share/bringup/environment/ament_prefix_path.sh
[1.422s] -- Up-to-date symlink: /ros2_ws/install/bringup/share/bringup/environment/ament_prefix_path.dsv
[1.425s] -- Up-to-date symlink: /ros2_ws/install/bringup/share/bringup/environment/path.sh
[1.426s] -- Up-to-date symlink: /ros2_ws/install/bringup/share/bringup/environment/path.dsv
[1.430s] -- Up-to-date symlink: /ros2_ws/install/bringup/share/bringup/local_setup.bash
[1.431s] -- Up-to-date symlink: /ros2_ws/install/bringup/share/bringup/local_setup.sh
[1.438s] -- Up-to-date symlink: /ros2_ws/install/bringup/share/bringup/local_setup.zsh
[1.441s] -- Up-to-date symlink: /ros2_ws/install/bringup/share/bringup/local_setup.dsv
[1.449s] -- Symlinking: /ros2_ws/install/bringup/share/bringup/package.dsv
[1.588s] -- Up-to-date symlink: /ros2_ws/install/bringup/share/ament_index/resource_index/packages/bringup
[1.592s] -- Up-to-date symlink: /ros2_ws/install/bringup/share/bringup/cmake/bringupConfig.cmake
[1.622s] -- Up-to-date symlink: /ros2_ws/install/bringup/share/bringup/cmake/bringupConfig-version.cmake
[1.622s] -- Up-to-date symlink: /ros2_ws/install/bringup/share/bringup/package.xml
[1.623s] Invoked command in '/ros2_ws/build/bringup' returned '0': AMENT_PREFIX_PATH=/ros2_ws/install/description:/ros2_ws/install/brain_hardware:/ros2_ws/install/interfaces:${AMENT_PREFIX_PATH} CMAKE_PREFIX_PATH=/ros2_ws/install/description:/ros2_ws/install/brain_hardware:/ros2_ws/install/interfaces:/opt/ros/humble LD_LIBRARY_PATH=/ros2_ws/install/brain_hardware/lib:/ros2_ws/install/interfaces/lib:${LD_LIBRARY_PATH} PYTHONPATH=/ros2_ws/install/interfaces/local/lib/python3.10/dist-packages:${PYTHONPATH} /usr/bin/cmake --install /ros2_ws/build/bringup
