[0.046s] Invoking command in '/ros2_ws/build/description': CMAKE_PREFIX_PATH=/ros2_ws/install/brain_hardware:/ros2_ws/install/interfaces:/ros2_ws/install/brain_controller:/ros2_ws/install/bringup:/ros2_ws/install/description:/opt/ros/humble LD_LIBRARY_PATH=/ros2_ws/install/brain_hardware/lib:/ros2_ws/install/interfaces/lib:/ros2_ws/install/brain_controller/lib:/opt/ros/humble/opt/rviz_ogre_vendor/lib:/opt/ros/humble/lib/aarch64-linux-gnu:/opt/ros/humble/lib /usr/bin/cmake --build /ros2_ws/build/description -- -j4 -l4
[0.217s] Invoked command in '/ros2_ws/build/description' returned '0': CMAKE_PREFIX_PATH=/ros2_ws/install/brain_hardware:/ros2_ws/install/interfaces:/ros2_ws/install/brain_controller:/ros2_ws/install/bringup:/ros2_ws/install/description:/opt/ros/humble LD_LIBRARY_PATH=/ros2_ws/install/brain_hardware/lib:/ros2_ws/install/interfaces/lib:/ros2_ws/install/brain_controller/lib:/opt/ros/humble/opt/rviz_ogre_vendor/lib:/opt/ros/humble/lib/aarch64-linux-gnu:/opt/ros/humble/lib /usr/bin/cmake --build /ros2_ws/build/description -- -j4 -l4
[0.224s] Invoking command in '/ros2_ws/build/description': CMAKE_PREFIX_PATH=/ros2_ws/install/brain_hardware:/ros2_ws/install/interfaces:/ros2_ws/install/brain_controller:/ros2_ws/install/bringup:/ros2_ws/install/description:/opt/ros/humble LD_LIBRARY_PATH=/ros2_ws/install/brain_hardware/lib:/ros2_ws/install/interfaces/lib:/ros2_ws/install/brain_controller/lib:/opt/ros/humble/opt/rviz_ogre_vendor/lib:/opt/ros/humble/lib/aarch64-linux-gnu:/opt/ros/humble/lib /usr/bin/cmake --install /ros2_ws/build/description
[0.251s] -- Install configuration: ""
[0.252s] -- Up-to-date: /ros2_ws/install/description/share/description/urdf
[0.254s] -- Up-to-date: /ros2_ws/install/description/share/description/urdf/dabai.xacro
[0.255s] -- Up-to-date: /ros2_ws/install/description/share/description/urdf/materials.xacro
[0.255s] -- Up-to-date: /ros2_ws/install/description/share/description/urdf/description.urdf.xacro
[0.257s] -- Up-to-date: /ros2_ws/install/description/share/description/urdf/ascamera.xacro
[0.257s] -- Up-to-date: /ros2_ws/install/description/share/description/config
[0.259s] -- Up-to-date: /ros2_ws/install/description/share/description/config/brain_controllers.yaml
[0.259s] -- Up-to-date: /ros2_ws/install/description/share/description/launch
[0.260s] -- Up-to-date: /ros2_ws/install/description/share/description/launch/display.launch.py
[0.261s] -- Up-to-date: /ros2_ws/install/description/share/description/rviz
[0.261s] -- Up-to-date: /ros2_ws/install/description/share/description/meshes
[0.262s] -- Up-to-date: /ros2_ws/install/description/share/ament_index/resource_index/package_run_dependencies/description
[0.274s] -- Up-to-date: /ros2_ws/install/description/share/ament_index/resource_index/parent_prefix_path/description
[0.275s] -- Up-to-date: /ros2_ws/install/description/share/description/environment/ament_prefix_path.sh
[0.276s] -- Up-to-date: /ros2_ws/install/description/share/description/environment/ament_prefix_path.dsv
[0.277s] -- Up-to-date: /ros2_ws/install/description/share/description/environment/path.sh
[0.277s] -- Up-to-date: /ros2_ws/install/description/share/description/environment/path.dsv
[0.278s] -- Up-to-date: /ros2_ws/install/description/share/description/local_setup.bash
[0.278s] -- Up-to-date: /ros2_ws/install/description/share/description/local_setup.sh
[0.279s] -- Up-to-date: /ros2_ws/install/description/share/description/local_setup.zsh
[0.279s] -- Up-to-date: /ros2_ws/install/description/share/description/local_setup.dsv
[0.279s] -- Installing: /ros2_ws/install/description/share/description/package.dsv
[0.280s] -- Up-to-date: /ros2_ws/install/description/share/ament_index/resource_index/packages/description
[0.281s] -- Up-to-date: /ros2_ws/install/description/share/description/cmake/descriptionConfig.cmake
[0.281s] -- Up-to-date: /ros2_ws/install/description/share/description/cmake/descriptionConfig-version.cmake
[0.282s] -- Up-to-date: /ros2_ws/install/description/share/description/package.xml
[0.282s] Invoked command in '/ros2_ws/build/description' returned '0': CMAKE_PREFIX_PATH=/ros2_ws/install/brain_hardware:/ros2_ws/install/interfaces:/ros2_ws/install/brain_controller:/ros2_ws/install/bringup:/ros2_ws/install/description:/opt/ros/humble LD_LIBRARY_PATH=/ros2_ws/install/brain_hardware/lib:/ros2_ws/install/interfaces/lib:/ros2_ws/install/brain_controller/lib:/opt/ros/humble/opt/rviz_ogre_vendor/lib:/opt/ros/humble/lib/aarch64-linux-gnu:/opt/ros/humble/lib /usr/bin/cmake --install /ros2_ws/build/description
