[0.080s] Invoking command in '/ros2_ws/build/brain_controller': CMAKE_PREFIX_PATH=/ros2_ws/install/interfaces:/ros2_ws/install/oradar_lidar:/ros2_ws/install/bringup:/ros2_ws/install/description:/ros2_ws/install/brain_hardware:/ros2_ws/install/brain_controller:/opt/ros/humble: LD_LIBRARY_PATH=/ros2_ws/install/interfaces/lib:/ros2_ws/install/brain_hardware/lib:/ros2_ws/install/brain_controller/lib:/opt/ros/humble/opt/rviz_ogre_vendor/lib:/opt/ros/humble/lib/aarch64-linux-gnu:/opt/ros/humble/lib /usr/bin/cmake --build /ros2_ws/build/brain_controller -- -j4 -l4
[0.279s] [35m[1mConsolidate compiler generated dependencies of target brain_controller[0m
[0.398s] [ 50%] [32mBuilding CXX object CMakeFiles/brain_controller.dir/src/brain_controller.cpp.o[0m
[11.236s] In file included from [01m[K/ros2_ws/src/ros2_control/brain_controller/include/brain_controller/brain_controller.hpp:11[m[K,
[11.237s]                  from [01m[K/ros2_ws/src/ros2_control/brain_controller/src/brain_controller.cpp:1[m[K:
[11.237s] [01m[K/opt/ros/humble/include/realtime_tools/realtime_tools/realtime_buffer.h:22:100:[m[K [01;36m[Knote: [m[K‘[01m[K#pragma message: This header include is deprecated. Please update your code to use 'realtime_buffer.hpp' header.[m[K’
[11.238s]    22 |   "This header include is deprecated. Please update your code to use 'realtime_buffer.hpp' header."[01;36m[K)[m[K  //NOLINT
[11.238s]       |                                                                                                    [01;36m[K^[m[K
[11.568s] In file included from [01m[K/opt/ros/humble/include/rclcpp/rclcpp/logging.hpp:24[m[K,
[11.569s]                  from [01m[K/opt/ros/humble/include/rclcpp/rclcpp/client.hpp:40[m[K,
[11.569s]                  from [01m[K/opt/ros/humble/include/rclcpp/rclcpp/callback_group.hpp:24[m[K,
[11.570s]                  from [01m[K/opt/ros/humble/include/rclcpp/rclcpp/any_executable.hpp:20[m[K,
[11.570s]                  from [01m[K/opt/ros/humble/include/rclcpp/rclcpp/memory_strategy.hpp:25[m[K,
[11.570s]                  from [01m[K/opt/ros/humble/include/rclcpp/rclcpp/memory_strategies.hpp:18[m[K,
[11.571s]                  from [01m[K/opt/ros/humble/include/rclcpp/rclcpp/executor_options.hpp:20[m[K,
[11.571s]                  from [01m[K/opt/ros/humble/include/rclcpp/rclcpp/executor.hpp:37[m[K,
[11.571s]                  from [01m[K/opt/ros/humble/include/rclcpp/rclcpp/executors/multi_threaded_executor.hpp:25[m[K,
[11.572s]                  from [01m[K/opt/ros/humble/include/rclcpp/rclcpp/executors.hpp:21[m[K,
[11.572s]                  from [01m[K/opt/ros/humble/include/rclcpp/rclcpp/rclcpp.hpp:155[m[K,
[11.573s]                  from [01m[K/opt/ros/humble/include/controller_interface/controller_interface/controller_interface_base.hpp:28[m[K,
[11.573s]                  from [01m[K/opt/ros/humble/include/controller_interface/controller_interface/controller_interface.hpp:22[m[K,
[11.573s]                  from [01m[K/ros2_ws/src/ros2_control/brain_controller/include/brain_controller/brain_controller.hpp:3[m[K,
[11.574s]                  from [01m[K/ros2_ws/src/ros2_control/brain_controller/src/brain_controller.cpp:1[m[K:
[11.574s] [01m[K/ros2_ws/src/ros2_control/brain_controller/src/brain_controller.cpp:[m[K In member function ‘[01m[Kvirtual controller_interface::CallbackReturn brain_controller::BrainController::on_configure(const rclcpp_lifecycle::State&)[m[K’:
[11.574s] [01m[K/ros2_ws/src/ros2_control/brain_controller/src/brain_controller.cpp:61:55:[m[K [01;31m[Kerror: [m[K‘[01m[Kcmd_vel_topic[m[K’ was not declared in this scope; did you mean ‘[01m[Kcmd_vel_topic_[m[K’?
[11.575s]    61 |   RCLCPP_INFO(node->get_logger(), "Subscribed to %s", [01;31m[Kcmd_vel_topic[m[K.c_str());
[11.575s]       |                                                       [01;31m[K^~~~~~~~~~~~~[m[K
[22.323s] gmake[2]: *** [CMakeFiles/brain_controller.dir/build.make:76: CMakeFiles/brain_controller.dir/src/brain_controller.cpp.o] Error 1
[22.325s] gmake[1]: *** [CMakeFiles/Makefile2:137: CMakeFiles/brain_controller.dir/all] Error 2
[22.326s] gmake: *** [Makefile:146: all] Error 2
[22.332s] Invoked command in '/ros2_ws/build/brain_controller' returned '2': CMAKE_PREFIX_PATH=/ros2_ws/install/interfaces:/ros2_ws/install/oradar_lidar:/ros2_ws/install/bringup:/ros2_ws/install/description:/ros2_ws/install/brain_hardware:/ros2_ws/install/brain_controller:/opt/ros/humble: LD_LIBRARY_PATH=/ros2_ws/install/interfaces/lib:/ros2_ws/install/brain_hardware/lib:/ros2_ws/install/brain_controller/lib:/opt/ros/humble/opt/rviz_ogre_vendor/lib:/opt/ros/humble/lib/aarch64-linux-gnu:/opt/ros/humble/lib /usr/bin/cmake --build /ros2_ws/build/brain_controller -- -j4 -l4
