[ 50%] [32mBuilding CXX object CMakeFiles/brain_controller.dir/src/brain_controller.cpp.o[0m
In file included from [01m[K/ros2_ws/src/ros2_control/brain_controller/include/brain_controller/brain_controller.hpp:11[m[K,
                 from [01m[K/ros2_ws/src/ros2_control/brain_controller/src/brain_controller.cpp:1[m[K:
[01m[K/opt/ros/humble/include/realtime_tools/realtime_tools/realtime_buffer.h:22:100:[m[K [01;36m[Knote: [m[K‘[01m[K#pragma message: This header include is deprecated. Please update your code to use 'realtime_buffer.hpp' header.[m[K’
   22 |   "This header include is deprecated. Please update your code to use 'realtime_buffer.hpp' header."[01;36m[K)[m[K  //NOLINT
      |                                                                                                    [01;36m[K^[m[K
In file included from [01m[K/opt/ros/humble/include/rclcpp/rclcpp/client.hpp:40[m[K,
                 from [01m[K/opt/ros/humble/include/rclcpp/rclcpp/callback_group.hpp:24[m[K,
                 from [01m[K/opt/ros/humble/include/rclcpp/rclcpp/any_executable.hpp:20[m[K,
                 from [01m[K/opt/ros/humble/include/rclcpp/rclcpp/memory_strategy.hpp:25[m[K,
                 from [01m[K/opt/ros/humble/include/rclcpp/rclcpp/memory_strategies.hpp:18[m[K,
                 from [01m[K/opt/ros/humble/include/rclcpp/rclcpp/executor_options.hpp:20[m[K,
                 from [01m[K/opt/ros/humble/include/rclcpp/rclcpp/executor.hpp:37[m[K,
                 from [01m[K/opt/ros/humble/include/rclcpp/rclcpp/executors/multi_threaded_executor.hpp:25[m[K,
                 from [01m[K/opt/ros/humble/include/rclcpp/rclcpp/executors.hpp:21[m[K,
                 from [01m[K/opt/ros/humble/include/rclcpp/rclcpp/rclcpp.hpp:155[m[K,
                 from [01m[K/opt/ros/humble/include/controller_interface/controller_interface/controller_interface_base.hpp:28[m[K,
                 from [01m[K/opt/ros/humble/include/controller_interface/controller_interface/controller_interface.hpp:22[m[K,
                 from [01m[K/ros2_ws/src/ros2_control/brain_controller/include/brain_controller/brain_controller.hpp:3[m[K,
                 from [01m[K/ros2_ws/src/ros2_control/brain_controller/src/brain_controller.cpp:1[m[K:
[01m[K/ros2_ws/src/ros2_control/brain_controller/src/brain_controller.cpp:[m[K In member function ‘[01m[Kvirtual controller_interface::return_type brain_controller::BrainController::update(const rclcpp::Time&, const rclcpp::Duration&)[m[K’:
[01m[K/ros2_ws/src/ros2_control/brain_controller/src/brain_controller.cpp:291:17:[m[K [01;31m[Kerror: [m[K‘[01m[Knode[m[K’ was not declared in this scope; did you mean ‘[01m[Knode_[m[K’?
  291 |     RCLCPP_INFO([01;31m[Knode[m[K->get_logger(), "==================update======================");
      |                 [01;31m[K^~~~[m[K
[01m[K/ros2_ws/src/ros2_control/brain_controller/src/brain_controller.cpp:291:5:[m[K [01;31m[Kerror: [m[Ktemplate argument 1 is invalid
  291 |     [01;31m[KRCLCPP_INFO[m[K(node->get_logger(), "==================update======================");
      |     [01;31m[K^~~~~~~~~~~[m[K
[01m[K/ros2_ws/src/ros2_control/brain_controller/src/brain_controller.cpp:292:17:[m[K [01;31m[Kerror: [m[K‘[01m[Knode[m[K’ was not declared in this scope; did you mean ‘[01m[Knode_[m[K’?
  292 |     RCLCPP_INFO([01;31m[Knode[m[K->get_logger(), "BrainController Parameter Loading:");
      |                 [01;31m[K^~~~[m[K
[01m[K/ros2_ws/src/ros2_control/brain_controller/src/brain_controller.cpp:292:5:[m[K [01;31m[Kerror: [m[Ktemplate argument 1 is invalid
  292 |     [01;31m[KRCLCPP_INFO[m[K(node->get_logger(), "BrainController Parameter Loading:");
      |     [01;31m[K^~~~~~~~~~~[m[K
[01m[K/ros2_ws/src/ros2_control/brain_controller/src/brain_controller.cpp:293:17:[m[K [01;31m[Kerror: [m[K‘[01m[Knode[m[K’ was not declared in this scope; did you mean ‘[01m[Knode_[m[K’?
  293 |     RCLCPP_INFO([01;31m[Knode[m[K->get_logger(), "  wheel_radius         = %f", wheel_radius_);
      |                 [01;31m[K^~~~[m[K
[01m[K/ros2_ws/src/ros2_control/brain_controller/src/brain_controller.cpp:293:5:[m[K [01;31m[Kerror: [m[Ktemplate argument 1 is invalid
  293 |     [01;31m[KRCLCPP_INFO[m[K(node->get_logger(), "  wheel_radius         = %f", wheel_radius_);
      |     [01;31m[K^~~~~~~~~~~[m[K
[01m[K/ros2_ws/src/ros2_control/brain_controller/src/brain_controller.cpp:294:17:[m[K [01;31m[Kerror: [m[K‘[01m[Knode[m[K’ was not declared in this scope; did you mean ‘[01m[Knode_[m[K’?
  294 |     RCLCPP_INFO([01;31m[Knode[m[K->get_logger(), "  wheel_separation_h   = %f", wheel_separation_h_);
      |                 [01;31m[K^~~~[m[K
[01m[K/ros2_ws/src/ros2_control/brain_controller/src/brain_controller.cpp:294:5:[m[K [01;31m[Kerror: [m[Ktemplate argument 1 is invalid
  294 |     [01;31m[KRCLCPP_INFO[m[K(node->get_logger(), "  wheel_separation_h   = %f", wheel_separation_h_);
      |     [01;31m[K^~~~~~~~~~~[m[K
[01m[K/ros2_ws/src/ros2_control/brain_controller/src/brain_controller.cpp:295:17:[m[K [01;31m[Kerror: [m[K‘[01m[Knode[m[K’ was not declared in this scope; did you mean ‘[01m[Knode_[m[K’?
  295 |     RCLCPP_INFO([01;31m[Knode[m[K->get_logger(), "  wheel_separation_w   = %f", wheel_separation_w_);
      |                 [01;31m[K^~~~[m[K
[01m[K/ros2_ws/src/ros2_control/brain_controller/src/brain_controller.cpp:295:5:[m[K [01;31m[Kerror: [m[Ktemplate argument 1 is invalid
  295 |     [01;31m[KRCLCPP_INFO[m[K(node->get_logger(), "  wheel_separation_w   = %f", wheel_separation_w_);
      |     [01;31m[K^~~~~~~~~~~[m[K
[01m[K/ros2_ws/src/ros2_control/brain_controller/src/brain_controller.cpp:296:17:[m[K [01;31m[Kerror: [m[K‘[01m[Knode[m[K’ was not declared in this scope; did you mean ‘[01m[Knode_[m[K’?
  296 |     RCLCPP_INFO([01;31m[Knode[m[K->get_logger(), "  max_speed            = %f", max_speed_);
      |                 [01;31m[K^~~~[m[K
[01m[K/ros2_ws/src/ros2_control/brain_controller/src/brain_controller.cpp:296:5:[m[K [01;31m[Kerror: [m[Ktemplate argument 1 is invalid
  296 |     [01;31m[KRCLCPP_INFO[m[K(node->get_logger(), "  max_speed            = %f", max_speed_);
      |     [01;31m[K^~~~~~~~~~~[m[K
[01m[K/ros2_ws/src/ros2_control/brain_controller/src/brain_controller.cpp:297:17:[m[K [01;31m[Kerror: [m[K‘[01m[Knode[m[K’ was not declared in this scope; did you mean ‘[01m[Knode_[m[K’?
  297 |     RCLCPP_INFO([01;31m[Knode[m[K->get_logger(), "========================================");
      |                 [01;31m[K^~~~[m[K
[01m[K/ros2_ws/src/ros2_control/brain_controller/src/brain_controller.cpp:297:5:[m[K [01;31m[Kerror: [m[Ktemplate argument 1 is invalid
  297 |     [01;31m[KRCLCPP_INFO[m[K(node->get_logger(), "========================================");
      |     [01;31m[K^~~~~~~~~~~[m[K
gmake[2]: *** [CMakeFiles/brain_controller.dir/build.make:76: CMakeFiles/brain_controller.dir/src/brain_controller.cpp.o] Error 1
gmake[1]: *** [CMakeFiles/Makefile2:137: CMakeFiles/brain_controller.dir/all] Error 2
gmake: *** [Makefile:146: all] Error 2
