[0.078s] Invoking command in '/ros2_ws/build/interfaces': CMAKE_PREFIX_PATH=${CMAKE_PREFIX_PATH}:/opt/ros/humble /usr/bin/cmake --build /ros2_ws/build/interfaces -- -j4 -l4
[0.376s] [  2%] Built target interfaces__cpp
[0.431s] [  5%] Built target interfaces__rs
[0.452s] [ 15%] Built target interfaces__rosidl_generator_c
[0.536s] [ 15%] Built target ament_cmake_python_copy_interfaces
[0.682s] [ 25%] Built target interfaces__rosidl_typesupport_fastrtps_cpp
[0.705s] [ 35%] Built target interfaces__rosidl_typesupport_introspection_cpp
[0.719s] [ 45%] Built target interfaces__rosidl_typesupport_cpp
[0.722s] [ 55%] Built target interfaces__rosidl_typesupport_fastrtps_c
[0.795s] [ 65%] Built target interfaces__rosidl_typesupport_introspection_c
[0.814s] [ 75%] Built target interfaces__rosidl_typesupport_c
[0.973s] [ 75%] Built target interfaces
[1.124s] [ 77%] Built target interfaces__py
[1.233s] [ 85%] Built target interfaces__rosidl_generator_py
[1.448s] [ 90%] Built target interfaces__rosidl_typesupport_fastrtps_c__pyext
[1.491s] [ 95%] Built target interfaces__rosidl_typesupport_c__pyext
[1.506s] [100%] Built target interfaces__rosidl_typesupport_introspection_c__pyext
[2.094s] running egg_info
[2.098s] writing interfaces.egg-info/PKG-INFO
[2.101s] writing dependency_links to interfaces.egg-info/dependency_links.txt
[2.101s] writing top-level names to interfaces.egg-info/top_level.txt
[2.111s] reading manifest file 'interfaces.egg-info/SOURCES.txt'
[2.118s] writing manifest file 'interfaces.egg-info/SOURCES.txt'
[2.251s] [100%] Built target ament_cmake_python_build_interfaces_egg
[2.299s] Invoked command in '/ros2_ws/build/interfaces' returned '0': CMAKE_PREFIX_PATH=${CMAKE_PREFIX_PATH}:/opt/ros/humble /usr/bin/cmake --build /ros2_ws/build/interfaces -- -j4 -l4
[2.308s] Invoking command in '/ros2_ws/build/interfaces': CMAKE_PREFIX_PATH=${CMAKE_PREFIX_PATH}:/opt/ros/humble /usr/bin/cmake --install /ros2_ws/build/interfaces
[2.348s] -- Install configuration: ""
[2.349s] -- Up-to-date: /ros2_ws/install/interfaces/share/ament_index/resource_index/rosidl_interfaces/interfaces
[2.349s] -- Up-to-date: /ros2_ws/install/interfaces/include/interfaces/interfaces
[2.349s] -- Up-to-date: /ros2_ws/install/interfaces/include/interfaces/interfaces/msg
[2.350s] -- Up-to-date: /ros2_ws/install/interfaces/include/interfaces/interfaces/msg/detail
[2.350s] -- Up-to-date: /ros2_ws/install/interfaces/include/interfaces/interfaces/msg/detail/motor_cmd__struct.h
[2.366s] -- Up-to-date: /ros2_ws/install/interfaces/include/interfaces/interfaces/msg/detail/motor_states__functions.h
[2.367s] -- Up-to-date: /ros2_ws/install/interfaces/include/interfaces/interfaces/msg/detail/motor_states__type_support.h
[2.368s] -- Up-to-date: /ros2_ws/install/interfaces/include/interfaces/interfaces/msg/detail/motor_cmd__functions.h
[2.368s] -- Up-to-date: /ros2_ws/install/interfaces/include/interfaces/interfaces/msg/detail/motor_states__functions.c
[2.368s] -- Up-to-date: /ros2_ws/install/interfaces/include/interfaces/interfaces/msg/detail/motor_cmd__functions.c
[2.369s] -- Up-to-date: /ros2_ws/install/interfaces/include/interfaces/interfaces/msg/detail/motor_states__struct.h
[2.369s] -- Up-to-date: /ros2_ws/install/interfaces/include/interfaces/interfaces/msg/detail/motor_cmd__type_support.h
[2.370s] -- Up-to-date: /ros2_ws/install/interfaces/include/interfaces/interfaces/msg/motor_states.h
[2.370s] -- Up-to-date: /ros2_ws/install/interfaces/include/interfaces/interfaces/msg/motor_cmd.h
[2.370s] -- Up-to-date: /ros2_ws/install/interfaces/include/interfaces/interfaces/msg/rosidl_generator_c__visibility_control.h
[2.371s] -- Up-to-date: /ros2_ws/install/interfaces/share/interfaces/environment/library_path.sh
[2.371s] -- Up-to-date: /ros2_ws/install/interfaces/share/interfaces/environment/library_path.dsv
[2.372s] -- Up-to-date: /ros2_ws/install/interfaces/lib/libinterfaces__rosidl_generator_c.so
[2.372s] -- Up-to-date: /ros2_ws/install/interfaces/include/interfaces/interfaces
[2.373s] -- Up-to-date: /ros2_ws/install/interfaces/include/interfaces/interfaces/msg
[2.373s] -- Up-to-date: /ros2_ws/install/interfaces/include/interfaces/interfaces/msg/rosidl_typesupport_fastrtps_c__visibility_control.h
[2.374s] -- Up-to-date: /ros2_ws/install/interfaces/include/interfaces/interfaces/msg/detail
[2.374s] -- Up-to-date: /ros2_ws/install/interfaces/include/interfaces/interfaces/msg/detail/motor_states__rosidl_typesupport_fastrtps_c.h
[2.374s] -- Up-to-date: /ros2_ws/install/interfaces/include/interfaces/interfaces/msg/detail/motor_cmd__rosidl_typesupport_fastrtps_c.h
[2.375s] -- Up-to-date: /ros2_ws/install/interfaces/lib/libinterfaces__rosidl_typesupport_fastrtps_c.so
[2.376s] -- Up-to-date: /ros2_ws/install/interfaces/include/interfaces/interfaces
[2.376s] -- Up-to-date: /ros2_ws/install/interfaces/include/interfaces/interfaces/msg
[2.376s] -- Up-to-date: /ros2_ws/install/interfaces/include/interfaces/interfaces/msg/rosidl_typesupport_introspection_c__visibility_control.h
[2.377s] -- Up-to-date: /ros2_ws/install/interfaces/include/interfaces/interfaces/msg/detail
[2.377s] -- Up-to-date: /ros2_ws/install/interfaces/include/interfaces/interfaces/msg/detail/motor_cmd__rosidl_typesupport_introspection_c.h
[2.377s] -- Up-to-date: /ros2_ws/install/interfaces/include/interfaces/interfaces/msg/detail/motor_cmd__type_support.c
[2.378s] -- Up-to-date: /ros2_ws/install/interfaces/include/interfaces/interfaces/msg/detail/motor_states__type_support.c
[2.378s] -- Up-to-date: /ros2_ws/install/interfaces/include/interfaces/interfaces/msg/detail/motor_states__rosidl_typesupport_introspection_c.h
[2.378s] -- Up-to-date: /ros2_ws/install/interfaces/lib/libinterfaces__rosidl_typesupport_introspection_c.so
[2.379s] -- Up-to-date: /ros2_ws/install/interfaces/lib/libinterfaces__rosidl_typesupport_c.so
[2.383s] -- Up-to-date: /ros2_ws/install/interfaces/include/interfaces/interfaces
[2.384s] -- Up-to-date: /ros2_ws/install/interfaces/include/interfaces/interfaces/msg
[2.385s] -- Up-to-date: /ros2_ws/install/interfaces/include/interfaces/interfaces/msg/motor_states.hpp
[2.385s] -- Up-to-date: /ros2_ws/install/interfaces/include/interfaces/interfaces/msg/rosidl_generator_cpp__visibility_control.hpp
[2.385s] -- Up-to-date: /ros2_ws/install/interfaces/include/interfaces/interfaces/msg/detail
[2.386s] -- Up-to-date: /ros2_ws/install/interfaces/include/interfaces/interfaces/msg/detail/motor_states__type_support.hpp
[2.386s] -- Up-to-date: /ros2_ws/install/interfaces/include/interfaces/interfaces/msg/detail/motor_states__traits.hpp
[2.387s] -- Up-to-date: /ros2_ws/install/interfaces/include/interfaces/interfaces/msg/detail/motor_cmd__builder.hpp
[2.387s] -- Up-to-date: /ros2_ws/install/interfaces/include/interfaces/interfaces/msg/detail/motor_cmd__type_support.hpp
[2.388s] -- Up-to-date: /ros2_ws/install/interfaces/include/interfaces/interfaces/msg/detail/motor_cmd__traits.hpp
[2.388s] -- Up-to-date: /ros2_ws/install/interfaces/include/interfaces/interfaces/msg/detail/motor_states__struct.hpp
[2.389s] -- Up-to-date: /ros2_ws/install/interfaces/include/interfaces/interfaces/msg/detail/motor_states__builder.hpp
[2.389s] -- Up-to-date: /ros2_ws/install/interfaces/include/interfaces/interfaces/msg/detail/motor_cmd__struct.hpp
[2.390s] -- Up-to-date: /ros2_ws/install/interfaces/include/interfaces/interfaces/msg/motor_cmd.hpp
[2.390s] -- Up-to-date: /ros2_ws/install/interfaces/include/interfaces/interfaces
[2.390s] -- Up-to-date: /ros2_ws/install/interfaces/include/interfaces/interfaces/msg
[2.391s] -- Up-to-date: /ros2_ws/install/interfaces/include/interfaces/interfaces/msg/detail
[2.391s] -- Up-to-date: /ros2_ws/install/interfaces/include/interfaces/interfaces/msg/detail/motor_states__rosidl_typesupport_fastrtps_cpp.hpp
[2.392s] -- Up-to-date: /ros2_ws/install/interfaces/include/interfaces/interfaces/msg/detail/dds_fastrtps
[2.392s] -- Up-to-date: /ros2_ws/install/interfaces/include/interfaces/interfaces/msg/detail/motor_cmd__rosidl_typesupport_fastrtps_cpp.hpp
[2.393s] -- Up-to-date: /ros2_ws/install/interfaces/include/interfaces/interfaces/msg/rosidl_typesupport_fastrtps_cpp__visibility_control.h
[2.393s] -- Up-to-date: /ros2_ws/install/interfaces/lib/libinterfaces__rosidl_typesupport_fastrtps_cpp.so
[2.394s] -- Up-to-date: /ros2_ws/install/interfaces/include/interfaces/interfaces
[2.394s] -- Up-to-date: /ros2_ws/install/interfaces/include/interfaces/interfaces/msg
[2.395s] -- Up-to-date: /ros2_ws/install/interfaces/include/interfaces/interfaces/msg/detail
[2.395s] -- Up-to-date: /ros2_ws/install/interfaces/include/interfaces/interfaces/msg/detail/motor_cmd__type_support.cpp
[2.396s] -- Up-to-date: /ros2_ws/install/interfaces/include/interfaces/interfaces/msg/detail/motor_states__type_support.cpp
[2.396s] -- Up-to-date: /ros2_ws/install/interfaces/include/interfaces/interfaces/msg/detail/motor_cmd__rosidl_typesupport_introspection_cpp.hpp
[2.397s] -- Up-to-date: /ros2_ws/install/interfaces/include/interfaces/interfaces/msg/detail/motor_states__rosidl_typesupport_introspection_cpp.hpp
[2.397s] -- Up-to-date: /ros2_ws/install/interfaces/lib/libinterfaces__rosidl_typesupport_introspection_cpp.so
[2.398s] -- Up-to-date: /ros2_ws/install/interfaces/lib/libinterfaces__rosidl_typesupport_cpp.so
[2.398s] -- Up-to-date: /ros2_ws/install/interfaces/share/interfaces/environment/pythonpath.sh
[2.398s] -- Up-to-date: /ros2_ws/install/interfaces/share/interfaces/environment/pythonpath.dsv
[2.399s] -- Up-to-date: /ros2_ws/install/interfaces/local/lib/python3.10/dist-packages/interfaces-0.0.0-py3.10.egg-info
[2.400s] -- Installing: /ros2_ws/install/interfaces/local/lib/python3.10/dist-packages/interfaces-0.0.0-py3.10.egg-info/SOURCES.txt
[2.400s] -- Installing: /ros2_ws/install/interfaces/local/lib/python3.10/dist-packages/interfaces-0.0.0-py3.10.egg-info/PKG-INFO
[2.400s] -- Installing: /ros2_ws/install/interfaces/local/lib/python3.10/dist-packages/interfaces-0.0.0-py3.10.egg-info/dependency_links.txt
[2.401s] -- Installing: /ros2_ws/install/interfaces/local/lib/python3.10/dist-packages/interfaces-0.0.0-py3.10.egg-info/top_level.txt
[2.401s] -- Up-to-date: /ros2_ws/install/interfaces/local/lib/python3.10/dist-packages/interfaces
[2.402s] -- Up-to-date: /ros2_ws/install/interfaces/local/lib/python3.10/dist-packages/interfaces/_interfaces_s.ep.rosidl_typesupport_c.c
[2.402s] -- Up-to-date: /ros2_ws/install/interfaces/local/lib/python3.10/dist-packages/interfaces/_interfaces_s.ep.rosidl_typesupport_fastrtps_c.c
[2.403s] -- Up-to-date: /ros2_ws/install/interfaces/local/lib/python3.10/dist-packages/interfaces/interfaces_s__rosidl_typesupport_introspection_c.cpython-310-aarch64-linux-gnu.so
[2.404s] -- Up-to-date: /ros2_ws/install/interfaces/local/lib/python3.10/dist-packages/interfaces/__init__.py
[2.404s] -- Up-to-date: /ros2_ws/install/interfaces/local/lib/python3.10/dist-packages/interfaces/libinterfaces__rosidl_generator_py.so
[2.404s] -- Up-to-date: /ros2_ws/install/interfaces/local/lib/python3.10/dist-packages/interfaces/_interfaces_s.ep.rosidl_typesupport_introspection_c.c
[2.405s] -- Up-to-date: /ros2_ws/install/interfaces/local/lib/python3.10/dist-packages/interfaces/msg
[2.405s] -- Up-to-date: /ros2_ws/install/interfaces/local/lib/python3.10/dist-packages/interfaces/msg/_motor_cmd_s.c
[2.406s] -- Up-to-date: /ros2_ws/install/interfaces/local/lib/python3.10/dist-packages/interfaces/msg/_motor_states.py
[2.406s] -- Up-to-date: /ros2_ws/install/interfaces/local/lib/python3.10/dist-packages/interfaces/msg/_motor_cmd.py
[2.407s] -- Up-to-date: /ros2_ws/install/interfaces/local/lib/python3.10/dist-packages/interfaces/msg/__init__.py
[2.407s] -- Up-to-date: /ros2_ws/install/interfaces/local/lib/python3.10/dist-packages/interfaces/msg/_motor_states_s.c
[2.407s] -- Up-to-date: /ros2_ws/install/interfaces/local/lib/python3.10/dist-packages/interfaces/interfaces_s__rosidl_typesupport_c.cpython-310-aarch64-linux-gnu.so
[2.408s] -- Up-to-date: /ros2_ws/install/interfaces/local/lib/python3.10/dist-packages/interfaces/interfaces_s__rosidl_typesupport_fastrtps_c.cpython-310-aarch64-linux-gnu.so
[2.577s] Listing '/ros2_ws/install/interfaces/local/lib/python3.10/dist-packages/interfaces'...
[2.578s] Listing '/ros2_ws/install/interfaces/local/lib/python3.10/dist-packages/interfaces/msg'...
[2.604s] -- Up-to-date: /ros2_ws/install/interfaces/local/lib/python3.10/dist-packages/interfaces/interfaces_s__rosidl_typesupport_fastrtps_c.cpython-310-aarch64-linux-gnu.so
[2.604s] -- Up-to-date: /ros2_ws/install/interfaces/local/lib/python3.10/dist-packages/interfaces/interfaces_s__rosidl_typesupport_introspection_c.cpython-310-aarch64-linux-gnu.so
[2.605s] -- Up-to-date: /ros2_ws/install/interfaces/local/lib/python3.10/dist-packages/interfaces/interfaces_s__rosidl_typesupport_c.cpython-310-aarch64-linux-gnu.so
[2.607s] -- Up-to-date: /ros2_ws/install/interfaces/lib/libinterfaces__rosidl_generator_py.so
[2.608s] -- Up-to-date: /ros2_ws/install/interfaces/share/ament_index/resource_index/rust_packages/interfaces
[2.609s] -- Up-to-date: /ros2_ws/install/interfaces/share/interfaces/rust
[2.613s] -- Up-to-date: /ros2_ws/install/interfaces/share/interfaces/rust/src
[2.614s] -- Up-to-date: /ros2_ws/install/interfaces/share/interfaces/rust/src/msg.rs
[2.617s] -- Up-to-date: /ros2_ws/install/interfaces/share/interfaces/rust/src/lib.rs
[2.619s] -- Up-to-date: /ros2_ws/install/interfaces/share/interfaces/rust/src/msg
[2.623s] -- Up-to-date: /ros2_ws/install/interfaces/share/interfaces/rust/src/msg/rmw.rs
[2.624s] -- Up-to-date: /ros2_ws/install/interfaces/share/interfaces/rust/build.rs
[2.625s] -- Up-to-date: /ros2_ws/install/interfaces/share/interfaces/rust/Cargo.toml
[2.625s] -- Up-to-date: /ros2_ws/install/interfaces/share/interfaces/msg/MotorCmd.idl
[2.627s] -- Up-to-date: /ros2_ws/install/interfaces/share/interfaces/msg/MotorStates.idl
[2.630s] -- Up-to-date: /ros2_ws/install/interfaces/share/interfaces/msg/MotorCmd.msg
[2.630s] -- Up-to-date: /ros2_ws/install/interfaces/share/interfaces/msg/MotorStates.msg
[2.634s] -- Up-to-date: /ros2_ws/install/interfaces/share/ament_index/resource_index/package_run_dependencies/interfaces
[2.634s] -- Up-to-date: /ros2_ws/install/interfaces/share/ament_index/resource_index/parent_prefix_path/interfaces
[2.634s] -- Up-to-date: /ros2_ws/install/interfaces/share/interfaces/environment/ament_prefix_path.sh
[2.635s] -- Up-to-date: /ros2_ws/install/interfaces/share/interfaces/environment/ament_prefix_path.dsv
[2.635s] -- Up-to-date: /ros2_ws/install/interfaces/share/interfaces/environment/path.sh
[2.636s] -- Up-to-date: /ros2_ws/install/interfaces/share/interfaces/environment/path.dsv
[2.636s] -- Up-to-date: /ros2_ws/install/interfaces/share/interfaces/local_setup.bash
[2.637s] -- Up-to-date: /ros2_ws/install/interfaces/share/interfaces/local_setup.sh
[2.637s] -- Up-to-date: /ros2_ws/install/interfaces/share/interfaces/local_setup.zsh
[2.637s] -- Up-to-date: /ros2_ws/install/interfaces/share/interfaces/local_setup.dsv
[2.638s] -- Installing: /ros2_ws/install/interfaces/share/interfaces/package.dsv
[2.639s] -- Up-to-date: /ros2_ws/install/interfaces/share/ament_index/resource_index/packages/interfaces
[2.639s] -- Up-to-date: /ros2_ws/install/interfaces/share/interfaces/cmake/export_interfaces__rosidl_generator_cExport.cmake
[2.640s] -- Up-to-date: /ros2_ws/install/interfaces/share/interfaces/cmake/export_interfaces__rosidl_generator_cExport-noconfig.cmake
[2.640s] -- Up-to-date: /ros2_ws/install/interfaces/share/interfaces/cmake/export_interfaces__rosidl_typesupport_fastrtps_cExport.cmake
[2.641s] -- Up-to-date: /ros2_ws/install/interfaces/share/interfaces/cmake/export_interfaces__rosidl_typesupport_fastrtps_cExport-noconfig.cmake
[2.641s] -- Up-to-date: /ros2_ws/install/interfaces/share/interfaces/cmake/interfaces__rosidl_typesupport_introspection_cExport.cmake
[2.642s] -- Up-to-date: /ros2_ws/install/interfaces/share/interfaces/cmake/interfaces__rosidl_typesupport_introspection_cExport-noconfig.cmake
[2.642s] -- Up-to-date: /ros2_ws/install/interfaces/share/interfaces/cmake/interfaces__rosidl_typesupport_cExport.cmake
[2.643s] -- Up-to-date: /ros2_ws/install/interfaces/share/interfaces/cmake/interfaces__rosidl_typesupport_cExport-noconfig.cmake
[2.643s] -- Up-to-date: /ros2_ws/install/interfaces/share/interfaces/cmake/export_interfaces__rosidl_generator_cppExport.cmake
[2.644s] -- Up-to-date: /ros2_ws/install/interfaces/share/interfaces/cmake/export_interfaces__rosidl_typesupport_fastrtps_cppExport.cmake
[2.644s] -- Up-to-date: /ros2_ws/install/interfaces/share/interfaces/cmake/export_interfaces__rosidl_typesupport_fastrtps_cppExport-noconfig.cmake
[2.644s] -- Up-to-date: /ros2_ws/install/interfaces/share/interfaces/cmake/interfaces__rosidl_typesupport_introspection_cppExport.cmake
[2.645s] -- Up-to-date: /ros2_ws/install/interfaces/share/interfaces/cmake/interfaces__rosidl_typesupport_introspection_cppExport-noconfig.cmake
[2.646s] -- Up-to-date: /ros2_ws/install/interfaces/share/interfaces/cmake/interfaces__rosidl_typesupport_cppExport.cmake
[2.646s] -- Up-to-date: /ros2_ws/install/interfaces/share/interfaces/cmake/interfaces__rosidl_typesupport_cppExport-noconfig.cmake
[2.646s] -- Up-to-date: /ros2_ws/install/interfaces/share/interfaces/cmake/export_interfaces__rosidl_generator_pyExport.cmake
[2.647s] -- Up-to-date: /ros2_ws/install/interfaces/share/interfaces/cmake/export_interfaces__rosidl_generator_pyExport-noconfig.cmake
[2.648s] -- Up-to-date: /ros2_ws/install/interfaces/share/interfaces/cmake/rosidl_cmake-extras.cmake
[2.649s] -- Up-to-date: /ros2_ws/install/interfaces/share/interfaces/cmake/ament_cmake_export_include_directories-extras.cmake
[2.652s] -- Up-to-date: /ros2_ws/install/interfaces/share/interfaces/cmake/ament_cmake_export_libraries-extras.cmake
[2.656s] -- Up-to-date: /ros2_ws/install/interfaces/share/interfaces/cmake/ament_cmake_export_targets-extras.cmake
[2.656s] -- Up-to-date: /ros2_ws/install/interfaces/share/interfaces/cmake/rosidl_cmake_export_typesupport_targets-extras.cmake
[2.657s] -- Up-to-date: /ros2_ws/install/interfaces/share/interfaces/cmake/ament_cmake_export_dependencies-extras.cmake
[2.657s] -- Up-to-date: /ros2_ws/install/interfaces/share/interfaces/cmake/rosidl_cmake_export_typesupport_libraries-extras.cmake
[2.658s] -- Up-to-date: /ros2_ws/install/interfaces/share/interfaces/cmake/rosidl_cmake_aggregate_target-extras.cmake
[2.658s] -- Up-to-date: /ros2_ws/install/interfaces/share/interfaces/cmake/interfacesConfig.cmake
[2.659s] -- Up-to-date: /ros2_ws/install/interfaces/share/interfaces/cmake/interfacesConfig-version.cmake
[2.659s] -- Up-to-date: /ros2_ws/install/interfaces/share/interfaces/package.xml
[2.660s] Invoked command in '/ros2_ws/build/interfaces' returned '0': CMAKE_PREFIX_PATH=${CMAKE_PREFIX_PATH}:/opt/ros/humble /usr/bin/cmake --install /ros2_ws/build/interfaces
