-- Found ament_cmake: 1.3.14 (/opt/ros/humble/share/ament_cmake/cmake)
-- Found ros2_control: 2.54.0 (/opt/ros/humble/share/ros2_control/cmake)
-- Found hardware_interface: 2.54.0 (/opt/ros/humble/share/hardware_interface/cmake)
-- Found rosidl_generator_c: 3.1.9 (/opt/ros/humble/share/rosidl_generator_c/cmake)
-- Found rosidl_adapter: 3.1.9 (/opt/ros/humble/share/rosidl_adapter/cmake)
-- Found rosidl_generator_cpp: 3.1.9 (/opt/ros/humble/share/rosidl_generator_cpp/cmake)
-- Using all available rosidl_typesupport_c: rosidl_typesupport_fastrtps_c;rosidl_typesupport_introspection_c
-- Using all available rosidl_typesupport_cpp: rosidl_typesupport_fastrtps_cpp;rosidl_typesupport_introspection_cpp
-- Found rmw_implementation_cmake: 6.1.2 (/opt/ros/humble/share/rmw_implementation_cmake/cmake)
-- Found rmw_fastrtps_cpp: 6.2.10 (/opt/ros/humble/share/rmw_fastrtps_cpp/cmake)
-- Found TinyXML2 via Config file: TinyXML2_DIR-NOTFOUND
-- Found TinyXML2 via Config file: TinyXML2_DIR-NOTFOUND
-- Found TinyXML2 via Config file: TinyXML2_DIR-NOTFOUND
-- Found TinyXML2 via Config file: TinyXML2_DIR-NOTFOUND
-- Using RMW implementation 'rmw_fastrtps_cpp' as default
-- Found interfaces: 0.0.0 (/ros2_ws/install/interfaces/share/interfaces/cmake)
-- Configuring done
-- Generating done
-- Build files have been written to: /ros2_ws/build/brain_hardware
[35m[1mConsolidate compiler generated dependencies of target brain_hardware[0m
[ 50%] [32mBuilding CXX object CMakeFiles/brain_hardware.dir/src/brain_system_hardware.cpp.o[0m
[100%] [32m[1mLinking CXX shared library libbrain_hardware.so[0m
[100%] Built target brain_hardware
-- Install configuration: ""
-- Installing: /ros2_ws/install/brain_hardware/share/brain_hardware/brain_hardware_plugins.xml
-- Installing: /ros2_ws/install/brain_hardware/lib/libbrain_hardware.so
-- Set runtime path of "/ros2_ws/install/brain_hardware/lib/libbrain_hardware.so" to ""
-- Up-to-date: /ros2_ws/install/brain_hardware/include/brain_hardware
-- Up-to-date: /ros2_ws/install/brain_hardware/include/brain_hardware/brain_hardware
-- Installing: /ros2_ws/install/brain_hardware/include/brain_hardware/brain_hardware/brain_system_hardware.hpp
-- Up-to-date: /ros2_ws/install/brain_hardware/share/brain_hardware/brain_hardware_plugins.xml
-- Installing: /ros2_ws/install/brain_hardware/share/brain_hardware/environment/library_path.sh
-- Installing: /ros2_ws/install/brain_hardware/share/brain_hardware/environment/library_path.dsv
-- Up-to-date: /ros2_ws/install/brain_hardware/share/ament_index/resource_index/package_run_dependencies/brain_hardware
-- Installing: /ros2_ws/install/brain_hardware/share/ament_index/resource_index/parent_prefix_path/brain_hardware
-- Installing: /ros2_ws/install/brain_hardware/share/brain_hardware/environment/ament_prefix_path.sh
-- Installing: /ros2_ws/install/brain_hardware/share/brain_hardware/environment/ament_prefix_path.dsv
-- Installing: /ros2_ws/install/brain_hardware/share/brain_hardware/environment/path.sh
-- Installing: /ros2_ws/install/brain_hardware/share/brain_hardware/environment/path.dsv
-- Up-to-date: /ros2_ws/install/brain_hardware/share/brain_hardware/local_setup.bash
-- Up-to-date: /ros2_ws/install/brain_hardware/share/brain_hardware/local_setup.sh
-- Up-to-date: /ros2_ws/install/brain_hardware/share/brain_hardware/local_setup.zsh
-- Installing: /ros2_ws/install/brain_hardware/share/brain_hardware/local_setup.dsv
-- Installing: /ros2_ws/install/brain_hardware/share/brain_hardware/package.dsv
-- Up-to-date: /ros2_ws/install/brain_hardware/share/ament_index/resource_index/packages/brain_hardware
-- Up-to-date: /ros2_ws/install/brain_hardware/share/ament_index/resource_index/hardware_interface__pluginlib__plugin/brain_hardware
-- Up-to-date: /ros2_ws/install/brain_hardware/share/brain_hardware/cmake/ament_cmake_export_include_directories-extras.cmake
-- Up-to-date: /ros2_ws/install/brain_hardware/share/brain_hardware/cmake/ament_cmake_export_libraries-extras.cmake
-- Up-to-date: /ros2_ws/install/brain_hardware/share/brain_hardware/cmake/ament_cmake_export_dependencies-extras.cmake
-- Up-to-date: /ros2_ws/install/brain_hardware/share/brain_hardware/cmake/brain_hardwareConfig.cmake
-- Up-to-date: /ros2_ws/install/brain_hardware/share/brain_hardware/cmake/brain_hardwareConfig-version.cmake
-- Installing: /ros2_ws/install/brain_hardware/share/brain_hardware/package.xml
