[0.074s] Invoking command in '/ros2_ws/build/drivers': CMAKE_PREFIX_PATH=/ros2_ws/install/common:/ros2_ws/install/bringup:/ros2_ws/install/cerebellum_hardware:/ros2_ws/install/dri_interfaces:/ros2_ws/install/interfaces:/ros2_ws/install/drivers:/ros2_ws/install/cerebellum_description:/ros2_ws/install/system_services:/opt/ros/humble /usr/bin/cmake /ros2_ws/src/drivers -DCMAKE_INSTALL_PREFIX=/ros2_ws/install/drivers
[0.135s] -- Found ament_cmake: 1.3.14 (/opt/ros/humble/share/ament_cmake/cmake)
[0.718s] -- Override CMake install command with custom implementation using symlinks instead of copying resources
[0.773s] -- Found common: 0.0.0 (/ros2_ws/install/common/share/common/cmake)
[0.801s] -- Found ament_lint_auto: 0.12.15 (/opt/ros/humble/share/ament_lint_auto/cmake)
[1.231s] -- Added test 'copyright' to check source files copyright and LICENSE
[1.242s] -- Added test 'cppcheck' to perform static code analysis on C / C++ code
[1.243s] -- Configured cppcheck include dirs: $<BUILD_INTERFACE:/ros2_ws/src/drivers/include>;/ros2_ws/src/drivers/include
[1.244s] -- Configured cppcheck exclude dirs and/or files: 
[1.253s] -- Added test 'cpplint' to check C / C++ code against the Google style
[1.255s] -- Configured cpplint exclude dirs and/or files: 
[1.275s] -- Added test 'lint_cmake' to check CMake code style
[1.285s] -- Added test 'uncrustify' to check C / C++ code style
[1.285s] -- Configured uncrustify additional arguments: 
[1.288s] -- Added test 'xmllint' to check XML markup files
[1.300s] -- Configuring done
[1.345s] -- Generating done
[1.358s] -- Build files have been written to: /ros2_ws/build/drivers
[1.373s] Invoked command in '/ros2_ws/build/drivers' returned '0': CMAKE_PREFIX_PATH=/ros2_ws/install/common:/ros2_ws/install/bringup:/ros2_ws/install/cerebellum_hardware:/ros2_ws/install/dri_interfaces:/ros2_ws/install/interfaces:/ros2_ws/install/drivers:/ros2_ws/install/cerebellum_description:/ros2_ws/install/system_services:/opt/ros/humble /usr/bin/cmake /ros2_ws/src/drivers -DCMAKE_INSTALL_PREFIX=/ros2_ws/install/drivers
[1.376s] Invoking command in '/ros2_ws/build/drivers': CMAKE_PREFIX_PATH=/ros2_ws/install/common:/ros2_ws/install/bringup:/ros2_ws/install/cerebellum_hardware:/ros2_ws/install/dri_interfaces:/ros2_ws/install/interfaces:/ros2_ws/install/drivers:/ros2_ws/install/cerebellum_description:/ros2_ws/install/system_services:/opt/ros/humble /usr/bin/cmake --build /ros2_ws/build/drivers -- -j4 -l4
[1.528s] [35m[1mConsolidate compiler generated dependencies of target drivers_core[0m
[1.620s] [ 75%] Built target drivers_core
[1.660s] [35m[1mConsolidate compiler generated dependencies of target test_controller[0m
[1.713s] [100%] Built target test_controller
[1.751s] Invoked command in '/ros2_ws/build/drivers' returned '0': CMAKE_PREFIX_PATH=/ros2_ws/install/common:/ros2_ws/install/bringup:/ros2_ws/install/cerebellum_hardware:/ros2_ws/install/dri_interfaces:/ros2_ws/install/interfaces:/ros2_ws/install/drivers:/ros2_ws/install/cerebellum_description:/ros2_ws/install/system_services:/opt/ros/humble /usr/bin/cmake --build /ros2_ws/build/drivers -- -j4 -l4
[1.760s] Invoking command in '/ros2_ws/build/drivers': CMAKE_PREFIX_PATH=/ros2_ws/install/common:/ros2_ws/install/bringup:/ros2_ws/install/cerebellum_hardware:/ros2_ws/install/dri_interfaces:/ros2_ws/install/interfaces:/ros2_ws/install/drivers:/ros2_ws/install/cerebellum_description:/ros2_ws/install/system_services:/opt/ros/humble /usr/bin/cmake --install /ros2_ws/build/drivers
[1.787s] -- Install configuration: ""
[1.789s] -- Execute custom install script
[1.791s] -- Up-to-date symlink: /ros2_ws/install/drivers/include/drivers/bms/bms.h
[1.792s] -- Up-to-date symlink: /ros2_ws/install/drivers/include/drivers/controller_board/controller_board.h
[1.794s] -- Up-to-date symlink: /ros2_ws/install/drivers/include/drivers/controller_board/controller_comm.h
[1.795s] -- Up-to-date symlink: /ros2_ws/install/drivers/include/drivers/controller_board/protocol.h
[1.796s] -- Up-to-date symlink: /ros2_ws/install/drivers/include/drivers/imu/imu.h
[1.798s] -- Up-to-date symlink: /ros2_ws/install/drivers/include/drivers/motor/motor.h
[1.800s] -- Up-to-date symlink: /ros2_ws/install/drivers/share/drivers/environment/library_path.sh
[1.803s] -- Up-to-date symlink: /ros2_ws/install/drivers/share/drivers/environment/library_path.dsv
[1.804s] -- Up-to-date symlink: /ros2_ws/install/drivers/share/ament_index/resource_index/package_run_dependencies/drivers
[1.804s] -- Up-to-date symlink: /ros2_ws/install/drivers/share/ament_index/resource_index/parent_prefix_path/drivers
[1.805s] -- Up-to-date symlink: /ros2_ws/install/drivers/share/drivers/environment/ament_prefix_path.sh
[1.805s] -- Up-to-date symlink: /ros2_ws/install/drivers/share/drivers/environment/ament_prefix_path.dsv
[1.806s] -- Up-to-date symlink: /ros2_ws/install/drivers/share/drivers/environment/path.sh
[1.806s] -- Up-to-date symlink: /ros2_ws/install/drivers/share/drivers/environment/path.dsv
[1.806s] -- Up-to-date symlink: /ros2_ws/install/drivers/share/drivers/local_setup.bash
[1.807s] -- Up-to-date symlink: /ros2_ws/install/drivers/share/drivers/local_setup.sh
[1.807s] -- Up-to-date symlink: /ros2_ws/install/drivers/share/drivers/local_setup.zsh
[1.816s] -- Up-to-date symlink: /ros2_ws/install/drivers/share/drivers/local_setup.dsv
[1.816s] -- Symlinking: /ros2_ws/install/drivers/share/drivers/package.dsv
[1.833s] -- Up-to-date symlink: /ros2_ws/install/drivers/share/ament_index/resource_index/packages/drivers
[1.834s] -- Up-to-date symlink: /ros2_ws/install/drivers/share/drivers/cmake/ament_cmake_export_include_directories-extras.cmake
[1.835s] -- Up-to-date symlink: /ros2_ws/install/drivers/share/drivers/cmake/ament_cmake_export_libraries-extras.cmake
[1.835s] -- Up-to-date symlink: /ros2_ws/install/drivers/share/drivers/cmake/ament_cmake_export_dependencies-extras.cmake
[1.836s] -- Up-to-date symlink: /ros2_ws/install/drivers/share/drivers/cmake/driversConfig.cmake
[1.836s] -- Up-to-date symlink: /ros2_ws/install/drivers/share/drivers/cmake/driversConfig-version.cmake
[1.837s] -- Up-to-date symlink: /ros2_ws/install/drivers/share/drivers/package.xml
[1.838s] -- Up-to-date: /ros2_ws/install/drivers/lib/libdrivers_core.a
[1.849s] Invoked command in '/ros2_ws/build/drivers' returned '0': CMAKE_PREFIX_PATH=/ros2_ws/install/common:/ros2_ws/install/bringup:/ros2_ws/install/cerebellum_hardware:/ros2_ws/install/dri_interfaces:/ros2_ws/install/interfaces:/ros2_ws/install/drivers:/ros2_ws/install/cerebellum_description:/ros2_ws/install/system_services:/opt/ros/humble /usr/bin/cmake --install /ros2_ws/build/drivers
