[0.431s] DEBUG:colcon:Command line arguments: ['/usr/bin/colcon', 'build', '--symlink-install']
[0.432s] DEBUG:colcon:Parsed command line arguments: Namespace(log_base=None, log_level=None, verb_name='build', build_base='build', install_base='install', merge_install=False, symlink_install=True, test_result_base=None, continue_on_error=False, executor='parallel', parallel_workers=4, event_handlers=None, ignore_user_meta=False, metas=['./colcon.meta'], base_paths=['.'], packages_ignore=None, packages_ignore_regex=None, paths=None, packages_up_to=None, packages_up_to_regex=None, packages_above=None, packages_above_and_dependencies=None, packages_above_depth=None, packages_select_by_dep=None, packages_skip_by_dep=None, packages_skip_up_to=None, packages_select_build_failed=False, packages_skip_build_finished=False, packages_select_test_failures=False, packages_skip_test_passed=False, packages_select=None, packages_skip=None, packages_select_regex=None, packages_skip_regex=None, packages_start=None, packages_end=None, allow_overriding=[], cmake_args=None, cmake_target=None, cmake_target_skip_unavailable=False, cmake_clean_cache=False, cmake_clean_first=False, cmake_force_configure=False, ament_cmake_args=None, catkin_cmake_args=None, catkin_skip_building_tests=False, verb_parser=<colcon_defaults.argument_parser.defaults.DefaultArgumentsDecorator object at 0x7fa8d06f50>, verb_extension=<colcon_core.verb.build.BuildVerb object at 0x7fa8e806d0>, main=<bound method BuildVerb.main of <colcon_core.verb.build.BuildVerb object at 0x7fa8e806d0>>)
[1.206s] Level 1:colcon.colcon_core.package_discovery:discover_packages(colcon_meta) check parameters
[1.207s] Level 1:colcon.colcon_core.package_discovery:discover_packages(recursive) check parameters
[1.207s] Level 1:colcon.colcon_core.package_discovery:discover_packages(ignore) check parameters
[1.207s] Level 1:colcon.colcon_core.package_discovery:discover_packages(path) check parameters
[1.207s] Level 1:colcon.colcon_core.package_discovery:discover_packages(colcon_meta) discover
[1.208s] Level 1:colcon.colcon_core.package_discovery:discover_packages(recursive) discover
[1.208s] INFO:colcon.colcon_core.package_discovery:Crawling recursively for packages in '/ros2_ws'
[1.208s] Level 1:colcon.colcon_core.package_identification:_identify(.) by extensions ['ignore', 'ignore_ament_install']
[1.209s] Level 1:colcon.colcon_core.package_identification:_identify(.) by extension 'ignore'
[1.209s] Level 1:colcon.colcon_core.package_identification:_identify(.) by extension 'ignore_ament_install'
[1.209s] Level 1:colcon.colcon_core.package_identification:_identify(.) by extensions ['colcon_pkg']
[1.209s] Level 1:colcon.colcon_core.package_identification:_identify(.) by extension 'colcon_pkg'
[1.210s] Level 1:colcon.colcon_core.package_identification:_identify(.) by extensions ['colcon_meta']
[1.210s] Level 1:colcon.colcon_core.package_identification:_identify(.) by extension 'colcon_meta'
[1.210s] Level 1:colcon.colcon_core.package_identification:_identify(.) by extensions ['ros']
[1.210s] Level 1:colcon.colcon_core.package_identification:_identify(.) by extension 'ros'
[1.259s] Level 1:colcon.colcon_core.package_identification:_identify(.) by extensions ['cmake', 'python']
[1.260s] Level 1:colcon.colcon_core.package_identification:_identify(.) by extension 'cmake'
[1.260s] Level 1:colcon.colcon_core.package_identification:_identify(.) by extension 'python'
[1.260s] Level 1:colcon.colcon_core.package_identification:_identify(.) by extensions ['python_setup_py']
[1.260s] Level 1:colcon.colcon_core.package_identification:_identify(.) by extension 'python_setup_py'
[1.261s] Level 1:colcon.colcon_core.package_identification:_identify(build) by extensions ['ignore', 'ignore_ament_install']
[1.261s] Level 1:colcon.colcon_core.package_identification:_identify(build) by extension 'ignore'
[1.262s] Level 1:colcon.colcon_core.package_identification:_identify(build) ignored
[1.262s] Level 1:colcon.colcon_core.package_identification:_identify(install) by extensions ['ignore', 'ignore_ament_install']
[1.263s] Level 1:colcon.colcon_core.package_identification:_identify(install) by extension 'ignore'
[1.263s] Level 1:colcon.colcon_core.package_identification:_identify(install) ignored
[1.263s] Level 1:colcon.colcon_core.package_identification:_identify(log) by extensions ['ignore', 'ignore_ament_install']
[1.264s] Level 1:colcon.colcon_core.package_identification:_identify(log) by extension 'ignore'
[1.264s] Level 1:colcon.colcon_core.package_identification:_identify(log) ignored
[1.264s] Level 1:colcon.colcon_core.package_identification:_identify(src) by extensions ['ignore', 'ignore_ament_install']
[1.265s] Level 1:colcon.colcon_core.package_identification:_identify(src) by extension 'ignore'
[1.265s] Level 1:colcon.colcon_core.package_identification:_identify(src) by extension 'ignore_ament_install'
[1.265s] Level 1:colcon.colcon_core.package_identification:_identify(src) by extensions ['colcon_pkg']
[1.265s] Level 1:colcon.colcon_core.package_identification:_identify(src) by extension 'colcon_pkg'
[1.266s] Level 1:colcon.colcon_core.package_identification:_identify(src) by extensions ['colcon_meta']
[1.266s] Level 1:colcon.colcon_core.package_identification:_identify(src) by extension 'colcon_meta'
[1.266s] Level 1:colcon.colcon_core.package_identification:_identify(src) by extensions ['ros']
[1.266s] Level 1:colcon.colcon_core.package_identification:_identify(src) by extension 'ros'
[1.267s] Level 1:colcon.colcon_core.package_identification:_identify(src) by extensions ['cmake', 'python']
[1.267s] Level 1:colcon.colcon_core.package_identification:_identify(src) by extension 'cmake'
[1.267s] Level 1:colcon.colcon_core.package_identification:_identify(src) by extension 'python'
[1.267s] Level 1:colcon.colcon_core.package_identification:_identify(src) by extensions ['python_setup_py']
[1.267s] Level 1:colcon.colcon_core.package_identification:_identify(src) by extension 'python_setup_py'
[1.268s] Level 1:colcon.colcon_core.package_identification:_identify(src/bringup) by extensions ['ignore', 'ignore_ament_install']
[1.268s] Level 1:colcon.colcon_core.package_identification:_identify(src/bringup) by extension 'ignore'
[1.268s] Level 1:colcon.colcon_core.package_identification:_identify(src/bringup) by extension 'ignore_ament_install'
[1.268s] Level 1:colcon.colcon_core.package_identification:_identify(src/bringup) by extensions ['colcon_pkg']
[1.269s] Level 1:colcon.colcon_core.package_identification:_identify(src/bringup) by extension 'colcon_pkg'
[1.269s] Level 1:colcon.colcon_core.package_identification:_identify(src/bringup) by extensions ['colcon_meta']
[1.269s] Level 1:colcon.colcon_core.package_identification:_identify(src/bringup) by extension 'colcon_meta'
[1.269s] Level 1:colcon.colcon_core.package_identification:_identify(src/bringup) by extensions ['ros']
[1.269s] Level 1:colcon.colcon_core.package_identification:_identify(src/bringup) by extension 'ros'
[1.279s] DEBUG:colcon.colcon_core.package_identification:Package 'src/bringup' with type 'ros.ament_cmake' and name 'bringup'
[1.280s] Level 1:colcon.colcon_core.package_identification:_identify(src/common) by extensions ['ignore', 'ignore_ament_install']
[1.280s] Level 1:colcon.colcon_core.package_identification:_identify(src/common) by extension 'ignore'
[1.280s] Level 1:colcon.colcon_core.package_identification:_identify(src/common) by extension 'ignore_ament_install'
[1.281s] Level 1:colcon.colcon_core.package_identification:_identify(src/common) by extensions ['colcon_pkg']
[1.281s] Level 1:colcon.colcon_core.package_identification:_identify(src/common) by extension 'colcon_pkg'
[1.281s] Level 1:colcon.colcon_core.package_identification:_identify(src/common) by extensions ['colcon_meta']
[1.281s] Level 1:colcon.colcon_core.package_identification:_identify(src/common) by extension 'colcon_meta'
[1.281s] Level 1:colcon.colcon_core.package_identification:_identify(src/common) by extensions ['ros']
[1.282s] Level 1:colcon.colcon_core.package_identification:_identify(src/common) by extension 'ros'
[1.284s] DEBUG:colcon.colcon_core.package_identification:Package 'src/common' with type 'ros.ament_cmake' and name 'common'
[1.285s] Level 1:colcon.colcon_core.package_identification:_identify(src/dri_interfaces) by extensions ['ignore', 'ignore_ament_install']
[1.285s] Level 1:colcon.colcon_core.package_identification:_identify(src/dri_interfaces) by extension 'ignore'
[1.286s] Level 1:colcon.colcon_core.package_identification:_identify(src/dri_interfaces) by extension 'ignore_ament_install'
[1.286s] Level 1:colcon.colcon_core.package_identification:_identify(src/dri_interfaces) by extensions ['colcon_pkg']
[1.286s] Level 1:colcon.colcon_core.package_identification:_identify(src/dri_interfaces) by extension 'colcon_pkg'
[1.286s] Level 1:colcon.colcon_core.package_identification:_identify(src/dri_interfaces) by extensions ['colcon_meta']
[1.286s] Level 1:colcon.colcon_core.package_identification:_identify(src/dri_interfaces) by extension 'colcon_meta'
[1.287s] Level 1:colcon.colcon_core.package_identification:_identify(src/dri_interfaces) by extensions ['ros']
[1.287s] Level 1:colcon.colcon_core.package_identification:_identify(src/dri_interfaces) by extension 'ros'
[1.291s] DEBUG:colcon.colcon_core.package_identification:Package 'src/dri_interfaces' with type 'ros.ament_cmake' and name 'dri_interfaces'
[1.291s] Level 1:colcon.colcon_core.package_identification:_identify(src/drivers) by extensions ['ignore', 'ignore_ament_install']
[1.292s] Level 1:colcon.colcon_core.package_identification:_identify(src/drivers) by extension 'ignore'
[1.292s] Level 1:colcon.colcon_core.package_identification:_identify(src/drivers) by extension 'ignore_ament_install'
[1.292s] Level 1:colcon.colcon_core.package_identification:_identify(src/drivers) by extensions ['colcon_pkg']
[1.292s] Level 1:colcon.colcon_core.package_identification:_identify(src/drivers) by extension 'colcon_pkg'
[1.292s] Level 1:colcon.colcon_core.package_identification:_identify(src/drivers) by extensions ['colcon_meta']
[1.293s] Level 1:colcon.colcon_core.package_identification:_identify(src/drivers) by extension 'colcon_meta'
[1.293s] Level 1:colcon.colcon_core.package_identification:_identify(src/drivers) by extensions ['ros']
[1.293s] Level 1:colcon.colcon_core.package_identification:_identify(src/drivers) by extension 'ros'
[1.295s] DEBUG:colcon.colcon_core.package_identification:Package 'src/drivers' with type 'ros.ament_cmake' and name 'drivers'
[1.296s] Level 1:colcon.colcon_core.package_identification:_identify(src/interfaces) by extensions ['ignore', 'ignore_ament_install']
[1.296s] Level 1:colcon.colcon_core.package_identification:_identify(src/interfaces) by extension 'ignore'
[1.296s] Level 1:colcon.colcon_core.package_identification:_identify(src/interfaces) by extension 'ignore_ament_install'
[1.296s] Level 1:colcon.colcon_core.package_identification:_identify(src/interfaces) by extensions ['colcon_pkg']
[1.296s] Level 1:colcon.colcon_core.package_identification:_identify(src/interfaces) by extension 'colcon_pkg'
[1.297s] Level 1:colcon.colcon_core.package_identification:_identify(src/interfaces) by extensions ['colcon_meta']
[1.297s] Level 1:colcon.colcon_core.package_identification:_identify(src/interfaces) by extension 'colcon_meta'
[1.297s] Level 1:colcon.colcon_core.package_identification:_identify(src/interfaces) by extensions ['ros']
[1.297s] Level 1:colcon.colcon_core.package_identification:_identify(src/interfaces) by extension 'ros'
[1.300s] DEBUG:colcon.colcon_core.package_identification:Package 'src/interfaces' with type 'ros.ament_cmake' and name 'interfaces'
[1.300s] Level 1:colcon.colcon_core.package_identification:_identify(src/ros2_control) by extensions ['ignore', 'ignore_ament_install']
[1.301s] Level 1:colcon.colcon_core.package_identification:_identify(src/ros2_control) by extension 'ignore'
[1.301s] Level 1:colcon.colcon_core.package_identification:_identify(src/ros2_control) by extension 'ignore_ament_install'
[1.302s] Level 1:colcon.colcon_core.package_identification:_identify(src/ros2_control) by extensions ['colcon_pkg']
[1.302s] Level 1:colcon.colcon_core.package_identification:_identify(src/ros2_control) by extension 'colcon_pkg'
[1.302s] Level 1:colcon.colcon_core.package_identification:_identify(src/ros2_control) by extensions ['colcon_meta']
[1.302s] Level 1:colcon.colcon_core.package_identification:_identify(src/ros2_control) by extension 'colcon_meta'
[1.303s] Level 1:colcon.colcon_core.package_identification:_identify(src/ros2_control) by extensions ['ros']
[1.303s] Level 1:colcon.colcon_core.package_identification:_identify(src/ros2_control) by extension 'ros'
[1.303s] Level 1:colcon.colcon_core.package_identification:_identify(src/ros2_control) by extensions ['cmake', 'python']
[1.303s] Level 1:colcon.colcon_core.package_identification:_identify(src/ros2_control) by extension 'cmake'
[1.303s] Level 1:colcon.colcon_core.package_identification:_identify(src/ros2_control) by extension 'python'
[1.304s] Level 1:colcon.colcon_core.package_identification:_identify(src/ros2_control) by extensions ['python_setup_py']
[1.304s] Level 1:colcon.colcon_core.package_identification:_identify(src/ros2_control) by extension 'python_setup_py'
[1.304s] Level 1:colcon.colcon_core.package_identification:_identify(src/ros2_control/cerebellum_description) by extensions ['ignore', 'ignore_ament_install']
[1.305s] Level 1:colcon.colcon_core.package_identification:_identify(src/ros2_control/cerebellum_description) by extension 'ignore'
[1.305s] Level 1:colcon.colcon_core.package_identification:_identify(src/ros2_control/cerebellum_description) by extension 'ignore_ament_install'
[1.305s] Level 1:colcon.colcon_core.package_identification:_identify(src/ros2_control/cerebellum_description) by extensions ['colcon_pkg']
[1.305s] Level 1:colcon.colcon_core.package_identification:_identify(src/ros2_control/cerebellum_description) by extension 'colcon_pkg'
[1.305s] Level 1:colcon.colcon_core.package_identification:_identify(src/ros2_control/cerebellum_description) by extensions ['colcon_meta']
[1.306s] Level 1:colcon.colcon_core.package_identification:_identify(src/ros2_control/cerebellum_description) by extension 'colcon_meta'
[1.306s] Level 1:colcon.colcon_core.package_identification:_identify(src/ros2_control/cerebellum_description) by extensions ['ros']
[1.306s] Level 1:colcon.colcon_core.package_identification:_identify(src/ros2_control/cerebellum_description) by extension 'ros'
[1.308s] DEBUG:colcon.colcon_core.package_identification:Package 'src/ros2_control/cerebellum_description' with type 'ros.ament_cmake' and name 'cerebellum_description'
[1.309s] Level 1:colcon.colcon_core.package_identification:_identify(src/ros2_control/cerebellum_hardware) by extensions ['ignore', 'ignore_ament_install']
[1.309s] Level 1:colcon.colcon_core.package_identification:_identify(src/ros2_control/cerebellum_hardware) by extension 'ignore'
[1.310s] Level 1:colcon.colcon_core.package_identification:_identify(src/ros2_control/cerebellum_hardware) by extension 'ignore_ament_install'
[1.310s] Level 1:colcon.colcon_core.package_identification:_identify(src/ros2_control/cerebellum_hardware) by extensions ['colcon_pkg']
[1.310s] Level 1:colcon.colcon_core.package_identification:_identify(src/ros2_control/cerebellum_hardware) by extension 'colcon_pkg'
[1.310s] Level 1:colcon.colcon_core.package_identification:_identify(src/ros2_control/cerebellum_hardware) by extensions ['colcon_meta']
[1.310s] Level 1:colcon.colcon_core.package_identification:_identify(src/ros2_control/cerebellum_hardware) by extension 'colcon_meta'
[1.311s] Level 1:colcon.colcon_core.package_identification:_identify(src/ros2_control/cerebellum_hardware) by extensions ['ros']
[1.311s] Level 1:colcon.colcon_core.package_identification:_identify(src/ros2_control/cerebellum_hardware) by extension 'ros'
[1.314s] DEBUG:colcon.colcon_core.package_identification:Package 'src/ros2_control/cerebellum_hardware' with type 'ros.ament_cmake' and name 'cerebellum_hardware'
[1.314s] Level 1:colcon.colcon_core.package_identification:_identify(src/system_services) by extensions ['ignore', 'ignore_ament_install']
[1.315s] Level 1:colcon.colcon_core.package_identification:_identify(src/system_services) by extension 'ignore'
[1.315s] Level 1:colcon.colcon_core.package_identification:_identify(src/system_services) by extension 'ignore_ament_install'
[1.315s] Level 1:colcon.colcon_core.package_identification:_identify(src/system_services) by extensions ['colcon_pkg']
[1.315s] Level 1:colcon.colcon_core.package_identification:_identify(src/system_services) by extension 'colcon_pkg'
[1.316s] Level 1:colcon.colcon_core.package_identification:_identify(src/system_services) by extensions ['colcon_meta']
[1.316s] Level 1:colcon.colcon_core.package_identification:_identify(src/system_services) by extension 'colcon_meta'
[1.316s] Level 1:colcon.colcon_core.package_identification:_identify(src/system_services) by extensions ['ros']
[1.316s] Level 1:colcon.colcon_core.package_identification:_identify(src/system_services) by extension 'ros'
[1.318s] DEBUG:colcon.colcon_core.package_identification:Package 'src/system_services' with type 'ros.ament_python' and name 'system_services'
[1.319s] Level 1:colcon.colcon_core.package_discovery:discover_packages(recursive) using defaults
[1.319s] Level 1:colcon.colcon_core.package_discovery:discover_packages(ignore) discover
[1.319s] Level 1:colcon.colcon_core.package_discovery:discover_packages(ignore) using defaults
[1.319s] Level 1:colcon.colcon_core.package_discovery:discover_packages(path) discover
[1.319s] Level 1:colcon.colcon_core.package_discovery:discover_packages(path) using defaults
[1.404s] Level 1:colcon.colcon_core.package_discovery:discover_packages(prefix_path) check parameters
[1.404s] Level 1:colcon.colcon_core.package_discovery:discover_packages(prefix_path) discover
[1.423s] DEBUG:colcon.colcon_installed_package_information.package_discovery:Found 321 installed packages in /opt/ros/humble
[1.474s] Level 1:colcon.colcon_core.package_discovery:discover_packages(prefix_path) using defaults
[1.688s] Level 5:colcon.colcon_core.verb:set package 'cerebellum_description' build argument 'cmake_args' from command line to 'None'
[1.688s] Level 5:colcon.colcon_core.verb:set package 'cerebellum_description' build argument 'cmake_target' from command line to 'None'
[1.688s] Level 5:colcon.colcon_core.verb:set package 'cerebellum_description' build argument 'cmake_target_skip_unavailable' from command line to 'False'
[1.688s] Level 5:colcon.colcon_core.verb:set package 'cerebellum_description' build argument 'cmake_clean_cache' from command line to 'False'
[1.688s] Level 5:colcon.colcon_core.verb:set package 'cerebellum_description' build argument 'cmake_clean_first' from command line to 'False'
[1.689s] Level 5:colcon.colcon_core.verb:set package 'cerebellum_description' build argument 'cmake_force_configure' from command line to 'False'
[1.689s] Level 5:colcon.colcon_core.verb:set package 'cerebellum_description' build argument 'ament_cmake_args' from command line to 'None'
[1.689s] Level 5:colcon.colcon_core.verb:set package 'cerebellum_description' build argument 'catkin_cmake_args' from command line to 'None'
[1.689s] Level 5:colcon.colcon_core.verb:set package 'cerebellum_description' build argument 'catkin_skip_building_tests' from command line to 'False'
[1.689s] DEBUG:colcon.colcon_core.verb:Building package 'cerebellum_description' with the following arguments: {'ament_cmake_args': None, 'build_base': '/ros2_ws/build/cerebellum_description', 'catkin_cmake_args': None, 'catkin_skip_building_tests': False, 'cmake_args': None, 'cmake_clean_cache': False, 'cmake_clean_first': False, 'cmake_force_configure': False, 'cmake_target': None, 'cmake_target_skip_unavailable': False, 'install_base': '/ros2_ws/install/cerebellum_description', 'merge_install': False, 'path': '/ros2_ws/src/ros2_control/cerebellum_description', 'symlink_install': True, 'test_result_base': None}
[1.691s] Level 5:colcon.colcon_core.verb:set package 'common' build argument 'cmake_args' from command line to 'None'
[1.691s] Level 5:colcon.colcon_core.verb:set package 'common' build argument 'cmake_target' from command line to 'None'
[1.691s] Level 5:colcon.colcon_core.verb:set package 'common' build argument 'cmake_target_skip_unavailable' from command line to 'False'
[1.691s] Level 5:colcon.colcon_core.verb:set package 'common' build argument 'cmake_clean_cache' from command line to 'False'
[1.692s] Level 5:colcon.colcon_core.verb:set package 'common' build argument 'cmake_clean_first' from command line to 'False'
[1.692s] Level 5:colcon.colcon_core.verb:set package 'common' build argument 'cmake_force_configure' from command line to 'False'
[1.692s] Level 5:colcon.colcon_core.verb:set package 'common' build argument 'ament_cmake_args' from command line to 'None'
[1.692s] Level 5:colcon.colcon_core.verb:set package 'common' build argument 'catkin_cmake_args' from command line to 'None'
[1.692s] Level 5:colcon.colcon_core.verb:set package 'common' build argument 'catkin_skip_building_tests' from command line to 'False'
[1.692s] DEBUG:colcon.colcon_core.verb:Building package 'common' with the following arguments: {'ament_cmake_args': None, 'build_base': '/ros2_ws/build/common', 'catkin_cmake_args': None, 'catkin_skip_building_tests': False, 'cmake_args': None, 'cmake_clean_cache': False, 'cmake_clean_first': False, 'cmake_force_configure': False, 'cmake_target': None, 'cmake_target_skip_unavailable': False, 'install_base': '/ros2_ws/install/common', 'merge_install': False, 'path': '/ros2_ws/src/common', 'symlink_install': True, 'test_result_base': None}
[1.694s] Level 5:colcon.colcon_core.verb:set package 'interfaces' build argument 'cmake_args' from command line to 'None'
[1.694s] Level 5:colcon.colcon_core.verb:set package 'interfaces' build argument 'cmake_target' from command line to 'None'
[1.694s] Level 5:colcon.colcon_core.verb:set package 'interfaces' build argument 'cmake_target_skip_unavailable' from command line to 'False'
[1.694s] Level 5:colcon.colcon_core.verb:set package 'interfaces' build argument 'cmake_clean_cache' from command line to 'False'
[1.694s] Level 5:colcon.colcon_core.verb:set package 'interfaces' build argument 'cmake_clean_first' from command line to 'False'
[1.695s] Level 5:colcon.colcon_core.verb:set package 'interfaces' build argument 'cmake_force_configure' from command line to 'False'
[1.695s] Level 5:colcon.colcon_core.verb:set package 'interfaces' build argument 'ament_cmake_args' from command line to 'None'
[1.695s] Level 5:colcon.colcon_core.verb:set package 'interfaces' build argument 'catkin_cmake_args' from command line to 'None'
[1.695s] Level 5:colcon.colcon_core.verb:set package 'interfaces' build argument 'catkin_skip_building_tests' from command line to 'False'
[1.695s] DEBUG:colcon.colcon_core.verb:Building package 'interfaces' with the following arguments: {'ament_cmake_args': None, 'build_base': '/ros2_ws/build/interfaces', 'catkin_cmake_args': None, 'catkin_skip_building_tests': False, 'cmake_args': None, 'cmake_clean_cache': False, 'cmake_clean_first': False, 'cmake_force_configure': False, 'cmake_target': None, 'cmake_target_skip_unavailable': False, 'install_base': '/ros2_ws/install/interfaces', 'merge_install': False, 'path': '/ros2_ws/src/interfaces', 'symlink_install': True, 'test_result_base': None}
[1.697s] Level 5:colcon.colcon_core.verb:set package 'system_services' build argument 'cmake_args' from command line to 'None'
[1.697s] Level 5:colcon.colcon_core.verb:set package 'system_services' build argument 'cmake_target' from command line to 'None'
[1.697s] Level 5:colcon.colcon_core.verb:set package 'system_services' build argument 'cmake_target_skip_unavailable' from command line to 'False'
[1.697s] Level 5:colcon.colcon_core.verb:set package 'system_services' build argument 'cmake_clean_cache' from command line to 'False'
[1.697s] Level 5:colcon.colcon_core.verb:set package 'system_services' build argument 'cmake_clean_first' from command line to 'False'
[1.697s] Level 5:colcon.colcon_core.verb:set package 'system_services' build argument 'cmake_force_configure' from command line to 'False'
[1.698s] Level 5:colcon.colcon_core.verb:set package 'system_services' build argument 'ament_cmake_args' from command line to 'None'
[1.698s] Level 5:colcon.colcon_core.verb:set package 'system_services' build argument 'catkin_cmake_args' from command line to 'None'
[1.698s] Level 5:colcon.colcon_core.verb:set package 'system_services' build argument 'catkin_skip_building_tests' from command line to 'False'
[1.698s] DEBUG:colcon.colcon_core.verb:Building package 'system_services' with the following arguments: {'ament_cmake_args': None, 'build_base': '/ros2_ws/build/system_services', 'catkin_cmake_args': None, 'catkin_skip_building_tests': False, 'cmake_args': None, 'cmake_clean_cache': False, 'cmake_clean_first': False, 'cmake_force_configure': False, 'cmake_target': None, 'cmake_target_skip_unavailable': False, 'install_base': '/ros2_ws/install/system_services', 'merge_install': False, 'path': '/ros2_ws/src/system_services', 'symlink_install': True, 'test_result_base': None}
[1.700s] Level 5:colcon.colcon_core.verb:set package 'dri_interfaces' build argument 'cmake_args' from command line to 'None'
[1.700s] Level 5:colcon.colcon_core.verb:set package 'dri_interfaces' build argument 'cmake_target' from command line to 'None'
[1.700s] Level 5:colcon.colcon_core.verb:set package 'dri_interfaces' build argument 'cmake_target_skip_unavailable' from command line to 'False'
[1.700s] Level 5:colcon.colcon_core.verb:set package 'dri_interfaces' build argument 'cmake_clean_cache' from command line to 'False'
[1.700s] Level 5:colcon.colcon_core.verb:set package 'dri_interfaces' build argument 'cmake_clean_first' from command line to 'False'
[1.700s] Level 5:colcon.colcon_core.verb:set package 'dri_interfaces' build argument 'cmake_force_configure' from command line to 'False'
[1.700s] Level 5:colcon.colcon_core.verb:set package 'dri_interfaces' build argument 'ament_cmake_args' from command line to 'None'
[1.700s] Level 5:colcon.colcon_core.verb:set package 'dri_interfaces' build argument 'catkin_cmake_args' from command line to 'None'
[1.701s] Level 5:colcon.colcon_core.verb:set package 'dri_interfaces' build argument 'catkin_skip_building_tests' from command line to 'False'
[1.701s] DEBUG:colcon.colcon_core.verb:Building package 'dri_interfaces' with the following arguments: {'ament_cmake_args': None, 'build_base': '/ros2_ws/build/dri_interfaces', 'catkin_cmake_args': None, 'catkin_skip_building_tests': False, 'cmake_args': None, 'cmake_clean_cache': False, 'cmake_clean_first': False, 'cmake_force_configure': False, 'cmake_target': None, 'cmake_target_skip_unavailable': False, 'install_base': '/ros2_ws/install/dri_interfaces', 'merge_install': False, 'path': '/ros2_ws/src/dri_interfaces', 'symlink_install': True, 'test_result_base': None}
[1.702s] Level 5:colcon.colcon_core.verb:set package 'drivers' build argument 'cmake_args' from command line to 'None'
[1.703s] Level 5:colcon.colcon_core.verb:set package 'drivers' build argument 'cmake_target' from command line to 'None'
[1.703s] Level 5:colcon.colcon_core.verb:set package 'drivers' build argument 'cmake_target_skip_unavailable' from command line to 'False'
[1.703s] Level 5:colcon.colcon_core.verb:set package 'drivers' build argument 'cmake_clean_cache' from command line to 'False'
[1.703s] Level 5:colcon.colcon_core.verb:set package 'drivers' build argument 'cmake_clean_first' from command line to 'False'
[1.703s] Level 5:colcon.colcon_core.verb:set package 'drivers' build argument 'cmake_force_configure' from command line to 'False'
[1.703s] Level 5:colcon.colcon_core.verb:set package 'drivers' build argument 'ament_cmake_args' from command line to 'None'
[1.703s] Level 5:colcon.colcon_core.verb:set package 'drivers' build argument 'catkin_cmake_args' from command line to 'None'
[1.703s] Level 5:colcon.colcon_core.verb:set package 'drivers' build argument 'catkin_skip_building_tests' from command line to 'False'
[1.704s] DEBUG:colcon.colcon_core.verb:Building package 'drivers' with the following arguments: {'ament_cmake_args': None, 'build_base': '/ros2_ws/build/drivers', 'catkin_cmake_args': None, 'catkin_skip_building_tests': False, 'cmake_args': None, 'cmake_clean_cache': False, 'cmake_clean_first': False, 'cmake_force_configure': False, 'cmake_target': None, 'cmake_target_skip_unavailable': False, 'install_base': '/ros2_ws/install/drivers', 'merge_install': False, 'path': '/ros2_ws/src/drivers', 'symlink_install': True, 'test_result_base': None}
[1.705s] Level 5:colcon.colcon_core.verb:set package 'cerebellum_hardware' build argument 'cmake_args' from command line to 'None'
[1.705s] Level 5:colcon.colcon_core.verb:set package 'cerebellum_hardware' build argument 'cmake_target' from command line to 'None'
[1.705s] Level 5:colcon.colcon_core.verb:set package 'cerebellum_hardware' build argument 'cmake_target_skip_unavailable' from command line to 'False'
[1.706s] Level 5:colcon.colcon_core.verb:set package 'cerebellum_hardware' build argument 'cmake_clean_cache' from command line to 'False'
[1.706s] Level 5:colcon.colcon_core.verb:set package 'cerebellum_hardware' build argument 'cmake_clean_first' from command line to 'False'
[1.706s] Level 5:colcon.colcon_core.verb:set package 'cerebellum_hardware' build argument 'cmake_force_configure' from command line to 'False'
[1.706s] Level 5:colcon.colcon_core.verb:set package 'cerebellum_hardware' build argument 'ament_cmake_args' from command line to 'None'
[1.706s] Level 5:colcon.colcon_core.verb:set package 'cerebellum_hardware' build argument 'catkin_cmake_args' from command line to 'None'
[1.706s] Level 5:colcon.colcon_core.verb:set package 'cerebellum_hardware' build argument 'catkin_skip_building_tests' from command line to 'False'
[1.706s] DEBUG:colcon.colcon_core.verb:Building package 'cerebellum_hardware' with the following arguments: {'ament_cmake_args': None, 'build_base': '/ros2_ws/build/cerebellum_hardware', 'catkin_cmake_args': None, 'catkin_skip_building_tests': False, 'cmake_args': None, 'cmake_clean_cache': False, 'cmake_clean_first': False, 'cmake_force_configure': False, 'cmake_target': None, 'cmake_target_skip_unavailable': False, 'install_base': '/ros2_ws/install/cerebellum_hardware', 'merge_install': False, 'path': '/ros2_ws/src/ros2_control/cerebellum_hardware', 'symlink_install': True, 'test_result_base': None}
[1.708s] Level 5:colcon.colcon_core.verb:set package 'bringup' build argument 'cmake_args' from command line to 'None'
[1.708s] Level 5:colcon.colcon_core.verb:set package 'bringup' build argument 'cmake_target' from command line to 'None'
[1.708s] Level 5:colcon.colcon_core.verb:set package 'bringup' build argument 'cmake_target_skip_unavailable' from command line to 'False'
[1.708s] Level 5:colcon.colcon_core.verb:set package 'bringup' build argument 'cmake_clean_cache' from command line to 'False'
[1.709s] Level 5:colcon.colcon_core.verb:set package 'bringup' build argument 'cmake_clean_first' from command line to 'False'
[1.709s] Level 5:colcon.colcon_core.verb:set package 'bringup' build argument 'cmake_force_configure' from command line to 'False'
[1.709s] Level 5:colcon.colcon_core.verb:set package 'bringup' build argument 'ament_cmake_args' from command line to 'None'
[1.709s] Level 5:colcon.colcon_core.verb:set package 'bringup' build argument 'catkin_cmake_args' from command line to 'None'
[1.709s] Level 5:colcon.colcon_core.verb:set package 'bringup' build argument 'catkin_skip_building_tests' from command line to 'False'
[1.709s] DEBUG:colcon.colcon_core.verb:Building package 'bringup' with the following arguments: {'ament_cmake_args': None, 'build_base': '/ros2_ws/build/bringup', 'catkin_cmake_args': None, 'catkin_skip_building_tests': False, 'cmake_args': None, 'cmake_clean_cache': False, 'cmake_clean_first': False, 'cmake_force_configure': False, 'cmake_target': None, 'cmake_target_skip_unavailable': False, 'install_base': '/ros2_ws/install/bringup', 'merge_install': False, 'path': '/ros2_ws/src/bringup', 'symlink_install': True, 'test_result_base': None}
[1.710s] INFO:colcon.colcon_core.executor:Executing jobs using 'parallel' executor
[1.713s] DEBUG:colcon.colcon_parallel_executor.executor.parallel:run_until_complete
[1.714s] INFO:colcon.colcon_ros.task.ament_cmake.build:Building ROS package in '/ros2_ws/src/common' with build type 'ament_cmake'
[1.714s] INFO:colcon.colcon_cmake.task.cmake.build:Building CMake package in '/ros2_ws/src/common'
[1.724s] INFO:colcon.colcon_core.plugin_system:Skipping extension 'colcon_core.shell.bat': Not used on non-Windows systems
[1.725s] INFO:colcon.colcon_core.shell:Skip shell extension 'powershell' for command environment: Not usable outside of PowerShell
[1.725s] DEBUG:colcon.colcon_core.shell:Skip shell extension 'dsv' for command environment
[1.740s] INFO:colcon.colcon_ros.task.ament_cmake.build:Building ROS package in '/ros2_ws/src/interfaces' with build type 'ament_cmake'
[1.741s] INFO:colcon.colcon_cmake.task.cmake.build:Building CMake package in '/ros2_ws/src/interfaces'
[1.742s] INFO:colcon.colcon_core.shell:Skip shell extension 'powershell' for command environment: Not usable outside of PowerShell
[1.743s] DEBUG:colcon.colcon_core.shell:Skip shell extension 'dsv' for command environment
[1.757s] INFO:colcon.colcon_ros.task.ament_cmake.build:Building ROS package in '/ros2_ws/src/ros2_control/cerebellum_description' with build type 'ament_cmake'
[1.757s] INFO:colcon.colcon_cmake.task.cmake.build:Building CMake package in '/ros2_ws/src/ros2_control/cerebellum_description'
[1.759s] INFO:colcon.colcon_core.shell:Skip shell extension 'powershell' for command environment: Not usable outside of PowerShell
[1.759s] DEBUG:colcon.colcon_core.shell:Skip shell extension 'dsv' for command environment
[1.772s] INFO:colcon.colcon_ros.task.ament_python.build:Building ROS package in '/ros2_ws/src/system_services' with build type 'ament_python'
[1.773s] Level 1:colcon.colcon_core.shell:create_environment_hook('system_services', 'ament_prefix_path')
[1.774s] INFO:colcon.colcon_core.shell:Creating environment hook '/ros2_ws/install/system_services/share/system_services/hook/ament_prefix_path.ps1'
[1.777s] INFO:colcon.colcon_core.shell:Creating environment descriptor '/ros2_ws/install/system_services/share/system_services/hook/ament_prefix_path.dsv'
[1.779s] INFO:colcon.colcon_core.shell:Creating environment hook '/ros2_ws/install/system_services/share/system_services/hook/ament_prefix_path.sh'
[1.783s] INFO:colcon.colcon_core.shell:Skip shell extension 'powershell' for command environment: Not usable outside of PowerShell
[1.784s] DEBUG:colcon.colcon_core.shell:Skip shell extension 'dsv' for command environment
[1.811s] DEBUG:colcon.colcon_core.event_handler.log_command:Invoking command in '/ros2_ws/build/common': CMAKE_PREFIX_PATH=/opt/ros/humble /usr/bin/cmake --build /ros2_ws/build/common -- -j4 -l4
[1.844s] DEBUG:colcon.colcon_core.event_handler.log_command:Invoking command in '/ros2_ws/build/interfaces': CMAKE_PREFIX_PATH=/opt/ros/humble /usr/bin/cmake --build /ros2_ws/build/interfaces -- -j4 -l4
[1.847s] DEBUG:colcon.colcon_core.event_handler.log_command:Invoking command in '/ros2_ws/build/cerebellum_description': CMAKE_PREFIX_PATH=/opt/ros/humble /usr/bin/cmake --build /ros2_ws/build/cerebellum_description -- -j4 -l4
[3.260s] INFO:colcon.colcon_core.task.python.build:Building Python package in '/ros2_ws/src/system_services'
[3.262s] INFO:colcon.colcon_core.shell:Skip shell extension 'powershell' for command environment: Not usable outside of PowerShell
[3.265s] DEBUG:colcon.colcon_core.shell:Skip shell extension 'dsv' for command environment
[3.328s] DEBUG:colcon.colcon_core.event_handler.log_command:Invoked command in '/ros2_ws/build/cerebellum_description' returned '0': CMAKE_PREFIX_PATH=/opt/ros/humble /usr/bin/cmake --build /ros2_ws/build/cerebellum_description -- -j4 -l4
[3.367s] DEBUG:colcon.colcon_core.event_handler.log_command:Invoking command in '/ros2_ws/build/cerebellum_description': CMAKE_PREFIX_PATH=/opt/ros/humble /usr/bin/cmake --install /ros2_ws/build/cerebellum_description
[3.379s] DEBUG:colcon.colcon_core.event_handler.log_command:Invoked command in '/ros2_ws/build/common' returned '0': CMAKE_PREFIX_PATH=/opt/ros/humble /usr/bin/cmake --build /ros2_ws/build/common -- -j4 -l4
[3.388s] DEBUG:colcon.colcon_core.event_handler.log_command:Invoking command in '/ros2_ws/build/common': CMAKE_PREFIX_PATH=/opt/ros/humble /usr/bin/cmake --install /ros2_ws/build/common
[3.450s] Level 1:colcon.colcon_core.environment:create_environment_scripts_only(cerebellum_description)
[3.455s] DEBUG:colcon.colcon_core.event_handler.log_command:Invoked command in '/ros2_ws/build/cerebellum_description' returned '0': CMAKE_PREFIX_PATH=/opt/ros/humble /usr/bin/cmake --install /ros2_ws/build/cerebellum_description
[3.471s] Level 1:colcon.colcon_core.environment:checking '/ros2_ws/install/cerebellum_description' for CMake module files
[3.480s] Level 1:colcon.colcon_core.environment:checking '/ros2_ws/install/cerebellum_description' for CMake config files
[3.481s] Level 1:colcon.colcon_core.shell:create_environment_hook('cerebellum_description', 'cmake_prefix_path')
[3.483s] INFO:colcon.colcon_core.shell:Creating environment hook '/ros2_ws/install/cerebellum_description/share/cerebellum_description/hook/cmake_prefix_path.ps1'
[3.486s] INFO:colcon.colcon_core.shell:Creating environment descriptor '/ros2_ws/install/cerebellum_description/share/cerebellum_description/hook/cmake_prefix_path.dsv'
[3.487s] INFO:colcon.colcon_core.shell:Creating environment hook '/ros2_ws/install/cerebellum_description/share/cerebellum_description/hook/cmake_prefix_path.sh'
[3.490s] Level 1:colcon.colcon_core.environment:checking '/ros2_ws/install/cerebellum_description/bin'
[3.491s] Level 1:colcon.colcon_core.environment:checking '/ros2_ws/install/cerebellum_description/lib/pkgconfig/cerebellum_description.pc'
[3.492s] Level 1:colcon.colcon_core.environment:checking '/ros2_ws/install/cerebellum_description/lib/python3.10/site-packages'
[3.494s] Level 1:colcon.colcon_core.environment:checking '/ros2_ws/install/cerebellum_description/bin'
[3.495s] INFO:colcon.colcon_core.shell:Creating package script '/ros2_ws/install/cerebellum_description/share/cerebellum_description/package.ps1'
[3.503s] INFO:colcon.colcon_core.shell:Creating package descriptor '/ros2_ws/install/cerebellum_description/share/cerebellum_description/package.dsv'
[3.508s] INFO:colcon.colcon_core.shell:Creating package script '/ros2_ws/install/cerebellum_description/share/cerebellum_description/package.sh'
[3.513s] INFO:colcon.colcon_core.shell:Creating package script '/ros2_ws/install/cerebellum_description/share/cerebellum_description/package.bash'
[3.520s] INFO:colcon.colcon_core.shell:Creating package script '/ros2_ws/install/cerebellum_description/share/cerebellum_description/package.zsh'
[3.536s] Level 1:colcon.colcon_core.environment:create_file_with_runtime_dependencies(/ros2_ws/install/cerebellum_description/share/colcon-core/packages/cerebellum_description)
[3.539s] Level 1:colcon.colcon_core.environment:create_environment_scripts_only(cerebellum_description)
[3.540s] Level 1:colcon.colcon_core.environment:checking '/ros2_ws/install/cerebellum_description' for CMake module files
[3.543s] Level 1:colcon.colcon_core.environment:checking '/ros2_ws/install/cerebellum_description' for CMake config files
[3.544s] Level 1:colcon.colcon_core.shell:create_environment_hook('cerebellum_description', 'cmake_prefix_path')
[3.545s] INFO:colcon.colcon_core.shell:Creating environment hook '/ros2_ws/install/cerebellum_description/share/cerebellum_description/hook/cmake_prefix_path.ps1'
[3.548s] INFO:colcon.colcon_core.shell:Creating environment descriptor '/ros2_ws/install/cerebellum_description/share/cerebellum_description/hook/cmake_prefix_path.dsv'
[3.549s] INFO:colcon.colcon_core.shell:Creating environment hook '/ros2_ws/install/cerebellum_description/share/cerebellum_description/hook/cmake_prefix_path.sh'
[3.552s] Level 1:colcon.colcon_core.environment:checking '/ros2_ws/install/cerebellum_description/bin'
[3.552s] Level 1:colcon.colcon_core.environment:checking '/ros2_ws/install/cerebellum_description/lib/pkgconfig/cerebellum_description.pc'
[3.553s] Level 1:colcon.colcon_core.environment:checking '/ros2_ws/install/cerebellum_description/lib/python3.10/site-packages'
[3.556s] Level 1:colcon.colcon_core.environment:checking '/ros2_ws/install/cerebellum_description/bin'
[3.557s] INFO:colcon.colcon_core.shell:Creating package script '/ros2_ws/install/cerebellum_description/share/cerebellum_description/package.ps1'
[3.561s] INFO:colcon.colcon_core.shell:Creating package descriptor '/ros2_ws/install/cerebellum_description/share/cerebellum_description/package.dsv'
[3.563s] INFO:colcon.colcon_core.shell:Creating package script '/ros2_ws/install/cerebellum_description/share/cerebellum_description/package.sh'
[3.569s] INFO:colcon.colcon_core.shell:Creating package script '/ros2_ws/install/cerebellum_description/share/cerebellum_description/package.bash'
[3.572s] INFO:colcon.colcon_core.shell:Creating package script '/ros2_ws/install/cerebellum_description/share/cerebellum_description/package.zsh'
[3.574s] Level 1:colcon.colcon_core.environment:create_file_with_runtime_dependencies(/ros2_ws/install/cerebellum_description/share/colcon-core/packages/cerebellum_description)
[3.579s] Level 1:colcon.colcon_core.environment:create_environment_scripts_only(common)
[3.581s] Level 1:colcon.colcon_core.environment:checking '/ros2_ws/install/common' for CMake module files
[3.582s] DEBUG:colcon.colcon_core.event_handler.log_command:Invoked command in '/ros2_ws/build/common' returned '0': CMAKE_PREFIX_PATH=/opt/ros/humble /usr/bin/cmake --install /ros2_ws/build/common
[3.590s] Level 1:colcon.colcon_core.environment:checking '/ros2_ws/install/common' for CMake config files
[3.592s] Level 1:colcon.colcon_core.shell:create_environment_hook('common', 'cmake_prefix_path')
[3.593s] INFO:colcon.colcon_core.shell:Creating environment hook '/ros2_ws/install/common/share/common/hook/cmake_prefix_path.ps1'
[3.595s] INFO:colcon.colcon_core.shell:Creating environment descriptor '/ros2_ws/install/common/share/common/hook/cmake_prefix_path.dsv'
[3.598s] INFO:colcon.colcon_core.shell:Creating environment hook '/ros2_ws/install/common/share/common/hook/cmake_prefix_path.sh'
[3.603s] Level 1:colcon.colcon_core.environment:checking '/ros2_ws/install/common/lib'
[3.605s] Level 1:colcon.colcon_core.environment:checking '/ros2_ws/install/common/bin'
[3.606s] Level 1:colcon.colcon_core.environment:checking '/ros2_ws/install/common/lib/pkgconfig/common.pc'
[3.607s] Level 1:colcon.colcon_core.environment:checking '/ros2_ws/install/common/lib/python3.10/site-packages'
[3.610s] Level 1:colcon.colcon_core.environment:checking '/ros2_ws/install/common/bin'
[3.612s] INFO:colcon.colcon_core.shell:Creating package script '/ros2_ws/install/common/share/common/package.ps1'
[3.617s] INFO:colcon.colcon_core.shell:Creating package descriptor '/ros2_ws/install/common/share/common/package.dsv'
[3.620s] INFO:colcon.colcon_core.shell:Creating package script '/ros2_ws/install/common/share/common/package.sh'
[3.623s] INFO:colcon.colcon_core.shell:Creating package script '/ros2_ws/install/common/share/common/package.bash'
[3.625s] INFO:colcon.colcon_core.shell:Creating package script '/ros2_ws/install/common/share/common/package.zsh'
[3.628s] Level 1:colcon.colcon_core.environment:create_file_with_runtime_dependencies(/ros2_ws/install/common/share/colcon-core/packages/common)
[3.631s] Level 1:colcon.colcon_core.environment:create_environment_scripts_only(common)
[3.633s] Level 1:colcon.colcon_core.environment:checking '/ros2_ws/install/common' for CMake module files
[3.638s] Level 1:colcon.colcon_core.environment:checking '/ros2_ws/install/common' for CMake config files
[3.641s] Level 1:colcon.colcon_core.shell:create_environment_hook('common', 'cmake_prefix_path')
[3.643s] INFO:colcon.colcon_core.shell:Creating environment hook '/ros2_ws/install/common/share/common/hook/cmake_prefix_path.ps1'
[3.646s] INFO:colcon.colcon_core.shell:Creating environment descriptor '/ros2_ws/install/common/share/common/hook/cmake_prefix_path.dsv'
[3.649s] INFO:colcon.colcon_core.shell:Creating environment hook '/ros2_ws/install/common/share/common/hook/cmake_prefix_path.sh'
[3.653s] Level 1:colcon.colcon_core.environment:checking '/ros2_ws/install/common/lib'
[3.654s] Level 1:colcon.colcon_core.environment:checking '/ros2_ws/install/common/bin'
[3.655s] Level 1:colcon.colcon_core.environment:checking '/ros2_ws/install/common/lib/pkgconfig/common.pc'
[3.657s] Level 1:colcon.colcon_core.environment:checking '/ros2_ws/install/common/lib/python3.10/site-packages'
[3.660s] Level 1:colcon.colcon_core.environment:checking '/ros2_ws/install/common/bin'
[3.663s] INFO:colcon.colcon_core.shell:Creating package script '/ros2_ws/install/common/share/common/package.ps1'
[3.670s] INFO:colcon.colcon_core.shell:Creating package descriptor '/ros2_ws/install/common/share/common/package.dsv'
[3.675s] INFO:colcon.colcon_core.shell:Creating package script '/ros2_ws/install/common/share/common/package.sh'
[3.678s] INFO:colcon.colcon_core.shell:Creating package script '/ros2_ws/install/common/share/common/package.bash'
[3.681s] INFO:colcon.colcon_core.shell:Creating package script '/ros2_ws/install/common/share/common/package.zsh'
[3.684s] Level 1:colcon.colcon_core.environment:create_file_with_runtime_dependencies(/ros2_ws/install/common/share/colcon-core/packages/common)
[3.689s] INFO:colcon.colcon_ros.task.ament_cmake.build:Building ROS package in '/ros2_ws/src/drivers' with build type 'ament_cmake'
[3.691s] INFO:colcon.colcon_cmake.task.cmake.build:Building CMake package in '/ros2_ws/src/drivers'
[3.693s] INFO:colcon.colcon_core.shell:Skip shell extension 'powershell' for command environment: Not usable outside of PowerShell
[3.694s] DEBUG:colcon.colcon_core.shell:Skip shell extension 'dsv' for command environment
[3.746s] DEBUG:colcon.colcon_core.event_handler.log_command:Invoking command in '/ros2_ws/build/drivers': AMENT_PREFIX_PATH=/ros2_ws/install/common:${AMENT_PREFIX_PATH} CMAKE_PREFIX_PATH=/ros2_ws/install/common:/opt/ros/humble LD_LIBRARY_PATH=/ros2_ws/install/common/lib:${LD_LIBRARY_PATH} /usr/bin/cmake --build /ros2_ws/build/drivers -- -j4 -l4
[3.798s] DEBUG:colcon.colcon_core.event_handler.log_command:Invoked command in '/ros2_ws/build/interfaces' returned '0': CMAKE_PREFIX_PATH=/opt/ros/humble /usr/bin/cmake --build /ros2_ws/build/interfaces -- -j4 -l4
[3.800s] DEBUG:colcon.colcon_core.event_handler.log_command:Invoking command in '/ros2_ws/build/interfaces': CMAKE_PREFIX_PATH=/opt/ros/humble /usr/bin/cmake --install /ros2_ws/build/interfaces
[4.166s] Level 1:colcon.colcon_core.environment:create_environment_scripts_only(interfaces)
[4.168s] Level 1:colcon.colcon_core.environment:checking '/ros2_ws/install/interfaces' for CMake module files
[4.174s] Level 1:colcon.colcon_core.environment:checking '/ros2_ws/install/interfaces' for CMake config files
[4.178s] DEBUG:colcon.colcon_core.event_handler.log_command:Invoked command in '/ros2_ws/build/interfaces' returned '0': CMAKE_PREFIX_PATH=/opt/ros/humble /usr/bin/cmake --install /ros2_ws/build/interfaces
[4.184s] Level 1:colcon.colcon_core.shell:create_environment_hook('interfaces', 'cmake_prefix_path')
[4.186s] INFO:colcon.colcon_core.shell:Creating environment hook '/ros2_ws/install/interfaces/share/interfaces/hook/cmake_prefix_path.ps1'
[4.188s] INFO:colcon.colcon_core.shell:Creating environment descriptor '/ros2_ws/install/interfaces/share/interfaces/hook/cmake_prefix_path.dsv'
[4.190s] INFO:colcon.colcon_core.shell:Creating environment hook '/ros2_ws/install/interfaces/share/interfaces/hook/cmake_prefix_path.sh'
[4.193s] Level 1:colcon.colcon_core.environment:checking '/ros2_ws/install/interfaces/lib'
[4.193s] Level 1:colcon.colcon_core.shell:create_environment_hook('interfaces', 'ld_library_path_lib')
[4.205s] INFO:colcon.colcon_core.shell:Creating environment hook '/ros2_ws/install/interfaces/share/interfaces/hook/ld_library_path_lib.ps1'
[4.209s] INFO:colcon.colcon_core.shell:Creating environment descriptor '/ros2_ws/install/interfaces/share/interfaces/hook/ld_library_path_lib.dsv'
[4.212s] INFO:colcon.colcon_core.shell:Creating environment hook '/ros2_ws/install/interfaces/share/interfaces/hook/ld_library_path_lib.sh'
[4.215s] Level 1:colcon.colcon_core.environment:checking '/ros2_ws/install/interfaces/bin'
[4.216s] Level 1:colcon.colcon_core.environment:checking '/ros2_ws/install/interfaces/lib/pkgconfig/interfaces.pc'
[4.217s] Level 1:colcon.colcon_core.environment:checking '/ros2_ws/install/interfaces/lib/python3.10/site-packages'
[4.219s] Level 1:colcon.colcon_core.environment:checking '/ros2_ws/install/interfaces/bin'
[4.222s] INFO:colcon.colcon_core.shell:Creating package script '/ros2_ws/install/interfaces/share/interfaces/package.ps1'
[4.225s] INFO:colcon.colcon_core.shell:Creating package descriptor '/ros2_ws/install/interfaces/share/interfaces/package.dsv'
[4.227s] INFO:colcon.colcon_core.shell:Creating package script '/ros2_ws/install/interfaces/share/interfaces/package.sh'
[4.230s] INFO:colcon.colcon_core.shell:Creating package script '/ros2_ws/install/interfaces/share/interfaces/package.bash'
[4.232s] INFO:colcon.colcon_core.shell:Creating package script '/ros2_ws/install/interfaces/share/interfaces/package.zsh'
[4.234s] Level 1:colcon.colcon_core.environment:create_file_with_runtime_dependencies(/ros2_ws/install/interfaces/share/colcon-core/packages/interfaces)
[4.237s] Level 1:colcon.colcon_core.environment:create_environment_scripts_only(interfaces)
[4.239s] Level 1:colcon.colcon_core.environment:checking '/ros2_ws/install/interfaces' for CMake module files
[4.242s] Level 1:colcon.colcon_core.environment:checking '/ros2_ws/install/interfaces' for CMake config files
[4.248s] Level 1:colcon.colcon_core.shell:create_environment_hook('interfaces', 'cmake_prefix_path')
[4.249s] INFO:colcon.colcon_core.shell:Creating environment hook '/ros2_ws/install/interfaces/share/interfaces/hook/cmake_prefix_path.ps1'
[4.251s] INFO:colcon.colcon_core.shell:Creating environment descriptor '/ros2_ws/install/interfaces/share/interfaces/hook/cmake_prefix_path.dsv'
[4.254s] INFO:colcon.colcon_core.shell:Creating environment hook '/ros2_ws/install/interfaces/share/interfaces/hook/cmake_prefix_path.sh'
[4.257s] Level 1:colcon.colcon_core.environment:checking '/ros2_ws/install/interfaces/lib'
[4.257s] Level 1:colcon.colcon_core.shell:create_environment_hook('interfaces', 'ld_library_path_lib')
[4.259s] INFO:colcon.colcon_core.shell:Creating environment hook '/ros2_ws/install/interfaces/share/interfaces/hook/ld_library_path_lib.ps1'
[4.261s] INFO:colcon.colcon_core.shell:Creating environment descriptor '/ros2_ws/install/interfaces/share/interfaces/hook/ld_library_path_lib.dsv'
[4.263s] INFO:colcon.colcon_core.shell:Creating environment hook '/ros2_ws/install/interfaces/share/interfaces/hook/ld_library_path_lib.sh'
[4.266s] Level 1:colcon.colcon_core.environment:checking '/ros2_ws/install/interfaces/bin'
[4.267s] Level 1:colcon.colcon_core.environment:checking '/ros2_ws/install/interfaces/lib/pkgconfig/interfaces.pc'
[4.268s] Level 1:colcon.colcon_core.environment:checking '/ros2_ws/install/interfaces/lib/python3.10/site-packages'
[4.271s] Level 1:colcon.colcon_core.environment:checking '/ros2_ws/install/interfaces/bin'
[4.274s] INFO:colcon.colcon_core.shell:Creating package script '/ros2_ws/install/interfaces/share/interfaces/package.ps1'
[4.279s] INFO:colcon.colcon_core.shell:Creating package descriptor '/ros2_ws/install/interfaces/share/interfaces/package.dsv'
[4.283s] INFO:colcon.colcon_core.shell:Creating package script '/ros2_ws/install/interfaces/share/interfaces/package.sh'
[4.286s] INFO:colcon.colcon_core.shell:Creating package script '/ros2_ws/install/interfaces/share/interfaces/package.bash'
[4.288s] INFO:colcon.colcon_core.shell:Creating package script '/ros2_ws/install/interfaces/share/interfaces/package.zsh'
[4.291s] Level 1:colcon.colcon_core.environment:create_file_with_runtime_dependencies(/ros2_ws/install/interfaces/share/colcon-core/packages/interfaces)
[4.295s] INFO:colcon.colcon_ros.task.ament_cmake.build:Building ROS package in '/ros2_ws/src/dri_interfaces' with build type 'ament_cmake'
[4.296s] INFO:colcon.colcon_cmake.task.cmake.build:Building CMake package in '/ros2_ws/src/dri_interfaces'
[4.297s] INFO:colcon.colcon_core.shell:Skip shell extension 'powershell' for command environment: Not usable outside of PowerShell
[4.298s] DEBUG:colcon.colcon_core.shell:Skip shell extension 'dsv' for command environment
[4.324s] DEBUG:colcon.colcon_core.event_handler.log_command:Invoked command in '/ros2_ws/build/drivers' returned '0': AMENT_PREFIX_PATH=/ros2_ws/install/common:${AMENT_PREFIX_PATH} CMAKE_PREFIX_PATH=/ros2_ws/install/common:/opt/ros/humble LD_LIBRARY_PATH=/ros2_ws/install/common/lib:${LD_LIBRARY_PATH} /usr/bin/cmake --build /ros2_ws/build/drivers -- -j4 -l4
[4.331s] DEBUG:colcon.colcon_core.event_handler.log_command:Invoking command in '/ros2_ws/build/drivers': AMENT_PREFIX_PATH=/ros2_ws/install/common:${AMENT_PREFIX_PATH} CMAKE_PREFIX_PATH=/ros2_ws/install/common:/opt/ros/humble LD_LIBRARY_PATH=/ros2_ws/install/common/lib:${LD_LIBRARY_PATH} /usr/bin/cmake --install /ros2_ws/build/drivers
[4.349s] DEBUG:colcon.colcon_core.event_handler.log_command:Invoking command in '/ros2_ws/build/dri_interfaces': AMENT_PREFIX_PATH=/ros2_ws/install/interfaces:${AMENT_PREFIX_PATH} CMAKE_PREFIX_PATH=/ros2_ws/install/interfaces:/opt/ros/humble LD_LIBRARY_PATH=/ros2_ws/install/interfaces/lib:${LD_LIBRARY_PATH} PYTHONPATH=/ros2_ws/install/interfaces/local/lib/python3.10/dist-packages:${PYTHONPATH} /usr/bin/cmake --build /ros2_ws/build/dri_interfaces -- -j4 -l4
[4.427s] Level 1:colcon.colcon_core.environment:create_environment_scripts_only(drivers)
[4.428s] Level 1:colcon.colcon_core.environment:checking '/ros2_ws/install/drivers' for CMake module files
[4.431s] DEBUG:colcon.colcon_core.event_handler.log_command:Invoked command in '/ros2_ws/build/drivers' returned '0': AMENT_PREFIX_PATH=/ros2_ws/install/common:${AMENT_PREFIX_PATH} CMAKE_PREFIX_PATH=/ros2_ws/install/common:/opt/ros/humble LD_LIBRARY_PATH=/ros2_ws/install/common/lib:${LD_LIBRARY_PATH} /usr/bin/cmake --install /ros2_ws/build/drivers
[4.433s] Level 1:colcon.colcon_core.environment:checking '/ros2_ws/install/drivers' for CMake config files
[4.435s] Level 1:colcon.colcon_core.shell:create_environment_hook('drivers', 'cmake_prefix_path')
[4.436s] INFO:colcon.colcon_core.shell:Creating environment hook '/ros2_ws/install/drivers/share/drivers/hook/cmake_prefix_path.ps1'
[4.442s] INFO:colcon.colcon_core.shell:Creating environment descriptor '/ros2_ws/install/drivers/share/drivers/hook/cmake_prefix_path.dsv'
[4.444s] INFO:colcon.colcon_core.shell:Creating environment hook '/ros2_ws/install/drivers/share/drivers/hook/cmake_prefix_path.sh'
[4.446s] Level 1:colcon.colcon_core.environment:checking '/ros2_ws/install/drivers/lib'
[4.447s] Level 1:colcon.colcon_core.environment:checking '/ros2_ws/install/drivers/bin'
[4.447s] Level 1:colcon.colcon_core.environment:checking '/ros2_ws/install/drivers/lib/pkgconfig/drivers.pc'
[4.448s] Level 1:colcon.colcon_core.environment:checking '/ros2_ws/install/drivers/lib/python3.10/site-packages'
[4.450s] Level 1:colcon.colcon_core.environment:checking '/ros2_ws/install/drivers/bin'
[4.453s] INFO:colcon.colcon_core.shell:Creating package script '/ros2_ws/install/drivers/share/drivers/package.ps1'
[4.456s] INFO:colcon.colcon_core.shell:Creating package descriptor '/ros2_ws/install/drivers/share/drivers/package.dsv'
[4.459s] INFO:colcon.colcon_core.shell:Creating package script '/ros2_ws/install/drivers/share/drivers/package.sh'
[4.462s] INFO:colcon.colcon_core.shell:Creating package script '/ros2_ws/install/drivers/share/drivers/package.bash'
[4.464s] INFO:colcon.colcon_core.shell:Creating package script '/ros2_ws/install/drivers/share/drivers/package.zsh'
[4.466s] Level 1:colcon.colcon_core.environment:create_file_with_runtime_dependencies(/ros2_ws/install/drivers/share/colcon-core/packages/drivers)
[4.469s] Level 1:colcon.colcon_core.environment:create_environment_scripts_only(drivers)
[4.470s] Level 1:colcon.colcon_core.environment:checking '/ros2_ws/install/drivers' for CMake module files
[4.474s] Level 1:colcon.colcon_core.environment:checking '/ros2_ws/install/drivers' for CMake config files
[4.477s] Level 1:colcon.colcon_core.shell:create_environment_hook('drivers', 'cmake_prefix_path')
[4.478s] INFO:colcon.colcon_core.shell:Creating environment hook '/ros2_ws/install/drivers/share/drivers/hook/cmake_prefix_path.ps1'
[4.481s] INFO:colcon.colcon_core.shell:Creating environment descriptor '/ros2_ws/install/drivers/share/drivers/hook/cmake_prefix_path.dsv'
[4.484s] INFO:colcon.colcon_core.shell:Creating environment hook '/ros2_ws/install/drivers/share/drivers/hook/cmake_prefix_path.sh'
[4.486s] Level 1:colcon.colcon_core.environment:checking '/ros2_ws/install/drivers/lib'
[4.487s] Level 1:colcon.colcon_core.environment:checking '/ros2_ws/install/drivers/bin'
[4.488s] Level 1:colcon.colcon_core.environment:checking '/ros2_ws/install/drivers/lib/pkgconfig/drivers.pc'
[4.489s] Level 1:colcon.colcon_core.environment:checking '/ros2_ws/install/drivers/lib/python3.10/site-packages'
[4.492s] Level 1:colcon.colcon_core.environment:checking '/ros2_ws/install/drivers/bin'
[4.493s] INFO:colcon.colcon_core.shell:Creating package script '/ros2_ws/install/drivers/share/drivers/package.ps1'
[4.497s] INFO:colcon.colcon_core.shell:Creating package descriptor '/ros2_ws/install/drivers/share/drivers/package.dsv'
[4.500s] INFO:colcon.colcon_core.shell:Creating package script '/ros2_ws/install/drivers/share/drivers/package.sh'
[4.503s] INFO:colcon.colcon_core.shell:Creating package script '/ros2_ws/install/drivers/share/drivers/package.bash'
[4.505s] INFO:colcon.colcon_core.shell:Creating package script '/ros2_ws/install/drivers/share/drivers/package.zsh'
[4.507s] Level 1:colcon.colcon_core.environment:create_file_with_runtime_dependencies(/ros2_ws/install/drivers/share/colcon-core/packages/drivers)
[4.511s] INFO:colcon.colcon_ros.task.ament_cmake.build:Building ROS package in '/ros2_ws/src/ros2_control/cerebellum_hardware' with build type 'ament_cmake'
[4.511s] INFO:colcon.colcon_cmake.task.cmake.build:Building CMake package in '/ros2_ws/src/ros2_control/cerebellum_hardware'
[4.513s] INFO:colcon.colcon_core.shell:Skip shell extension 'powershell' for command environment: Not usable outside of PowerShell
[4.513s] DEBUG:colcon.colcon_core.shell:Skip shell extension 'dsv' for command environment
[4.595s] DEBUG:colcon.colcon_core.event_handler.log_command:Invoking command in '/ros2_ws/build/cerebellum_hardware': AMENT_PREFIX_PATH=/ros2_ws/install/drivers:/ros2_ws/install/common:${AMENT_PREFIX_PATH} CMAKE_PREFIX_PATH=/ros2_ws/install/drivers:/ros2_ws/install/common:/opt/ros/humble LD_LIBRARY_PATH=/ros2_ws/install/drivers/lib:/ros2_ws/install/common/lib:${LD_LIBRARY_PATH} /usr/bin/cmake --build /ros2_ws/build/cerebellum_hardware -- -j4 -l4
[4.718s] DEBUG:colcon.colcon_core.event_handler.log_command:Invoked command in '/ros2_ws/build/dri_interfaces' returned '0': AMENT_PREFIX_PATH=/ros2_ws/install/interfaces:${AMENT_PREFIX_PATH} CMAKE_PREFIX_PATH=/ros2_ws/install/interfaces:/opt/ros/humble LD_LIBRARY_PATH=/ros2_ws/install/interfaces/lib:${LD_LIBRARY_PATH} PYTHONPATH=/ros2_ws/install/interfaces/local/lib/python3.10/dist-packages:${PYTHONPATH} /usr/bin/cmake --build /ros2_ws/build/dri_interfaces -- -j4 -l4
[4.727s] DEBUG:colcon.colcon_core.event_handler.log_command:Invoking command in '/ros2_ws/build/dri_interfaces': AMENT_PREFIX_PATH=/ros2_ws/install/interfaces:${AMENT_PREFIX_PATH} CMAKE_PREFIX_PATH=/ros2_ws/install/interfaces:/opt/ros/humble LD_LIBRARY_PATH=/ros2_ws/install/interfaces/lib:${LD_LIBRARY_PATH} PYTHONPATH=/ros2_ws/install/interfaces/local/lib/python3.10/dist-packages:${PYTHONPATH} /usr/bin/cmake --install /ros2_ws/build/dri_interfaces
[4.884s] Level 1:colcon.colcon_core.environment:create_environment_scripts_only(dri_interfaces)
[4.886s] DEBUG:colcon.colcon_core.event_handler.log_command:Invoked command in '/ros2_ws/build/dri_interfaces' returned '0': AMENT_PREFIX_PATH=/ros2_ws/install/interfaces:${AMENT_PREFIX_PATH} CMAKE_PREFIX_PATH=/ros2_ws/install/interfaces:/opt/ros/humble LD_LIBRARY_PATH=/ros2_ws/install/interfaces/lib:${LD_LIBRARY_PATH} PYTHONPATH=/ros2_ws/install/interfaces/local/lib/python3.10/dist-packages:${PYTHONPATH} /usr/bin/cmake --install /ros2_ws/build/dri_interfaces
[4.887s] Level 1:colcon.colcon_core.environment:checking '/ros2_ws/install/dri_interfaces' for CMake module files
[4.891s] Level 1:colcon.colcon_core.environment:checking '/ros2_ws/install/dri_interfaces' for CMake config files
[4.892s] Level 1:colcon.colcon_core.shell:create_environment_hook('dri_interfaces', 'cmake_prefix_path')
[4.897s] INFO:colcon.colcon_core.shell:Creating environment hook '/ros2_ws/install/dri_interfaces/share/dri_interfaces/hook/cmake_prefix_path.ps1'
[4.899s] INFO:colcon.colcon_core.shell:Creating environment descriptor '/ros2_ws/install/dri_interfaces/share/dri_interfaces/hook/cmake_prefix_path.dsv'
[4.901s] INFO:colcon.colcon_core.shell:Creating environment hook '/ros2_ws/install/dri_interfaces/share/dri_interfaces/hook/cmake_prefix_path.sh'
[4.905s] Level 1:colcon.colcon_core.environment:checking '/ros2_ws/install/dri_interfaces/lib'
[4.905s] Level 1:colcon.colcon_core.environment:checking '/ros2_ws/install/dri_interfaces/bin'
[4.905s] Level 1:colcon.colcon_core.environment:checking '/ros2_ws/install/dri_interfaces/lib/pkgconfig/dri_interfaces.pc'
[4.907s] Level 1:colcon.colcon_core.environment:checking '/ros2_ws/install/dri_interfaces/lib/python3.10/site-packages'
[4.908s] Level 1:colcon.colcon_core.environment:checking '/ros2_ws/install/dri_interfaces/bin'
[4.910s] INFO:colcon.colcon_core.shell:Creating package script '/ros2_ws/install/dri_interfaces/share/dri_interfaces/package.ps1'
[4.913s] INFO:colcon.colcon_core.shell:Creating package descriptor '/ros2_ws/install/dri_interfaces/share/dri_interfaces/package.dsv'
[4.915s] INFO:colcon.colcon_core.shell:Creating package script '/ros2_ws/install/dri_interfaces/share/dri_interfaces/package.sh'
[4.917s] INFO:colcon.colcon_core.shell:Creating package script '/ros2_ws/install/dri_interfaces/share/dri_interfaces/package.bash'
[4.918s] INFO:colcon.colcon_core.shell:Creating package script '/ros2_ws/install/dri_interfaces/share/dri_interfaces/package.zsh'
[4.920s] Level 1:colcon.colcon_core.environment:create_file_with_runtime_dependencies(/ros2_ws/install/dri_interfaces/share/colcon-core/packages/dri_interfaces)
[4.923s] Level 1:colcon.colcon_core.environment:create_environment_scripts_only(dri_interfaces)
[4.924s] Level 1:colcon.colcon_core.environment:checking '/ros2_ws/install/dri_interfaces' for CMake module files
[4.926s] Level 1:colcon.colcon_core.environment:checking '/ros2_ws/install/dri_interfaces' for CMake config files
[4.928s] Level 1:colcon.colcon_core.shell:create_environment_hook('dri_interfaces', 'cmake_prefix_path')
[4.929s] INFO:colcon.colcon_core.shell:Creating environment hook '/ros2_ws/install/dri_interfaces/share/dri_interfaces/hook/cmake_prefix_path.ps1'
[4.931s] INFO:colcon.colcon_core.shell:Creating environment descriptor '/ros2_ws/install/dri_interfaces/share/dri_interfaces/hook/cmake_prefix_path.dsv'
[4.932s] INFO:colcon.colcon_core.shell:Creating environment hook '/ros2_ws/install/dri_interfaces/share/dri_interfaces/hook/cmake_prefix_path.sh'
[4.935s] Level 1:colcon.colcon_core.environment:checking '/ros2_ws/install/dri_interfaces/lib'
[4.935s] Level 1:colcon.colcon_core.environment:checking '/ros2_ws/install/dri_interfaces/bin'
[4.936s] Level 1:colcon.colcon_core.environment:checking '/ros2_ws/install/dri_interfaces/lib/pkgconfig/dri_interfaces.pc'
[4.937s] Level 1:colcon.colcon_core.environment:checking '/ros2_ws/install/dri_interfaces/lib/python3.10/site-packages'
[4.939s] Level 1:colcon.colcon_core.environment:checking '/ros2_ws/install/dri_interfaces/bin'
[4.941s] INFO:colcon.colcon_core.shell:Creating package script '/ros2_ws/install/dri_interfaces/share/dri_interfaces/package.ps1'
[4.944s] INFO:colcon.colcon_core.shell:Creating package descriptor '/ros2_ws/install/dri_interfaces/share/dri_interfaces/package.dsv'
[4.947s] INFO:colcon.colcon_core.shell:Creating package script '/ros2_ws/install/dri_interfaces/share/dri_interfaces/package.sh'
[4.949s] INFO:colcon.colcon_core.shell:Creating package script '/ros2_ws/install/dri_interfaces/share/dri_interfaces/package.bash'
[4.951s] INFO:colcon.colcon_core.shell:Creating package script '/ros2_ws/install/dri_interfaces/share/dri_interfaces/package.zsh'
[4.954s] Level 1:colcon.colcon_core.environment:create_file_with_runtime_dependencies(/ros2_ws/install/dri_interfaces/share/colcon-core/packages/dri_interfaces)
[5.364s] DEBUG:colcon.colcon_core.task.python.build:Available setuptools commands: develop, register, build, upload, egg_info, rotate, build_clib, build_ext, easy_install, bdist, check, sdist, install_lib, setopt, update_catalog, symlink_data, clean, install_headers, install_data, alias, install, bdist_wheel, init_catalog, build_py, bdist_egg, bdist_rpm, dist_info, test, build_scripts, install_scripts, compile_catalog, install_egg_info, extract_messages, upload_docs, saveopts, bdist_dumb
[6.684s] DEBUG:colcon.colcon_core.task.python.build:Available setuptools 'develop' options: --install-layout, --prefix, --verbose, --allow-hosts, --no-user-cfg, --always-unzip, --site-dirs, --editable, --script-dir, --build-directory, --no-deps, --install-dir, --optimize, --uninstall, --dry-run, --find-links, --no-find-links, --upgrade, --index-url, --exclude-scripts, --always-copy, --zip-ok, --local-snapshots-ok, --force-installation-into-system-dir, --quiet, --user, --egg-path, --help, --record, --multi-version, --version
[6.691s] DEBUG:colcon.colcon_core.event_handler.log_command:Invoking command in '/ros2_ws/build/system_services': PYTHONPATH=/ros2_ws/build/system_services/prefix_override:/usr/lib/python3/dist-packages/colcon_core/task/python/colcon_distutils_commands:/ros2_ws/install/system_services/lib/python3.10/site-packages:${PYTHONPATH} /usr/bin/python3 -W ignore:setup.py install is deprecated -W ignore:easy_install command is deprecated setup.py develop --editable --build-directory /ros2_ws/build/system_services/build --no-deps symlink_data
[8.180s] Level 1:colcon.colcon_core.environment:create_environment_scripts_only(cerebellum_hardware)
[8.181s] Level 1:colcon.colcon_core.environment:checking '/ros2_ws/install/cerebellum_hardware' for CMake module files
[8.183s] Level 1:colcon.colcon_core.environment:checking '/ros2_ws/install/cerebellum_hardware' for CMake config files
[8.185s] Level 1:colcon.colcon_core.environment:checking '/ros2_ws/install/cerebellum_hardware/bin'
[8.185s] Level 1:colcon.colcon_core.environment:checking '/ros2_ws/install/cerebellum_hardware/lib/pkgconfig/cerebellum_hardware.pc'
[8.187s] Level 1:colcon.colcon_core.environment:checking '/ros2_ws/install/cerebellum_hardware/lib/python3.10/site-packages'
[8.189s] Level 1:colcon.colcon_core.environment:checking '/ros2_ws/install/cerebellum_hardware/bin'
[8.190s] DEBUG:colcon.colcon_core.event_handler.log_command:Invoked command in '/ros2_ws/build/cerebellum_hardware' returned '2': AMENT_PREFIX_PATH=/ros2_ws/install/drivers:/ros2_ws/install/common:${AMENT_PREFIX_PATH} CMAKE_PREFIX_PATH=/ros2_ws/install/drivers:/ros2_ws/install/common:/opt/ros/humble LD_LIBRARY_PATH=/ros2_ws/install/drivers/lib:/ros2_ws/install/common/lib:${LD_LIBRARY_PATH} /usr/bin/cmake --build /ros2_ws/build/cerebellum_hardware -- -j4 -l4
[8.192s] INFO:colcon.colcon_core.shell:Creating package script '/ros2_ws/install/cerebellum_hardware/share/cerebellum_hardware/package.ps1'
[8.196s] INFO:colcon.colcon_core.shell:Creating package descriptor '/ros2_ws/install/cerebellum_hardware/share/cerebellum_hardware/package.dsv'
[8.198s] INFO:colcon.colcon_core.shell:Creating package script '/ros2_ws/install/cerebellum_hardware/share/cerebellum_hardware/package.sh'
[8.200s] INFO:colcon.colcon_core.shell:Creating package script '/ros2_ws/install/cerebellum_hardware/share/cerebellum_hardware/package.bash'
[8.202s] INFO:colcon.colcon_core.shell:Creating package script '/ros2_ws/install/cerebellum_hardware/share/cerebellum_hardware/package.zsh'
[8.204s] Level 1:colcon.colcon_core.environment:create_file_with_runtime_dependencies(/ros2_ws/install/cerebellum_hardware/share/colcon-core/packages/cerebellum_hardware)
[8.874s] DEBUG:colcon.colcon_parallel_executor.executor.parallel:closing loop
[8.874s] DEBUG:colcon.colcon_parallel_executor.executor.parallel:loop closed
[8.874s] DEBUG:colcon.colcon_parallel_executor.executor.parallel:run_until_complete finished with '2'
[8.875s] DEBUG:colcon.colcon_core.event_reactor:joining thread
[8.894s] INFO:colcon.colcon_core.plugin_system:Skipping extension 'colcon_notification.desktop_notification.notify_send': Could not find 'notify-send'
[8.895s] INFO:colcon.colcon_core.plugin_system:Skipping extension 'colcon_notification.desktop_notification.terminal_notifier': Not used on non-Darwin systems
[8.895s] INFO:colcon.colcon_core.plugin_system:Skipping extension 'colcon_notification.desktop_notification.win32': Not used on non-Windows systems
[8.895s] INFO:colcon.colcon_notification.desktop_notification:Sending desktop notification using 'notify2'
[8.895s] DEBUG:colcon.colcon_notification.desktop_notification.notify2:Failed to initialize notify2: org.freedesktop.DBus.Error.NotSupported: Unable to autolaunch a dbus-daemon without a $DISPLAY for X11
[8.896s] DEBUG:colcon.colcon_core.event_reactor:joined thread
[8.897s] INFO:colcon.colcon_core.shell:Creating prefix script '/ros2_ws/install/local_setup.ps1'
[8.901s] INFO:colcon.colcon_core.shell:Creating prefix util module '/ros2_ws/install/_local_setup_util_ps1.py'
[8.908s] INFO:colcon.colcon_core.shell:Creating prefix chain script '/ros2_ws/install/setup.ps1'
[8.913s] INFO:colcon.colcon_core.shell:Creating prefix script '/ros2_ws/install/local_setup.sh'
[8.915s] INFO:colcon.colcon_core.shell:Creating prefix util module '/ros2_ws/install/_local_setup_util_sh.py'
[8.918s] INFO:colcon.colcon_core.shell:Creating prefix chain script '/ros2_ws/install/setup.sh'
[8.922s] INFO:colcon.colcon_core.shell:Creating prefix script '/ros2_ws/install/local_setup.bash'
[8.924s] INFO:colcon.colcon_core.shell:Creating prefix chain script '/ros2_ws/install/setup.bash'
[8.928s] INFO:colcon.colcon_core.shell:Creating prefix script '/ros2_ws/install/local_setup.zsh'
[8.931s] INFO:colcon.colcon_core.shell:Creating prefix chain script '/ros2_ws/install/setup.zsh'
