[0.038s] Invoking command in '/ros2_ws/build/drivers': CMAKE_PREFIX_PATH=${CMAKE_PREFIX_PATH}:/opt/ros/humble /usr/bin/cmake --build /ros2_ws/build/drivers -- -j4 -l4
[0.157s] [35m[1mConsolidate compiler generated dependencies of target drivers_core[0m
[0.198s] [ 20%] [32mBuilding CXX object CMakeFiles/drivers_core.dir/src/drivers/controller_board/controller_board.cpp.o[0m
[2.768s] [ 40%] [32m[1mLinking CXX static library libdrivers_core.a[0m
[2.894s] [ 60%] Built target drivers_core
[2.926s] [35m[1mConsolidate compiler generated dependencies of target test_controller[0m
[2.964s] [ 80%] [32mBuilding CXX object CMakeFiles/test_controller.dir/test.cpp.o[0m
[5.102s] [100%] [32m[1mLinking CXX executable test_controller[0m
[5.381s] [100%] Built target test_controller
[5.413s] Invoked command in '/ros2_ws/build/drivers' returned '0': CMAKE_PREFIX_PATH=${CMAKE_PREFIX_PATH}:/opt/ros/humble /usr/bin/cmake --build /ros2_ws/build/drivers -- -j4 -l4
[5.442s] Invoking command in '/ros2_ws/build/drivers': CMAKE_PREFIX_PATH=${CMAKE_PREFIX_PATH}:/opt/ros/humble /usr/bin/cmake --install /ros2_ws/build/drivers
[5.462s] -- Install configuration: ""
[5.463s] -- Execute custom install script
[5.464s] -- Up-to-date symlink: /ros2_ws/install/drivers/lib/drivers/test_controller
[5.466s] -- Up-to-date symlink: /ros2_ws/install/drivers/include/drivers/drivers/controller_board/controller_board.h
[5.466s] -- Up-to-date symlink: /ros2_ws/install/drivers/include/drivers/drivers/controller_board/controller_comm.h
[5.466s] -- Up-to-date symlink: /ros2_ws/install/drivers/include/drivers/drivers/controller_board/protocol.h
[5.467s] -- Up-to-date symlink: /ros2_ws/install/drivers/share/drivers/environment/library_path.sh
[5.468s] -- Up-to-date symlink: /ros2_ws/install/drivers/share/drivers/environment/library_path.dsv
[5.468s] -- Up-to-date symlink: /ros2_ws/install/drivers/share/ament_index/resource_index/package_run_dependencies/drivers
[5.469s] -- Up-to-date symlink: /ros2_ws/install/drivers/share/ament_index/resource_index/parent_prefix_path/drivers
[5.469s] -- Up-to-date symlink: /ros2_ws/install/drivers/share/drivers/environment/ament_prefix_path.sh
[5.470s] -- Up-to-date symlink: /ros2_ws/install/drivers/share/drivers/environment/ament_prefix_path.dsv
[5.470s] -- Up-to-date symlink: /ros2_ws/install/drivers/share/drivers/environment/path.sh
[5.471s] -- Up-to-date symlink: /ros2_ws/install/drivers/share/drivers/environment/path.dsv
[5.471s] -- Up-to-date symlink: /ros2_ws/install/drivers/share/drivers/local_setup.bash
[5.472s] -- Up-to-date symlink: /ros2_ws/install/drivers/share/drivers/local_setup.sh
[5.472s] -- Up-to-date symlink: /ros2_ws/install/drivers/share/drivers/local_setup.zsh
[5.473s] -- Up-to-date symlink: /ros2_ws/install/drivers/share/drivers/local_setup.dsv
[5.473s] -- Symlinking: /ros2_ws/install/drivers/share/drivers/package.dsv
[5.498s] -- Up-to-date symlink: /ros2_ws/install/drivers/share/ament_index/resource_index/packages/drivers
[5.499s] -- Up-to-date symlink: /ros2_ws/install/drivers/share/drivers/cmake/ament_cmake_export_include_directories-extras.cmake
[5.499s] -- Up-to-date symlink: /ros2_ws/install/drivers/share/drivers/cmake/ament_cmake_export_libraries-extras.cmake
[5.500s] -- Up-to-date symlink: /ros2_ws/install/drivers/share/drivers/cmake/driversConfig.cmake
[5.500s] -- Up-to-date symlink: /ros2_ws/install/drivers/share/drivers/cmake/driversConfig-version.cmake
[5.501s] -- Up-to-date symlink: /ros2_ws/install/drivers/share/drivers/package.xml
[5.501s] -- Installing: /ros2_ws/install/drivers/lib/libdrivers_core.a
[5.508s] Invoked command in '/ros2_ws/build/drivers' returned '0': CMAKE_PREFIX_PATH=${CMAKE_PREFIX_PATH}:/opt/ros/humble /usr/bin/cmake --install /ros2_ws/build/drivers
