[0.056s] Invoking command in '/ros2_ws/build/description': AMENT_PREFIX_PATH=/ros2_ws/install/brain_hardware:/ros2_ws/install/interfaces:${AMENT_PREFIX_PATH} CMAKE_PREFIX_PATH=/ros2_ws/install/brain_hardware:/ros2_ws/install/interfaces:/opt/ros/humble LD_LIBRARY_PATH=/ros2_ws/install/brain_hardware/lib:/ros2_ws/install/interfaces/lib:${LD_LIBRARY_PATH} PYTHONPATH=/ros2_ws/install/interfaces/local/lib/python3.10/dist-packages:${PYTHONPATH} /usr/bin/cmake --build /ros2_ws/build/description -- -j4 -l4
[0.158s] -- Found ament_cmake: 1.3.14 (/opt/ros/humble/share/ament_cmake/cmake)
[1.186s] -- Configuring done
[1.208s] -- Generating done
[1.219s] -- Build files have been written to: /ros2_ws/build/description
[1.283s] Invoked command in '/ros2_ws/build/description' returned '0': AMENT_PREFIX_PATH=/ros2_ws/install/brain_hardware:/ros2_ws/install/interfaces:${AMENT_PREFIX_PATH} CMAKE_PREFIX_PATH=/ros2_ws/install/brain_hardware:/ros2_ws/install/interfaces:/opt/ros/humble LD_LIBRARY_PATH=/ros2_ws/install/brain_hardware/lib:/ros2_ws/install/interfaces/lib:${LD_LIBRARY_PATH} PYTHONPATH=/ros2_ws/install/interfaces/local/lib/python3.10/dist-packages:${PYTHONPATH} /usr/bin/cmake --build /ros2_ws/build/description -- -j4 -l4
[1.288s] Invoking command in '/ros2_ws/build/description': AMENT_PREFIX_PATH=/ros2_ws/install/brain_hardware:/ros2_ws/install/interfaces:${AMENT_PREFIX_PATH} CMAKE_PREFIX_PATH=/ros2_ws/install/brain_hardware:/ros2_ws/install/interfaces:/opt/ros/humble LD_LIBRARY_PATH=/ros2_ws/install/brain_hardware/lib:/ros2_ws/install/interfaces/lib:${LD_LIBRARY_PATH} PYTHONPATH=/ros2_ws/install/interfaces/local/lib/python3.10/dist-packages:${PYTHONPATH} /usr/bin/cmake --install /ros2_ws/build/description
[1.311s] -- Install configuration: ""
[1.311s] -- Up-to-date: /ros2_ws/install/description/share/description/urdf
[1.314s] -- Installing: /ros2_ws/install/description/share/description/urdf/dabai.xacro
[1.315s] -- Installing: /ros2_ws/install/description/share/description/urdf/materials.xacro
[1.316s] -- Installing: /ros2_ws/install/description/share/description/urdf/description.urdf.xacro
[1.317s] -- Installing: /ros2_ws/install/description/share/description/urdf/ascamera.xacro
[1.318s] -- Up-to-date: /ros2_ws/install/description/share/description/config
[1.319s] -- Installing: /ros2_ws/install/description/share/description/config/ekf.yaml
[1.319s] -- Installing: /ros2_ws/install/description/share/description/config/brain_controllers.yaml
[1.320s] -- Installing: /ros2_ws/install/description/share/description/config/nav2_params.yaml
[1.322s] -- Installing: /ros2_ws/install/description/share/description/config/slam_params.yaml
[1.323s] -- Up-to-date: /ros2_ws/install/description/share/description/config/behavior_trees
[1.323s] -- Installing: /ros2_ws/install/description/share/description/config/behavior_trees/navigate_to_pose_without_backup.xml
[1.325s] -- Installing: /ros2_ws/install/description/share/description/config/behavior_trees/navigate_without_backup.xml
[1.326s] -- Installing: /ros2_ws/install/description/share/description/config/ekf_3d.yaml
[1.327s] -- Up-to-date: /ros2_ws/install/description/share/description/launch
[1.327s] -- Installing: /ros2_ws/install/description/share/description/launch/display.launch.py
[1.328s] -- Up-to-date: /ros2_ws/install/description/share/description/rviz
[1.329s] -- Installing: /ros2_ws/install/description/share/description/rviz/view.rviz
[1.331s] -- Up-to-date: /ros2_ws/install/description/share/description/meshes
[1.335s] -- Up-to-date: /ros2_ws/install/description/share/ament_index/resource_index/package_run_dependencies/description
[1.335s] -- Installing: /ros2_ws/install/description/share/ament_index/resource_index/parent_prefix_path/description
[1.336s] -- Installing: /ros2_ws/install/description/share/description/environment/ament_prefix_path.sh
[1.336s] -- Installing: /ros2_ws/install/description/share/description/environment/ament_prefix_path.dsv
[1.337s] -- Installing: /ros2_ws/install/description/share/description/environment/path.sh
[1.337s] -- Installing: /ros2_ws/install/description/share/description/environment/path.dsv
[1.338s] -- Up-to-date: /ros2_ws/install/description/share/description/local_setup.bash
[1.338s] -- Up-to-date: /ros2_ws/install/description/share/description/local_setup.sh
[1.339s] -- Up-to-date: /ros2_ws/install/description/share/description/local_setup.zsh
[1.339s] -- Installing: /ros2_ws/install/description/share/description/local_setup.dsv
[1.340s] -- Installing: /ros2_ws/install/description/share/description/package.dsv
[1.340s] -- Up-to-date: /ros2_ws/install/description/share/ament_index/resource_index/packages/description
[1.340s] -- Up-to-date: /ros2_ws/install/description/share/description/cmake/descriptionConfig.cmake
[1.341s] -- Up-to-date: /ros2_ws/install/description/share/description/cmake/descriptionConfig-version.cmake
[1.341s] -- Installing: /ros2_ws/install/description/share/description/package.xml
[1.347s] Invoked command in '/ros2_ws/build/description' returned '0': AMENT_PREFIX_PATH=/ros2_ws/install/brain_hardware:/ros2_ws/install/interfaces:${AMENT_PREFIX_PATH} CMAKE_PREFIX_PATH=/ros2_ws/install/brain_hardware:/ros2_ws/install/interfaces:/opt/ros/humble LD_LIBRARY_PATH=/ros2_ws/install/brain_hardware/lib:/ros2_ws/install/interfaces/lib:${LD_LIBRARY_PATH} PYTHONPATH=/ros2_ws/install/interfaces/local/lib/python3.10/dist-packages:${PYTHONPATH} /usr/bin/cmake --install /ros2_ws/build/description
