[0.024s] Invoking command in '/ros2_ws/build/drivers': AMENT_PREFIX_PATH=/ros2_ws/install/common:${AMENT_PREFIX_PATH} CMAKE_PREFIX_PATH=/ros2_ws/install/common:/opt/ros/humble LD_LIBRARY_PATH=/ros2_ws/install/common/lib:${LD_LIBRARY_PATH} /usr/bin/cmake /ros2_ws/src/drivers -DAMENT_CMAKE_SYMLINK_INSTALL=1 -DCMAKE_INSTALL_PREFIX=/ros2_ws/install/drivers
[0.206s] -- The C compiler identification is GNU 11.4.0
[0.399s] -- The CXX compiler identification is GNU 11.4.0
[0.421s] -- Detecting C compiler ABI info
[0.652s] -- Detecting C compiler ABI info - done
[0.684s] -- Check for working C compiler: /usr/bin/cc - skipped
[0.684s] -- Detecting C compile features
[0.686s] -- Detecting C compile features - done
[0.696s] -- Detecting CXX compiler ABI info
[0.947s] -- Detecting CXX compiler ABI info - done
[0.980s] -- Check for working CXX compiler: /usr/bin/c++ - skipped
[0.981s] -- Detecting CXX compile features
[0.982s] -- Detecting CXX compile features - done
[0.994s] -- Found ament_cmake: 1.3.14 (/opt/ros/humble/share/ament_cmake/cmake)
[1.571s] -- Found Python3: /usr/bin/python3 (found version "3.10.12") found components: Interpreter 
[1.830s] -- Override CMake install command with custom implementation using symlinks instead of copying resources
[1.988s] -- COMMON_INCLUDE_DIR: /ros2_ws/src/drivers/../common/include
[1.988s] -- COMMON_LIB: /ros2_ws/src/drivers/../../install/common/lib/libcommon_config.a
[2.004s] -- Found ament_lint_auto: 0.12.15 (/opt/ros/humble/share/ament_lint_auto/cmake)
[2.348s] -- Added test 'cppcheck' to perform static code analysis on C / C++ code
[2.348s] -- Configured cppcheck include dirs: $<BUILD_INTERFACE:/ros2_ws/src/drivers/include>;/ros2_ws/src/drivers/../common/include;/ros2_ws/src/drivers/include
[2.349s] -- Configured cppcheck exclude dirs and/or files: 
[2.353s] -- Added test 'lint_cmake' to check CMake code style
[2.362s] -- Added test 'uncrustify' to check C / C++ code style
[2.363s] -- Configured uncrustify additional arguments: 
[2.365s] -- Added test 'xmllint' to check XML markup files
[2.372s] -- Configuring done
[2.398s] -- Generating done
[2.405s] -- Build files have been written to: /ros2_ws/build/drivers
[2.420s] Invoked command in '/ros2_ws/build/drivers' returned '0': AMENT_PREFIX_PATH=/ros2_ws/install/common:${AMENT_PREFIX_PATH} CMAKE_PREFIX_PATH=/ros2_ws/install/common:/opt/ros/humble LD_LIBRARY_PATH=/ros2_ws/install/common/lib:${LD_LIBRARY_PATH} /usr/bin/cmake /ros2_ws/src/drivers -DAMENT_CMAKE_SYMLINK_INSTALL=1 -DCMAKE_INSTALL_PREFIX=/ros2_ws/install/drivers
[2.424s] Invoking command in '/ros2_ws/build/drivers': AMENT_PREFIX_PATH=/ros2_ws/install/common:${AMENT_PREFIX_PATH} CMAKE_PREFIX_PATH=/ros2_ws/install/common:/opt/ros/humble LD_LIBRARY_PATH=/ros2_ws/install/common/lib:${LD_LIBRARY_PATH} /usr/bin/cmake --build /ros2_ws/build/drivers -- -j4 -l4
[2.565s] [ 25%] [32mBuilding CXX object CMakeFiles/drivers_core.dir/src/drivers/controller_board/controller_board.cpp.o[0m
[2.566s] [ 25%] [32mBuilding CXX object CMakeFiles/drivers_core.dir/src/drivers/bms/bms.cpp.o[0m
[2.575s] [ 37%] [32mBuilding CXX object CMakeFiles/drivers_core.dir/src/drivers/imu/imu.cpp.o[0m
[2.579s] [ 50%] [32mBuilding CXX object CMakeFiles/drivers_core.dir/src/drivers/controller_board/controller_comm.cpp.o[0m
[5.714s] [ 62%] [32mBuilding CXX object CMakeFiles/drivers_core.dir/src/drivers/motor/motor.cpp.o[0m
[8.814s] [ 75%] [32m[1mLinking CXX static library libdrivers_core.a[0m
[8.984s] [ 75%] Built target drivers_core
[9.041s] [ 87%] [32mBuilding CXX object CMakeFiles/test_controller.dir/test.cpp.o[0m
[11.662s] [100%] [32m[1mLinking CXX executable test_controller[0m
[12.066s] [100%] Built target test_controller
[12.098s] Invoked command in '/ros2_ws/build/drivers' returned '0': AMENT_PREFIX_PATH=/ros2_ws/install/common:${AMENT_PREFIX_PATH} CMAKE_PREFIX_PATH=/ros2_ws/install/common:/opt/ros/humble LD_LIBRARY_PATH=/ros2_ws/install/common/lib:${LD_LIBRARY_PATH} /usr/bin/cmake --build /ros2_ws/build/drivers -- -j4 -l4
[12.103s] Invoking command in '/ros2_ws/build/drivers': AMENT_PREFIX_PATH=/ros2_ws/install/common:${AMENT_PREFIX_PATH} CMAKE_PREFIX_PATH=/ros2_ws/install/common:/opt/ros/humble LD_LIBRARY_PATH=/ros2_ws/install/common/lib:${LD_LIBRARY_PATH} /usr/bin/cmake --install /ros2_ws/build/drivers
[12.124s] -- Install configuration: ""
[12.125s] -- Execute custom install script
[12.126s] -- Symlinking: /ros2_ws/install/drivers/lib/drivers/test_controller
[12.153s] -- Symlinking: /ros2_ws/install/drivers/include/drivers/drivers/bms/bms.h
[12.177s] -- Symlinking: /ros2_ws/install/drivers/include/drivers/drivers/controller_board/controller_board.h
[12.201s] -- Symlinking: /ros2_ws/install/drivers/include/drivers/drivers/controller_board/controller_comm.h
[12.225s] -- Symlinking: /ros2_ws/install/drivers/include/drivers/drivers/controller_board/protocol.h
[12.249s] -- Symlinking: /ros2_ws/install/drivers/include/drivers/drivers/imu/imu.h
[12.273s] -- Symlinking: /ros2_ws/install/drivers/include/drivers/drivers/motor/motor.h
[12.298s] -- Symlinking: /ros2_ws/install/drivers/share/drivers/environment/library_path.sh
[12.323s] -- Symlinking: /ros2_ws/install/drivers/share/drivers/environment/library_path.dsv
[12.349s] -- Symlinking: /ros2_ws/install/drivers/share/ament_index/resource_index/package_run_dependencies/drivers
[12.374s] -- Symlinking: /ros2_ws/install/drivers/share/ament_index/resource_index/parent_prefix_path/drivers
[12.398s] -- Symlinking: /ros2_ws/install/drivers/share/drivers/environment/ament_prefix_path.sh
[12.423s] -- Symlinking: /ros2_ws/install/drivers/share/drivers/environment/ament_prefix_path.dsv
[12.448s] -- Symlinking: /ros2_ws/install/drivers/share/drivers/environment/path.sh
[12.472s] -- Symlinking: /ros2_ws/install/drivers/share/drivers/environment/path.dsv
[12.497s] -- Symlinking: /ros2_ws/install/drivers/share/drivers/local_setup.bash
[12.524s] -- Symlinking: /ros2_ws/install/drivers/share/drivers/local_setup.sh
[12.549s] -- Symlinking: /ros2_ws/install/drivers/share/drivers/local_setup.zsh
[12.574s] -- Symlinking: /ros2_ws/install/drivers/share/drivers/local_setup.dsv
[12.598s] -- Symlinking: /ros2_ws/install/drivers/share/drivers/package.dsv
[12.622s] -- Symlinking: /ros2_ws/install/drivers/share/ament_index/resource_index/packages/drivers
[12.648s] -- Symlinking: /ros2_ws/install/drivers/share/drivers/cmake/ament_cmake_export_include_directories-extras.cmake
[12.672s] -- Symlinking: /ros2_ws/install/drivers/share/drivers/cmake/ament_cmake_export_libraries-extras.cmake
[12.696s] -- Symlinking: /ros2_ws/install/drivers/share/drivers/cmake/driversConfig.cmake
[12.720s] -- Symlinking: /ros2_ws/install/drivers/share/drivers/cmake/driversConfig-version.cmake
[12.744s] -- Symlinking: /ros2_ws/install/drivers/share/drivers/package.xml
[12.770s] -- Installing: /ros2_ws/install/drivers/lib/libdrivers_core.a
[12.784s] Invoked command in '/ros2_ws/build/drivers' returned '0': AMENT_PREFIX_PATH=/ros2_ws/install/common:${AMENT_PREFIX_PATH} CMAKE_PREFIX_PATH=/ros2_ws/install/common:/opt/ros/humble LD_LIBRARY_PATH=/ros2_ws/install/common/lib:${LD_LIBRARY_PATH} /usr/bin/cmake --install /ros2_ws/build/drivers
