[0.094s] Invoking command in '/ros2_ws/build/brain_hardware': AMENT_PREFIX_PATH=/ros2_ws/install/interfaces:${AMENT_PREFIX_PATH} CMAKE_PREFIX_PATH=/ros2_ws/install/interfaces:/opt/ros/humble LD_LIBRARY_PATH=/ros2_ws/install/interfaces/lib:${LD_LIBRARY_PATH} PYTHONPATH=/ros2_ws/install/interfaces/local/lib/python3.10/dist-packages:${PYTHONPATH} /usr/bin/cmake --build /ros2_ws/build/brain_hardware -- -j4 -l4
[0.388s] [100%] Built target brain_hardware
[0.448s] Invoked command in '/ros2_ws/build/brain_hardware' returned '0': AMENT_PREFIX_PATH=/ros2_ws/install/interfaces:${AMENT_PREFIX_PATH} CMAKE_PREFIX_PATH=/ros2_ws/install/interfaces:/opt/ros/humble LD_LIBRARY_PATH=/ros2_ws/install/interfaces/lib:${LD_LIBRARY_PATH} PYTHONPATH=/ros2_ws/install/interfaces/local/lib/python3.10/dist-packages:${PYTHONPATH} /usr/bin/cmake --build /ros2_ws/build/brain_hardware -- -j4 -l4
[0.457s] Invoking command in '/ros2_ws/build/brain_hardware': AMENT_PREFIX_PATH=/ros2_ws/install/interfaces:${AMENT_PREFIX_PATH} CMAKE_PREFIX_PATH=/ros2_ws/install/interfaces:/opt/ros/humble LD_LIBRARY_PATH=/ros2_ws/install/interfaces/lib:${LD_LIBRARY_PATH} PYTHONPATH=/ros2_ws/install/interfaces/local/lib/python3.10/dist-packages:${PYTHONPATH} /usr/bin/cmake --install /ros2_ws/build/brain_hardware
[0.569s] -- Install configuration: ""
[0.570s] -- Up-to-date: /ros2_ws/install/brain_hardware/share/brain_hardware/brain_hardware_plugins.xml
[0.589s] -- Up-to-date: /ros2_ws/install/brain_hardware/lib/libbrain_hardware.so
[0.590s] -- Up-to-date: /ros2_ws/install/brain_hardware/include/brain_hardware
[0.591s] -- Up-to-date: /ros2_ws/install/brain_hardware/include/brain_hardware/brain_hardware
[0.591s] -- Up-to-date: /ros2_ws/install/brain_hardware/include/brain_hardware/brain_hardware/brain_system_hardware.hpp
[0.592s] -- Up-to-date: /ros2_ws/install/brain_hardware/share/brain_hardware/brain_hardware_plugins.xml
[0.592s] -- Up-to-date: /ros2_ws/install/brain_hardware/share/brain_hardware/environment/library_path.sh
[0.593s] -- Up-to-date: /ros2_ws/install/brain_hardware/share/brain_hardware/environment/library_path.dsv
[0.593s] -- Up-to-date: /ros2_ws/install/brain_hardware/share/ament_index/resource_index/package_run_dependencies/brain_hardware
[0.594s] -- Up-to-date: /ros2_ws/install/brain_hardware/share/ament_index/resource_index/parent_prefix_path/brain_hardware
[0.594s] -- Up-to-date: /ros2_ws/install/brain_hardware/share/brain_hardware/environment/ament_prefix_path.sh
[0.595s] -- Up-to-date: /ros2_ws/install/brain_hardware/share/brain_hardware/environment/ament_prefix_path.dsv
[0.595s] -- Up-to-date: /ros2_ws/install/brain_hardware/share/brain_hardware/environment/path.sh
[0.596s] -- Up-to-date: /ros2_ws/install/brain_hardware/share/brain_hardware/environment/path.dsv
[0.603s] -- Up-to-date: /ros2_ws/install/brain_hardware/share/brain_hardware/local_setup.bash
[0.604s] -- Up-to-date: /ros2_ws/install/brain_hardware/share/brain_hardware/local_setup.sh
[0.604s] -- Up-to-date: /ros2_ws/install/brain_hardware/share/brain_hardware/local_setup.zsh
[0.605s] -- Up-to-date: /ros2_ws/install/brain_hardware/share/brain_hardware/local_setup.dsv
[0.605s] -- Installing: /ros2_ws/install/brain_hardware/share/brain_hardware/package.dsv
[0.613s] -- Up-to-date: /ros2_ws/install/brain_hardware/share/ament_index/resource_index/packages/brain_hardware
[0.614s] -- Up-to-date: /ros2_ws/install/brain_hardware/share/ament_index/resource_index/hardware_interface__pluginlib__plugin/brain_hardware
[0.614s] -- Up-to-date: /ros2_ws/install/brain_hardware/share/brain_hardware/cmake/ament_cmake_export_include_directories-extras.cmake
[0.615s] -- Up-to-date: /ros2_ws/install/brain_hardware/share/brain_hardware/cmake/ament_cmake_export_libraries-extras.cmake
[0.615s] -- Up-to-date: /ros2_ws/install/brain_hardware/share/brain_hardware/cmake/ament_cmake_export_dependencies-extras.cmake
[0.616s] -- Up-to-date: /ros2_ws/install/brain_hardware/share/brain_hardware/cmake/brain_hardwareConfig.cmake
[0.616s] -- Up-to-date: /ros2_ws/install/brain_hardware/share/brain_hardware/cmake/brain_hardwareConfig-version.cmake
[0.616s] -- Up-to-date: /ros2_ws/install/brain_hardware/share/brain_hardware/package.xml
[0.642s] Invoked command in '/ros2_ws/build/brain_hardware' returned '0': AMENT_PREFIX_PATH=/ros2_ws/install/interfaces:${AMENT_PREFIX_PATH} CMAKE_PREFIX_PATH=/ros2_ws/install/interfaces:/opt/ros/humble LD_LIBRARY_PATH=/ros2_ws/install/interfaces/lib:${LD_LIBRARY_PATH} PYTHONPATH=/ros2_ws/install/interfaces/local/lib/python3.10/dist-packages:${PYTHONPATH} /usr/bin/cmake --install /ros2_ws/build/brain_hardware
