[0.062s] Invoking command in '/ros2_ws/build/drivers': CMAKE_PREFIX_PATH=/ros2_ws/install/common:/ros2_ws/install/bringup:/ros2_ws/install/cerebellum_hardware:/ros2_ws/install/dri_interfaces:/ros2_ws/install/interfaces:/ros2_ws/install/drivers:/ros2_ws/install/cerebellum_description:/ros2_ws/install/system_services:/opt/ros/humble /usr/bin/cmake --build /ros2_ws/build/drivers -- -j4 -l4
[0.282s] [ 75%] Built target drivers_core
[0.411s] [100%] Built target test_controller
[0.461s] Invoked command in '/ros2_ws/build/drivers' returned '0': CMAKE_PREFIX_PATH=/ros2_ws/install/common:/ros2_ws/install/bringup:/ros2_ws/install/cerebellum_hardware:/ros2_ws/install/dri_interfaces:/ros2_ws/install/interfaces:/ros2_ws/install/drivers:/ros2_ws/install/cerebellum_description:/ros2_ws/install/system_services:/opt/ros/humble /usr/bin/cmake --build /ros2_ws/build/drivers -- -j4 -l4
[0.463s] Invoking command in '/ros2_ws/build/drivers': CMAKE_PREFIX_PATH=/ros2_ws/install/common:/ros2_ws/install/bringup:/ros2_ws/install/cerebellum_hardware:/ros2_ws/install/dri_interfaces:/ros2_ws/install/interfaces:/ros2_ws/install/drivers:/ros2_ws/install/cerebellum_description:/ros2_ws/install/system_services:/opt/ros/humble /usr/bin/cmake --install /ros2_ws/build/drivers
[0.494s] -- Install configuration: ""
[0.496s] -- Execute custom install script
[0.498s] -- Up-to-date symlink: /ros2_ws/install/drivers/lib/drivers/test_controller
[0.500s] -- Up-to-date symlink: /ros2_ws/install/drivers/include/drivers/drivers/bms/bms.h
[0.500s] -- Up-to-date symlink: /ros2_ws/install/drivers/include/drivers/drivers/controller_board/controller_board.h
[0.501s] -- Up-to-date symlink: /ros2_ws/install/drivers/include/drivers/drivers/controller_board/controller_comm.h
[0.501s] -- Up-to-date symlink: /ros2_ws/install/drivers/include/drivers/drivers/controller_board/protocol.h
[0.502s] -- Up-to-date symlink: /ros2_ws/install/drivers/include/drivers/drivers/imu/imu.h
[0.505s] -- Up-to-date symlink: /ros2_ws/install/drivers/include/drivers/drivers/motor/motor.h
[0.507s] -- Up-to-date symlink: /ros2_ws/install/drivers/include/drivers/port/driver_port.h
[0.511s] -- Up-to-date symlink: /ros2_ws/install/drivers/share/drivers/environment/library_path.sh
[0.512s] -- Up-to-date symlink: /ros2_ws/install/drivers/share/drivers/environment/library_path.dsv
[0.512s] -- Up-to-date symlink: /ros2_ws/install/drivers/share/ament_index/resource_index/package_run_dependencies/drivers
[0.513s] -- Up-to-date symlink: /ros2_ws/install/drivers/share/ament_index/resource_index/parent_prefix_path/drivers
[0.513s] -- Up-to-date symlink: /ros2_ws/install/drivers/share/drivers/environment/ament_prefix_path.sh
[0.513s] -- Up-to-date symlink: /ros2_ws/install/drivers/share/drivers/environment/ament_prefix_path.dsv
[0.514s] -- Up-to-date symlink: /ros2_ws/install/drivers/share/drivers/environment/path.sh
[0.514s] -- Up-to-date symlink: /ros2_ws/install/drivers/share/drivers/environment/path.dsv
[0.515s] -- Up-to-date symlink: /ros2_ws/install/drivers/share/drivers/local_setup.bash
[0.543s] -- Up-to-date symlink: /ros2_ws/install/drivers/share/drivers/local_setup.sh
[0.544s] -- Up-to-date symlink: /ros2_ws/install/drivers/share/drivers/local_setup.zsh
[0.545s] -- Up-to-date symlink: /ros2_ws/install/drivers/share/drivers/local_setup.dsv
[0.545s] -- Symlinking: /ros2_ws/install/drivers/share/drivers/package.dsv
[0.575s] -- Up-to-date symlink: /ros2_ws/install/drivers/share/ament_index/resource_index/packages/drivers
[0.579s] -- Up-to-date symlink: /ros2_ws/install/drivers/share/drivers/cmake/ament_cmake_export_include_directories-extras.cmake
[0.588s] -- Up-to-date symlink: /ros2_ws/install/drivers/share/drivers/cmake/ament_cmake_export_libraries-extras.cmake
[0.592s] -- Up-to-date symlink: /ros2_ws/install/drivers/share/drivers/cmake/driversConfig.cmake
[0.593s] -- Up-to-date symlink: /ros2_ws/install/drivers/share/drivers/cmake/driversConfig-version.cmake
[0.593s] -- Up-to-date symlink: /ros2_ws/install/drivers/share/drivers/package.xml
[0.617s] -- Up-to-date: /ros2_ws/install/drivers/lib/libdrivers_core.a
[0.619s] Invoked command in '/ros2_ws/build/drivers' returned '0': CMAKE_PREFIX_PATH=/ros2_ws/install/common:/ros2_ws/install/bringup:/ros2_ws/install/cerebellum_hardware:/ros2_ws/install/dri_interfaces:/ros2_ws/install/interfaces:/ros2_ws/install/drivers:/ros2_ws/install/cerebellum_description:/ros2_ws/install/system_services:/opt/ros/humble /usr/bin/cmake --install /ros2_ws/build/drivers
