[0.035s] Invoking command in '/ros2_ws/build/brain_hardware': AMENT_PREFIX_PATH=/ros2_ws/install/interfaces:${AMENT_PREFIX_PATH} CMAKE_PREFIX_PATH=/ros2_ws/install/interfaces:/ros2_ws/install/description:/opt/ros/humble LD_LIBRARY_PATH=/ros2_ws/install/interfaces/lib:${LD_LIBRARY_PATH} PYTHONPATH=/ros2_ws/install/interfaces/local/lib/python3.10/dist-packages:${PYTHONPATH} /usr/bin/cmake --build /ros2_ws/build/brain_hardware -- -j4 -l4
[0.186s] [35m[1mConsolidate compiler generated dependencies of target brain_hardware[0m
[0.257s] [ 50%] [32mBuilding CXX object CMakeFiles/brain_hardware.dir/src/brain_system_hardware.cpp.o[0m
[40.720s] [100%] [32m[1mLinking CXX shared library libbrain_hardware.so[0m
[43.416s] [100%] Built target brain_hardware
[43.450s] Invoked command in '/ros2_ws/build/brain_hardware' returned '0': AMENT_PREFIX_PATH=/ros2_ws/install/interfaces:${AMENT_PREFIX_PATH} CMAKE_PREFIX_PATH=/ros2_ws/install/interfaces:/ros2_ws/install/description:/opt/ros/humble LD_LIBRARY_PATH=/ros2_ws/install/interfaces/lib:${LD_LIBRARY_PATH} PYTHONPATH=/ros2_ws/install/interfaces/local/lib/python3.10/dist-packages:${PYTHONPATH} /usr/bin/cmake --build /ros2_ws/build/brain_hardware -- -j4 -l4
[43.455s] Invoking command in '/ros2_ws/build/brain_hardware': AMENT_PREFIX_PATH=/ros2_ws/install/interfaces:${AMENT_PREFIX_PATH} CMAKE_PREFIX_PATH=/ros2_ws/install/interfaces:/ros2_ws/install/description:/opt/ros/humble LD_LIBRARY_PATH=/ros2_ws/install/interfaces/lib:${LD_LIBRARY_PATH} PYTHONPATH=/ros2_ws/install/interfaces/local/lib/python3.10/dist-packages:${PYTHONPATH} /usr/bin/cmake --install /ros2_ws/build/brain_hardware
[43.477s] -- Install configuration: ""
[43.477s] -- Installing: /ros2_ws/install/brain_hardware/share/brain_hardware/brain_hardware_plugins.xml
[43.478s] -- Installing: /ros2_ws/install/brain_hardware/lib/libbrain_hardware.so
[43.510s] -- Set runtime path of "/ros2_ws/install/brain_hardware/lib/libbrain_hardware.so" to ""
[43.510s] -- Installing: /ros2_ws/install/brain_hardware/include/brain_hardware
[43.511s] -- Installing: /ros2_ws/install/brain_hardware/include/brain_hardware/brain_hardware
[43.511s] -- Installing: /ros2_ws/install/brain_hardware/include/brain_hardware/brain_hardware/brain_system_hardware.hpp
[43.512s] -- Up-to-date: /ros2_ws/install/brain_hardware/share/brain_hardware/brain_hardware_plugins.xml
[43.512s] -- Installing: /ros2_ws/install/brain_hardware/share/brain_hardware/environment/library_path.sh
[43.513s] -- Installing: /ros2_ws/install/brain_hardware/share/brain_hardware/environment/library_path.dsv
[43.514s] -- Installing: /ros2_ws/install/brain_hardware/share/ament_index/resource_index/package_run_dependencies/brain_hardware
[43.515s] -- Installing: /ros2_ws/install/brain_hardware/share/ament_index/resource_index/parent_prefix_path/brain_hardware
[43.515s] -- Installing: /ros2_ws/install/brain_hardware/share/brain_hardware/environment/ament_prefix_path.sh
[43.517s] -- Installing: /ros2_ws/install/brain_hardware/share/brain_hardware/environment/ament_prefix_path.dsv
[43.517s] -- Installing: /ros2_ws/install/brain_hardware/share/brain_hardware/environment/path.sh
[43.518s] -- Installing: /ros2_ws/install/brain_hardware/share/brain_hardware/environment/path.dsv
[43.518s] -- Installing: /ros2_ws/install/brain_hardware/share/brain_hardware/local_setup.bash
[43.518s] -- Installing: /ros2_ws/install/brain_hardware/share/brain_hardware/local_setup.sh
[43.519s] -- Installing: /ros2_ws/install/brain_hardware/share/brain_hardware/local_setup.zsh
[43.519s] -- Installing: /ros2_ws/install/brain_hardware/share/brain_hardware/local_setup.dsv
[43.519s] -- Installing: /ros2_ws/install/brain_hardware/share/brain_hardware/package.dsv
[43.520s] -- Installing: /ros2_ws/install/brain_hardware/share/ament_index/resource_index/packages/brain_hardware
[43.520s] -- Installing: /ros2_ws/install/brain_hardware/share/ament_index/resource_index/hardware_interface__pluginlib__plugin/brain_hardware
[43.521s] -- Installing: /ros2_ws/install/brain_hardware/share/brain_hardware/cmake/ament_cmake_export_include_directories-extras.cmake
[43.521s] -- Installing: /ros2_ws/install/brain_hardware/share/brain_hardware/cmake/ament_cmake_export_libraries-extras.cmake
[43.521s] -- Installing: /ros2_ws/install/brain_hardware/share/brain_hardware/cmake/ament_cmake_export_dependencies-extras.cmake
[43.522s] -- Installing: /ros2_ws/install/brain_hardware/share/brain_hardware/cmake/brain_hardwareConfig.cmake
[43.522s] -- Installing: /ros2_ws/install/brain_hardware/share/brain_hardware/cmake/brain_hardwareConfig-version.cmake
[43.523s] -- Installing: /ros2_ws/install/brain_hardware/share/brain_hardware/package.xml
[43.531s] Invoked command in '/ros2_ws/build/brain_hardware' returned '0': AMENT_PREFIX_PATH=/ros2_ws/install/interfaces:${AMENT_PREFIX_PATH} CMAKE_PREFIX_PATH=/ros2_ws/install/interfaces:/ros2_ws/install/description:/opt/ros/humble LD_LIBRARY_PATH=/ros2_ws/install/interfaces/lib:${LD_LIBRARY_PATH} PYTHONPATH=/ros2_ws/install/interfaces/local/lib/python3.10/dist-packages:${PYTHONPATH} /usr/bin/cmake --install /ros2_ws/build/brain_hardware
