[0.042s] Invoking command in '/ros2_ws/build/description': CMAKE_PREFIX_PATH=/ros2_ws/install/brain_hardware:/ros2_ws/install/interfaces:/ros2_ws/install/bringup:/ros2_ws/install/description:/opt/ros/humble /usr/bin/cmake --build /ros2_ws/build/description -- -j4 -l4
[0.116s] -- Found ament_cmake: 1.3.14 (/opt/ros/humble/share/ament_cmake/cmake)
[0.945s] -- Configuring done
[0.968s] -- Generating done
[0.977s] -- Build files have been written to: /ros2_ws/build/description
[1.045s] Invoked command in '/ros2_ws/build/description' returned '0': CMAKE_PREFIX_PATH=/ros2_ws/install/brain_hardware:/ros2_ws/install/interfaces:/ros2_ws/install/bringup:/ros2_ws/install/description:/opt/ros/humble /usr/bin/cmake --build /ros2_ws/build/description -- -j4 -l4
[1.050s] Invoking command in '/ros2_ws/build/description': CMAKE_PREFIX_PATH=/ros2_ws/install/brain_hardware:/ros2_ws/install/interfaces:/ros2_ws/install/bringup:/ros2_ws/install/description:/opt/ros/humble /usr/bin/cmake --install /ros2_ws/build/description
[1.073s] -- Install configuration: ""
[1.073s] -- Up-to-date: /ros2_ws/install/description/share/description/urdf
[1.074s] -- Up-to-date: /ros2_ws/install/description/share/description/urdf/dabai.xacro
[1.074s] -- Up-to-date: /ros2_ws/install/description/share/description/urdf/materials.xacro
[1.075s] -- Up-to-date: /ros2_ws/install/description/share/description/urdf/description.urdf.xacro
[1.075s] -- Up-to-date: /ros2_ws/install/description/share/description/urdf/ascamera.xacro
[1.075s] -- Up-to-date: /ros2_ws/install/description/share/description/config
[1.075s] -- Installing: /ros2_ws/install/description/share/description/config/brain_controllers.yaml
[1.076s] -- Up-to-date: /ros2_ws/install/description/share/description/launch
[1.076s] -- Up-to-date: /ros2_ws/install/description/share/description/launch/display.launch.py
[1.077s] -- Up-to-date: /ros2_ws/install/description/share/description/rviz
[1.077s] -- Up-to-date: /ros2_ws/install/description/share/description/meshes
[1.078s] -- Up-to-date: /ros2_ws/install/description/share/ament_index/resource_index/package_run_dependencies/description
[1.078s] -- Installing: /ros2_ws/install/description/share/ament_index/resource_index/parent_prefix_path/description
[1.079s] -- Up-to-date: /ros2_ws/install/description/share/description/environment/ament_prefix_path.sh
[1.079s] -- Installing: /ros2_ws/install/description/share/description/environment/ament_prefix_path.dsv
[1.080s] -- Up-to-date: /ros2_ws/install/description/share/description/environment/path.sh
[1.080s] -- Installing: /ros2_ws/install/description/share/description/environment/path.dsv
[1.080s] -- Up-to-date: /ros2_ws/install/description/share/description/local_setup.bash
[1.081s] -- Up-to-date: /ros2_ws/install/description/share/description/local_setup.sh
[1.081s] -- Up-to-date: /ros2_ws/install/description/share/description/local_setup.zsh
[1.082s] -- Installing: /ros2_ws/install/description/share/description/local_setup.dsv
[1.082s] -- Installing: /ros2_ws/install/description/share/description/package.dsv
[1.082s] -- Up-to-date: /ros2_ws/install/description/share/ament_index/resource_index/packages/description
[1.083s] -- Up-to-date: /ros2_ws/install/description/share/description/cmake/descriptionConfig.cmake
[1.083s] -- Up-to-date: /ros2_ws/install/description/share/description/cmake/descriptionConfig-version.cmake
[1.084s] -- Up-to-date: /ros2_ws/install/description/share/description/package.xml
[1.088s] Invoked command in '/ros2_ws/build/description' returned '0': CMAKE_PREFIX_PATH=/ros2_ws/install/brain_hardware:/ros2_ws/install/interfaces:/ros2_ws/install/bringup:/ros2_ws/install/description:/opt/ros/humble /usr/bin/cmake --install /ros2_ws/build/description
