[0.075s] Invoking command in '/ros2_ws/build/oradar_lidar': CMAKE_PREFIX_PATH=${CMAKE_PREFIX_PATH}:/opt/ros/humble /usr/bin/cmake --build /ros2_ws/build/oradar_lidar -- -j4 -l4
[0.391s] [ 60%] Built target oradar_sdk
[0.539s] [ 70%] Built target blocking_c_api_test
[0.595s] [ 80%] Built target blocking_test
[0.622s] [ 90%] Built target non-blocking_test
[0.632s] [100%] Built target oradar_scan
[0.715s] Invoked command in '/ros2_ws/build/oradar_lidar' returned '0': CMAKE_PREFIX_PATH=${CMAKE_PREFIX_PATH}:/opt/ros/humble /usr/bin/cmake --build /ros2_ws/build/oradar_lidar -- -j4 -l4
[0.760s] Invoking command in '/ros2_ws/build/oradar_lidar': CMAKE_PREFIX_PATH=${CMAKE_PREFIX_PATH}:/opt/ros/humble /usr/bin/cmake --install /ros2_ws/build/oradar_lidar
[0.802s] -- Install configuration: "RELEASE"
[0.807s] -- Execute custom install script
[0.813s] -- Up-to-date symlink: /ros2_ws/install/oradar_lidar/bin/blocking_test
[0.821s] -- Up-to-date symlink: /ros2_ws/install/oradar_lidar/bin/non-blocking_test
[0.821s] -- Up-to-date symlink: /ros2_ws/install/oradar_lidar/bin/blocking_c_api_test
[0.841s] -- Up-to-date symlink: /ros2_ws/install/oradar_lidar/include/core/base/datatype.h
[0.842s] -- Up-to-date symlink: /ros2_ws/install/oradar_lidar/include/core/base/locker.h
[0.842s] -- Up-to-date symlink: /ros2_ws/install/oradar_lidar/include/core/base/thread.h
[0.843s] -- Up-to-date symlink: /ros2_ws/install/oradar_lidar/include/core/base/timer.h
[0.843s] -- Up-to-date symlink: /ros2_ws/install/oradar_lidar/include/core/base/typedef.h
[0.844s] -- Up-to-date symlink: /ros2_ws/install/oradar_lidar/include/core/base/utils.h
[0.845s] -- Up-to-date symlink: /ros2_ws/install/oradar_lidar/include/core/base/v8stdint.h
[0.845s] -- Up-to-date symlink: /ros2_ws/install/oradar_lidar/include/core/common/ChannelDevice.h
[0.845s] -- Up-to-date symlink: /ros2_ws/install/oradar_lidar/include/core/math/angles.h
[0.846s] -- Up-to-date symlink: /ros2_ws/install/oradar_lidar/include/core/network/ActiveSocket.h
[0.847s] -- Up-to-date symlink: /ros2_ws/install/oradar_lidar/include/core/network/PassiveSocket.h
[0.847s] -- Up-to-date symlink: /ros2_ws/install/oradar_lidar/include/core/network/SimpleSocket.h
[0.848s] -- Up-to-date symlink: /ros2_ws/install/oradar_lidar/include/core/network/StatTimer.h
[0.848s] -- Up-to-date symlink: /ros2_ws/install/oradar_lidar/include/core/serial/common.h
[0.848s] -- Up-to-date symlink: /ros2_ws/install/oradar_lidar/include/core/serial/serial.h
[0.849s] -- Up-to-date symlink: /ros2_ws/install/oradar_lidar/include/core/serial/impl/unix/lock.h
[0.853s] -- Up-to-date symlink: /ros2_ws/install/oradar_lidar/include/core/serial/impl/unix/unix.h
[0.855s] -- Up-to-date symlink: /ros2_ws/install/oradar_lidar/include/core/serial/impl/unix/unix_serial.h
[0.857s] -- Up-to-date symlink: /ros2_ws/install/oradar_lidar/include/src/ord_lidar_c_api_driver.h
[0.858s] -- Up-to-date symlink: /ros2_ws/install/oradar_lidar/include/src/ord_lidar_driver.h
[0.864s] -- Up-to-date symlink: /ros2_ws/install/oradar_lidar/include/src/ordlidar_protocol.h
[0.865s] -- Up-to-date symlink: /ros2_ws/install/oradar_lidar/include/src/filters/FullScanFilter.h
[0.867s] -- Up-to-date symlink: /ros2_ws/install/oradar_lidar/lib/liboradar_sdk.a
[0.869s] -- Up-to-date symlink: /ros2_ws/install/oradar_lidar/lib/oradar_lidar/oradar_scan
[0.872s] -- Up-to-date symlink: /ros2_ws/install/oradar_lidar/share/oradar_lidar//launch/ms200_scan.launch
[0.873s] -- Up-to-date symlink: /ros2_ws/install/oradar_lidar/share/oradar_lidar//launch/ms200_scan.launch.py
[0.875s] -- Up-to-date symlink: /ros2_ws/install/oradar_lidar/share/oradar_lidar//launch/ms200_scan_gmapping.launch.py
[0.876s] -- Up-to-date symlink: /ros2_ws/install/oradar_lidar/share/oradar_lidar//launch/ms200_scan_view.launch
[0.878s] -- Up-to-date symlink: /ros2_ws/install/oradar_lidar/share/oradar_lidar//launch/ms200_scan_view.launch.py
[0.880s] -- Up-to-date symlink: /ros2_ws/install/oradar_lidar/share/oradar_lidar//rviz2/oradar_scan.rviz
[0.881s] -- Up-to-date symlink: /ros2_ws/install/oradar_lidar/share/ament_index/resource_index/package_run_dependencies/oradar_lidar
[0.883s] -- Up-to-date symlink: /ros2_ws/install/oradar_lidar/share/ament_index/resource_index/parent_prefix_path/oradar_lidar
[0.885s] -- Up-to-date symlink: /ros2_ws/install/oradar_lidar/share/oradar_lidar/environment/ament_prefix_path.sh
[0.887s] -- Up-to-date symlink: /ros2_ws/install/oradar_lidar/share/oradar_lidar/environment/ament_prefix_path.dsv
[0.888s] -- Up-to-date symlink: /ros2_ws/install/oradar_lidar/share/oradar_lidar/environment/path.sh
[0.890s] -- Up-to-date symlink: /ros2_ws/install/oradar_lidar/share/oradar_lidar/environment/path.dsv
[0.893s] -- Up-to-date symlink: /ros2_ws/install/oradar_lidar/share/oradar_lidar/local_setup.bash
[0.906s] -- Up-to-date symlink: /ros2_ws/install/oradar_lidar/share/oradar_lidar/local_setup.sh
[0.908s] -- Up-to-date symlink: /ros2_ws/install/oradar_lidar/share/oradar_lidar/local_setup.zsh
[0.908s] -- Up-to-date symlink: /ros2_ws/install/oradar_lidar/share/oradar_lidar/local_setup.dsv
[0.909s] -- Symlinking: /ros2_ws/install/oradar_lidar/share/oradar_lidar/package.dsv
[0.957s] -- Up-to-date symlink: /ros2_ws/install/oradar_lidar/share/ament_index/resource_index/packages/oradar_lidar
[0.959s] -- Up-to-date symlink: /ros2_ws/install/oradar_lidar/share/oradar_lidar/cmake/oradar_lidarConfig.cmake
[0.959s] -- Up-to-date symlink: /ros2_ws/install/oradar_lidar/share/oradar_lidar/cmake/oradar_lidarConfig-version.cmake
[0.960s] -- Up-to-date symlink: /ros2_ws/install/oradar_lidar/share/oradar_lidar/package.xml
[1.127s] Invoked command in '/ros2_ws/build/oradar_lidar' returned '0': CMAKE_PREFIX_PATH=${CMAKE_PREFIX_PATH}:/opt/ros/humble /usr/bin/cmake --install /ros2_ws/build/oradar_lidar
