[0.061s] Invoking command in '/ros2_ws/build/interfaces': CMAKE_PREFIX_PATH=${CMAKE_PREFIX_PATH}:/opt/ros/humble /usr/bin/cmake --build /ros2_ws/build/interfaces -- -j4 -l4
[0.260s] [  2%] Built target interfaces__rs
[0.279s] [ 12%] Built target interfaces__rosidl_generator_c
[0.289s] [ 15%] Built target interfaces__cpp
[0.294s] [ 15%] Built target ament_cmake_python_copy_interfaces
[0.367s] [ 25%] Built target interfaces__rosidl_typesupport_introspection_c
[0.374s] [ 35%] Built target interfaces__rosidl_typesupport_fastrtps_c
[0.401s] [ 45%] Built target interfaces__rosidl_typesupport_c
[0.451s] [ 55%] Built target interfaces__rosidl_typesupport_fastrtps_cpp
[0.532s] [ 75%] Built target interfaces__rosidl_typesupport_introspection_cpp
[0.533s] [ 75%] Built target interfaces__rosidl_typesupport_cpp
[0.600s] [ 75%] Built target interfaces
[0.670s] [ 77%] Built target interfaces__py
[0.752s] [ 85%] Built target interfaces__rosidl_generator_py
[0.867s] [ 90%] Built target interfaces__rosidl_typesupport_introspection_c__pyext
[0.875s] [ 95%] Built target interfaces__rosidl_typesupport_fastrtps_c__pyext
[0.880s] [100%] Built target interfaces__rosidl_typesupport_c__pyext
[1.596s] running egg_info
[1.599s] writing interfaces.egg-info/PKG-INFO
[1.601s] writing dependency_links to interfaces.egg-info/dependency_links.txt
[1.602s] writing top-level names to interfaces.egg-info/top_level.txt
[1.613s] reading manifest file 'interfaces.egg-info/SOURCES.txt'
[1.615s] writing manifest file 'interfaces.egg-info/SOURCES.txt'
[1.740s] [100%] Built target ament_cmake_python_build_interfaces_egg
[1.775s] Invoked command in '/ros2_ws/build/interfaces' returned '0': CMAKE_PREFIX_PATH=${CMAKE_PREFIX_PATH}:/opt/ros/humble /usr/bin/cmake --build /ros2_ws/build/interfaces -- -j4 -l4
[1.781s] Invoking command in '/ros2_ws/build/interfaces': CMAKE_PREFIX_PATH=${CMAKE_PREFIX_PATH}:/opt/ros/humble /usr/bin/cmake --install /ros2_ws/build/interfaces
[1.804s] -- Install configuration: ""
[1.805s] -- Up-to-date: /ros2_ws/install/interfaces/share/ament_index/resource_index/rosidl_interfaces/interfaces
[1.805s] -- Up-to-date: /ros2_ws/install/interfaces/include/interfaces/interfaces
[1.806s] -- Up-to-date: /ros2_ws/install/interfaces/include/interfaces/interfaces/msg
[1.806s] -- Up-to-date: /ros2_ws/install/interfaces/include/interfaces/interfaces/msg/detail
[1.807s] -- Up-to-date: /ros2_ws/install/interfaces/include/interfaces/interfaces/msg/detail/motor_cmd__struct.h
[1.807s] -- Up-to-date: /ros2_ws/install/interfaces/include/interfaces/interfaces/msg/detail/motor_states__functions.h
[1.808s] -- Up-to-date: /ros2_ws/install/interfaces/include/interfaces/interfaces/msg/detail/motor_states__type_support.h
[1.808s] -- Up-to-date: /ros2_ws/install/interfaces/include/interfaces/interfaces/msg/detail/motor_cmd__functions.h
[1.808s] -- Up-to-date: /ros2_ws/install/interfaces/include/interfaces/interfaces/msg/detail/motor_states__functions.c
[1.809s] -- Up-to-date: /ros2_ws/install/interfaces/include/interfaces/interfaces/msg/detail/motor_cmd__functions.c
[1.809s] -- Up-to-date: /ros2_ws/install/interfaces/include/interfaces/interfaces/msg/detail/motor_states__struct.h
[1.811s] -- Up-to-date: /ros2_ws/install/interfaces/include/interfaces/interfaces/msg/detail/motor_cmd__type_support.h
[1.811s] -- Up-to-date: /ros2_ws/install/interfaces/include/interfaces/interfaces/msg/motor_states.h
[1.811s] -- Up-to-date: /ros2_ws/install/interfaces/include/interfaces/interfaces/msg/motor_cmd.h
[1.814s] -- Up-to-date: /ros2_ws/install/interfaces/include/interfaces/interfaces/msg/rosidl_generator_c__visibility_control.h
[1.815s] -- Up-to-date: /ros2_ws/install/interfaces/share/interfaces/environment/library_path.sh
[1.815s] -- Up-to-date: /ros2_ws/install/interfaces/share/interfaces/environment/library_path.dsv
[1.815s] -- Up-to-date: /ros2_ws/install/interfaces/lib/libinterfaces__rosidl_generator_c.so
[1.816s] -- Up-to-date: /ros2_ws/install/interfaces/include/interfaces/interfaces
[1.817s] -- Up-to-date: /ros2_ws/install/interfaces/include/interfaces/interfaces/msg
[1.818s] -- Up-to-date: /ros2_ws/install/interfaces/include/interfaces/interfaces/msg/rosidl_typesupport_fastrtps_c__visibility_control.h
[1.818s] -- Up-to-date: /ros2_ws/install/interfaces/include/interfaces/interfaces/msg/detail
[1.819s] -- Up-to-date: /ros2_ws/install/interfaces/include/interfaces/interfaces/msg/detail/motor_states__rosidl_typesupport_fastrtps_c.h
[1.819s] -- Up-to-date: /ros2_ws/install/interfaces/include/interfaces/interfaces/msg/detail/motor_cmd__rosidl_typesupport_fastrtps_c.h
[1.820s] -- Up-to-date: /ros2_ws/install/interfaces/lib/libinterfaces__rosidl_typesupport_fastrtps_c.so
[1.820s] -- Up-to-date: /ros2_ws/install/interfaces/include/interfaces/interfaces
[1.820s] -- Up-to-date: /ros2_ws/install/interfaces/include/interfaces/interfaces/msg
[1.821s] -- Up-to-date: /ros2_ws/install/interfaces/include/interfaces/interfaces/msg/rosidl_typesupport_introspection_c__visibility_control.h
[1.821s] -- Up-to-date: /ros2_ws/install/interfaces/include/interfaces/interfaces/msg/detail
[1.821s] -- Up-to-date: /ros2_ws/install/interfaces/include/interfaces/interfaces/msg/detail/motor_cmd__rosidl_typesupport_introspection_c.h
[1.822s] -- Up-to-date: /ros2_ws/install/interfaces/include/interfaces/interfaces/msg/detail/motor_cmd__type_support.c
[1.822s] -- Up-to-date: /ros2_ws/install/interfaces/include/interfaces/interfaces/msg/detail/motor_states__type_support.c
[1.822s] -- Up-to-date: /ros2_ws/install/interfaces/include/interfaces/interfaces/msg/detail/motor_states__rosidl_typesupport_introspection_c.h
[1.823s] -- Up-to-date: /ros2_ws/install/interfaces/lib/libinterfaces__rosidl_typesupport_introspection_c.so
[1.823s] -- Up-to-date: /ros2_ws/install/interfaces/lib/libinterfaces__rosidl_typesupport_c.so
[1.824s] -- Up-to-date: /ros2_ws/install/interfaces/include/interfaces/interfaces
[1.824s] -- Up-to-date: /ros2_ws/install/interfaces/include/interfaces/interfaces/msg
[1.824s] -- Up-to-date: /ros2_ws/install/interfaces/include/interfaces/interfaces/msg/motor_states.hpp
[1.825s] -- Up-to-date: /ros2_ws/install/interfaces/include/interfaces/interfaces/msg/rosidl_generator_cpp__visibility_control.hpp
[1.825s] -- Up-to-date: /ros2_ws/install/interfaces/include/interfaces/interfaces/msg/detail
[1.826s] -- Up-to-date: /ros2_ws/install/interfaces/include/interfaces/interfaces/msg/detail/motor_states__type_support.hpp
[1.827s] -- Up-to-date: /ros2_ws/install/interfaces/include/interfaces/interfaces/msg/detail/motor_states__traits.hpp
[1.827s] -- Up-to-date: /ros2_ws/install/interfaces/include/interfaces/interfaces/msg/detail/motor_cmd__builder.hpp
[1.828s] -- Up-to-date: /ros2_ws/install/interfaces/include/interfaces/interfaces/msg/detail/motor_cmd__type_support.hpp
[1.828s] -- Up-to-date: /ros2_ws/install/interfaces/include/interfaces/interfaces/msg/detail/motor_cmd__traits.hpp
[1.828s] -- Up-to-date: /ros2_ws/install/interfaces/include/interfaces/interfaces/msg/detail/motor_states__struct.hpp
[1.829s] -- Up-to-date: /ros2_ws/install/interfaces/include/interfaces/interfaces/msg/detail/motor_states__builder.hpp
[1.829s] -- Up-to-date: /ros2_ws/install/interfaces/include/interfaces/interfaces/msg/detail/motor_cmd__struct.hpp
[1.829s] -- Up-to-date: /ros2_ws/install/interfaces/include/interfaces/interfaces/msg/motor_cmd.hpp
[1.830s] -- Up-to-date: /ros2_ws/install/interfaces/include/interfaces/interfaces
[1.830s] -- Up-to-date: /ros2_ws/install/interfaces/include/interfaces/interfaces/msg
[1.830s] -- Up-to-date: /ros2_ws/install/interfaces/include/interfaces/interfaces/msg/detail
[1.831s] -- Up-to-date: /ros2_ws/install/interfaces/include/interfaces/interfaces/msg/detail/motor_states__rosidl_typesupport_fastrtps_cpp.hpp
[1.831s] -- Up-to-date: /ros2_ws/install/interfaces/include/interfaces/interfaces/msg/detail/dds_fastrtps
[1.831s] -- Up-to-date: /ros2_ws/install/interfaces/include/interfaces/interfaces/msg/detail/motor_cmd__rosidl_typesupport_fastrtps_cpp.hpp
[1.831s] -- Up-to-date: /ros2_ws/install/interfaces/include/interfaces/interfaces/msg/rosidl_typesupport_fastrtps_cpp__visibility_control.h
[1.832s] -- Up-to-date: /ros2_ws/install/interfaces/lib/libinterfaces__rosidl_typesupport_fastrtps_cpp.so
[1.832s] -- Up-to-date: /ros2_ws/install/interfaces/include/interfaces/interfaces
[1.832s] -- Up-to-date: /ros2_ws/install/interfaces/include/interfaces/interfaces/msg
[1.833s] -- Up-to-date: /ros2_ws/install/interfaces/include/interfaces/interfaces/msg/detail
[1.833s] -- Up-to-date: /ros2_ws/install/interfaces/include/interfaces/interfaces/msg/detail/motor_cmd__type_support.cpp
[1.833s] -- Up-to-date: /ros2_ws/install/interfaces/include/interfaces/interfaces/msg/detail/motor_states__type_support.cpp
[1.834s] -- Up-to-date: /ros2_ws/install/interfaces/include/interfaces/interfaces/msg/detail/motor_cmd__rosidl_typesupport_introspection_cpp.hpp
[1.834s] -- Up-to-date: /ros2_ws/install/interfaces/include/interfaces/interfaces/msg/detail/motor_states__rosidl_typesupport_introspection_cpp.hpp
[1.834s] -- Up-to-date: /ros2_ws/install/interfaces/lib/libinterfaces__rosidl_typesupport_introspection_cpp.so
[1.835s] -- Up-to-date: /ros2_ws/install/interfaces/lib/libinterfaces__rosidl_typesupport_cpp.so
[1.835s] -- Up-to-date: /ros2_ws/install/interfaces/share/interfaces/environment/pythonpath.sh
[1.835s] -- Up-to-date: /ros2_ws/install/interfaces/share/interfaces/environment/pythonpath.dsv
[1.836s] -- Up-to-date: /ros2_ws/install/interfaces/local/lib/python3.10/dist-packages/interfaces-0.0.0-py3.10.egg-info
[1.836s] -- Installing: /ros2_ws/install/interfaces/local/lib/python3.10/dist-packages/interfaces-0.0.0-py3.10.egg-info/SOURCES.txt
[1.836s] -- Installing: /ros2_ws/install/interfaces/local/lib/python3.10/dist-packages/interfaces-0.0.0-py3.10.egg-info/PKG-INFO
[1.837s] -- Installing: /ros2_ws/install/interfaces/local/lib/python3.10/dist-packages/interfaces-0.0.0-py3.10.egg-info/dependency_links.txt
[1.837s] -- Installing: /ros2_ws/install/interfaces/local/lib/python3.10/dist-packages/interfaces-0.0.0-py3.10.egg-info/top_level.txt
[1.838s] -- Up-to-date: /ros2_ws/install/interfaces/local/lib/python3.10/dist-packages/interfaces
[1.838s] -- Up-to-date: /ros2_ws/install/interfaces/local/lib/python3.10/dist-packages/interfaces/_interfaces_s.ep.rosidl_typesupport_c.c
[1.839s] -- Up-to-date: /ros2_ws/install/interfaces/local/lib/python3.10/dist-packages/interfaces/_interfaces_s.ep.rosidl_typesupport_fastrtps_c.c
[1.839s] -- Up-to-date: /ros2_ws/install/interfaces/local/lib/python3.10/dist-packages/interfaces/interfaces_s__rosidl_typesupport_introspection_c.cpython-310-aarch64-linux-gnu.so
[1.839s] -- Up-to-date: /ros2_ws/install/interfaces/local/lib/python3.10/dist-packages/interfaces/__init__.py
[1.840s] -- Up-to-date: /ros2_ws/install/interfaces/local/lib/python3.10/dist-packages/interfaces/libinterfaces__rosidl_generator_py.so
[1.840s] -- Up-to-date: /ros2_ws/install/interfaces/local/lib/python3.10/dist-packages/interfaces/_interfaces_s.ep.rosidl_typesupport_introspection_c.c
[1.840s] -- Up-to-date: /ros2_ws/install/interfaces/local/lib/python3.10/dist-packages/interfaces/msg
[1.841s] -- Up-to-date: /ros2_ws/install/interfaces/local/lib/python3.10/dist-packages/interfaces/msg/_motor_cmd_s.c
[1.841s] -- Up-to-date: /ros2_ws/install/interfaces/local/lib/python3.10/dist-packages/interfaces/msg/_motor_states.py
[1.841s] -- Up-to-date: /ros2_ws/install/interfaces/local/lib/python3.10/dist-packages/interfaces/msg/_motor_cmd.py
[1.842s] -- Up-to-date: /ros2_ws/install/interfaces/local/lib/python3.10/dist-packages/interfaces/msg/__init__.py
[1.842s] -- Up-to-date: /ros2_ws/install/interfaces/local/lib/python3.10/dist-packages/interfaces/msg/_motor_states_s.c
[1.842s] -- Up-to-date: /ros2_ws/install/interfaces/local/lib/python3.10/dist-packages/interfaces/interfaces_s__rosidl_typesupport_c.cpython-310-aarch64-linux-gnu.so
[1.843s] -- Up-to-date: /ros2_ws/install/interfaces/local/lib/python3.10/dist-packages/interfaces/interfaces_s__rosidl_typesupport_fastrtps_c.cpython-310-aarch64-linux-gnu.so
[1.961s] Listing '/ros2_ws/install/interfaces/local/lib/python3.10/dist-packages/interfaces'...
[1.962s] Listing '/ros2_ws/install/interfaces/local/lib/python3.10/dist-packages/interfaces/msg'...
[1.984s] -- Up-to-date: /ros2_ws/install/interfaces/local/lib/python3.10/dist-packages/interfaces/interfaces_s__rosidl_typesupport_fastrtps_c.cpython-310-aarch64-linux-gnu.so
[1.986s] -- Up-to-date: /ros2_ws/install/interfaces/local/lib/python3.10/dist-packages/interfaces/interfaces_s__rosidl_typesupport_introspection_c.cpython-310-aarch64-linux-gnu.so
[1.987s] -- Up-to-date: /ros2_ws/install/interfaces/local/lib/python3.10/dist-packages/interfaces/interfaces_s__rosidl_typesupport_c.cpython-310-aarch64-linux-gnu.so
[1.989s] -- Up-to-date: /ros2_ws/install/interfaces/lib/libinterfaces__rosidl_generator_py.so
[1.990s] -- Up-to-date: /ros2_ws/install/interfaces/share/ament_index/resource_index/rust_packages/interfaces
[1.991s] -- Up-to-date: /ros2_ws/install/interfaces/share/interfaces/rust
[1.991s] -- Up-to-date: /ros2_ws/install/interfaces/share/interfaces/rust/src
[1.992s] -- Up-to-date: /ros2_ws/install/interfaces/share/interfaces/rust/src/msg.rs
[1.993s] -- Up-to-date: /ros2_ws/install/interfaces/share/interfaces/rust/src/lib.rs
[1.993s] -- Up-to-date: /ros2_ws/install/interfaces/share/interfaces/rust/src/msg
[1.994s] -- Up-to-date: /ros2_ws/install/interfaces/share/interfaces/rust/src/msg/rmw.rs
[1.994s] -- Up-to-date: /ros2_ws/install/interfaces/share/interfaces/rust/build.rs
[1.995s] -- Up-to-date: /ros2_ws/install/interfaces/share/interfaces/rust/Cargo.toml
[1.995s] -- Up-to-date: /ros2_ws/install/interfaces/share/interfaces/msg/MotorCmd.idl
[1.996s] -- Up-to-date: /ros2_ws/install/interfaces/share/interfaces/msg/MotorStates.idl
[1.996s] -- Up-to-date: /ros2_ws/install/interfaces/share/interfaces/msg/MotorCmd.msg
[1.997s] -- Up-to-date: /ros2_ws/install/interfaces/share/interfaces/msg/MotorStates.msg
[1.997s] -- Up-to-date: /ros2_ws/install/interfaces/share/ament_index/resource_index/package_run_dependencies/interfaces
[1.997s] -- Up-to-date: /ros2_ws/install/interfaces/share/ament_index/resource_index/parent_prefix_path/interfaces
[1.999s] -- Up-to-date: /ros2_ws/install/interfaces/share/interfaces/environment/ament_prefix_path.sh
[2.000s] -- Up-to-date: /ros2_ws/install/interfaces/share/interfaces/environment/ament_prefix_path.dsv
[2.000s] -- Up-to-date: /ros2_ws/install/interfaces/share/interfaces/environment/path.sh
[2.001s] -- Up-to-date: /ros2_ws/install/interfaces/share/interfaces/environment/path.dsv
[2.001s] -- Up-to-date: /ros2_ws/install/interfaces/share/interfaces/local_setup.bash
[2.002s] -- Up-to-date: /ros2_ws/install/interfaces/share/interfaces/local_setup.sh
[2.003s] -- Up-to-date: /ros2_ws/install/interfaces/share/interfaces/local_setup.zsh
[2.003s] -- Up-to-date: /ros2_ws/install/interfaces/share/interfaces/local_setup.dsv
[2.003s] -- Installing: /ros2_ws/install/interfaces/share/interfaces/package.dsv
[2.004s] -- Up-to-date: /ros2_ws/install/interfaces/share/ament_index/resource_index/packages/interfaces
[2.004s] -- Up-to-date: /ros2_ws/install/interfaces/share/interfaces/cmake/export_interfaces__rosidl_generator_cExport.cmake
[2.005s] -- Up-to-date: /ros2_ws/install/interfaces/share/interfaces/cmake/export_interfaces__rosidl_generator_cExport-noconfig.cmake
[2.006s] -- Up-to-date: /ros2_ws/install/interfaces/share/interfaces/cmake/export_interfaces__rosidl_typesupport_fastrtps_cExport.cmake
[2.006s] -- Up-to-date: /ros2_ws/install/interfaces/share/interfaces/cmake/export_interfaces__rosidl_typesupport_fastrtps_cExport-noconfig.cmake
[2.007s] -- Up-to-date: /ros2_ws/install/interfaces/share/interfaces/cmake/interfaces__rosidl_typesupport_introspection_cExport.cmake
[2.007s] -- Up-to-date: /ros2_ws/install/interfaces/share/interfaces/cmake/interfaces__rosidl_typesupport_introspection_cExport-noconfig.cmake
[2.007s] -- Up-to-date: /ros2_ws/install/interfaces/share/interfaces/cmake/interfaces__rosidl_typesupport_cExport.cmake
[2.008s] -- Up-to-date: /ros2_ws/install/interfaces/share/interfaces/cmake/interfaces__rosidl_typesupport_cExport-noconfig.cmake
[2.009s] -- Up-to-date: /ros2_ws/install/interfaces/share/interfaces/cmake/export_interfaces__rosidl_generator_cppExport.cmake
[2.012s] -- Up-to-date: /ros2_ws/install/interfaces/share/interfaces/cmake/export_interfaces__rosidl_typesupport_fastrtps_cppExport.cmake
[2.013s] -- Up-to-date: /ros2_ws/install/interfaces/share/interfaces/cmake/export_interfaces__rosidl_typesupport_fastrtps_cppExport-noconfig.cmake
[2.014s] -- Up-to-date: /ros2_ws/install/interfaces/share/interfaces/cmake/interfaces__rosidl_typesupport_introspection_cppExport.cmake
[2.015s] -- Up-to-date: /ros2_ws/install/interfaces/share/interfaces/cmake/interfaces__rosidl_typesupport_introspection_cppExport-noconfig.cmake
[2.015s] -- Up-to-date: /ros2_ws/install/interfaces/share/interfaces/cmake/interfaces__rosidl_typesupport_cppExport.cmake
[2.015s] -- Up-to-date: /ros2_ws/install/interfaces/share/interfaces/cmake/interfaces__rosidl_typesupport_cppExport-noconfig.cmake
[2.016s] -- Up-to-date: /ros2_ws/install/interfaces/share/interfaces/cmake/export_interfaces__rosidl_generator_pyExport.cmake
[2.016s] -- Up-to-date: /ros2_ws/install/interfaces/share/interfaces/cmake/export_interfaces__rosidl_generator_pyExport-noconfig.cmake
[2.017s] -- Up-to-date: /ros2_ws/install/interfaces/share/interfaces/cmake/rosidl_cmake-extras.cmake
[2.017s] -- Up-to-date: /ros2_ws/install/interfaces/share/interfaces/cmake/ament_cmake_export_include_directories-extras.cmake
[2.018s] -- Up-to-date: /ros2_ws/install/interfaces/share/interfaces/cmake/ament_cmake_export_libraries-extras.cmake
[2.018s] -- Up-to-date: /ros2_ws/install/interfaces/share/interfaces/cmake/ament_cmake_export_targets-extras.cmake
[2.019s] -- Up-to-date: /ros2_ws/install/interfaces/share/interfaces/cmake/rosidl_cmake_export_typesupport_targets-extras.cmake
[2.019s] -- Up-to-date: /ros2_ws/install/interfaces/share/interfaces/cmake/ament_cmake_export_dependencies-extras.cmake
[2.020s] -- Up-to-date: /ros2_ws/install/interfaces/share/interfaces/cmake/rosidl_cmake_export_typesupport_libraries-extras.cmake
[2.020s] -- Up-to-date: /ros2_ws/install/interfaces/share/interfaces/cmake/rosidl_cmake_aggregate_target-extras.cmake
[2.021s] -- Up-to-date: /ros2_ws/install/interfaces/share/interfaces/cmake/interfacesConfig.cmake
[2.021s] -- Up-to-date: /ros2_ws/install/interfaces/share/interfaces/cmake/interfacesConfig-version.cmake
[2.022s] -- Up-to-date: /ros2_ws/install/interfaces/share/interfaces/package.xml
[2.022s] Invoked command in '/ros2_ws/build/interfaces' returned '0': CMAKE_PREFIX_PATH=${CMAKE_PREFIX_PATH}:/opt/ros/humble /usr/bin/cmake --install /ros2_ws/build/interfaces
