[0.746s] DEBUG:colcon:Command line arguments: ['/usr/bin/colcon', 'build', '--symlink-install']
[0.747s] DEBUG:colcon:Parsed command line arguments: Namespace(log_base=None, log_level=None, verb_name='build', build_base='build', install_base='install', merge_install=False, symlink_install=True, test_result_base=None, continue_on_error=False, executor='parallel', parallel_workers=4, event_handlers=None, ignore_user_meta=False, metas=['./colcon.meta'], base_paths=['.'], packages_ignore=None, packages_ignore_regex=None, paths=None, packages_up_to=None, packages_up_to_regex=None, packages_above=None, packages_above_and_dependencies=None, packages_above_depth=None, packages_select_by_dep=None, packages_skip_by_dep=None, packages_skip_up_to=None, packages_select_build_failed=False, packages_skip_build_finished=False, packages_select_test_failures=False, packages_skip_test_passed=False, packages_select=None, packages_skip=None, packages_select_regex=None, packages_skip_regex=None, packages_start=None, packages_end=None, allow_overriding=[], cmake_args=None, cmake_target=None, cmake_target_skip_unavailable=False, cmake_clean_cache=False, cmake_clean_first=False, cmake_force_configure=False, ament_cmake_args=None, catkin_cmake_args=None, catkin_skip_building_tests=False, verb_parser=<colcon_defaults.argument_parser.defaults.DefaultArgumentsDecorator object at 0x7f8be9e7a0>, verb_extension=<colcon_core.verb.build.BuildVerb object at 0x7f8c25bee0>, main=<bound method BuildVerb.main of <colcon_core.verb.build.BuildVerb object at 0x7f8c25bee0>>)
[1.598s] Level 1:colcon.colcon_core.package_discovery:discover_packages(colcon_meta) check parameters
[1.599s] Level 1:colcon.colcon_core.package_discovery:discover_packages(recursive) check parameters
[1.599s] Level 1:colcon.colcon_core.package_discovery:discover_packages(ignore) check parameters
[1.599s] Level 1:colcon.colcon_core.package_discovery:discover_packages(path) check parameters
[1.599s] Level 1:colcon.colcon_core.package_discovery:discover_packages(colcon_meta) discover
[1.600s] Level 1:colcon.colcon_core.package_discovery:discover_packages(recursive) discover
[1.600s] INFO:colcon.colcon_core.package_discovery:Crawling recursively for packages in '/ros2_ws'
[1.600s] Level 1:colcon.colcon_core.package_identification:_identify(.) by extensions ['ignore', 'ignore_ament_install']
[1.601s] Level 1:colcon.colcon_core.package_identification:_identify(.) by extension 'ignore'
[1.601s] Level 1:colcon.colcon_core.package_identification:_identify(.) by extension 'ignore_ament_install'
[1.602s] Level 1:colcon.colcon_core.package_identification:_identify(.) by extensions ['colcon_pkg']
[1.602s] Level 1:colcon.colcon_core.package_identification:_identify(.) by extension 'colcon_pkg'
[1.602s] Level 1:colcon.colcon_core.package_identification:_identify(.) by extensions ['colcon_meta']
[1.602s] Level 1:colcon.colcon_core.package_identification:_identify(.) by extension 'colcon_meta'
[1.603s] Level 1:colcon.colcon_core.package_identification:_identify(.) by extensions ['ros']
[1.603s] Level 1:colcon.colcon_core.package_identification:_identify(.) by extension 'ros'
[1.674s] Level 1:colcon.colcon_core.package_identification:_identify(.) by extensions ['cmake', 'python']
[1.675s] Level 1:colcon.colcon_core.package_identification:_identify(.) by extension 'cmake'
[1.675s] Level 1:colcon.colcon_core.package_identification:_identify(.) by extension 'python'
[1.675s] Level 1:colcon.colcon_core.package_identification:_identify(.) by extensions ['python_setup_py']
[1.676s] Level 1:colcon.colcon_core.package_identification:_identify(.) by extension 'python_setup_py'
[1.676s] Level 1:colcon.colcon_core.package_identification:_identify(build) by extensions ['ignore', 'ignore_ament_install']
[1.677s] Level 1:colcon.colcon_core.package_identification:_identify(build) by extension 'ignore'
[1.677s] Level 1:colcon.colcon_core.package_identification:_identify(build) ignored
[1.678s] Level 1:colcon.colcon_core.package_identification:_identify(install) by extensions ['ignore', 'ignore_ament_install']
[1.679s] Level 1:colcon.colcon_core.package_identification:_identify(install) by extension 'ignore'
[1.679s] Level 1:colcon.colcon_core.package_identification:_identify(install) ignored
[1.680s] Level 1:colcon.colcon_core.package_identification:_identify(log) by extensions ['ignore', 'ignore_ament_install']
[1.680s] Level 1:colcon.colcon_core.package_identification:_identify(log) by extension 'ignore'
[1.680s] Level 1:colcon.colcon_core.package_identification:_identify(log) ignored
[1.681s] Level 1:colcon.colcon_core.package_identification:_identify(src) by extensions ['ignore', 'ignore_ament_install']
[1.681s] Level 1:colcon.colcon_core.package_identification:_identify(src) by extension 'ignore'
[1.682s] Level 1:colcon.colcon_core.package_identification:_identify(src) by extension 'ignore_ament_install'
[1.682s] Level 1:colcon.colcon_core.package_identification:_identify(src) by extensions ['colcon_pkg']
[1.682s] Level 1:colcon.colcon_core.package_identification:_identify(src) by extension 'colcon_pkg'
[1.682s] Level 1:colcon.colcon_core.package_identification:_identify(src) by extensions ['colcon_meta']
[1.683s] Level 1:colcon.colcon_core.package_identification:_identify(src) by extension 'colcon_meta'
[1.683s] Level 1:colcon.colcon_core.package_identification:_identify(src) by extensions ['ros']
[1.683s] Level 1:colcon.colcon_core.package_identification:_identify(src) by extension 'ros'
[1.684s] Level 1:colcon.colcon_core.package_identification:_identify(src) by extensions ['cmake', 'python']
[1.684s] Level 1:colcon.colcon_core.package_identification:_identify(src) by extension 'cmake'
[1.684s] Level 1:colcon.colcon_core.package_identification:_identify(src) by extension 'python'
[1.684s] Level 1:colcon.colcon_core.package_identification:_identify(src) by extensions ['python_setup_py']
[1.684s] Level 1:colcon.colcon_core.package_identification:_identify(src) by extension 'python_setup_py'
[1.685s] Level 1:colcon.colcon_core.package_identification:_identify(src/algorithms) by extensions ['ignore', 'ignore_ament_install']
[1.686s] Level 1:colcon.colcon_core.package_identification:_identify(src/algorithms) by extension 'ignore'
[1.686s] Level 1:colcon.colcon_core.package_identification:_identify(src/algorithms) by extension 'ignore_ament_install'
[1.686s] Level 1:colcon.colcon_core.package_identification:_identify(src/algorithms) by extensions ['colcon_pkg']
[1.686s] Level 1:colcon.colcon_core.package_identification:_identify(src/algorithms) by extension 'colcon_pkg'
[1.687s] Level 1:colcon.colcon_core.package_identification:_identify(src/algorithms) by extensions ['colcon_meta']
[1.687s] Level 1:colcon.colcon_core.package_identification:_identify(src/algorithms) by extension 'colcon_meta'
[1.687s] Level 1:colcon.colcon_core.package_identification:_identify(src/algorithms) by extensions ['ros']
[1.687s] Level 1:colcon.colcon_core.package_identification:_identify(src/algorithms) by extension 'ros'
[1.708s] DEBUG:colcon.colcon_core.package_identification:Package 'src/algorithms' with type 'ros.ament_cmake' and name 'algorithms'
[1.709s] Level 1:colcon.colcon_core.package_identification:_identify(src/applications) by extensions ['ignore', 'ignore_ament_install']
[1.710s] Level 1:colcon.colcon_core.package_identification:_identify(src/applications) by extension 'ignore'
[1.710s] Level 1:colcon.colcon_core.package_identification:_identify(src/applications) by extension 'ignore_ament_install'
[1.710s] Level 1:colcon.colcon_core.package_identification:_identify(src/applications) by extensions ['colcon_pkg']
[1.711s] Level 1:colcon.colcon_core.package_identification:_identify(src/applications) by extension 'colcon_pkg'
[1.711s] Level 1:colcon.colcon_core.package_identification:_identify(src/applications) by extensions ['colcon_meta']
[1.711s] Level 1:colcon.colcon_core.package_identification:_identify(src/applications) by extension 'colcon_meta'
[1.711s] Level 1:colcon.colcon_core.package_identification:_identify(src/applications) by extensions ['ros']
[1.712s] Level 1:colcon.colcon_core.package_identification:_identify(src/applications) by extension 'ros'
[1.712s] Level 1:colcon.colcon_core.package_identification:_identify(src/applications) by extensions ['cmake', 'python']
[1.713s] Level 1:colcon.colcon_core.package_identification:_identify(src/applications) by extension 'cmake'
[1.713s] Level 1:colcon.colcon_core.package_identification:_identify(src/applications) by extension 'python'
[1.713s] Level 1:colcon.colcon_core.package_identification:_identify(src/applications) by extensions ['python_setup_py']
[1.713s] Level 1:colcon.colcon_core.package_identification:_identify(src/applications) by extension 'python_setup_py'
[1.714s] Level 1:colcon.colcon_core.package_identification:_identify(src/bringup) by extensions ['ignore', 'ignore_ament_install']
[1.715s] Level 1:colcon.colcon_core.package_identification:_identify(src/bringup) by extension 'ignore'
[1.715s] Level 1:colcon.colcon_core.package_identification:_identify(src/bringup) by extension 'ignore_ament_install'
[1.715s] Level 1:colcon.colcon_core.package_identification:_identify(src/bringup) by extensions ['colcon_pkg']
[1.716s] Level 1:colcon.colcon_core.package_identification:_identify(src/bringup) by extension 'colcon_pkg'
[1.716s] Level 1:colcon.colcon_core.package_identification:_identify(src/bringup) by extensions ['colcon_meta']
[1.716s] Level 1:colcon.colcon_core.package_identification:_identify(src/bringup) by extension 'colcon_meta'
[1.717s] Level 1:colcon.colcon_core.package_identification:_identify(src/bringup) by extensions ['ros']
[1.717s] Level 1:colcon.colcon_core.package_identification:_identify(src/bringup) by extension 'ros'
[1.720s] DEBUG:colcon.colcon_core.package_identification:Package 'src/bringup' with type 'ros.ament_cmake' and name 'bringup'
[1.721s] Level 1:colcon.colcon_core.package_identification:_identify(src/common) by extensions ['ignore', 'ignore_ament_install']
[1.721s] Level 1:colcon.colcon_core.package_identification:_identify(src/common) by extension 'ignore'
[1.722s] Level 1:colcon.colcon_core.package_identification:_identify(src/common) by extension 'ignore_ament_install'
[1.722s] Level 1:colcon.colcon_core.package_identification:_identify(src/common) by extensions ['colcon_pkg']
[1.723s] Level 1:colcon.colcon_core.package_identification:_identify(src/common) by extension 'colcon_pkg'
[1.723s] Level 1:colcon.colcon_core.package_identification:_identify(src/common) by extensions ['colcon_meta']
[1.723s] Level 1:colcon.colcon_core.package_identification:_identify(src/common) by extension 'colcon_meta'
[1.723s] Level 1:colcon.colcon_core.package_identification:_identify(src/common) by extensions ['ros']
[1.724s] Level 1:colcon.colcon_core.package_identification:_identify(src/common) by extension 'ros'
[1.727s] DEBUG:colcon.colcon_core.package_identification:Package 'src/common' with type 'ros.ament_cmake' and name 'common'
[1.728s] Level 1:colcon.colcon_core.package_identification:_identify(src/dri_interfaces) by extensions ['ignore', 'ignore_ament_install']
[1.728s] Level 1:colcon.colcon_core.package_identification:_identify(src/dri_interfaces) by extension 'ignore'
[1.729s] Level 1:colcon.colcon_core.package_identification:_identify(src/dri_interfaces) by extension 'ignore_ament_install'
[1.729s] Level 1:colcon.colcon_core.package_identification:_identify(src/dri_interfaces) by extensions ['colcon_pkg']
[1.729s] Level 1:colcon.colcon_core.package_identification:_identify(src/dri_interfaces) by extension 'colcon_pkg'
[1.730s] Level 1:colcon.colcon_core.package_identification:_identify(src/dri_interfaces) by extensions ['colcon_meta']
[1.730s] Level 1:colcon.colcon_core.package_identification:_identify(src/dri_interfaces) by extension 'colcon_meta'
[1.730s] Level 1:colcon.colcon_core.package_identification:_identify(src/dri_interfaces) by extensions ['ros']
[1.730s] Level 1:colcon.colcon_core.package_identification:_identify(src/dri_interfaces) by extension 'ros'
[1.736s] DEBUG:colcon.colcon_core.package_identification:Package 'src/dri_interfaces' with type 'ros.ament_cmake' and name 'dri_interfaces'
[1.736s] Level 1:colcon.colcon_core.package_identification:_identify(src/drivers) by extensions ['ignore', 'ignore_ament_install']
[1.737s] Level 1:colcon.colcon_core.package_identification:_identify(src/drivers) by extension 'ignore'
[1.737s] Level 1:colcon.colcon_core.package_identification:_identify(src/drivers) by extension 'ignore_ament_install'
[1.738s] Level 1:colcon.colcon_core.package_identification:_identify(src/drivers) by extensions ['colcon_pkg']
[1.738s] Level 1:colcon.colcon_core.package_identification:_identify(src/drivers) by extension 'colcon_pkg'
[1.738s] Level 1:colcon.colcon_core.package_identification:_identify(src/drivers) by extensions ['colcon_meta']
[1.738s] Level 1:colcon.colcon_core.package_identification:_identify(src/drivers) by extension 'colcon_meta'
[1.738s] Level 1:colcon.colcon_core.package_identification:_identify(src/drivers) by extensions ['ros']
[1.739s] Level 1:colcon.colcon_core.package_identification:_identify(src/drivers) by extension 'ros'
[1.742s] DEBUG:colcon.colcon_core.package_identification:Package 'src/drivers' with type 'ros.ament_cmake' and name 'drivers'
[1.743s] Level 1:colcon.colcon_core.package_identification:_identify(src/interfaces) by extensions ['ignore', 'ignore_ament_install']
[1.743s] Level 1:colcon.colcon_core.package_identification:_identify(src/interfaces) by extension 'ignore'
[1.744s] Level 1:colcon.colcon_core.package_identification:_identify(src/interfaces) by extension 'ignore_ament_install'
[1.744s] Level 1:colcon.colcon_core.package_identification:_identify(src/interfaces) by extensions ['colcon_pkg']
[1.744s] Level 1:colcon.colcon_core.package_identification:_identify(src/interfaces) by extension 'colcon_pkg'
[1.744s] Level 1:colcon.colcon_core.package_identification:_identify(src/interfaces) by extensions ['colcon_meta']
[1.744s] Level 1:colcon.colcon_core.package_identification:_identify(src/interfaces) by extension 'colcon_meta'
[1.745s] Level 1:colcon.colcon_core.package_identification:_identify(src/interfaces) by extensions ['ros']
[1.745s] Level 1:colcon.colcon_core.package_identification:_identify(src/interfaces) by extension 'ros'
[1.749s] DEBUG:colcon.colcon_core.package_identification:Package 'src/interfaces' with type 'ros.ament_cmake' and name 'interfaces'
[1.749s] Level 1:colcon.colcon_core.package_identification:_identify(src/system_services) by extensions ['ignore', 'ignore_ament_install']
[1.750s] Level 1:colcon.colcon_core.package_identification:_identify(src/system_services) by extension 'ignore'
[1.750s] Level 1:colcon.colcon_core.package_identification:_identify(src/system_services) by extension 'ignore_ament_install'
[1.750s] Level 1:colcon.colcon_core.package_identification:_identify(src/system_services) by extensions ['colcon_pkg']
[1.751s] Level 1:colcon.colcon_core.package_identification:_identify(src/system_services) by extension 'colcon_pkg'
[1.751s] Level 1:colcon.colcon_core.package_identification:_identify(src/system_services) by extensions ['colcon_meta']
[1.751s] Level 1:colcon.colcon_core.package_identification:_identify(src/system_services) by extension 'colcon_meta'
[1.751s] Level 1:colcon.colcon_core.package_identification:_identify(src/system_services) by extensions ['ros']
[1.752s] Level 1:colcon.colcon_core.package_identification:_identify(src/system_services) by extension 'ros'
[1.752s] Level 1:colcon.colcon_core.package_identification:_identify(src/system_services) by extensions ['cmake', 'python']
[1.752s] Level 1:colcon.colcon_core.package_identification:_identify(src/system_services) by extension 'cmake'
[1.753s] Level 1:colcon.colcon_core.package_identification:_identify(src/system_services) by extension 'python'
[1.753s] Level 1:colcon.colcon_core.package_identification:_identify(src/system_services) by extensions ['python_setup_py']
[1.753s] Level 1:colcon.colcon_core.package_identification:_identify(src/system_services) by extension 'python_setup_py'
[1.753s] Level 1:colcon.colcon_core.package_discovery:discover_packages(recursive) using defaults
[1.754s] Level 1:colcon.colcon_core.package_discovery:discover_packages(ignore) discover
[1.754s] Level 1:colcon.colcon_core.package_discovery:discover_packages(ignore) using defaults
[1.754s] Level 1:colcon.colcon_core.package_discovery:discover_packages(path) discover
[1.754s] Level 1:colcon.colcon_core.package_discovery:discover_packages(path) using defaults
[1.881s] Level 1:colcon.colcon_core.package_discovery:discover_packages(prefix_path) check parameters
[1.882s] Level 1:colcon.colcon_core.package_discovery:discover_packages(prefix_path) discover
[1.895s] DEBUG:colcon.colcon_installed_package_information.package_discovery:Found 6 installed packages in /ros2_ws/install
[1.903s] DEBUG:colcon.colcon_installed_package_information.package_discovery:Found 273 installed packages in /opt/ros/humble
[1.912s] Level 1:colcon.colcon_core.package_discovery:discover_packages(prefix_path) using defaults
[2.321s] Level 5:colcon.colcon_core.verb:set package 'common' build argument 'cmake_args' from command line to 'None'
[2.321s] Level 5:colcon.colcon_core.verb:set package 'common' build argument 'cmake_target' from command line to 'None'
[2.321s] Level 5:colcon.colcon_core.verb:set package 'common' build argument 'cmake_target_skip_unavailable' from command line to 'False'
[2.321s] Level 5:colcon.colcon_core.verb:set package 'common' build argument 'cmake_clean_cache' from command line to 'False'
[2.322s] Level 5:colcon.colcon_core.verb:set package 'common' build argument 'cmake_clean_first' from command line to 'False'
[2.322s] Level 5:colcon.colcon_core.verb:set package 'common' build argument 'cmake_force_configure' from command line to 'False'
[2.322s] Level 5:colcon.colcon_core.verb:set package 'common' build argument 'ament_cmake_args' from command line to 'None'
[2.322s] Level 5:colcon.colcon_core.verb:set package 'common' build argument 'catkin_cmake_args' from command line to 'None'
[2.322s] Level 5:colcon.colcon_core.verb:set package 'common' build argument 'catkin_skip_building_tests' from command line to 'False'
[2.322s] DEBUG:colcon.colcon_core.verb:Building package 'common' with the following arguments: {'ament_cmake_args': None, 'build_base': '/ros2_ws/build/common', 'catkin_cmake_args': None, 'catkin_skip_building_tests': False, 'cmake_args': None, 'cmake_clean_cache': False, 'cmake_clean_first': False, 'cmake_force_configure': False, 'cmake_target': None, 'cmake_target_skip_unavailable': False, 'install_base': '/ros2_ws/install/common', 'merge_install': False, 'path': '/ros2_ws/src/common', 'symlink_install': True, 'test_result_base': None}
[2.325s] Level 5:colcon.colcon_core.verb:set package 'interfaces' build argument 'cmake_args' from command line to 'None'
[2.325s] Level 5:colcon.colcon_core.verb:set package 'interfaces' build argument 'cmake_target' from command line to 'None'
[2.325s] Level 5:colcon.colcon_core.verb:set package 'interfaces' build argument 'cmake_target_skip_unavailable' from command line to 'False'
[2.325s] Level 5:colcon.colcon_core.verb:set package 'interfaces' build argument 'cmake_clean_cache' from command line to 'False'
[2.326s] Level 5:colcon.colcon_core.verb:set package 'interfaces' build argument 'cmake_clean_first' from command line to 'False'
[2.326s] Level 5:colcon.colcon_core.verb:set package 'interfaces' build argument 'cmake_force_configure' from command line to 'False'
[2.326s] Level 5:colcon.colcon_core.verb:set package 'interfaces' build argument 'ament_cmake_args' from command line to 'None'
[2.326s] Level 5:colcon.colcon_core.verb:set package 'interfaces' build argument 'catkin_cmake_args' from command line to 'None'
[2.326s] Level 5:colcon.colcon_core.verb:set package 'interfaces' build argument 'catkin_skip_building_tests' from command line to 'False'
[2.326s] DEBUG:colcon.colcon_core.verb:Building package 'interfaces' with the following arguments: {'ament_cmake_args': None, 'build_base': '/ros2_ws/build/interfaces', 'catkin_cmake_args': None, 'catkin_skip_building_tests': False, 'cmake_args': None, 'cmake_clean_cache': False, 'cmake_clean_first': False, 'cmake_force_configure': False, 'cmake_target': None, 'cmake_target_skip_unavailable': False, 'install_base': '/ros2_ws/install/interfaces', 'merge_install': False, 'path': '/ros2_ws/src/interfaces', 'symlink_install': True, 'test_result_base': None}
[2.329s] Level 5:colcon.colcon_core.verb:set package 'algorithms' build argument 'cmake_args' from command line to 'None'
[2.329s] Level 5:colcon.colcon_core.verb:set package 'algorithms' build argument 'cmake_target' from command line to 'None'
[2.329s] Level 5:colcon.colcon_core.verb:set package 'algorithms' build argument 'cmake_target_skip_unavailable' from command line to 'False'
[2.329s] Level 5:colcon.colcon_core.verb:set package 'algorithms' build argument 'cmake_clean_cache' from command line to 'False'
[2.330s] Level 5:colcon.colcon_core.verb:set package 'algorithms' build argument 'cmake_clean_first' from command line to 'False'
[2.330s] Level 5:colcon.colcon_core.verb:set package 'algorithms' build argument 'cmake_force_configure' from command line to 'False'
[2.330s] Level 5:colcon.colcon_core.verb:set package 'algorithms' build argument 'ament_cmake_args' from command line to 'None'
[2.330s] Level 5:colcon.colcon_core.verb:set package 'algorithms' build argument 'catkin_cmake_args' from command line to 'None'
[2.330s] Level 5:colcon.colcon_core.verb:set package 'algorithms' build argument 'catkin_skip_building_tests' from command line to 'False'
[2.330s] DEBUG:colcon.colcon_core.verb:Building package 'algorithms' with the following arguments: {'ament_cmake_args': None, 'build_base': '/ros2_ws/build/algorithms', 'catkin_cmake_args': None, 'catkin_skip_building_tests': False, 'cmake_args': None, 'cmake_clean_cache': False, 'cmake_clean_first': False, 'cmake_force_configure': False, 'cmake_target': None, 'cmake_target_skip_unavailable': False, 'install_base': '/ros2_ws/install/algorithms', 'merge_install': False, 'path': '/ros2_ws/src/algorithms', 'symlink_install': True, 'test_result_base': None}
[2.333s] Level 5:colcon.colcon_core.verb:set package 'dri_interfaces' build argument 'cmake_args' from command line to 'None'
[2.333s] Level 5:colcon.colcon_core.verb:set package 'dri_interfaces' build argument 'cmake_target' from command line to 'None'
[2.333s] Level 5:colcon.colcon_core.verb:set package 'dri_interfaces' build argument 'cmake_target_skip_unavailable' from command line to 'False'
[2.333s] Level 5:colcon.colcon_core.verb:set package 'dri_interfaces' build argument 'cmake_clean_cache' from command line to 'False'
[2.333s] Level 5:colcon.colcon_core.verb:set package 'dri_interfaces' build argument 'cmake_clean_first' from command line to 'False'
[2.334s] Level 5:colcon.colcon_core.verb:set package 'dri_interfaces' build argument 'cmake_force_configure' from command line to 'False'
[2.334s] Level 5:colcon.colcon_core.verb:set package 'dri_interfaces' build argument 'ament_cmake_args' from command line to 'None'
[2.334s] Level 5:colcon.colcon_core.verb:set package 'dri_interfaces' build argument 'catkin_cmake_args' from command line to 'None'
[2.334s] Level 5:colcon.colcon_core.verb:set package 'dri_interfaces' build argument 'catkin_skip_building_tests' from command line to 'False'
[2.334s] DEBUG:colcon.colcon_core.verb:Building package 'dri_interfaces' with the following arguments: {'ament_cmake_args': None, 'build_base': '/ros2_ws/build/dri_interfaces', 'catkin_cmake_args': None, 'catkin_skip_building_tests': False, 'cmake_args': None, 'cmake_clean_cache': False, 'cmake_clean_first': False, 'cmake_force_configure': False, 'cmake_target': None, 'cmake_target_skip_unavailable': False, 'install_base': '/ros2_ws/install/dri_interfaces', 'merge_install': False, 'path': '/ros2_ws/src/dri_interfaces', 'symlink_install': True, 'test_result_base': None}
[2.337s] Level 5:colcon.colcon_core.verb:set package 'drivers' build argument 'cmake_args' from command line to 'None'
[2.337s] Level 5:colcon.colcon_core.verb:set package 'drivers' build argument 'cmake_target' from command line to 'None'
[2.337s] Level 5:colcon.colcon_core.verb:set package 'drivers' build argument 'cmake_target_skip_unavailable' from command line to 'False'
[2.337s] Level 5:colcon.colcon_core.verb:set package 'drivers' build argument 'cmake_clean_cache' from command line to 'False'
[2.338s] Level 5:colcon.colcon_core.verb:set package 'drivers' build argument 'cmake_clean_first' from command line to 'False'
[2.338s] Level 5:colcon.colcon_core.verb:set package 'drivers' build argument 'cmake_force_configure' from command line to 'False'
[2.338s] Level 5:colcon.colcon_core.verb:set package 'drivers' build argument 'ament_cmake_args' from command line to 'None'
[2.338s] Level 5:colcon.colcon_core.verb:set package 'drivers' build argument 'catkin_cmake_args' from command line to 'None'
[2.338s] Level 5:colcon.colcon_core.verb:set package 'drivers' build argument 'catkin_skip_building_tests' from command line to 'False'
[2.339s] DEBUG:colcon.colcon_core.verb:Building package 'drivers' with the following arguments: {'ament_cmake_args': None, 'build_base': '/ros2_ws/build/drivers', 'catkin_cmake_args': None, 'catkin_skip_building_tests': False, 'cmake_args': None, 'cmake_clean_cache': False, 'cmake_clean_first': False, 'cmake_force_configure': False, 'cmake_target': None, 'cmake_target_skip_unavailable': False, 'install_base': '/ros2_ws/install/drivers', 'merge_install': False, 'path': '/ros2_ws/src/drivers', 'symlink_install': True, 'test_result_base': None}
[2.341s] Level 5:colcon.colcon_core.verb:set package 'bringup' build argument 'cmake_args' from command line to 'None'
[2.341s] Level 5:colcon.colcon_core.verb:set package 'bringup' build argument 'cmake_target' from command line to 'None'
[2.342s] Level 5:colcon.colcon_core.verb:set package 'bringup' build argument 'cmake_target_skip_unavailable' from command line to 'False'
[2.342s] Level 5:colcon.colcon_core.verb:set package 'bringup' build argument 'cmake_clean_cache' from command line to 'False'
[2.342s] Level 5:colcon.colcon_core.verb:set package 'bringup' build argument 'cmake_clean_first' from command line to 'False'
[2.342s] Level 5:colcon.colcon_core.verb:set package 'bringup' build argument 'cmake_force_configure' from command line to 'False'
[2.343s] Level 5:colcon.colcon_core.verb:set package 'bringup' build argument 'ament_cmake_args' from command line to 'None'
[2.343s] Level 5:colcon.colcon_core.verb:set package 'bringup' build argument 'catkin_cmake_args' from command line to 'None'
[2.343s] Level 5:colcon.colcon_core.verb:set package 'bringup' build argument 'catkin_skip_building_tests' from command line to 'False'
[2.343s] DEBUG:colcon.colcon_core.verb:Building package 'bringup' with the following arguments: {'ament_cmake_args': None, 'build_base': '/ros2_ws/build/bringup', 'catkin_cmake_args': None, 'catkin_skip_building_tests': False, 'cmake_args': None, 'cmake_clean_cache': False, 'cmake_clean_first': False, 'cmake_force_configure': False, 'cmake_target': None, 'cmake_target_skip_unavailable': False, 'install_base': '/ros2_ws/install/bringup', 'merge_install': False, 'path': '/ros2_ws/src/bringup', 'symlink_install': True, 'test_result_base': None}
[2.344s] INFO:colcon.colcon_core.executor:Executing jobs using 'parallel' executor
[2.348s] DEBUG:colcon.colcon_parallel_executor.executor.parallel:run_until_complete
[2.350s] INFO:colcon.colcon_ros.task.ament_cmake.build:Building ROS package in '/ros2_ws/src/common' with build type 'ament_cmake'
[2.352s] INFO:colcon.colcon_cmake.task.cmake.build:Building CMake package in '/ros2_ws/src/common'
[2.371s] INFO:colcon.colcon_core.plugin_system:Skipping extension 'colcon_core.shell.bat': Not used on non-Windows systems
[2.373s] INFO:colcon.colcon_core.shell:Skip shell extension 'powershell' for command environment: Not usable outside of PowerShell
[2.374s] DEBUG:colcon.colcon_core.shell:Skip shell extension 'dsv' for command environment
[2.394s] INFO:colcon.colcon_ros.task.ament_cmake.build:Building ROS package in '/ros2_ws/src/interfaces' with build type 'ament_cmake'
[2.396s] INFO:colcon.colcon_cmake.task.cmake.build:Building CMake package in '/ros2_ws/src/interfaces'
[2.397s] INFO:colcon.colcon_core.shell:Skip shell extension 'powershell' for command environment: Not usable outside of PowerShell
[2.397s] DEBUG:colcon.colcon_core.shell:Skip shell extension 'dsv' for command environment
[2.438s] DEBUG:colcon.colcon_core.event_handler.log_command:Invoking command in '/ros2_ws/build/common': CMAKE_PREFIX_PATH=${CMAKE_PREFIX_PATH}:/opt/ros/humble /usr/bin/cmake --build /ros2_ws/build/common -- -j4 -l4
[2.465s] DEBUG:colcon.colcon_core.event_handler.log_command:Invoking command in '/ros2_ws/build/interfaces': CMAKE_PREFIX_PATH=${CMAKE_PREFIX_PATH}:/opt/ros/humble /usr/bin/cmake --build /ros2_ws/build/interfaces -- -j4 -l4
[2.836s] DEBUG:colcon.colcon_core.event_handler.log_command:Invoked command in '/ros2_ws/build/common' returned '0': CMAKE_PREFIX_PATH=${CMAKE_PREFIX_PATH}:/opt/ros/humble /usr/bin/cmake --build /ros2_ws/build/common -- -j4 -l4
[2.903s] DEBUG:colcon.colcon_core.event_handler.log_command:Invoking command in '/ros2_ws/build/common': CMAKE_PREFIX_PATH=${CMAKE_PREFIX_PATH}:/opt/ros/humble /usr/bin/cmake --install /ros2_ws/build/common
[3.026s] Level 1:colcon.colcon_core.environment:create_environment_scripts_only(common)
[3.029s] DEBUG:colcon.colcon_core.event_handler.log_command:Invoked command in '/ros2_ws/build/common' returned '0': CMAKE_PREFIX_PATH=${CMAKE_PREFIX_PATH}:/opt/ros/humble /usr/bin/cmake --install /ros2_ws/build/common
[3.046s] Level 1:colcon.colcon_core.environment:checking '/ros2_ws/install/common' for CMake module files
[3.051s] Level 1:colcon.colcon_core.environment:checking '/ros2_ws/install/common' for CMake config files
[3.054s] Level 1:colcon.colcon_core.shell:create_environment_hook('common', 'cmake_prefix_path')
[3.057s] INFO:colcon.colcon_core.shell:Creating environment hook '/ros2_ws/install/common/share/common/hook/cmake_prefix_path.ps1'
[3.064s] INFO:colcon.colcon_core.shell:Creating environment descriptor '/ros2_ws/install/common/share/common/hook/cmake_prefix_path.dsv'
[3.067s] INFO:colcon.colcon_core.shell:Creating environment hook '/ros2_ws/install/common/share/common/hook/cmake_prefix_path.sh'
[3.071s] Level 1:colcon.colcon_core.environment:checking '/ros2_ws/install/common/lib'
[3.072s] Level 1:colcon.colcon_core.environment:checking '/ros2_ws/install/common/bin'
[3.073s] Level 1:colcon.colcon_core.environment:checking '/ros2_ws/install/common/lib/pkgconfig/common.pc'
[3.074s] Level 1:colcon.colcon_core.environment:checking '/ros2_ws/install/common/lib/python3.10/site-packages'
[3.076s] Level 1:colcon.colcon_core.environment:checking '/ros2_ws/install/common/bin'
[3.078s] INFO:colcon.colcon_core.shell:Creating package script '/ros2_ws/install/common/share/common/package.ps1'
[3.086s] INFO:colcon.colcon_core.shell:Creating package descriptor '/ros2_ws/install/common/share/common/package.dsv'
[3.090s] INFO:colcon.colcon_core.shell:Creating package script '/ros2_ws/install/common/share/common/package.sh'
[3.095s] INFO:colcon.colcon_core.shell:Creating package script '/ros2_ws/install/common/share/common/package.bash'
[3.100s] INFO:colcon.colcon_core.shell:Creating package script '/ros2_ws/install/common/share/common/package.zsh'
[3.105s] Level 1:colcon.colcon_core.environment:create_file_with_runtime_dependencies(/ros2_ws/install/common/share/colcon-core/packages/common)
[3.110s] Level 1:colcon.colcon_core.environment:create_environment_scripts_only(common)
[3.111s] Level 1:colcon.colcon_core.environment:checking '/ros2_ws/install/common' for CMake module files
[3.115s] Level 1:colcon.colcon_core.environment:checking '/ros2_ws/install/common' for CMake config files
[3.117s] Level 1:colcon.colcon_core.shell:create_environment_hook('common', 'cmake_prefix_path')
[3.118s] INFO:colcon.colcon_core.shell:Creating environment hook '/ros2_ws/install/common/share/common/hook/cmake_prefix_path.ps1'
[3.121s] INFO:colcon.colcon_core.shell:Creating environment descriptor '/ros2_ws/install/common/share/common/hook/cmake_prefix_path.dsv'
[3.124s] INFO:colcon.colcon_core.shell:Creating environment hook '/ros2_ws/install/common/share/common/hook/cmake_prefix_path.sh'
[3.127s] Level 1:colcon.colcon_core.environment:checking '/ros2_ws/install/common/lib'
[3.127s] Level 1:colcon.colcon_core.environment:checking '/ros2_ws/install/common/bin'
[3.128s] Level 1:colcon.colcon_core.environment:checking '/ros2_ws/install/common/lib/pkgconfig/common.pc'
[3.129s] Level 1:colcon.colcon_core.environment:checking '/ros2_ws/install/common/lib/python3.10/site-packages'
[3.131s] Level 1:colcon.colcon_core.environment:checking '/ros2_ws/install/common/bin'
[3.132s] INFO:colcon.colcon_core.shell:Creating package script '/ros2_ws/install/common/share/common/package.ps1'
[3.136s] INFO:colcon.colcon_core.shell:Creating package descriptor '/ros2_ws/install/common/share/common/package.dsv'
[3.140s] INFO:colcon.colcon_core.shell:Creating package script '/ros2_ws/install/common/share/common/package.sh'
[3.144s] INFO:colcon.colcon_core.shell:Creating package script '/ros2_ws/install/common/share/common/package.bash'
[3.147s] INFO:colcon.colcon_core.shell:Creating package script '/ros2_ws/install/common/share/common/package.zsh'
[3.151s] Level 1:colcon.colcon_core.environment:create_file_with_runtime_dependencies(/ros2_ws/install/common/share/colcon-core/packages/common)
[3.156s] INFO:colcon.colcon_ros.task.ament_cmake.build:Building ROS package in '/ros2_ws/src/drivers' with build type 'ament_cmake'
[3.159s] INFO:colcon.colcon_cmake.task.cmake.build:Building CMake package in '/ros2_ws/src/drivers'
[3.160s] INFO:colcon.colcon_core.shell:Skip shell extension 'powershell' for command environment: Not usable outside of PowerShell
[3.162s] DEBUG:colcon.colcon_core.shell:Skip shell extension 'dsv' for command environment
[3.221s] DEBUG:colcon.colcon_core.event_handler.log_command:Invoking command in '/ros2_ws/build/drivers': CMAKE_PREFIX_PATH=/ros2_ws/install/common:/ros2_ws/install/bringup:/ros2_ws/install/dri_interfaces:/ros2_ws/install/algorithms:/ros2_ws/install/interfaces:/ros2_ws/install/drivers:/opt/ros/humble /usr/bin/cmake --build /ros2_ws/build/drivers -- -j4 -l4
[3.615s] DEBUG:colcon.colcon_core.event_handler.log_command:Invoked command in '/ros2_ws/build/drivers' returned '0': CMAKE_PREFIX_PATH=/ros2_ws/install/common:/ros2_ws/install/bringup:/ros2_ws/install/dri_interfaces:/ros2_ws/install/algorithms:/ros2_ws/install/interfaces:/ros2_ws/install/drivers:/opt/ros/humble /usr/bin/cmake --build /ros2_ws/build/drivers -- -j4 -l4
[3.622s] DEBUG:colcon.colcon_core.event_handler.log_command:Invoking command in '/ros2_ws/build/drivers': CMAKE_PREFIX_PATH=/ros2_ws/install/common:/ros2_ws/install/bringup:/ros2_ws/install/dri_interfaces:/ros2_ws/install/algorithms:/ros2_ws/install/interfaces:/ros2_ws/install/drivers:/opt/ros/humble /usr/bin/cmake --install /ros2_ws/build/drivers
[3.765s] Level 1:colcon.colcon_core.environment:create_environment_scripts_only(drivers)
[3.766s] Level 1:colcon.colcon_core.environment:checking '/ros2_ws/install/drivers' for CMake module files
[3.770s] DEBUG:colcon.colcon_core.event_handler.log_command:Invoked command in '/ros2_ws/build/drivers' returned '0': CMAKE_PREFIX_PATH=/ros2_ws/install/common:/ros2_ws/install/bringup:/ros2_ws/install/dri_interfaces:/ros2_ws/install/algorithms:/ros2_ws/install/interfaces:/ros2_ws/install/drivers:/opt/ros/humble /usr/bin/cmake --install /ros2_ws/build/drivers
[3.771s] Level 1:colcon.colcon_core.environment:checking '/ros2_ws/install/drivers' for CMake config files
[3.775s] Level 1:colcon.colcon_core.shell:create_environment_hook('drivers', 'cmake_prefix_path')
[3.776s] INFO:colcon.colcon_core.shell:Creating environment hook '/ros2_ws/install/drivers/share/drivers/hook/cmake_prefix_path.ps1'
[3.780s] INFO:colcon.colcon_core.shell:Creating environment descriptor '/ros2_ws/install/drivers/share/drivers/hook/cmake_prefix_path.dsv'
[3.784s] INFO:colcon.colcon_core.shell:Creating environment hook '/ros2_ws/install/drivers/share/drivers/hook/cmake_prefix_path.sh'
[3.788s] Level 1:colcon.colcon_core.environment:checking '/ros2_ws/install/drivers/lib'
[3.789s] Level 1:colcon.colcon_core.environment:checking '/ros2_ws/install/drivers/bin'
[3.790s] Level 1:colcon.colcon_core.environment:checking '/ros2_ws/install/drivers/lib/pkgconfig/drivers.pc'
[3.792s] Level 1:colcon.colcon_core.environment:checking '/ros2_ws/install/drivers/lib/python3.10/site-packages'
[3.794s] Level 1:colcon.colcon_core.environment:checking '/ros2_ws/install/drivers/bin'
[3.796s] INFO:colcon.colcon_core.shell:Creating package script '/ros2_ws/install/drivers/share/drivers/package.ps1'
[3.800s] INFO:colcon.colcon_core.shell:Creating package descriptor '/ros2_ws/install/drivers/share/drivers/package.dsv'
[3.802s] INFO:colcon.colcon_core.shell:Creating package script '/ros2_ws/install/drivers/share/drivers/package.sh'
[3.805s] INFO:colcon.colcon_core.shell:Creating package script '/ros2_ws/install/drivers/share/drivers/package.bash'
[3.807s] INFO:colcon.colcon_core.shell:Creating package script '/ros2_ws/install/drivers/share/drivers/package.zsh'
[3.808s] Level 1:colcon.colcon_core.environment:create_file_with_runtime_dependencies(/ros2_ws/install/drivers/share/colcon-core/packages/drivers)
[3.811s] Level 1:colcon.colcon_core.environment:create_environment_scripts_only(drivers)
[3.812s] Level 1:colcon.colcon_core.environment:checking '/ros2_ws/install/drivers' for CMake module files
[3.815s] Level 1:colcon.colcon_core.environment:checking '/ros2_ws/install/drivers' for CMake config files
[3.817s] Level 1:colcon.colcon_core.shell:create_environment_hook('drivers', 'cmake_prefix_path')
[3.819s] INFO:colcon.colcon_core.shell:Creating environment hook '/ros2_ws/install/drivers/share/drivers/hook/cmake_prefix_path.ps1'
[3.821s] INFO:colcon.colcon_core.shell:Creating environment descriptor '/ros2_ws/install/drivers/share/drivers/hook/cmake_prefix_path.dsv'
[3.822s] INFO:colcon.colcon_core.shell:Creating environment hook '/ros2_ws/install/drivers/share/drivers/hook/cmake_prefix_path.sh'
[3.825s] Level 1:colcon.colcon_core.environment:checking '/ros2_ws/install/drivers/lib'
[3.826s] Level 1:colcon.colcon_core.environment:checking '/ros2_ws/install/drivers/bin'
[3.826s] Level 1:colcon.colcon_core.environment:checking '/ros2_ws/install/drivers/lib/pkgconfig/drivers.pc'
[3.827s] Level 1:colcon.colcon_core.environment:checking '/ros2_ws/install/drivers/lib/python3.10/site-packages'
[3.829s] Level 1:colcon.colcon_core.environment:checking '/ros2_ws/install/drivers/bin'
[3.831s] INFO:colcon.colcon_core.shell:Creating package script '/ros2_ws/install/drivers/share/drivers/package.ps1'
[3.834s] INFO:colcon.colcon_core.shell:Creating package descriptor '/ros2_ws/install/drivers/share/drivers/package.dsv'
[3.836s] INFO:colcon.colcon_core.shell:Creating package script '/ros2_ws/install/drivers/share/drivers/package.sh'
[3.839s] INFO:colcon.colcon_core.shell:Creating package script '/ros2_ws/install/drivers/share/drivers/package.bash'
[3.841s] INFO:colcon.colcon_core.shell:Creating package script '/ros2_ws/install/drivers/share/drivers/package.zsh'
[3.843s] Level 1:colcon.colcon_core.environment:create_file_with_runtime_dependencies(/ros2_ws/install/drivers/share/colcon-core/packages/drivers)
[4.511s] DEBUG:colcon.colcon_core.event_handler.log_command:Invoked command in '/ros2_ws/build/interfaces' returned '0': CMAKE_PREFIX_PATH=${CMAKE_PREFIX_PATH}:/opt/ros/humble /usr/bin/cmake --build /ros2_ws/build/interfaces -- -j4 -l4
[4.519s] DEBUG:colcon.colcon_core.event_handler.log_command:Invoking command in '/ros2_ws/build/interfaces': CMAKE_PREFIX_PATH=${CMAKE_PREFIX_PATH}:/opt/ros/humble /usr/bin/cmake --install /ros2_ws/build/interfaces
[4.917s] Level 1:colcon.colcon_core.environment:create_environment_scripts_only(interfaces)
[4.918s] Level 1:colcon.colcon_core.environment:checking '/ros2_ws/install/interfaces' for CMake module files
[4.920s] DEBUG:colcon.colcon_core.event_handler.log_command:Invoked command in '/ros2_ws/build/interfaces' returned '0': CMAKE_PREFIX_PATH=${CMAKE_PREFIX_PATH}:/opt/ros/humble /usr/bin/cmake --install /ros2_ws/build/interfaces
[4.923s] Level 1:colcon.colcon_core.environment:checking '/ros2_ws/install/interfaces' for CMake config files
[4.929s] Level 1:colcon.colcon_core.shell:create_environment_hook('interfaces', 'cmake_prefix_path')
[4.930s] INFO:colcon.colcon_core.shell:Creating environment hook '/ros2_ws/install/interfaces/share/interfaces/hook/cmake_prefix_path.ps1'
[4.932s] INFO:colcon.colcon_core.shell:Creating environment descriptor '/ros2_ws/install/interfaces/share/interfaces/hook/cmake_prefix_path.dsv'
[4.934s] INFO:colcon.colcon_core.shell:Creating environment hook '/ros2_ws/install/interfaces/share/interfaces/hook/cmake_prefix_path.sh'
[4.937s] Level 1:colcon.colcon_core.environment:checking '/ros2_ws/install/interfaces/lib'
[4.937s] Level 1:colcon.colcon_core.shell:create_environment_hook('interfaces', 'ld_library_path_lib')
[4.939s] INFO:colcon.colcon_core.shell:Creating environment hook '/ros2_ws/install/interfaces/share/interfaces/hook/ld_library_path_lib.ps1'
[4.941s] INFO:colcon.colcon_core.shell:Creating environment descriptor '/ros2_ws/install/interfaces/share/interfaces/hook/ld_library_path_lib.dsv'
[4.943s] INFO:colcon.colcon_core.shell:Creating environment hook '/ros2_ws/install/interfaces/share/interfaces/hook/ld_library_path_lib.sh'
[4.945s] Level 1:colcon.colcon_core.environment:checking '/ros2_ws/install/interfaces/bin'
[4.945s] Level 1:colcon.colcon_core.environment:checking '/ros2_ws/install/interfaces/lib/pkgconfig/interfaces.pc'
[4.946s] Level 1:colcon.colcon_core.environment:checking '/ros2_ws/install/interfaces/lib/python3.10/site-packages'
[4.948s] Level 1:colcon.colcon_core.environment:checking '/ros2_ws/install/interfaces/bin'
[4.950s] INFO:colcon.colcon_core.shell:Creating package script '/ros2_ws/install/interfaces/share/interfaces/package.ps1'
[4.953s] INFO:colcon.colcon_core.shell:Creating package descriptor '/ros2_ws/install/interfaces/share/interfaces/package.dsv'
[4.956s] INFO:colcon.colcon_core.shell:Creating package script '/ros2_ws/install/interfaces/share/interfaces/package.sh'
[4.958s] INFO:colcon.colcon_core.shell:Creating package script '/ros2_ws/install/interfaces/share/interfaces/package.bash'
[4.960s] INFO:colcon.colcon_core.shell:Creating package script '/ros2_ws/install/interfaces/share/interfaces/package.zsh'
[4.963s] Level 1:colcon.colcon_core.environment:create_file_with_runtime_dependencies(/ros2_ws/install/interfaces/share/colcon-core/packages/interfaces)
[4.966s] Level 1:colcon.colcon_core.environment:create_environment_scripts_only(interfaces)
[4.967s] Level 1:colcon.colcon_core.environment:checking '/ros2_ws/install/interfaces' for CMake module files
[4.971s] Level 1:colcon.colcon_core.environment:checking '/ros2_ws/install/interfaces' for CMake config files
[4.976s] Level 1:colcon.colcon_core.shell:create_environment_hook('interfaces', 'cmake_prefix_path')
[4.978s] INFO:colcon.colcon_core.shell:Creating environment hook '/ros2_ws/install/interfaces/share/interfaces/hook/cmake_prefix_path.ps1'
[4.980s] INFO:colcon.colcon_core.shell:Creating environment descriptor '/ros2_ws/install/interfaces/share/interfaces/hook/cmake_prefix_path.dsv'
[4.982s] INFO:colcon.colcon_core.shell:Creating environment hook '/ros2_ws/install/interfaces/share/interfaces/hook/cmake_prefix_path.sh'
[4.984s] Level 1:colcon.colcon_core.environment:checking '/ros2_ws/install/interfaces/lib'
[4.985s] Level 1:colcon.colcon_core.shell:create_environment_hook('interfaces', 'ld_library_path_lib')
[4.986s] INFO:colcon.colcon_core.shell:Creating environment hook '/ros2_ws/install/interfaces/share/interfaces/hook/ld_library_path_lib.ps1'
[4.989s] INFO:colcon.colcon_core.shell:Creating environment descriptor '/ros2_ws/install/interfaces/share/interfaces/hook/ld_library_path_lib.dsv'
[4.991s] INFO:colcon.colcon_core.shell:Creating environment hook '/ros2_ws/install/interfaces/share/interfaces/hook/ld_library_path_lib.sh'
[4.993s] Level 1:colcon.colcon_core.environment:checking '/ros2_ws/install/interfaces/bin'
[4.994s] Level 1:colcon.colcon_core.environment:checking '/ros2_ws/install/interfaces/lib/pkgconfig/interfaces.pc'
[4.995s] Level 1:colcon.colcon_core.environment:checking '/ros2_ws/install/interfaces/lib/python3.10/site-packages'
[4.997s] Level 1:colcon.colcon_core.environment:checking '/ros2_ws/install/interfaces/bin'
[4.999s] INFO:colcon.colcon_core.shell:Creating package script '/ros2_ws/install/interfaces/share/interfaces/package.ps1'
[5.003s] INFO:colcon.colcon_core.shell:Creating package descriptor '/ros2_ws/install/interfaces/share/interfaces/package.dsv'
[5.006s] INFO:colcon.colcon_core.shell:Creating package script '/ros2_ws/install/interfaces/share/interfaces/package.sh'
[5.008s] INFO:colcon.colcon_core.shell:Creating package script '/ros2_ws/install/interfaces/share/interfaces/package.bash'
[5.011s] INFO:colcon.colcon_core.shell:Creating package script '/ros2_ws/install/interfaces/share/interfaces/package.zsh'
[5.013s] Level 1:colcon.colcon_core.environment:create_file_with_runtime_dependencies(/ros2_ws/install/interfaces/share/colcon-core/packages/interfaces)
[5.015s] INFO:colcon.colcon_ros.task.ament_cmake.build:Building ROS package in '/ros2_ws/src/algorithms' with build type 'ament_cmake'
[5.016s] INFO:colcon.colcon_cmake.task.cmake.build:Building CMake package in '/ros2_ws/src/algorithms'
[5.017s] INFO:colcon.colcon_core.shell:Skip shell extension 'powershell' for command environment: Not usable outside of PowerShell
[5.017s] DEBUG:colcon.colcon_core.shell:Skip shell extension 'dsv' for command environment
[5.036s] INFO:colcon.colcon_ros.task.ament_cmake.build:Building ROS package in '/ros2_ws/src/dri_interfaces' with build type 'ament_cmake'
[5.037s] INFO:colcon.colcon_cmake.task.cmake.build:Building CMake package in '/ros2_ws/src/dri_interfaces'
[5.038s] INFO:colcon.colcon_core.shell:Skip shell extension 'powershell' for command environment: Not usable outside of PowerShell
[5.039s] DEBUG:colcon.colcon_core.shell:Skip shell extension 'dsv' for command environment
[5.079s] DEBUG:colcon.colcon_core.event_handler.log_command:Invoking command in '/ros2_ws/build/algorithms': CMAKE_PREFIX_PATH=/ros2_ws/install/interfaces:/ros2_ws/install/common:/ros2_ws/install/bringup:/ros2_ws/install/dri_interfaces:/ros2_ws/install/algorithms:/ros2_ws/install/drivers:/opt/ros/humble /usr/bin/cmake --build /ros2_ws/build/algorithms -- -j4 -l4
[5.095s] DEBUG:colcon.colcon_core.event_handler.log_command:Invoking command in '/ros2_ws/build/dri_interfaces': CMAKE_PREFIX_PATH=/ros2_ws/install/interfaces:/ros2_ws/install/bringup:/ros2_ws/install/dri_interfaces:/ros2_ws/install/algorithms:/ros2_ws/install/drivers:/ros2_ws/install/common:/opt/ros/humble /usr/bin/cmake --build /ros2_ws/build/dri_interfaces -- -j4 -l4
[5.505s] DEBUG:colcon.colcon_core.event_handler.log_command:Invoked command in '/ros2_ws/build/dri_interfaces' returned '0': CMAKE_PREFIX_PATH=/ros2_ws/install/interfaces:/ros2_ws/install/bringup:/ros2_ws/install/dri_interfaces:/ros2_ws/install/algorithms:/ros2_ws/install/drivers:/ros2_ws/install/common:/opt/ros/humble /usr/bin/cmake --build /ros2_ws/build/dri_interfaces -- -j4 -l4
[5.524s] DEBUG:colcon.colcon_core.event_handler.log_command:Invoking command in '/ros2_ws/build/dri_interfaces': CMAKE_PREFIX_PATH=/ros2_ws/install/interfaces:/ros2_ws/install/bringup:/ros2_ws/install/dri_interfaces:/ros2_ws/install/algorithms:/ros2_ws/install/drivers:/ros2_ws/install/common:/opt/ros/humble /usr/bin/cmake --install /ros2_ws/build/dri_interfaces
[5.670s] Level 1:colcon.colcon_core.environment:create_environment_scripts_only(dri_interfaces)
[5.672s] Level 1:colcon.colcon_core.environment:checking '/ros2_ws/install/dri_interfaces' for CMake module files
[5.676s] Level 1:colcon.colcon_core.environment:checking '/ros2_ws/install/dri_interfaces' for CMake config files
[5.680s] Level 1:colcon.colcon_core.shell:create_environment_hook('dri_interfaces', 'cmake_prefix_path')
[5.678s] DEBUG:colcon.colcon_core.event_handler.log_command:Invoked command in '/ros2_ws/build/dri_interfaces' returned '0': CMAKE_PREFIX_PATH=/ros2_ws/install/interfaces:/ros2_ws/install/bringup:/ros2_ws/install/dri_interfaces:/ros2_ws/install/algorithms:/ros2_ws/install/drivers:/ros2_ws/install/common:/opt/ros/humble /usr/bin/cmake --install /ros2_ws/build/dri_interfaces
[5.682s] INFO:colcon.colcon_core.shell:Creating environment hook '/ros2_ws/install/dri_interfaces/share/dri_interfaces/hook/cmake_prefix_path.ps1'
[5.688s] INFO:colcon.colcon_core.shell:Creating environment descriptor '/ros2_ws/install/dri_interfaces/share/dri_interfaces/hook/cmake_prefix_path.dsv'
[5.692s] INFO:colcon.colcon_core.shell:Creating environment hook '/ros2_ws/install/dri_interfaces/share/dri_interfaces/hook/cmake_prefix_path.sh'
[5.696s] Level 1:colcon.colcon_core.environment:checking '/ros2_ws/install/dri_interfaces/lib'
[5.697s] Level 1:colcon.colcon_core.environment:checking '/ros2_ws/install/dri_interfaces/bin'
[5.698s] Level 1:colcon.colcon_core.environment:checking '/ros2_ws/install/dri_interfaces/lib/pkgconfig/dri_interfaces.pc'
[5.700s] Level 1:colcon.colcon_core.environment:checking '/ros2_ws/install/dri_interfaces/lib/python3.10/site-packages'
[5.703s] Level 1:colcon.colcon_core.environment:checking '/ros2_ws/install/dri_interfaces/bin'
[5.705s] INFO:colcon.colcon_core.shell:Creating package script '/ros2_ws/install/dri_interfaces/share/dri_interfaces/package.ps1'
[5.709s] INFO:colcon.colcon_core.shell:Creating package descriptor '/ros2_ws/install/dri_interfaces/share/dri_interfaces/package.dsv'
[5.712s] INFO:colcon.colcon_core.shell:Creating package script '/ros2_ws/install/dri_interfaces/share/dri_interfaces/package.sh'
[5.714s] INFO:colcon.colcon_core.shell:Creating package script '/ros2_ws/install/dri_interfaces/share/dri_interfaces/package.bash'
[5.718s] INFO:colcon.colcon_core.shell:Creating package script '/ros2_ws/install/dri_interfaces/share/dri_interfaces/package.zsh'
[5.721s] Level 1:colcon.colcon_core.environment:create_file_with_runtime_dependencies(/ros2_ws/install/dri_interfaces/share/colcon-core/packages/dri_interfaces)
[5.725s] Level 1:colcon.colcon_core.environment:create_environment_scripts_only(dri_interfaces)
[5.726s] Level 1:colcon.colcon_core.environment:checking '/ros2_ws/install/dri_interfaces' for CMake module files
[5.729s] Level 1:colcon.colcon_core.environment:checking '/ros2_ws/install/dri_interfaces' for CMake config files
[5.731s] Level 1:colcon.colcon_core.shell:create_environment_hook('dri_interfaces', 'cmake_prefix_path')
[5.733s] INFO:colcon.colcon_core.shell:Creating environment hook '/ros2_ws/install/dri_interfaces/share/dri_interfaces/hook/cmake_prefix_path.ps1'
[5.736s] INFO:colcon.colcon_core.shell:Creating environment descriptor '/ros2_ws/install/dri_interfaces/share/dri_interfaces/hook/cmake_prefix_path.dsv'
[5.740s] INFO:colcon.colcon_core.shell:Creating environment hook '/ros2_ws/install/dri_interfaces/share/dri_interfaces/hook/cmake_prefix_path.sh'
[5.743s] Level 1:colcon.colcon_core.environment:checking '/ros2_ws/install/dri_interfaces/lib'
[5.744s] Level 1:colcon.colcon_core.environment:checking '/ros2_ws/install/dri_interfaces/bin'
[5.744s] Level 1:colcon.colcon_core.environment:checking '/ros2_ws/install/dri_interfaces/lib/pkgconfig/dri_interfaces.pc'
[5.745s] Level 1:colcon.colcon_core.environment:checking '/ros2_ws/install/dri_interfaces/lib/python3.10/site-packages'
[5.748s] Level 1:colcon.colcon_core.environment:checking '/ros2_ws/install/dri_interfaces/bin'
[5.750s] INFO:colcon.colcon_core.shell:Creating package script '/ros2_ws/install/dri_interfaces/share/dri_interfaces/package.ps1'
[5.755s] INFO:colcon.colcon_core.shell:Creating package descriptor '/ros2_ws/install/dri_interfaces/share/dri_interfaces/package.dsv'
[5.759s] INFO:colcon.colcon_core.shell:Creating package script '/ros2_ws/install/dri_interfaces/share/dri_interfaces/package.sh'
[5.763s] INFO:colcon.colcon_core.shell:Creating package script '/ros2_ws/install/dri_interfaces/share/dri_interfaces/package.bash'
[5.768s] INFO:colcon.colcon_core.shell:Creating package script '/ros2_ws/install/dri_interfaces/share/dri_interfaces/package.zsh'
[5.772s] Level 1:colcon.colcon_core.environment:create_file_with_runtime_dependencies(/ros2_ws/install/dri_interfaces/share/colcon-core/packages/dri_interfaces)
[58.529s] DEBUG:colcon.colcon_core.event_handler.log_command:Invoked command in '/ros2_ws/build/algorithms' returned '0': CMAKE_PREFIX_PATH=/ros2_ws/install/interfaces:/ros2_ws/install/common:/ros2_ws/install/bringup:/ros2_ws/install/dri_interfaces:/ros2_ws/install/algorithms:/ros2_ws/install/drivers:/opt/ros/humble /usr/bin/cmake --build /ros2_ws/build/algorithms -- -j4 -l4
[58.535s] DEBUG:colcon.colcon_core.event_handler.log_command:Invoking command in '/ros2_ws/build/algorithms': CMAKE_PREFIX_PATH=/ros2_ws/install/interfaces:/ros2_ws/install/common:/ros2_ws/install/bringup:/ros2_ws/install/dri_interfaces:/ros2_ws/install/algorithms:/ros2_ws/install/drivers:/opt/ros/humble /usr/bin/cmake --install /ros2_ws/build/algorithms
[58.605s] Level 1:colcon.colcon_core.environment:create_environment_scripts_only(algorithms)
[58.606s] Level 1:colcon.colcon_core.environment:checking '/ros2_ws/install/algorithms' for CMake module files
[58.608s] DEBUG:colcon.colcon_core.event_handler.log_command:Invoked command in '/ros2_ws/build/algorithms' returned '0': CMAKE_PREFIX_PATH=/ros2_ws/install/interfaces:/ros2_ws/install/common:/ros2_ws/install/bringup:/ros2_ws/install/dri_interfaces:/ros2_ws/install/algorithms:/ros2_ws/install/drivers:/opt/ros/humble /usr/bin/cmake --install /ros2_ws/build/algorithms
[58.609s] Level 1:colcon.colcon_core.environment:checking '/ros2_ws/install/algorithms' for CMake config files
[58.611s] Level 1:colcon.colcon_core.shell:create_environment_hook('algorithms', 'cmake_prefix_path')
[58.612s] INFO:colcon.colcon_core.shell:Creating environment hook '/ros2_ws/install/algorithms/share/algorithms/hook/cmake_prefix_path.ps1'
[58.614s] INFO:colcon.colcon_core.shell:Creating environment descriptor '/ros2_ws/install/algorithms/share/algorithms/hook/cmake_prefix_path.dsv'
[58.615s] INFO:colcon.colcon_core.shell:Creating environment hook '/ros2_ws/install/algorithms/share/algorithms/hook/cmake_prefix_path.sh'
[58.617s] Level 1:colcon.colcon_core.environment:checking '/ros2_ws/install/algorithms/lib'
[58.617s] Level 1:colcon.colcon_core.environment:checking '/ros2_ws/install/algorithms/bin'
[58.618s] Level 1:colcon.colcon_core.environment:checking '/ros2_ws/install/algorithms/lib/pkgconfig/algorithms.pc'
[58.619s] Level 1:colcon.colcon_core.environment:checking '/ros2_ws/install/algorithms/lib/python3.10/site-packages'
[58.620s] Level 1:colcon.colcon_core.environment:checking '/ros2_ws/install/algorithms/bin'
[58.621s] INFO:colcon.colcon_core.shell:Creating package script '/ros2_ws/install/algorithms/share/algorithms/package.ps1'
[58.624s] INFO:colcon.colcon_core.shell:Creating package descriptor '/ros2_ws/install/algorithms/share/algorithms/package.dsv'
[58.626s] INFO:colcon.colcon_core.shell:Creating package script '/ros2_ws/install/algorithms/share/algorithms/package.sh'
[58.628s] INFO:colcon.colcon_core.shell:Creating package script '/ros2_ws/install/algorithms/share/algorithms/package.bash'
[58.629s] INFO:colcon.colcon_core.shell:Creating package script '/ros2_ws/install/algorithms/share/algorithms/package.zsh'
[58.631s] Level 1:colcon.colcon_core.environment:create_file_with_runtime_dependencies(/ros2_ws/install/algorithms/share/colcon-core/packages/algorithms)
[58.633s] Level 1:colcon.colcon_core.environment:create_environment_scripts_only(algorithms)
[58.635s] Level 1:colcon.colcon_core.environment:checking '/ros2_ws/install/algorithms' for CMake module files
[58.637s] Level 1:colcon.colcon_core.environment:checking '/ros2_ws/install/algorithms' for CMake config files
[58.639s] Level 1:colcon.colcon_core.shell:create_environment_hook('algorithms', 'cmake_prefix_path')
[58.640s] INFO:colcon.colcon_core.shell:Creating environment hook '/ros2_ws/install/algorithms/share/algorithms/hook/cmake_prefix_path.ps1'
[58.642s] INFO:colcon.colcon_core.shell:Creating environment descriptor '/ros2_ws/install/algorithms/share/algorithms/hook/cmake_prefix_path.dsv'
[58.643s] INFO:colcon.colcon_core.shell:Creating environment hook '/ros2_ws/install/algorithms/share/algorithms/hook/cmake_prefix_path.sh'
[58.645s] Level 1:colcon.colcon_core.environment:checking '/ros2_ws/install/algorithms/lib'
[58.646s] Level 1:colcon.colcon_core.environment:checking '/ros2_ws/install/algorithms/bin'
[58.646s] Level 1:colcon.colcon_core.environment:checking '/ros2_ws/install/algorithms/lib/pkgconfig/algorithms.pc'
[58.647s] Level 1:colcon.colcon_core.environment:checking '/ros2_ws/install/algorithms/lib/python3.10/site-packages'
[58.649s] Level 1:colcon.colcon_core.environment:checking '/ros2_ws/install/algorithms/bin'
[58.650s] INFO:colcon.colcon_core.shell:Creating package script '/ros2_ws/install/algorithms/share/algorithms/package.ps1'
[58.653s] INFO:colcon.colcon_core.shell:Creating package descriptor '/ros2_ws/install/algorithms/share/algorithms/package.dsv'
[58.655s] INFO:colcon.colcon_core.shell:Creating package script '/ros2_ws/install/algorithms/share/algorithms/package.sh'
[58.656s] INFO:colcon.colcon_core.shell:Creating package script '/ros2_ws/install/algorithms/share/algorithms/package.bash'
[58.658s] INFO:colcon.colcon_core.shell:Creating package script '/ros2_ws/install/algorithms/share/algorithms/package.zsh'
[58.660s] Level 1:colcon.colcon_core.environment:create_file_with_runtime_dependencies(/ros2_ws/install/algorithms/share/colcon-core/packages/algorithms)
[58.661s] INFO:colcon.colcon_ros.task.ament_cmake.build:Building ROS package in '/ros2_ws/src/bringup' with build type 'ament_cmake'
[58.662s] INFO:colcon.colcon_cmake.task.cmake.build:Building CMake package in '/ros2_ws/src/bringup'
[58.663s] INFO:colcon.colcon_core.shell:Skip shell extension 'powershell' for command environment: Not usable outside of PowerShell
[58.663s] DEBUG:colcon.colcon_core.shell:Skip shell extension 'dsv' for command environment
[58.712s] DEBUG:colcon.colcon_core.event_handler.log_command:Invoking command in '/ros2_ws/build/bringup': CMAKE_PREFIX_PATH=/ros2_ws/install/dri_interfaces:/ros2_ws/install/algorithms:/ros2_ws/install/interfaces:/ros2_ws/install/common:/ros2_ws/install/bringup:/ros2_ws/install/drivers:/opt/ros/humble /usr/bin/cmake --build /ros2_ws/build/bringup -- -j4 -l4
[58.828s] DEBUG:colcon.colcon_core.event_handler.log_command:Invoked command in '/ros2_ws/build/bringup' returned '0': CMAKE_PREFIX_PATH=/ros2_ws/install/dri_interfaces:/ros2_ws/install/algorithms:/ros2_ws/install/interfaces:/ros2_ws/install/common:/ros2_ws/install/bringup:/ros2_ws/install/drivers:/opt/ros/humble /usr/bin/cmake --build /ros2_ws/build/bringup -- -j4 -l4
[58.833s] DEBUG:colcon.colcon_core.event_handler.log_command:Invoking command in '/ros2_ws/build/bringup': CMAKE_PREFIX_PATH=/ros2_ws/install/dri_interfaces:/ros2_ws/install/algorithms:/ros2_ws/install/interfaces:/ros2_ws/install/common:/ros2_ws/install/bringup:/ros2_ws/install/drivers:/opt/ros/humble /usr/bin/cmake --install /ros2_ws/build/bringup
[58.898s] Level 1:colcon.colcon_core.environment:create_environment_scripts_only(bringup)
[58.900s] Level 1:colcon.colcon_core.environment:checking '/ros2_ws/install/bringup' for CMake module files
[58.901s] DEBUG:colcon.colcon_core.event_handler.log_command:Invoked command in '/ros2_ws/build/bringup' returned '0': CMAKE_PREFIX_PATH=/ros2_ws/install/dri_interfaces:/ros2_ws/install/algorithms:/ros2_ws/install/interfaces:/ros2_ws/install/common:/ros2_ws/install/bringup:/ros2_ws/install/drivers:/opt/ros/humble /usr/bin/cmake --install /ros2_ws/build/bringup
[58.902s] Level 1:colcon.colcon_core.environment:checking '/ros2_ws/install/bringup' for CMake config files
[58.904s] Level 1:colcon.colcon_core.shell:create_environment_hook('bringup', 'cmake_prefix_path')
[58.905s] INFO:colcon.colcon_core.shell:Creating environment hook '/ros2_ws/install/bringup/share/bringup/hook/cmake_prefix_path.ps1'
[58.906s] INFO:colcon.colcon_core.shell:Creating environment descriptor '/ros2_ws/install/bringup/share/bringup/hook/cmake_prefix_path.dsv'
[58.908s] INFO:colcon.colcon_core.shell:Creating environment hook '/ros2_ws/install/bringup/share/bringup/hook/cmake_prefix_path.sh'
[58.910s] Level 1:colcon.colcon_core.environment:checking '/ros2_ws/install/bringup/bin'
[58.910s] Level 1:colcon.colcon_core.environment:checking '/ros2_ws/install/bringup/lib/pkgconfig/bringup.pc'
[58.911s] Level 1:colcon.colcon_core.environment:checking '/ros2_ws/install/bringup/lib/python3.10/site-packages'
[58.913s] Level 1:colcon.colcon_core.environment:checking '/ros2_ws/install/bringup/bin'
[58.914s] INFO:colcon.colcon_core.shell:Creating package script '/ros2_ws/install/bringup/share/bringup/package.ps1'
[58.917s] INFO:colcon.colcon_core.shell:Creating package descriptor '/ros2_ws/install/bringup/share/bringup/package.dsv'
[58.918s] INFO:colcon.colcon_core.shell:Creating package script '/ros2_ws/install/bringup/share/bringup/package.sh'
[58.920s] INFO:colcon.colcon_core.shell:Creating package script '/ros2_ws/install/bringup/share/bringup/package.bash'
[58.921s] INFO:colcon.colcon_core.shell:Creating package script '/ros2_ws/install/bringup/share/bringup/package.zsh'
[58.922s] Level 1:colcon.colcon_core.environment:create_file_with_runtime_dependencies(/ros2_ws/install/bringup/share/colcon-core/packages/bringup)
[58.924s] Level 1:colcon.colcon_core.environment:create_environment_scripts_only(bringup)
[58.925s] Level 1:colcon.colcon_core.environment:checking '/ros2_ws/install/bringup' for CMake module files
[58.928s] Level 1:colcon.colcon_core.environment:checking '/ros2_ws/install/bringup' for CMake config files
[58.929s] Level 1:colcon.colcon_core.shell:create_environment_hook('bringup', 'cmake_prefix_path')
[58.931s] INFO:colcon.colcon_core.shell:Creating environment hook '/ros2_ws/install/bringup/share/bringup/hook/cmake_prefix_path.ps1'
[58.932s] INFO:colcon.colcon_core.shell:Creating environment descriptor '/ros2_ws/install/bringup/share/bringup/hook/cmake_prefix_path.dsv'
[58.934s] INFO:colcon.colcon_core.shell:Creating environment hook '/ros2_ws/install/bringup/share/bringup/hook/cmake_prefix_path.sh'
[58.936s] Level 1:colcon.colcon_core.environment:checking '/ros2_ws/install/bringup/bin'
[58.937s] Level 1:colcon.colcon_core.environment:checking '/ros2_ws/install/bringup/lib/pkgconfig/bringup.pc'
[58.938s] Level 1:colcon.colcon_core.environment:checking '/ros2_ws/install/bringup/lib/python3.10/site-packages'
[58.939s] Level 1:colcon.colcon_core.environment:checking '/ros2_ws/install/bringup/bin'
[58.941s] INFO:colcon.colcon_core.shell:Creating package script '/ros2_ws/install/bringup/share/bringup/package.ps1'
[58.943s] INFO:colcon.colcon_core.shell:Creating package descriptor '/ros2_ws/install/bringup/share/bringup/package.dsv'
[58.945s] INFO:colcon.colcon_core.shell:Creating package script '/ros2_ws/install/bringup/share/bringup/package.sh'
[58.949s] INFO:colcon.colcon_core.shell:Creating package script '/ros2_ws/install/bringup/share/bringup/package.bash'
[58.950s] INFO:colcon.colcon_core.shell:Creating package script '/ros2_ws/install/bringup/share/bringup/package.zsh'
[58.952s] Level 1:colcon.colcon_core.environment:create_file_with_runtime_dependencies(/ros2_ws/install/bringup/share/colcon-core/packages/bringup)
[58.953s] DEBUG:colcon.colcon_parallel_executor.executor.parallel:closing loop
[58.954s] DEBUG:colcon.colcon_parallel_executor.executor.parallel:loop closed
[58.954s] DEBUG:colcon.colcon_parallel_executor.executor.parallel:run_until_complete finished with '0'
[58.954s] DEBUG:colcon.colcon_core.event_reactor:joining thread
[58.976s] INFO:colcon.colcon_core.plugin_system:Skipping extension 'colcon_notification.desktop_notification.notify_send': Could not find 'notify-send'
[58.976s] INFO:colcon.colcon_core.plugin_system:Skipping extension 'colcon_notification.desktop_notification.terminal_notifier': Not used on non-Darwin systems
[58.977s] INFO:colcon.colcon_core.plugin_system:Skipping extension 'colcon_notification.desktop_notification.win32': Not used on non-Windows systems
[58.977s] INFO:colcon.colcon_notification.desktop_notification:Sending desktop notification using 'notify2'
[58.977s] DEBUG:colcon.colcon_notification.desktop_notification.notify2:Failed to initialize notify2: org.freedesktop.DBus.Error.NotSupported: Unable to autolaunch a dbus-daemon without a $DISPLAY for X11
[58.977s] DEBUG:colcon.colcon_core.event_reactor:joined thread
[58.979s] INFO:colcon.colcon_core.shell:Creating prefix script '/ros2_ws/install/local_setup.ps1'
[58.982s] INFO:colcon.colcon_core.shell:Creating prefix util module '/ros2_ws/install/_local_setup_util_ps1.py'
[58.989s] INFO:colcon.colcon_core.shell:Creating prefix chain script '/ros2_ws/install/setup.ps1'
[58.994s] INFO:colcon.colcon_core.shell:Creating prefix script '/ros2_ws/install/local_setup.sh'
[58.997s] INFO:colcon.colcon_core.shell:Creating prefix util module '/ros2_ws/install/_local_setup_util_sh.py'
[58.999s] INFO:colcon.colcon_core.shell:Creating prefix chain script '/ros2_ws/install/setup.sh'
[59.004s] INFO:colcon.colcon_core.shell:Creating prefix script '/ros2_ws/install/local_setup.bash'
[59.007s] INFO:colcon.colcon_core.shell:Creating prefix chain script '/ros2_ws/install/setup.bash'
[59.012s] INFO:colcon.colcon_core.shell:Creating prefix script '/ros2_ws/install/local_setup.zsh'
[59.014s] INFO:colcon.colcon_core.shell:Creating prefix chain script '/ros2_ws/install/setup.zsh'
