[0.134s] Invoking command in '/ros2_ws/build/description': AMENT_PREFIX_PATH=/ros2_ws/install/brain_hardware:/ros2_ws/install/interfaces:${AMENT_PREFIX_PATH} CMAKE_PREFIX_PATH=/ros2_ws/install/brain_hardware:/ros2_ws/install/interfaces:/opt/ros/humble LD_LIBRARY_PATH=/ros2_ws/install/brain_hardware/lib:/ros2_ws/install/interfaces/lib:${LD_LIBRARY_PATH} PYTHONPATH=/ros2_ws/install/interfaces/local/lib/python3.10/dist-packages:${PYTHONPATH} /usr/bin/cmake --build /ros2_ws/build/description -- -j4 -l4
[0.299s] Invoked command in '/ros2_ws/build/description' returned '0': AMENT_PREFIX_PATH=/ros2_ws/install/brain_hardware:/ros2_ws/install/interfaces:${AMENT_PREFIX_PATH} CMAKE_PREFIX_PATH=/ros2_ws/install/brain_hardware:/ros2_ws/install/interfaces:/opt/ros/humble LD_LIBRARY_PATH=/ros2_ws/install/brain_hardware/lib:/ros2_ws/install/interfaces/lib:${LD_LIBRARY_PATH} PYTHONPATH=/ros2_ws/install/interfaces/local/lib/python3.10/dist-packages:${PYTHONPATH} /usr/bin/cmake --build /ros2_ws/build/description -- -j4 -l4
[0.303s] Invoking command in '/ros2_ws/build/description': AMENT_PREFIX_PATH=/ros2_ws/install/brain_hardware:/ros2_ws/install/interfaces:${AMENT_PREFIX_PATH} CMAKE_PREFIX_PATH=/ros2_ws/install/brain_hardware:/ros2_ws/install/interfaces:/opt/ros/humble LD_LIBRARY_PATH=/ros2_ws/install/brain_hardware/lib:/ros2_ws/install/interfaces/lib:${LD_LIBRARY_PATH} PYTHONPATH=/ros2_ws/install/interfaces/local/lib/python3.10/dist-packages:${PYTHONPATH} /usr/bin/cmake --install /ros2_ws/build/description
[0.332s] -- Install configuration: ""
[0.333s] -- Up-to-date: /ros2_ws/install/description/share/description/urdf
[0.335s] -- Up-to-date: /ros2_ws/install/description/share/description/urdf/dabai.xacro
[0.337s] -- Up-to-date: /ros2_ws/install/description/share/description/urdf/materials.xacro
[0.339s] -- Up-to-date: /ros2_ws/install/description/share/description/urdf/description.urdf.xacro
[0.340s] -- Up-to-date: /ros2_ws/install/description/share/description/urdf/ascamera.xacro
[0.341s] -- Up-to-date: /ros2_ws/install/description/share/description/config
[0.341s] -- Up-to-date: /ros2_ws/install/description/share/description/config/brain_controllers.yaml
[0.342s] -- Up-to-date: /ros2_ws/install/description/share/description/config/nav2_params.yaml
[0.342s] -- Up-to-date: /ros2_ws/install/description/share/description/config/slam_params.yaml
[0.343s] -- Up-to-date: /ros2_ws/install/description/share/description/launch
[0.343s] -- Up-to-date: /ros2_ws/install/description/share/description/launch/display.launch.py
[0.344s] -- Up-to-date: /ros2_ws/install/description/share/description/rviz
[0.345s] -- Up-to-date: /ros2_ws/install/description/share/description/meshes
[0.346s] -- Up-to-date: /ros2_ws/install/description/share/ament_index/resource_index/package_run_dependencies/description
[0.346s] -- Up-to-date: /ros2_ws/install/description/share/ament_index/resource_index/parent_prefix_path/description
[0.346s] -- Up-to-date: /ros2_ws/install/description/share/description/environment/ament_prefix_path.sh
[0.347s] -- Up-to-date: /ros2_ws/install/description/share/description/environment/ament_prefix_path.dsv
[0.347s] -- Up-to-date: /ros2_ws/install/description/share/description/environment/path.sh
[0.348s] -- Up-to-date: /ros2_ws/install/description/share/description/environment/path.dsv
[0.348s] -- Up-to-date: /ros2_ws/install/description/share/description/local_setup.bash
[0.349s] -- Up-to-date: /ros2_ws/install/description/share/description/local_setup.sh
[0.349s] -- Up-to-date: /ros2_ws/install/description/share/description/local_setup.zsh
[0.349s] -- Up-to-date: /ros2_ws/install/description/share/description/local_setup.dsv
[0.350s] -- Installing: /ros2_ws/install/description/share/description/package.dsv
[0.350s] -- Up-to-date: /ros2_ws/install/description/share/ament_index/resource_index/packages/description
[0.351s] -- Up-to-date: /ros2_ws/install/description/share/description/cmake/descriptionConfig.cmake
[0.351s] -- Up-to-date: /ros2_ws/install/description/share/description/cmake/descriptionConfig-version.cmake
[0.351s] -- Up-to-date: /ros2_ws/install/description/share/description/package.xml
[0.366s] Invoked command in '/ros2_ws/build/description' returned '0': AMENT_PREFIX_PATH=/ros2_ws/install/brain_hardware:/ros2_ws/install/interfaces:${AMENT_PREFIX_PATH} CMAKE_PREFIX_PATH=/ros2_ws/install/brain_hardware:/ros2_ws/install/interfaces:/opt/ros/humble LD_LIBRARY_PATH=/ros2_ws/install/brain_hardware/lib:/ros2_ws/install/interfaces/lib:${LD_LIBRARY_PATH} PYTHONPATH=/ros2_ws/install/interfaces/local/lib/python3.10/dist-packages:${PYTHONPATH} /usr/bin/cmake --install /ros2_ws/build/description
