[0.105s] Invoking command in '/ros2_ws/build/collision_avoidance': CMAKE_PREFIX_PATH=/opt/ros/humble /usr/bin/cmake --build /ros2_ws/build/collision_avoidance -- -j4 -l4
[0.311s] [35m[1mConsolidate compiler generated dependencies of target simple_collision_monitor[0m
[0.423s] [ 50%] Built target simple_collision_monitor
[0.589s] [35m[1mConsolidate compiler generated dependencies of target simple_collision_monitor_node[0m
[0.721s] [100%] Built target simple_collision_monitor_node
[0.816s] Invoked command in '/ros2_ws/build/collision_avoidance' returned '0': CMAKE_PREFIX_PATH=/opt/ros/humble /usr/bin/cmake --build /ros2_ws/build/collision_avoidance -- -j4 -l4
[0.821s] Invoking command in '/ros2_ws/build/collision_avoidance': CMAKE_PREFIX_PATH=/opt/ros/humble /usr/bin/cmake --install /ros2_ws/build/collision_avoidance
[0.945s] -- Install configuration: ""
[0.945s] -- Up-to-date: /ros2_ws/install/collision_avoidance/lib/libsimple_collision_monitor.so
[0.946s] -- Up-to-date: /ros2_ws/install/collision_avoidance/lib/collision_avoidance/simple_collision_monitor_node
[0.946s] -- Up-to-date: /ros2_ws/install/collision_avoidance/include/collision_avoidance
[0.947s] -- Up-to-date: /ros2_ws/install/collision_avoidance/include/collision_avoidance/collision_avoidance
[0.948s] -- Up-to-date: /ros2_ws/install/collision_avoidance/include/collision_avoidance/collision_avoidance/simple_collision_monitor.hpp
[0.949s] -- Up-to-date: /ros2_ws/install/collision_avoidance/share/ament_index/resource_index/package_run_dependencies/collision_avoidance
[0.959s] -- Up-to-date: /ros2_ws/install/collision_avoidance/share/ament_index/resource_index/parent_prefix_path/collision_avoidance
[0.959s] -- Up-to-date: /ros2_ws/install/collision_avoidance/share/collision_avoidance/environment/ament_prefix_path.sh
[0.960s] -- Up-to-date: /ros2_ws/install/collision_avoidance/share/collision_avoidance/environment/ament_prefix_path.dsv
[0.960s] -- Up-to-date: /ros2_ws/install/collision_avoidance/share/collision_avoidance/environment/path.sh
[0.961s] -- Up-to-date: /ros2_ws/install/collision_avoidance/share/collision_avoidance/environment/path.dsv
[0.961s] -- Up-to-date: /ros2_ws/install/collision_avoidance/share/collision_avoidance/local_setup.bash
[0.962s] -- Up-to-date: /ros2_ws/install/collision_avoidance/share/collision_avoidance/local_setup.sh
[0.962s] -- Up-to-date: /ros2_ws/install/collision_avoidance/share/collision_avoidance/local_setup.zsh
[0.962s] -- Up-to-date: /ros2_ws/install/collision_avoidance/share/collision_avoidance/local_setup.dsv
[0.963s] -- Installing: /ros2_ws/install/collision_avoidance/share/collision_avoidance/package.dsv
[0.963s] -- Up-to-date: /ros2_ws/install/collision_avoidance/share/ament_index/resource_index/packages/collision_avoidance
[0.964s] -- Up-to-date: /ros2_ws/install/collision_avoidance/share/collision_avoidance/cmake/collision_avoidanceConfig.cmake
[0.964s] -- Up-to-date: /ros2_ws/install/collision_avoidance/share/collision_avoidance/cmake/collision_avoidanceConfig-version.cmake
[0.965s] -- Up-to-date: /ros2_ws/install/collision_avoidance/share/collision_avoidance/package.xml
[0.965s] Invoked command in '/ros2_ws/build/collision_avoidance' returned '0': CMAKE_PREFIX_PATH=/opt/ros/humble /usr/bin/cmake --install /ros2_ws/build/collision_avoidance
