[0.034s] Invoking command in '/ros2_ws/build/description': CMAKE_PREFIX_PATH=${CMAKE_PREFIX_PATH}:/opt/ros/humble /usr/bin/cmake /ros2_ws/src/description -DCMAKE_INSTALL_PREFIX=/ros2_ws/install/description
[0.228s] -- The C compiler identification is GNU 11.4.0
[0.429s] -- The CXX compiler identification is GNU 11.4.0
[0.452s] -- Detecting C compiler ABI info
[0.674s] -- Detecting C compiler ABI info - done
[0.706s] -- Check for working C compiler: /usr/bin/cc - skipped
[0.707s] -- Detecting C compile features
[0.709s] -- Detecting C compile features - done
[0.720s] -- Detecting CXX compiler ABI info
[0.987s] -- Detecting CXX compiler ABI info - done
[1.020s] -- Check for working CXX compiler: /usr/bin/c++ - skipped
[1.021s] -- Detecting CXX compile features
[1.022s] -- Detecting CXX compile features - done
[1.034s] -- Found ament_cmake: 1.3.14 (/opt/ros/humble/share/ament_cmake/cmake)
[1.652s] -- Found Python3: /usr/bin/python3 (found version "3.10.12") found components: Interpreter 
[2.330s] -- Configuring done
[2.341s] -- Generating done
[2.346s] -- Build files have been written to: /ros2_ws/build/description
[2.360s] Invoked command in '/ros2_ws/build/description' returned '0': CMAKE_PREFIX_PATH=${CMAKE_PREFIX_PATH}:/opt/ros/humble /usr/bin/cmake /ros2_ws/src/description -DCMAKE_INSTALL_PREFIX=/ros2_ws/install/description
[2.368s] Invoking command in '/ros2_ws/build/description': CMAKE_PREFIX_PATH=${CMAKE_PREFIX_PATH}:/opt/ros/humble /usr/bin/cmake --build /ros2_ws/build/description -- -j4 -l4
[2.477s] Invoked command in '/ros2_ws/build/description' returned '0': CMAKE_PREFIX_PATH=${CMAKE_PREFIX_PATH}:/opt/ros/humble /usr/bin/cmake --build /ros2_ws/build/description -- -j4 -l4
[2.507s] Invoking command in '/ros2_ws/build/description': CMAKE_PREFIX_PATH=${CMAKE_PREFIX_PATH}:/opt/ros/humble /usr/bin/cmake --install /ros2_ws/build/description
[2.527s] -- Install configuration: ""
[2.528s] -- Installing: /ros2_ws/install/description/share/description/urdf
[2.528s] -- Installing: /ros2_ws/install/description/share/description/urdf/dabai.xacro
[2.529s] -- Installing: /ros2_ws/install/description/share/description/urdf/materials.xacro
[2.529s] -- Installing: /ros2_ws/install/description/share/description/urdf/description.urdf.xacro
[2.530s] -- Installing: /ros2_ws/install/description/share/description/urdf/ascamera.xacro
[2.530s] -- Installing: /ros2_ws/install/description/share/description/config
[2.531s] -- Installing: /ros2_ws/install/description/share/description/launch
[2.531s] -- Installing: /ros2_ws/install/description/share/description/launch/display.launch.py
[2.531s] -- Installing: /ros2_ws/install/description/share/description/rviz
[2.532s] -- Installing: /ros2_ws/install/description/share/description/meshes
[2.532s] -- Installing: /ros2_ws/install/description/share/ament_index/resource_index/package_run_dependencies/description
[2.533s] -- Installing: /ros2_ws/install/description/share/ament_index/resource_index/parent_prefix_path/description
[2.533s] -- Installing: /ros2_ws/install/description/share/description/environment/ament_prefix_path.sh
[2.533s] -- Installing: /ros2_ws/install/description/share/description/environment/ament_prefix_path.dsv
[2.534s] -- Installing: /ros2_ws/install/description/share/description/environment/path.sh
[2.534s] -- Installing: /ros2_ws/install/description/share/description/environment/path.dsv
[2.534s] -- Installing: /ros2_ws/install/description/share/description/local_setup.bash
[2.535s] -- Installing: /ros2_ws/install/description/share/description/local_setup.sh
[2.535s] -- Installing: /ros2_ws/install/description/share/description/local_setup.zsh
[2.535s] -- Installing: /ros2_ws/install/description/share/description/local_setup.dsv
[2.536s] -- Installing: /ros2_ws/install/description/share/description/package.dsv
[2.536s] -- Installing: /ros2_ws/install/description/share/ament_index/resource_index/packages/description
[2.536s] -- Installing: /ros2_ws/install/description/share/description/cmake/descriptionConfig.cmake
[2.537s] -- Installing: /ros2_ws/install/description/share/description/cmake/descriptionConfig-version.cmake
[2.537s] -- Installing: /ros2_ws/install/description/share/description/package.xml
[2.543s] Invoked command in '/ros2_ws/build/description' returned '0': CMAKE_PREFIX_PATH=${CMAKE_PREFIX_PATH}:/opt/ros/humble /usr/bin/cmake --install /ros2_ws/build/description
