[0.051s] Invoking command in '/ros2_ws/build/algorithms': CMAKE_PREFIX_PATH=/ros2_ws/install/interfaces:/ros2_ws/install/common:/ros2_ws/install/bringup:/ros2_ws/install/dri_interfaces:/ros2_ws/install/algorithms:/ros2_ws/install/drivers:/opt/ros/humble LD_LIBRARY_PATH=/ros2_ws/install/interfaces/lib:/ros2_ws/install/algorithms/lib:/ros2_ws/install/drivers/lib:/ros2_ws/install/common/lib:/opt/ros/humble/opt/rviz_ogre_vendor/lib:/opt/ros/humble/lib/aarch64-linux-gnu:/opt/ros/humble/lib /usr/bin/cmake --build /ros2_ws/build/algorithms -- -j4 -l4
[0.224s] [35m[1mConsolidate compiler generated dependencies of target imu_tools[0m
[0.225s] [35m[1mConsolidate compiler generated dependencies of target twist_handler[0m
[0.225s] [35m[1mConsolidate compiler generated dependencies of target attitude_compensator[0m
[0.232s] [35m[1mConsolidate compiler generated dependencies of target inverse_kinematics[0m
[0.282s] [ 12%] Built target twist_handler
[0.307s] [ 25%] Built target inverse_kinematics
[0.315s] [ 37%] Built target attitude_compensator
[0.329s] [ 50%] Built target imu_tools
[0.355s] [35m[1mConsolidate compiler generated dependencies of target twist_node[0m
[0.360s] [35m[1mConsolidate compiler generated dependencies of target ik_node[0m
[0.410s] [35m[1mConsolidate compiler generated dependencies of target imu_tools_node[0m
[0.420s] [35m[1mConsolidate compiler generated dependencies of target attitude_comp_node[0m
[0.498s] [ 62%] Built target ik_node
[0.555s] [ 81%] Built target twist_node
[0.558s] [ 87%] Built target attitude_comp_node
[0.588s] [100%] Built target imu_tools_node
[0.628s] Invoked command in '/ros2_ws/build/algorithms' returned '0': CMAKE_PREFIX_PATH=/ros2_ws/install/interfaces:/ros2_ws/install/common:/ros2_ws/install/bringup:/ros2_ws/install/dri_interfaces:/ros2_ws/install/algorithms:/ros2_ws/install/drivers:/opt/ros/humble LD_LIBRARY_PATH=/ros2_ws/install/interfaces/lib:/ros2_ws/install/algorithms/lib:/ros2_ws/install/drivers/lib:/ros2_ws/install/common/lib:/opt/ros/humble/opt/rviz_ogre_vendor/lib:/opt/ros/humble/lib/aarch64-linux-gnu:/opt/ros/humble/lib /usr/bin/cmake --build /ros2_ws/build/algorithms -- -j4 -l4
[0.656s] Invoking command in '/ros2_ws/build/algorithms': CMAKE_PREFIX_PATH=/ros2_ws/install/interfaces:/ros2_ws/install/common:/ros2_ws/install/bringup:/ros2_ws/install/dri_interfaces:/ros2_ws/install/algorithms:/ros2_ws/install/drivers:/opt/ros/humble LD_LIBRARY_PATH=/ros2_ws/install/interfaces/lib:/ros2_ws/install/algorithms/lib:/ros2_ws/install/drivers/lib:/ros2_ws/install/common/lib:/opt/ros/humble/opt/rviz_ogre_vendor/lib:/opt/ros/humble/lib/aarch64-linux-gnu:/opt/ros/humble/lib /usr/bin/cmake --install /ros2_ws/build/algorithms
[0.680s] -- Install configuration: ""
[0.682s] -- Execute custom install script
[0.683s] -- Up-to-date symlink: /ros2_ws/install/algorithms/lib/libimu_tools.a
[0.684s] -- Up-to-date symlink: /ros2_ws/install/algorithms/lib/algorithms/imu_tools_node
[0.684s] -- Up-to-date symlink: /ros2_ws/install/algorithms/lib/algorithms/twist_node
[0.685s] -- Up-to-date symlink: /ros2_ws/install/algorithms/lib/algorithms/attitude_comp_node
[0.686s] -- Up-to-date symlink: /ros2_ws/install/algorithms/lib/algorithms/ik_node
[0.687s] -- Up-to-date symlink: /ros2_ws/install/algorithms/include/algorithms/algorithms/attitude_compensator.hpp
[0.688s] -- Up-to-date symlink: /ros2_ws/install/algorithms/include/algorithms/algorithms/fk_odometry.hpp
[0.688s] -- Up-to-date symlink: /ros2_ws/install/algorithms/include/algorithms/algorithms/imu_tools.hpp
[0.689s] -- Up-to-date symlink: /ros2_ws/install/algorithms/include/algorithms/algorithms/inverse_kinematics.hpp
[0.689s] -- Up-to-date symlink: /ros2_ws/install/algorithms/include/algorithms/algorithms/twist_handler.hpp
[0.690s] -- Up-to-date symlink: /ros2_ws/install/algorithms/share/ament_index/resource_index/package_run_dependencies/algorithms
[0.690s] -- Up-to-date symlink: /ros2_ws/install/algorithms/share/ament_index/resource_index/parent_prefix_path/algorithms
[0.691s] -- Up-to-date symlink: /ros2_ws/install/algorithms/share/algorithms/environment/ament_prefix_path.sh
[0.692s] -- Up-to-date symlink: /ros2_ws/install/algorithms/share/algorithms/environment/ament_prefix_path.dsv
[0.692s] -- Up-to-date symlink: /ros2_ws/install/algorithms/share/algorithms/environment/path.sh
[0.693s] -- Up-to-date symlink: /ros2_ws/install/algorithms/share/algorithms/environment/path.dsv
[0.693s] -- Up-to-date symlink: /ros2_ws/install/algorithms/share/algorithms/local_setup.bash
[0.694s] -- Up-to-date symlink: /ros2_ws/install/algorithms/share/algorithms/local_setup.sh
[0.694s] -- Up-to-date symlink: /ros2_ws/install/algorithms/share/algorithms/local_setup.zsh
[0.695s] -- Up-to-date symlink: /ros2_ws/install/algorithms/share/algorithms/local_setup.dsv
[0.696s] -- Symlinking: /ros2_ws/install/algorithms/share/algorithms/package.dsv
[0.725s] -- Up-to-date symlink: /ros2_ws/install/algorithms/share/ament_index/resource_index/packages/algorithms
[0.725s] -- Up-to-date symlink: /ros2_ws/install/algorithms/share/algorithms/cmake/ament_cmake_export_include_directories-extras.cmake
[0.726s] -- Up-to-date symlink: /ros2_ws/install/algorithms/share/algorithms/cmake/algorithmsConfig.cmake
[0.726s] -- Up-to-date symlink: /ros2_ws/install/algorithms/share/algorithms/cmake/algorithmsConfig-version.cmake
[0.727s] -- Up-to-date symlink: /ros2_ws/install/algorithms/share/algorithms/package.xml
[0.733s] Invoked command in '/ros2_ws/build/algorithms' returned '0': CMAKE_PREFIX_PATH=/ros2_ws/install/interfaces:/ros2_ws/install/common:/ros2_ws/install/bringup:/ros2_ws/install/dri_interfaces:/ros2_ws/install/algorithms:/ros2_ws/install/drivers:/opt/ros/humble LD_LIBRARY_PATH=/ros2_ws/install/interfaces/lib:/ros2_ws/install/algorithms/lib:/ros2_ws/install/drivers/lib:/ros2_ws/install/common/lib:/opt/ros/humble/opt/rviz_ogre_vendor/lib:/opt/ros/humble/lib/aarch64-linux-gnu:/opt/ros/humble/lib /usr/bin/cmake --install /ros2_ws/build/algorithms
