[0.096s] Invoking command in '/ros2_ws/build/cerebellum_hardware': CMAKE_PREFIX_PATH=${CMAKE_PREFIX_PATH}:/ros2_ws/install/system_services:/ros2_ws/install/common:/opt/ros/humble /usr/bin/cmake /ros2_ws/src/ros2_control/cerebellum_hardware -DAMENT_CMAKE_SYMLINK_INSTALL=1 -DCMAKE_INSTALL_PREFIX=/ros2_ws/install/cerebellum_hardware
[0.134s] -- Found ament_cmake: 1.3.14 (/opt/ros/humble/share/ament_cmake/cmake)
[0.905s] -- Override CMake install command with custom implementation using symlinks instead of copying resources
[0.938s] -- Found rclcpp: 16.0.19 (/opt/ros/humble/share/rclcpp/cmake)
[1.125s] -- Found rosidl_generator_c: 3.1.9 (/opt/ros/humble/share/rosidl_generator_c/cmake)
[1.139s] -- Found rosidl_adapter: 3.1.9 (/opt/ros/humble/share/rosidl_adapter/cmake)
[1.172s] -- Found rosidl_generator_cpp: 3.1.9 (/opt/ros/humble/share/rosidl_generator_cpp/cmake)
[1.226s] -- Using all available rosidl_typesupport_c: rosidl_typesupport_fastrtps_c;rosidl_typesupport_introspection_c
[1.292s] -- Using all available rosidl_typesupport_cpp: rosidl_typesupport_fastrtps_cpp;rosidl_typesupport_introspection_cpp
[1.460s] -- Found rmw_implementation_cmake: 6.1.2 (/opt/ros/humble/share/rmw_implementation_cmake/cmake)
[1.469s] -- Found rmw_fastrtps_cpp: 6.2.10 (/opt/ros/humble/share/rmw_fastrtps_cpp/cmake)
[2.119s] -- Using RMW implementation 'rmw_fastrtps_cpp' as default
[2.378s] -- Found hardware_interface: 2.54.0 (/opt/ros/humble/share/hardware_interface/cmake)
[3.453s] -- Configuring done
[3.571s] -- Generating done
[3.585s] -- Build files have been written to: /ros2_ws/build/cerebellum_hardware
[3.634s] Invoked command in '/ros2_ws/build/cerebellum_hardware' returned '0': CMAKE_PREFIX_PATH=${CMAKE_PREFIX_PATH}:/ros2_ws/install/system_services:/ros2_ws/install/common:/opt/ros/humble /usr/bin/cmake /ros2_ws/src/ros2_control/cerebellum_hardware -DAMENT_CMAKE_SYMLINK_INSTALL=1 -DCMAKE_INSTALL_PREFIX=/ros2_ws/install/cerebellum_hardware
[3.637s] Invoking command in '/ros2_ws/build/cerebellum_hardware': CMAKE_PREFIX_PATH=${CMAKE_PREFIX_PATH}:/ros2_ws/install/system_services:/ros2_ws/install/common:/opt/ros/humble /usr/bin/cmake --build /ros2_ws/build/cerebellum_hardware -- -j4 -l4
[3.899s] [35m[1mConsolidate compiler generated dependencies of target cerebellum_hardware[0m
[3.983s] [100%] Built target cerebellum_hardware
[4.036s] Invoked command in '/ros2_ws/build/cerebellum_hardware' returned '0': CMAKE_PREFIX_PATH=${CMAKE_PREFIX_PATH}:/ros2_ws/install/system_services:/ros2_ws/install/common:/opt/ros/humble /usr/bin/cmake --build /ros2_ws/build/cerebellum_hardware -- -j4 -l4
[4.038s] Invoking command in '/ros2_ws/build/cerebellum_hardware': CMAKE_PREFIX_PATH=${CMAKE_PREFIX_PATH}:/ros2_ws/install/system_services:/ros2_ws/install/common:/opt/ros/humble /usr/bin/cmake --install /ros2_ws/build/cerebellum_hardware
[4.067s] -- Install configuration: ""
[4.069s] -- Execute custom install script
[4.070s] -- Up-to-date symlink: /ros2_ws/install/cerebellum_hardware/share/cerebellum_hardware//cerebellum_hardware_plugins.xml
[4.072s] -- Up-to-date symlink: /ros2_ws/install/cerebellum_hardware/include/cerebellum_hardware/cerebellum_hardware/cerebellum_hardware.hpp
[4.073s] -- Up-to-date symlink: /ros2_ws/install/cerebellum_hardware/share/cerebellum_hardware/cerebellum_hardware_plugins.xml
[4.075s] -- Up-to-date symlink: /ros2_ws/install/cerebellum_hardware/share/cerebellum_hardware/environment/library_path.sh
[4.076s] -- Up-to-date symlink: /ros2_ws/install/cerebellum_hardware/share/cerebellum_hardware/environment/library_path.dsv
[4.078s] -- Up-to-date symlink: /ros2_ws/install/cerebellum_hardware/share/ament_index/resource_index/package_run_dependencies/cerebellum_hardware
[4.080s] -- Up-to-date symlink: /ros2_ws/install/cerebellum_hardware/share/ament_index/resource_index/parent_prefix_path/cerebellum_hardware
[4.081s] -- Up-to-date symlink: /ros2_ws/install/cerebellum_hardware/share/cerebellum_hardware/environment/ament_prefix_path.sh
[4.083s] -- Up-to-date symlink: /ros2_ws/install/cerebellum_hardware/share/cerebellum_hardware/environment/ament_prefix_path.dsv
[4.085s] -- Up-to-date symlink: /ros2_ws/install/cerebellum_hardware/share/cerebellum_hardware/environment/path.sh
[4.087s] -- Up-to-date symlink: /ros2_ws/install/cerebellum_hardware/share/cerebellum_hardware/environment/path.dsv
[4.088s] -- Up-to-date symlink: /ros2_ws/install/cerebellum_hardware/share/cerebellum_hardware/local_setup.bash
[4.090s] -- Up-to-date symlink: /ros2_ws/install/cerebellum_hardware/share/cerebellum_hardware/local_setup.sh
[4.091s] -- Up-to-date symlink: /ros2_ws/install/cerebellum_hardware/share/cerebellum_hardware/local_setup.zsh
[4.093s] -- Up-to-date symlink: /ros2_ws/install/cerebellum_hardware/share/cerebellum_hardware/local_setup.dsv
[4.094s] -- Symlinking: /ros2_ws/install/cerebellum_hardware/share/cerebellum_hardware/package.dsv
[4.126s] -- Up-to-date symlink: /ros2_ws/install/cerebellum_hardware/share/ament_index/resource_index/packages/cerebellum_hardware
[4.126s] -- Up-to-date symlink: /ros2_ws/install/cerebellum_hardware/share/ament_index/resource_index/hardware_interface__pluginlib__plugin/cerebellum_hardware
[4.128s] -- Up-to-date symlink: /ros2_ws/install/cerebellum_hardware/share/cerebellum_hardware/cmake/ament_cmake_export_include_directories-extras.cmake
[4.130s] -- Up-to-date symlink: /ros2_ws/install/cerebellum_hardware/share/cerebellum_hardware/cmake/ament_cmake_export_libraries-extras.cmake
[4.131s] -- Up-to-date symlink: /ros2_ws/install/cerebellum_hardware/share/cerebellum_hardware/cmake/cerebellum_hardwareConfig.cmake
[4.132s] -- Up-to-date symlink: /ros2_ws/install/cerebellum_hardware/share/cerebellum_hardware/cmake/cerebellum_hardwareConfig-version.cmake
[4.133s] -- Up-to-date symlink: /ros2_ws/install/cerebellum_hardware/share/cerebellum_hardware/package.xml
[4.134s] -- Up-to-date: /ros2_ws/install/cerebellum_hardware/lib/libcerebellum_hardware.so
[4.156s] Invoked command in '/ros2_ws/build/cerebellum_hardware' returned '0': CMAKE_PREFIX_PATH=${CMAKE_PREFIX_PATH}:/ros2_ws/install/system_services:/ros2_ws/install/common:/opt/ros/humble /usr/bin/cmake --install /ros2_ws/build/cerebellum_hardware
