[0.196s] Invoking command in '/ros2_ws/build/bringup': AMENT_PREFIX_PATH=/ros2_ws/install/description:/ros2_ws/install/brain_hardware:/ros2_ws/install/interfaces:${AMENT_PREFIX_PATH} CMAKE_PREFIX_PATH=/ros2_ws/install/description:/ros2_ws/install/brain_hardware:/ros2_ws/install/interfaces:/opt/ros/humble LD_LIBRARY_PATH=/ros2_ws/install/brain_hardware/lib:/ros2_ws/install/interfaces/lib:${LD_LIBRARY_PATH} PYTHONPATH=/ros2_ws/install/interfaces/local/lib/python3.10/dist-packages:${PYTHONPATH} /usr/bin/cmake --build /ros2_ws/build/bringup -- -j4 -l4
[0.532s] Invoked command in '/ros2_ws/build/bringup' returned '0': AMENT_PREFIX_PATH=/ros2_ws/install/description:/ros2_ws/install/brain_hardware:/ros2_ws/install/interfaces:${AMENT_PREFIX_PATH} CMAKE_PREFIX_PATH=/ros2_ws/install/description:/ros2_ws/install/brain_hardware:/ros2_ws/install/interfaces:/opt/ros/humble LD_LIBRARY_PATH=/ros2_ws/install/brain_hardware/lib:/ros2_ws/install/interfaces/lib:${LD_LIBRARY_PATH} PYTHONPATH=/ros2_ws/install/interfaces/local/lib/python3.10/dist-packages:${PYTHONPATH} /usr/bin/cmake --build /ros2_ws/build/bringup -- -j4 -l4
[0.551s] Invoking command in '/ros2_ws/build/bringup': AMENT_PREFIX_PATH=/ros2_ws/install/description:/ros2_ws/install/brain_hardware:/ros2_ws/install/interfaces:${AMENT_PREFIX_PATH} CMAKE_PREFIX_PATH=/ros2_ws/install/description:/ros2_ws/install/brain_hardware:/ros2_ws/install/interfaces:/opt/ros/humble LD_LIBRARY_PATH=/ros2_ws/install/brain_hardware/lib:/ros2_ws/install/interfaces/lib:${LD_LIBRARY_PATH} PYTHONPATH=/ros2_ws/install/interfaces/local/lib/python3.10/dist-packages:${PYTHONPATH} /usr/bin/cmake --install /ros2_ws/build/bringup
[0.594s] -- Install configuration: ""
[0.598s] -- Up-to-date: /ros2_ws/install/bringup/share/bringup/launch
[0.601s] -- Installing: /ros2_ws/install/bringup/share/bringup/launch/brain_nav.launch.py
[0.611s] -- Installing: /ros2_ws/install/bringup/share/bringup/launch/brain_nav_norviz.py
[0.613s] -- Up-to-date: /ros2_ws/install/bringup/share/ament_index/resource_index/package_run_dependencies/bringup
[0.616s] -- Up-to-date: /ros2_ws/install/bringup/share/ament_index/resource_index/parent_prefix_path/bringup
[0.619s] -- Up-to-date: /ros2_ws/install/bringup/share/bringup/environment/ament_prefix_path.sh
[0.623s] -- Up-to-date: /ros2_ws/install/bringup/share/bringup/environment/ament_prefix_path.dsv
[0.629s] -- Up-to-date: /ros2_ws/install/bringup/share/bringup/environment/path.sh
[0.630s] -- Up-to-date: /ros2_ws/install/bringup/share/bringup/environment/path.dsv
[0.633s] -- Up-to-date: /ros2_ws/install/bringup/share/bringup/local_setup.bash
[0.634s] -- Up-to-date: /ros2_ws/install/bringup/share/bringup/local_setup.sh
[0.636s] -- Up-to-date: /ros2_ws/install/bringup/share/bringup/local_setup.zsh
[0.636s] -- Up-to-date: /ros2_ws/install/bringup/share/bringup/local_setup.dsv
[0.640s] -- Installing: /ros2_ws/install/bringup/share/bringup/package.dsv
[0.641s] -- Up-to-date: /ros2_ws/install/bringup/share/ament_index/resource_index/packages/bringup
[0.641s] -- Up-to-date: /ros2_ws/install/bringup/share/bringup/cmake/bringupConfig.cmake
[0.641s] -- Up-to-date: /ros2_ws/install/bringup/share/bringup/cmake/bringupConfig-version.cmake
[0.643s] -- Up-to-date: /ros2_ws/install/bringup/share/bringup/package.xml
[0.661s] Invoked command in '/ros2_ws/build/bringup' returned '0': AMENT_PREFIX_PATH=/ros2_ws/install/description:/ros2_ws/install/brain_hardware:/ros2_ws/install/interfaces:${AMENT_PREFIX_PATH} CMAKE_PREFIX_PATH=/ros2_ws/install/description:/ros2_ws/install/brain_hardware:/ros2_ws/install/interfaces:/opt/ros/humble LD_LIBRARY_PATH=/ros2_ws/install/brain_hardware/lib:/ros2_ws/install/interfaces/lib:${LD_LIBRARY_PATH} PYTHONPATH=/ros2_ws/install/interfaces/local/lib/python3.10/dist-packages:${PYTHONPATH} /usr/bin/cmake --install /ros2_ws/build/bringup
