[0.055s] Invoking command in '/ros2_ws/build/bringup': AMENT_PREFIX_PATH=/ros2_ws/install/cerebellum_hardware:${AMENT_PREFIX_PATH} CMAKE_PREFIX_PATH=/ros2_ws/install/dri_interfaces:/ros2_ws/install/interfaces:/ros2_ws/install/cerebellum_hardware:/ros2_ws/install/cerebellum_description:/ros2_ws/install/drivers:/ros2_ws/install/system_services:/ros2_ws/install/common:/opt/ros/humble LD_LIBRARY_PATH=/ros2_ws/install/interfaces/lib:/ros2_ws/install/cerebellum_hardware/lib:/ros2_ws/install/drivers/lib:/ros2_ws/install/common/lib:/opt/ros/humble/opt/rviz_ogre_vendor/lib:/opt/ros/humble/lib/aarch64-linux-gnu:/opt/ros/humble/lib /usr/bin/cmake /ros2_ws/src/bringup -DAMENT_CMAKE_SYMLINK_INSTALL=1 -DCMAKE_INSTALL_PREFIX=/ros2_ws/install/bringup
[0.271s] -- The C compiler identification is GNU 11.4.0
[0.552s] -- The CXX compiler identification is GNU 11.4.0
[0.578s] -- Detecting C compiler ABI info
[0.858s] -- Detecting C compiler ABI info - done
[0.894s] -- Check for working C compiler: /usr/bin/cc - skipped
[0.894s] -- Detecting C compile features
[0.896s] -- Detecting C compile features - done
[0.907s] -- Detecting CXX compiler ABI info
[1.218s] -- Detecting CXX compiler ABI info - done
[1.253s] -- Check for working CXX compiler: /usr/bin/c++ - skipped
[1.254s] -- Detecting CXX compile features
[1.256s] -- Detecting CXX compile features - done
[1.273s] -- Found ament_cmake: 1.3.14 (/opt/ros/humble/share/ament_cmake/cmake)
[1.967s] -- Found Python3: /usr/bin/python3 (found version "3.10.12") found components: Interpreter 
[2.240s] -- Override CMake install command with custom implementation using symlinks instead of copying resources
[2.749s] -- Configuring done
[2.760s] -- Generating done
[2.766s] -- Build files have been written to: /ros2_ws/build/bringup
[2.781s] Invoked command in '/ros2_ws/build/bringup' returned '0': AMENT_PREFIX_PATH=/ros2_ws/install/cerebellum_hardware:${AMENT_PREFIX_PATH} CMAKE_PREFIX_PATH=/ros2_ws/install/dri_interfaces:/ros2_ws/install/interfaces:/ros2_ws/install/cerebellum_hardware:/ros2_ws/install/cerebellum_description:/ros2_ws/install/drivers:/ros2_ws/install/system_services:/ros2_ws/install/common:/opt/ros/humble LD_LIBRARY_PATH=/ros2_ws/install/interfaces/lib:/ros2_ws/install/cerebellum_hardware/lib:/ros2_ws/install/drivers/lib:/ros2_ws/install/common/lib:/opt/ros/humble/opt/rviz_ogre_vendor/lib:/opt/ros/humble/lib/aarch64-linux-gnu:/opt/ros/humble/lib /usr/bin/cmake /ros2_ws/src/bringup -DAMENT_CMAKE_SYMLINK_INSTALL=1 -DCMAKE_INSTALL_PREFIX=/ros2_ws/install/bringup
[2.784s] Invoking command in '/ros2_ws/build/bringup': AMENT_PREFIX_PATH=/ros2_ws/install/cerebellum_hardware:${AMENT_PREFIX_PATH} CMAKE_PREFIX_PATH=/ros2_ws/install/dri_interfaces:/ros2_ws/install/interfaces:/ros2_ws/install/cerebellum_hardware:/ros2_ws/install/cerebellum_description:/ros2_ws/install/drivers:/ros2_ws/install/system_services:/ros2_ws/install/common:/opt/ros/humble LD_LIBRARY_PATH=/ros2_ws/install/interfaces/lib:/ros2_ws/install/cerebellum_hardware/lib:/ros2_ws/install/drivers/lib:/ros2_ws/install/common/lib:/opt/ros/humble/opt/rviz_ogre_vendor/lib:/opt/ros/humble/lib/aarch64-linux-gnu:/opt/ros/humble/lib /usr/bin/cmake --build /ros2_ws/build/bringup -- -j4 -l4
[2.907s] Invoked command in '/ros2_ws/build/bringup' returned '0': AMENT_PREFIX_PATH=/ros2_ws/install/cerebellum_hardware:${AMENT_PREFIX_PATH} CMAKE_PREFIX_PATH=/ros2_ws/install/dri_interfaces:/ros2_ws/install/interfaces:/ros2_ws/install/cerebellum_hardware:/ros2_ws/install/cerebellum_description:/ros2_ws/install/drivers:/ros2_ws/install/system_services:/ros2_ws/install/common:/opt/ros/humble LD_LIBRARY_PATH=/ros2_ws/install/interfaces/lib:/ros2_ws/install/cerebellum_hardware/lib:/ros2_ws/install/drivers/lib:/ros2_ws/install/common/lib:/opt/ros/humble/opt/rviz_ogre_vendor/lib:/opt/ros/humble/lib/aarch64-linux-gnu:/opt/ros/humble/lib /usr/bin/cmake --build /ros2_ws/build/bringup -- -j4 -l4
[2.911s] Invoking command in '/ros2_ws/build/bringup': AMENT_PREFIX_PATH=/ros2_ws/install/cerebellum_hardware:${AMENT_PREFIX_PATH} CMAKE_PREFIX_PATH=/ros2_ws/install/dri_interfaces:/ros2_ws/install/interfaces:/ros2_ws/install/cerebellum_hardware:/ros2_ws/install/cerebellum_description:/ros2_ws/install/drivers:/ros2_ws/install/system_services:/ros2_ws/install/common:/opt/ros/humble LD_LIBRARY_PATH=/ros2_ws/install/interfaces/lib:/ros2_ws/install/cerebellum_hardware/lib:/ros2_ws/install/drivers/lib:/ros2_ws/install/common/lib:/opt/ros/humble/opt/rviz_ogre_vendor/lib:/opt/ros/humble/lib/aarch64-linux-gnu:/opt/ros/humble/lib /usr/bin/cmake --install /ros2_ws/build/bringup
[2.935s] -- Install configuration: ""
[2.937s] -- Execute custom install script
[2.938s] -- Symlinking: /ros2_ws/install/bringup/share/bringup/launch/cerebellum_bringup.launch.py
[2.964s] -- Symlinking: /ros2_ws/install/bringup/share/bringup/launch/dri_bringup.launch.py
[2.991s] -- Symlinking: /ros2_ws/install/bringup/share/ament_index/resource_index/package_run_dependencies/bringup
[3.021s] -- Symlinking: /ros2_ws/install/bringup/share/ament_index/resource_index/parent_prefix_path/bringup
[3.048s] -- Symlinking: /ros2_ws/install/bringup/share/bringup/environment/ament_prefix_path.sh
[3.073s] -- Symlinking: /ros2_ws/install/bringup/share/bringup/environment/ament_prefix_path.dsv
[3.100s] -- Symlinking: /ros2_ws/install/bringup/share/bringup/environment/path.sh
[3.126s] -- Symlinking: /ros2_ws/install/bringup/share/bringup/environment/path.dsv
[3.154s] -- Symlinking: /ros2_ws/install/bringup/share/bringup/local_setup.bash
[3.182s] -- Symlinking: /ros2_ws/install/bringup/share/bringup/local_setup.sh
[3.212s] -- Symlinking: /ros2_ws/install/bringup/share/bringup/local_setup.zsh
[3.238s] -- Symlinking: /ros2_ws/install/bringup/share/bringup/local_setup.dsv
[3.267s] -- Symlinking: /ros2_ws/install/bringup/share/bringup/package.dsv
[3.295s] -- Symlinking: /ros2_ws/install/bringup/share/ament_index/resource_index/packages/bringup
[3.322s] -- Symlinking: /ros2_ws/install/bringup/share/bringup/cmake/bringupConfig.cmake
[3.349s] -- Symlinking: /ros2_ws/install/bringup/share/bringup/cmake/bringupConfig-version.cmake
[3.375s] -- Symlinking: /ros2_ws/install/bringup/share/bringup/package.xml
[3.408s] Invoked command in '/ros2_ws/build/bringup' returned '0': AMENT_PREFIX_PATH=/ros2_ws/install/cerebellum_hardware:${AMENT_PREFIX_PATH} CMAKE_PREFIX_PATH=/ros2_ws/install/dri_interfaces:/ros2_ws/install/interfaces:/ros2_ws/install/cerebellum_hardware:/ros2_ws/install/cerebellum_description:/ros2_ws/install/drivers:/ros2_ws/install/system_services:/ros2_ws/install/common:/opt/ros/humble LD_LIBRARY_PATH=/ros2_ws/install/interfaces/lib:/ros2_ws/install/cerebellum_hardware/lib:/ros2_ws/install/drivers/lib:/ros2_ws/install/common/lib:/opt/ros/humble/opt/rviz_ogre_vendor/lib:/opt/ros/humble/lib/aarch64-linux-gnu:/opt/ros/humble/lib /usr/bin/cmake --install /ros2_ws/build/bringup
