[0.048s] Invoking command in '/ros2_ws/build/bringup': AMENT_PREFIX_PATH=/ros2_ws/install/dri_interfaces:/ros2_ws/install/interfaces:${AMENT_PREFIX_PATH} CMAKE_PREFIX_PATH=/ros2_ws/install/dri_interfaces:/ros2_ws/install/interfaces:/opt/ros/humble LD_LIBRARY_PATH=/ros2_ws/install/interfaces/lib:${LD_LIBRARY_PATH} PYTHONPATH=/ros2_ws/install/interfaces/local/lib/python3.10/dist-packages:${PYTHONPATH} /usr/bin/cmake /ros2_ws/src/bringup -DCMAKE_EXPORT_COMPILE_COMMANDS=ON -DAMENT_CMAKE_SYMLINK_INSTALL=1 -DCMAKE_INSTALL_PREFIX=/ros2_ws/install/bringup
[0.112s] -- Found ament_cmake: 1.3.14 (/opt/ros/humble/share/ament_cmake/cmake)
[0.772s] -- Override CMake install command with custom implementation using symlinks instead of copying resources
[1.182s] -- Configuring done
[1.205s] -- Generating done
[1.208s] [33mCMake Warning:
[1.209s]   Manually-specified variables were not used by the project:
[1.210s] 
[1.210s]     CMAKE_EXPORT_COMPILE_COMMANDS
[1.210s] 
[1.211s] [0m
[1.215s] -- Build files have been written to: /ros2_ws/build/bringup
[1.231s] Invoked command in '/ros2_ws/build/bringup' returned '0': AMENT_PREFIX_PATH=/ros2_ws/install/dri_interfaces:/ros2_ws/install/interfaces:${AMENT_PREFIX_PATH} CMAKE_PREFIX_PATH=/ros2_ws/install/dri_interfaces:/ros2_ws/install/interfaces:/opt/ros/humble LD_LIBRARY_PATH=/ros2_ws/install/interfaces/lib:${LD_LIBRARY_PATH} PYTHONPATH=/ros2_ws/install/interfaces/local/lib/python3.10/dist-packages:${PYTHONPATH} /usr/bin/cmake /ros2_ws/src/bringup -DCMAKE_EXPORT_COMPILE_COMMANDS=ON -DAMENT_CMAKE_SYMLINK_INSTALL=1 -DCMAKE_INSTALL_PREFIX=/ros2_ws/install/bringup
[1.233s] Invoking command in '/ros2_ws/build/bringup': AMENT_PREFIX_PATH=/ros2_ws/install/dri_interfaces:/ros2_ws/install/interfaces:${AMENT_PREFIX_PATH} CMAKE_PREFIX_PATH=/ros2_ws/install/dri_interfaces:/ros2_ws/install/interfaces:/opt/ros/humble LD_LIBRARY_PATH=/ros2_ws/install/interfaces/lib:${LD_LIBRARY_PATH} PYTHONPATH=/ros2_ws/install/interfaces/local/lib/python3.10/dist-packages:${PYTHONPATH} /usr/bin/cmake --build /ros2_ws/build/bringup -- -j4 -l4
[1.378s] Invoked command in '/ros2_ws/build/bringup' returned '0': AMENT_PREFIX_PATH=/ros2_ws/install/dri_interfaces:/ros2_ws/install/interfaces:${AMENT_PREFIX_PATH} CMAKE_PREFIX_PATH=/ros2_ws/install/dri_interfaces:/ros2_ws/install/interfaces:/opt/ros/humble LD_LIBRARY_PATH=/ros2_ws/install/interfaces/lib:${LD_LIBRARY_PATH} PYTHONPATH=/ros2_ws/install/interfaces/local/lib/python3.10/dist-packages:${PYTHONPATH} /usr/bin/cmake --build /ros2_ws/build/bringup -- -j4 -l4
[1.381s] Invoking command in '/ros2_ws/build/bringup': AMENT_PREFIX_PATH=/ros2_ws/install/dri_interfaces:/ros2_ws/install/interfaces:${AMENT_PREFIX_PATH} CMAKE_PREFIX_PATH=/ros2_ws/install/dri_interfaces:/ros2_ws/install/interfaces:/opt/ros/humble LD_LIBRARY_PATH=/ros2_ws/install/interfaces/lib:${LD_LIBRARY_PATH} PYTHONPATH=/ros2_ws/install/interfaces/local/lib/python3.10/dist-packages:${PYTHONPATH} /usr/bin/cmake --install /ros2_ws/build/bringup
[1.421s] -- Install configuration: ""
[1.429s] -- Execute custom install script
[1.433s] -- Up-to-date symlink: /ros2_ws/install/bringup/share/bringup/launch/cerebellum_bringup.launch.py
[1.434s] -- Up-to-date symlink: /ros2_ws/install/bringup/share/ament_index/resource_index/package_run_dependencies/bringup
[1.434s] -- Up-to-date symlink: /ros2_ws/install/bringup/share/ament_index/resource_index/parent_prefix_path/bringup
[1.434s] -- Up-to-date symlink: /ros2_ws/install/bringup/share/bringup/environment/ament_prefix_path.sh
[1.435s] -- Up-to-date symlink: /ros2_ws/install/bringup/share/bringup/environment/ament_prefix_path.dsv
[1.435s] -- Up-to-date symlink: /ros2_ws/install/bringup/share/bringup/environment/path.sh
[1.435s] -- Up-to-date symlink: /ros2_ws/install/bringup/share/bringup/environment/path.dsv
[1.436s] -- Up-to-date symlink: /ros2_ws/install/bringup/share/bringup/local_setup.bash
[1.436s] -- Up-to-date symlink: /ros2_ws/install/bringup/share/bringup/local_setup.sh
[1.437s] -- Up-to-date symlink: /ros2_ws/install/bringup/share/bringup/local_setup.zsh
[1.448s] -- Up-to-date symlink: /ros2_ws/install/bringup/share/bringup/local_setup.dsv
[1.449s] -- Symlinking: /ros2_ws/install/bringup/share/bringup/package.dsv
[1.484s] -- Up-to-date symlink: /ros2_ws/install/bringup/share/ament_index/resource_index/packages/bringup
[1.485s] -- Up-to-date symlink: /ros2_ws/install/bringup/share/bringup/cmake/bringupConfig.cmake
[1.486s] -- Up-to-date symlink: /ros2_ws/install/bringup/share/bringup/cmake/bringupConfig-version.cmake
[1.486s] -- Up-to-date symlink: /ros2_ws/install/bringup/share/bringup/package.xml
[1.498s] Invoked command in '/ros2_ws/build/bringup' returned '0': AMENT_PREFIX_PATH=/ros2_ws/install/dri_interfaces:/ros2_ws/install/interfaces:${AMENT_PREFIX_PATH} CMAKE_PREFIX_PATH=/ros2_ws/install/dri_interfaces:/ros2_ws/install/interfaces:/opt/ros/humble LD_LIBRARY_PATH=/ros2_ws/install/interfaces/lib:${LD_LIBRARY_PATH} PYTHONPATH=/ros2_ws/install/interfaces/local/lib/python3.10/dist-packages:${PYTHONPATH} /usr/bin/cmake --install /ros2_ws/build/bringup
