[0.049s] Invoking command in '/ros2_ws/build/interfaces': CMAKE_PREFIX_PATH=${CMAKE_PREFIX_PATH}:/opt/ros/humble /usr/bin/cmake --build /ros2_ws/build/interfaces -- -j4 -l4
[0.241s] [  2%] Built target interfaces__rs
[0.249s] [ 12%] Built target interfaces__rosidl_generator_c
[0.294s] [ 15%] Built target interfaces__cpp
[0.300s] [ 15%] Built target ament_cmake_python_copy_interfaces
[0.335s] [ 25%] Built target interfaces__rosidl_typesupport_introspection_c
[0.339s] [ 35%] Built target interfaces__rosidl_typesupport_fastrtps_c
[0.374s] [ 45%] Built target interfaces__rosidl_typesupport_c
[0.385s] [ 55%] Built target interfaces__rosidl_typesupport_fastrtps_cpp
[0.414s] [ 65%] Built target interfaces__rosidl_typesupport_cpp
[0.427s] [ 75%] Built target interfaces__rosidl_typesupport_introspection_cpp
[0.490s] [ 75%] Built target interfaces
[0.556s] [ 77%] Built target interfaces__py
[0.633s] [ 85%] Built target interfaces__rosidl_generator_py
[0.719s] [ 90%] Built target interfaces__rosidl_typesupport_fastrtps_c__pyext
[0.725s] [ 95%] Built target interfaces__rosidl_typesupport_c__pyext
[0.734s] [100%] Built target interfaces__rosidl_typesupport_introspection_c__pyext
[1.512s] running egg_info
[1.517s] writing interfaces.egg-info/PKG-INFO
[1.518s] writing dependency_links to interfaces.egg-info/dependency_links.txt
[1.518s] writing top-level names to interfaces.egg-info/top_level.txt
[1.527s] reading manifest file 'interfaces.egg-info/SOURCES.txt'
[1.529s] writing manifest file 'interfaces.egg-info/SOURCES.txt'
[1.649s] [100%] Built target ament_cmake_python_build_interfaces_egg
[1.685s] Invoked command in '/ros2_ws/build/interfaces' returned '0': CMAKE_PREFIX_PATH=${CMAKE_PREFIX_PATH}:/opt/ros/humble /usr/bin/cmake --build /ros2_ws/build/interfaces -- -j4 -l4
[1.717s] Invoking command in '/ros2_ws/build/interfaces': CMAKE_PREFIX_PATH=${CMAKE_PREFIX_PATH}:/opt/ros/humble /usr/bin/cmake --install /ros2_ws/build/interfaces
[1.742s] -- Install configuration: ""
[1.743s] -- Up-to-date: /ros2_ws/install/interfaces/share/ament_index/resource_index/rosidl_interfaces/interfaces
[1.743s] -- Up-to-date: /ros2_ws/install/interfaces/include/interfaces/interfaces
[1.744s] -- Up-to-date: /ros2_ws/install/interfaces/include/interfaces/interfaces/msg
[1.744s] -- Up-to-date: /ros2_ws/install/interfaces/include/interfaces/interfaces/msg/detail
[1.744s] -- Up-to-date: /ros2_ws/install/interfaces/include/interfaces/interfaces/msg/detail/motor_cmd__struct.h
[1.745s] -- Up-to-date: /ros2_ws/install/interfaces/include/interfaces/interfaces/msg/detail/motor_states__functions.h
[1.745s] -- Up-to-date: /ros2_ws/install/interfaces/include/interfaces/interfaces/msg/detail/motor_states__type_support.h
[1.746s] -- Up-to-date: /ros2_ws/install/interfaces/include/interfaces/interfaces/msg/detail/motor_cmd__functions.h
[1.746s] -- Up-to-date: /ros2_ws/install/interfaces/include/interfaces/interfaces/msg/detail/motor_states__functions.c
[1.746s] -- Up-to-date: /ros2_ws/install/interfaces/include/interfaces/interfaces/msg/detail/motor_cmd__functions.c
[1.747s] -- Up-to-date: /ros2_ws/install/interfaces/include/interfaces/interfaces/msg/detail/motor_states__struct.h
[1.747s] -- Up-to-date: /ros2_ws/install/interfaces/include/interfaces/interfaces/msg/detail/motor_cmd__type_support.h
[1.748s] -- Up-to-date: /ros2_ws/install/interfaces/include/interfaces/interfaces/msg/motor_states.h
[1.748s] -- Up-to-date: /ros2_ws/install/interfaces/include/interfaces/interfaces/msg/motor_cmd.h
[1.748s] -- Up-to-date: /ros2_ws/install/interfaces/include/interfaces/interfaces/msg/rosidl_generator_c__visibility_control.h
[1.749s] -- Up-to-date: /ros2_ws/install/interfaces/share/interfaces/environment/library_path.sh
[1.749s] -- Up-to-date: /ros2_ws/install/interfaces/share/interfaces/environment/library_path.dsv
[1.750s] -- Up-to-date: /ros2_ws/install/interfaces/lib/libinterfaces__rosidl_generator_c.so
[1.750s] -- Up-to-date: /ros2_ws/install/interfaces/include/interfaces/interfaces
[1.751s] -- Up-to-date: /ros2_ws/install/interfaces/include/interfaces/interfaces/msg
[1.751s] -- Up-to-date: /ros2_ws/install/interfaces/include/interfaces/interfaces/msg/rosidl_typesupport_fastrtps_c__visibility_control.h
[1.752s] -- Up-to-date: /ros2_ws/install/interfaces/include/interfaces/interfaces/msg/detail
[1.752s] -- Up-to-date: /ros2_ws/install/interfaces/include/interfaces/interfaces/msg/detail/motor_states__rosidl_typesupport_fastrtps_c.h
[1.753s] -- Up-to-date: /ros2_ws/install/interfaces/include/interfaces/interfaces/msg/detail/motor_cmd__rosidl_typesupport_fastrtps_c.h
[1.753s] -- Up-to-date: /ros2_ws/install/interfaces/lib/libinterfaces__rosidl_typesupport_fastrtps_c.so
[1.754s] -- Up-to-date: /ros2_ws/install/interfaces/include/interfaces/interfaces
[1.754s] -- Up-to-date: /ros2_ws/install/interfaces/include/interfaces/interfaces/msg
[1.754s] -- Up-to-date: /ros2_ws/install/interfaces/include/interfaces/interfaces/msg/rosidl_typesupport_introspection_c__visibility_control.h
[1.755s] -- Up-to-date: /ros2_ws/install/interfaces/include/interfaces/interfaces/msg/detail
[1.755s] -- Up-to-date: /ros2_ws/install/interfaces/include/interfaces/interfaces/msg/detail/motor_cmd__rosidl_typesupport_introspection_c.h
[1.756s] -- Up-to-date: /ros2_ws/install/interfaces/include/interfaces/interfaces/msg/detail/motor_cmd__type_support.c
[1.756s] -- Up-to-date: /ros2_ws/install/interfaces/include/interfaces/interfaces/msg/detail/motor_states__type_support.c
[1.756s] -- Up-to-date: /ros2_ws/install/interfaces/include/interfaces/interfaces/msg/detail/motor_states__rosidl_typesupport_introspection_c.h
[1.757s] -- Up-to-date: /ros2_ws/install/interfaces/lib/libinterfaces__rosidl_typesupport_introspection_c.so
[1.757s] -- Up-to-date: /ros2_ws/install/interfaces/lib/libinterfaces__rosidl_typesupport_c.so
[1.757s] -- Up-to-date: /ros2_ws/install/interfaces/include/interfaces/interfaces
[1.758s] -- Up-to-date: /ros2_ws/install/interfaces/include/interfaces/interfaces/msg
[1.758s] -- Up-to-date: /ros2_ws/install/interfaces/include/interfaces/interfaces/msg/motor_states.hpp
[1.759s] -- Up-to-date: /ros2_ws/install/interfaces/include/interfaces/interfaces/msg/rosidl_generator_cpp__visibility_control.hpp
[1.759s] -- Up-to-date: /ros2_ws/install/interfaces/include/interfaces/interfaces/msg/detail
[1.759s] -- Up-to-date: /ros2_ws/install/interfaces/include/interfaces/interfaces/msg/detail/motor_states__type_support.hpp
[1.760s] -- Up-to-date: /ros2_ws/install/interfaces/include/interfaces/interfaces/msg/detail/motor_states__traits.hpp
[1.760s] -- Up-to-date: /ros2_ws/install/interfaces/include/interfaces/interfaces/msg/detail/motor_cmd__builder.hpp
[1.761s] -- Up-to-date: /ros2_ws/install/interfaces/include/interfaces/interfaces/msg/detail/motor_cmd__type_support.hpp
[1.761s] -- Up-to-date: /ros2_ws/install/interfaces/include/interfaces/interfaces/msg/detail/motor_cmd__traits.hpp
[1.762s] -- Up-to-date: /ros2_ws/install/interfaces/include/interfaces/interfaces/msg/detail/motor_states__struct.hpp
[1.762s] -- Up-to-date: /ros2_ws/install/interfaces/include/interfaces/interfaces/msg/detail/motor_states__builder.hpp
[1.763s] -- Up-to-date: /ros2_ws/install/interfaces/include/interfaces/interfaces/msg/detail/motor_cmd__struct.hpp
[1.763s] -- Up-to-date: /ros2_ws/install/interfaces/include/interfaces/interfaces/msg/motor_cmd.hpp
[1.763s] -- Up-to-date: /ros2_ws/install/interfaces/include/interfaces/interfaces
[1.764s] -- Up-to-date: /ros2_ws/install/interfaces/include/interfaces/interfaces/msg
[1.764s] -- Up-to-date: /ros2_ws/install/interfaces/include/interfaces/interfaces/msg/detail
[1.764s] -- Up-to-date: /ros2_ws/install/interfaces/include/interfaces/interfaces/msg/detail/motor_states__rosidl_typesupport_fastrtps_cpp.hpp
[1.765s] -- Up-to-date: /ros2_ws/install/interfaces/include/interfaces/interfaces/msg/detail/dds_fastrtps
[1.765s] -- Up-to-date: /ros2_ws/install/interfaces/include/interfaces/interfaces/msg/detail/motor_cmd__rosidl_typesupport_fastrtps_cpp.hpp
[1.765s] -- Up-to-date: /ros2_ws/install/interfaces/include/interfaces/interfaces/msg/rosidl_typesupport_fastrtps_cpp__visibility_control.h
[1.766s] -- Up-to-date: /ros2_ws/install/interfaces/lib/libinterfaces__rosidl_typesupport_fastrtps_cpp.so
[1.766s] -- Up-to-date: /ros2_ws/install/interfaces/include/interfaces/interfaces
[1.767s] -- Up-to-date: /ros2_ws/install/interfaces/include/interfaces/interfaces/msg
[1.767s] -- Up-to-date: /ros2_ws/install/interfaces/include/interfaces/interfaces/msg/detail
[1.768s] -- Up-to-date: /ros2_ws/install/interfaces/include/interfaces/interfaces/msg/detail/motor_cmd__type_support.cpp
[1.768s] -- Up-to-date: /ros2_ws/install/interfaces/include/interfaces/interfaces/msg/detail/motor_states__type_support.cpp
[1.768s] -- Up-to-date: /ros2_ws/install/interfaces/include/interfaces/interfaces/msg/detail/motor_cmd__rosidl_typesupport_introspection_cpp.hpp
[1.769s] -- Up-to-date: /ros2_ws/install/interfaces/include/interfaces/interfaces/msg/detail/motor_states__rosidl_typesupport_introspection_cpp.hpp
[1.769s] -- Up-to-date: /ros2_ws/install/interfaces/lib/libinterfaces__rosidl_typesupport_introspection_cpp.so
[1.769s] -- Up-to-date: /ros2_ws/install/interfaces/lib/libinterfaces__rosidl_typesupport_cpp.so
[1.770s] -- Up-to-date: /ros2_ws/install/interfaces/share/interfaces/environment/pythonpath.sh
[1.770s] -- Up-to-date: /ros2_ws/install/interfaces/share/interfaces/environment/pythonpath.dsv
[1.771s] -- Up-to-date: /ros2_ws/install/interfaces/local/lib/python3.10/dist-packages/interfaces-0.0.0-py3.10.egg-info
[1.771s] -- Installing: /ros2_ws/install/interfaces/local/lib/python3.10/dist-packages/interfaces-0.0.0-py3.10.egg-info/SOURCES.txt
[1.771s] -- Installing: /ros2_ws/install/interfaces/local/lib/python3.10/dist-packages/interfaces-0.0.0-py3.10.egg-info/PKG-INFO
[1.772s] -- Installing: /ros2_ws/install/interfaces/local/lib/python3.10/dist-packages/interfaces-0.0.0-py3.10.egg-info/dependency_links.txt
[1.772s] -- Installing: /ros2_ws/install/interfaces/local/lib/python3.10/dist-packages/interfaces-0.0.0-py3.10.egg-info/top_level.txt
[1.772s] -- Up-to-date: /ros2_ws/install/interfaces/local/lib/python3.10/dist-packages/interfaces
[1.773s] -- Up-to-date: /ros2_ws/install/interfaces/local/lib/python3.10/dist-packages/interfaces/_interfaces_s.ep.rosidl_typesupport_c.c
[1.773s] -- Up-to-date: /ros2_ws/install/interfaces/local/lib/python3.10/dist-packages/interfaces/_interfaces_s.ep.rosidl_typesupport_fastrtps_c.c
[1.773s] -- Up-to-date: /ros2_ws/install/interfaces/local/lib/python3.10/dist-packages/interfaces/interfaces_s__rosidl_typesupport_introspection_c.cpython-310-aarch64-linux-gnu.so
[1.774s] -- Up-to-date: /ros2_ws/install/interfaces/local/lib/python3.10/dist-packages/interfaces/__init__.py
[1.774s] -- Up-to-date: /ros2_ws/install/interfaces/local/lib/python3.10/dist-packages/interfaces/libinterfaces__rosidl_generator_py.so
[1.775s] -- Up-to-date: /ros2_ws/install/interfaces/local/lib/python3.10/dist-packages/interfaces/_interfaces_s.ep.rosidl_typesupport_introspection_c.c
[1.775s] -- Up-to-date: /ros2_ws/install/interfaces/local/lib/python3.10/dist-packages/interfaces/msg
[1.775s] -- Up-to-date: /ros2_ws/install/interfaces/local/lib/python3.10/dist-packages/interfaces/msg/_motor_cmd_s.c
[1.776s] -- Up-to-date: /ros2_ws/install/interfaces/local/lib/python3.10/dist-packages/interfaces/msg/_motor_states.py
[1.776s] -- Up-to-date: /ros2_ws/install/interfaces/local/lib/python3.10/dist-packages/interfaces/msg/_motor_cmd.py
[1.776s] -- Up-to-date: /ros2_ws/install/interfaces/local/lib/python3.10/dist-packages/interfaces/msg/__init__.py
[1.777s] -- Up-to-date: /ros2_ws/install/interfaces/local/lib/python3.10/dist-packages/interfaces/msg/_motor_states_s.c
[1.777s] -- Up-to-date: /ros2_ws/install/interfaces/local/lib/python3.10/dist-packages/interfaces/interfaces_s__rosidl_typesupport_c.cpython-310-aarch64-linux-gnu.so
[1.777s] -- Up-to-date: /ros2_ws/install/interfaces/local/lib/python3.10/dist-packages/interfaces/interfaces_s__rosidl_typesupport_fastrtps_c.cpython-310-aarch64-linux-gnu.so
[1.893s] Listing '/ros2_ws/install/interfaces/local/lib/python3.10/dist-packages/interfaces'...
[1.894s] Listing '/ros2_ws/install/interfaces/local/lib/python3.10/dist-packages/interfaces/msg'...
[1.916s] -- Up-to-date: /ros2_ws/install/interfaces/local/lib/python3.10/dist-packages/interfaces/interfaces_s__rosidl_typesupport_fastrtps_c.cpython-310-aarch64-linux-gnu.so
[1.917s] -- Up-to-date: /ros2_ws/install/interfaces/local/lib/python3.10/dist-packages/interfaces/interfaces_s__rosidl_typesupport_introspection_c.cpython-310-aarch64-linux-gnu.so
[1.919s] -- Up-to-date: /ros2_ws/install/interfaces/local/lib/python3.10/dist-packages/interfaces/interfaces_s__rosidl_typesupport_c.cpython-310-aarch64-linux-gnu.so
[1.920s] -- Up-to-date: /ros2_ws/install/interfaces/lib/libinterfaces__rosidl_generator_py.so
[1.921s] -- Up-to-date: /ros2_ws/install/interfaces/share/ament_index/resource_index/rust_packages/interfaces
[1.921s] -- Up-to-date: /ros2_ws/install/interfaces/share/interfaces/rust
[1.922s] -- Up-to-date: /ros2_ws/install/interfaces/share/interfaces/rust/src
[1.922s] -- Up-to-date: /ros2_ws/install/interfaces/share/interfaces/rust/src/msg.rs
[1.923s] -- Up-to-date: /ros2_ws/install/interfaces/share/interfaces/rust/src/lib.rs
[1.923s] -- Up-to-date: /ros2_ws/install/interfaces/share/interfaces/rust/src/msg
[1.923s] -- Up-to-date: /ros2_ws/install/interfaces/share/interfaces/rust/src/msg/rmw.rs
[1.924s] -- Up-to-date: /ros2_ws/install/interfaces/share/interfaces/rust/build.rs
[1.924s] -- Up-to-date: /ros2_ws/install/interfaces/share/interfaces/rust/Cargo.toml
[1.925s] -- Up-to-date: /ros2_ws/install/interfaces/share/interfaces/msg/MotorCmd.idl
[1.925s] -- Up-to-date: /ros2_ws/install/interfaces/share/interfaces/msg/MotorStates.idl
[1.925s] -- Up-to-date: /ros2_ws/install/interfaces/share/interfaces/msg/MotorCmd.msg
[1.926s] -- Up-to-date: /ros2_ws/install/interfaces/share/interfaces/msg/MotorStates.msg
[1.926s] -- Up-to-date: /ros2_ws/install/interfaces/share/ament_index/resource_index/package_run_dependencies/interfaces
[1.927s] -- Up-to-date: /ros2_ws/install/interfaces/share/ament_index/resource_index/parent_prefix_path/interfaces
[1.927s] -- Up-to-date: /ros2_ws/install/interfaces/share/interfaces/environment/ament_prefix_path.sh
[1.928s] -- Up-to-date: /ros2_ws/install/interfaces/share/interfaces/environment/ament_prefix_path.dsv
[1.928s] -- Up-to-date: /ros2_ws/install/interfaces/share/interfaces/environment/path.sh
[1.928s] -- Up-to-date: /ros2_ws/install/interfaces/share/interfaces/environment/path.dsv
[1.929s] -- Up-to-date: /ros2_ws/install/interfaces/share/interfaces/local_setup.bash
[1.929s] -- Up-to-date: /ros2_ws/install/interfaces/share/interfaces/local_setup.sh
[1.930s] -- Up-to-date: /ros2_ws/install/interfaces/share/interfaces/local_setup.zsh
[1.930s] -- Up-to-date: /ros2_ws/install/interfaces/share/interfaces/local_setup.dsv
[1.931s] -- Installing: /ros2_ws/install/interfaces/share/interfaces/package.dsv
[1.931s] -- Up-to-date: /ros2_ws/install/interfaces/share/ament_index/resource_index/packages/interfaces
[1.932s] -- Up-to-date: /ros2_ws/install/interfaces/share/interfaces/cmake/export_interfaces__rosidl_generator_cExport.cmake
[1.932s] -- Up-to-date: /ros2_ws/install/interfaces/share/interfaces/cmake/export_interfaces__rosidl_generator_cExport-noconfig.cmake
[1.933s] -- Up-to-date: /ros2_ws/install/interfaces/share/interfaces/cmake/export_interfaces__rosidl_typesupport_fastrtps_cExport.cmake
[1.933s] -- Up-to-date: /ros2_ws/install/interfaces/share/interfaces/cmake/export_interfaces__rosidl_typesupport_fastrtps_cExport-noconfig.cmake
[1.934s] -- Up-to-date: /ros2_ws/install/interfaces/share/interfaces/cmake/interfaces__rosidl_typesupport_introspection_cExport.cmake
[1.934s] -- Up-to-date: /ros2_ws/install/interfaces/share/interfaces/cmake/interfaces__rosidl_typesupport_introspection_cExport-noconfig.cmake
[1.935s] -- Up-to-date: /ros2_ws/install/interfaces/share/interfaces/cmake/interfaces__rosidl_typesupport_cExport.cmake
[1.935s] -- Up-to-date: /ros2_ws/install/interfaces/share/interfaces/cmake/interfaces__rosidl_typesupport_cExport-noconfig.cmake
[1.936s] -- Up-to-date: /ros2_ws/install/interfaces/share/interfaces/cmake/export_interfaces__rosidl_generator_cppExport.cmake
[1.936s] -- Up-to-date: /ros2_ws/install/interfaces/share/interfaces/cmake/export_interfaces__rosidl_typesupport_fastrtps_cppExport.cmake
[1.937s] -- Up-to-date: /ros2_ws/install/interfaces/share/interfaces/cmake/export_interfaces__rosidl_typesupport_fastrtps_cppExport-noconfig.cmake
[1.937s] -- Up-to-date: /ros2_ws/install/interfaces/share/interfaces/cmake/interfaces__rosidl_typesupport_introspection_cppExport.cmake
[1.938s] -- Up-to-date: /ros2_ws/install/interfaces/share/interfaces/cmake/interfaces__rosidl_typesupport_introspection_cppExport-noconfig.cmake
[1.940s] -- Up-to-date: /ros2_ws/install/interfaces/share/interfaces/cmake/interfaces__rosidl_typesupport_cppExport.cmake
[1.941s] -- Up-to-date: /ros2_ws/install/interfaces/share/interfaces/cmake/interfaces__rosidl_typesupport_cppExport-noconfig.cmake
[1.942s] -- Up-to-date: /ros2_ws/install/interfaces/share/interfaces/cmake/export_interfaces__rosidl_generator_pyExport.cmake
[1.942s] -- Up-to-date: /ros2_ws/install/interfaces/share/interfaces/cmake/export_interfaces__rosidl_generator_pyExport-noconfig.cmake
[1.943s] -- Up-to-date: /ros2_ws/install/interfaces/share/interfaces/cmake/rosidl_cmake-extras.cmake
[1.944s] -- Up-to-date: /ros2_ws/install/interfaces/share/interfaces/cmake/ament_cmake_export_include_directories-extras.cmake
[1.945s] -- Up-to-date: /ros2_ws/install/interfaces/share/interfaces/cmake/ament_cmake_export_libraries-extras.cmake
[1.945s] -- Up-to-date: /ros2_ws/install/interfaces/share/interfaces/cmake/ament_cmake_export_targets-extras.cmake
[1.946s] -- Up-to-date: /ros2_ws/install/interfaces/share/interfaces/cmake/rosidl_cmake_export_typesupport_targets-extras.cmake
[1.946s] -- Up-to-date: /ros2_ws/install/interfaces/share/interfaces/cmake/ament_cmake_export_dependencies-extras.cmake
[1.947s] -- Up-to-date: /ros2_ws/install/interfaces/share/interfaces/cmake/rosidl_cmake_export_typesupport_libraries-extras.cmake
[1.947s] -- Up-to-date: /ros2_ws/install/interfaces/share/interfaces/cmake/rosidl_cmake_aggregate_target-extras.cmake
[1.948s] -- Up-to-date: /ros2_ws/install/interfaces/share/interfaces/cmake/interfacesConfig.cmake
[1.948s] -- Up-to-date: /ros2_ws/install/interfaces/share/interfaces/cmake/interfacesConfig-version.cmake
[1.949s] -- Up-to-date: /ros2_ws/install/interfaces/share/interfaces/package.xml
[1.950s] Invoked command in '/ros2_ws/build/interfaces' returned '0': CMAKE_PREFIX_PATH=${CMAKE_PREFIX_PATH}:/opt/ros/humble /usr/bin/cmake --install /ros2_ws/build/interfaces
