[0.048s] Invoking command in '/ros2_ws/build/interfaces': CMAKE_PREFIX_PATH=${CMAKE_PREFIX_PATH}:/opt/ros/humble /usr/bin/cmake --build /ros2_ws/build/interfaces -- -j4 -l4
[0.210s] [  2%] Built target interfaces__rs
[0.237s] [ 10%] Built target interfaces__cpp
[0.238s] [ 15%] Built target interfaces__rosidl_generator_c
[0.253s] [ 15%] Built target ament_cmake_python_symlink_interfaces
[0.319s] [ 25%] Built target interfaces__rosidl_typesupport_introspection_c
[0.333s] [ 35%] Built target interfaces__rosidl_typesupport_fastrtps_c
[0.339s] [ 45%] Built target interfaces__rosidl_typesupport_introspection_cpp
[0.353s] [ 55%] Built target interfaces__rosidl_typesupport_c
[0.483s] [ 65%] Built target interfaces__rosidl_typesupport_cpp
[0.492s] [ 75%] Built target interfaces__rosidl_typesupport_fastrtps_cpp
[0.559s] [ 75%] Built target interfaces
[0.672s] [ 77%] Built target interfaces__py
[0.767s] [ 85%] Built target interfaces__rosidl_generator_py
[0.972s] [ 90%] Built target interfaces__rosidl_typesupport_introspection_c__pyext
[1.018s] [ 95%] Built target interfaces__rosidl_typesupport_fastrtps_c__pyext
[1.060s] [100%] Built target interfaces__rosidl_typesupport_c__pyext
[1.571s] running egg_info
[1.575s] writing interfaces.egg-info/PKG-INFO
[1.576s] writing dependency_links to interfaces.egg-info/dependency_links.txt
[1.576s] writing top-level names to interfaces.egg-info/top_level.txt
[1.585s] reading manifest file 'interfaces.egg-info/SOURCES.txt'
[1.587s] writing manifest file 'interfaces.egg-info/SOURCES.txt'
[1.704s] [100%] Built target ament_cmake_python_build_interfaces_egg
[1.739s] Invoked command in '/ros2_ws/build/interfaces' returned '0': CMAKE_PREFIX_PATH=${CMAKE_PREFIX_PATH}:/opt/ros/humble /usr/bin/cmake --build /ros2_ws/build/interfaces -- -j4 -l4
[1.744s] Invoking command in '/ros2_ws/build/interfaces': CMAKE_PREFIX_PATH=${CMAKE_PREFIX_PATH}:/opt/ros/humble /usr/bin/cmake --install /ros2_ws/build/interfaces
[1.770s] -- Install configuration: ""
[1.771s] -- Execute custom install script
[1.772s] -- Up-to-date symlink: /ros2_ws/install/interfaces/share/ament_index/resource_index/rosidl_interfaces/interfaces
[1.773s] -- Up-to-date symlink: /ros2_ws/install/interfaces/include/interfaces/interfaces/msg/detail/motor_cmd__functions.h
[1.777s] -- Up-to-date symlink: /ros2_ws/install/interfaces/include/interfaces/interfaces/msg/detail/motor_cmd__struct.h
[1.778s] -- Up-to-date symlink: /ros2_ws/install/interfaces/include/interfaces/interfaces/msg/detail/motor_cmd__type_support.h
[1.778s] -- Up-to-date symlink: /ros2_ws/install/interfaces/include/interfaces/interfaces/msg/detail/motor_states__functions.h
[1.779s] -- Up-to-date symlink: /ros2_ws/install/interfaces/include/interfaces/interfaces/msg/detail/motor_states__struct.h
[1.779s] -- Up-to-date symlink: /ros2_ws/install/interfaces/include/interfaces/interfaces/msg/detail/motor_states__type_support.h
[1.780s] -- Up-to-date symlink: /ros2_ws/install/interfaces/include/interfaces/interfaces/msg/motor_cmd.h
[1.780s] -- Up-to-date symlink: /ros2_ws/install/interfaces/include/interfaces/interfaces/msg/motor_states.h
[1.781s] -- Up-to-date symlink: /ros2_ws/install/interfaces/include/interfaces/interfaces/msg/rosidl_generator_c__visibility_control.h
[1.789s] -- Up-to-date symlink: /ros2_ws/install/interfaces/share/interfaces/environment/library_path.sh
[1.789s] -- Up-to-date symlink: /ros2_ws/install/interfaces/share/interfaces/environment/library_path.dsv
[1.790s] -- Up-to-date symlink: /ros2_ws/install/interfaces/include/interfaces/interfaces/msg/detail/motor_cmd__rosidl_typesupport_fastrtps_c.h
[1.790s] -- Up-to-date symlink: /ros2_ws/install/interfaces/include/interfaces/interfaces/msg/detail/motor_states__rosidl_typesupport_fastrtps_c.h
[1.791s] -- Up-to-date symlink: /ros2_ws/install/interfaces/include/interfaces/interfaces/msg/rosidl_typesupport_fastrtps_c__visibility_control.h
[1.791s] -- Up-to-date symlink: /ros2_ws/install/interfaces/include/interfaces/interfaces/msg/detail/motor_cmd__rosidl_typesupport_introspection_c.h
[1.792s] -- Up-to-date symlink: /ros2_ws/install/interfaces/include/interfaces/interfaces/msg/detail/motor_states__rosidl_typesupport_introspection_c.h
[1.792s] -- Up-to-date symlink: /ros2_ws/install/interfaces/include/interfaces/interfaces/msg/rosidl_typesupport_introspection_c__visibility_control.h
[1.793s] -- Up-to-date symlink: /ros2_ws/install/interfaces/include/interfaces/interfaces/msg/detail/motor_cmd__builder.hpp
[1.803s] -- Up-to-date symlink: /ros2_ws/install/interfaces/include/interfaces/interfaces/msg/detail/motor_cmd__struct.hpp
[1.803s] -- Up-to-date symlink: /ros2_ws/install/interfaces/include/interfaces/interfaces/msg/detail/motor_cmd__traits.hpp
[1.804s] -- Up-to-date symlink: /ros2_ws/install/interfaces/include/interfaces/interfaces/msg/detail/motor_cmd__type_support.hpp
[1.805s] -- Up-to-date symlink: /ros2_ws/install/interfaces/include/interfaces/interfaces/msg/detail/motor_states__builder.hpp
[1.805s] -- Up-to-date symlink: /ros2_ws/install/interfaces/include/interfaces/interfaces/msg/detail/motor_states__struct.hpp
[1.805s] -- Up-to-date symlink: /ros2_ws/install/interfaces/include/interfaces/interfaces/msg/detail/motor_states__traits.hpp
[1.806s] -- Up-to-date symlink: /ros2_ws/install/interfaces/include/interfaces/interfaces/msg/detail/motor_states__type_support.hpp
[1.807s] -- Up-to-date symlink: /ros2_ws/install/interfaces/include/interfaces/interfaces/msg/motor_cmd.hpp
[1.807s] -- Up-to-date symlink: /ros2_ws/install/interfaces/include/interfaces/interfaces/msg/motor_states.hpp
[1.808s] -- Up-to-date symlink: /ros2_ws/install/interfaces/include/interfaces/interfaces/msg/rosidl_generator_cpp__visibility_control.hpp
[1.808s] -- Up-to-date symlink: /ros2_ws/install/interfaces/include/interfaces/interfaces/msg/detail/motor_cmd__rosidl_typesupport_fastrtps_cpp.hpp
[1.808s] -- Up-to-date symlink: /ros2_ws/install/interfaces/include/interfaces/interfaces/msg/detail/motor_states__rosidl_typesupport_fastrtps_cpp.hpp
[1.809s] -- Up-to-date symlink: /ros2_ws/install/interfaces/include/interfaces/interfaces/msg/rosidl_typesupport_fastrtps_cpp__visibility_control.h
[1.809s] -- Up-to-date symlink: /ros2_ws/install/interfaces/include/interfaces/interfaces/msg/detail/motor_cmd__rosidl_typesupport_introspection_cpp.hpp
[1.810s] -- Up-to-date symlink: /ros2_ws/install/interfaces/include/interfaces/interfaces/msg/detail/motor_states__rosidl_typesupport_introspection_cpp.hpp
[1.810s] -- Up-to-date symlink: /ros2_ws/install/interfaces/share/interfaces/environment/pythonpath.sh
[1.815s] -- Up-to-date symlink: /ros2_ws/install/interfaces/share/interfaces/environment/pythonpath.dsv
[1.815s] -- Up-to-date symlink: /ros2_ws/install/interfaces/local/lib/python3.10/dist-packages/interfaces-0.0.0-py3.10.egg-info/PKG-INFO
[1.816s] -- Up-to-date symlink: /ros2_ws/install/interfaces/local/lib/python3.10/dist-packages/interfaces-0.0.0-py3.10.egg-info/SOURCES.txt
[1.817s] -- Up-to-date symlink: /ros2_ws/install/interfaces/local/lib/python3.10/dist-packages/interfaces-0.0.0-py3.10.egg-info/dependency_links.txt
[1.817s] -- Up-to-date symlink: /ros2_ws/install/interfaces/local/lib/python3.10/dist-packages/interfaces-0.0.0-py3.10.egg-info/top_level.txt
[1.818s] -- Up-to-date symlink: /ros2_ws/install/interfaces/local/lib/python3.10/dist-packages/interfaces/__init__.py
[1.818s] -- Up-to-date symlink: /ros2_ws/install/interfaces/local/lib/python3.10/dist-packages/interfaces/_interfaces_s.ep.rosidl_typesupport_c.c
[1.822s] -- Up-to-date symlink: /ros2_ws/install/interfaces/local/lib/python3.10/dist-packages/interfaces/_interfaces_s.ep.rosidl_typesupport_fastrtps_c.c
[1.823s] -- Up-to-date symlink: /ros2_ws/install/interfaces/local/lib/python3.10/dist-packages/interfaces/_interfaces_s.ep.rosidl_typesupport_introspection_c.c
[1.824s] -- Up-to-date symlink: /ros2_ws/install/interfaces/local/lib/python3.10/dist-packages/interfaces/interfaces_s__rosidl_typesupport_c.cpython-310-aarch64-linux-gnu.so
[1.824s] -- Up-to-date symlink: /ros2_ws/install/interfaces/local/lib/python3.10/dist-packages/interfaces/interfaces_s__rosidl_typesupport_fastrtps_c.cpython-310-aarch64-linux-gnu.so
[1.825s] -- Up-to-date symlink: /ros2_ws/install/interfaces/local/lib/python3.10/dist-packages/interfaces/interfaces_s__rosidl_typesupport_introspection_c.cpython-310-aarch64-linux-gnu.so
[1.825s] -- Up-to-date symlink: /ros2_ws/install/interfaces/local/lib/python3.10/dist-packages/interfaces/libinterfaces__rosidl_generator_py.so
[1.825s] -- Up-to-date symlink: /ros2_ws/install/interfaces/local/lib/python3.10/dist-packages/interfaces/msg/__init__.py
[1.826s] -- Up-to-date symlink: /ros2_ws/install/interfaces/local/lib/python3.10/dist-packages/interfaces/msg/_motor_cmd.py
[1.826s] -- Up-to-date symlink: /ros2_ws/install/interfaces/local/lib/python3.10/dist-packages/interfaces/msg/_motor_cmd_s.c
[1.827s] -- Up-to-date symlink: /ros2_ws/install/interfaces/local/lib/python3.10/dist-packages/interfaces/msg/_motor_states.py
[1.828s] -- Up-to-date symlink: /ros2_ws/install/interfaces/local/lib/python3.10/dist-packages/interfaces/msg/_motor_states_s.c
[1.828s] -- Up-to-date symlink: /ros2_ws/install/interfaces/local/lib/python3.10/dist-packages/interfaces/interfaces_s__rosidl_typesupport_fastrtps_c.cpython-310-aarch64-linux-gnu.so
[1.829s] -- Up-to-date symlink: /ros2_ws/install/interfaces/local/lib/python3.10/dist-packages/interfaces/interfaces_s__rosidl_typesupport_introspection_c.cpython-310-aarch64-linux-gnu.so
[1.829s] -- Up-to-date symlink: /ros2_ws/install/interfaces/local/lib/python3.10/dist-packages/interfaces/interfaces_s__rosidl_typesupport_c.cpython-310-aarch64-linux-gnu.so
[1.830s] -- Up-to-date symlink: /ros2_ws/install/interfaces/share/ament_index/resource_index/rust_packages/interfaces
[1.830s] -- Up-to-date symlink: /ros2_ws/install/interfaces/share/interfaces/rust/Cargo.toml
[1.831s] -- Up-to-date symlink: /ros2_ws/install/interfaces/share/interfaces/rust/build.rs
[1.831s] -- Up-to-date symlink: /ros2_ws/install/interfaces/share/interfaces/rust/src/lib.rs
[1.832s] -- Up-to-date symlink: /ros2_ws/install/interfaces/share/interfaces/rust/src/msg.rs
[1.832s] -- Up-to-date symlink: /ros2_ws/install/interfaces/share/interfaces/rust/src/msg/rmw.rs
[1.833s] -- Up-to-date symlink: /ros2_ws/install/interfaces/share/interfaces/msg/MotorCmd.idl
[1.833s] -- Up-to-date symlink: /ros2_ws/install/interfaces/share/interfaces/msg/MotorStates.idl
[1.834s] -- Up-to-date symlink: /ros2_ws/install/interfaces/share/interfaces/msg/MotorCmd.msg
[1.834s] -- Up-to-date symlink: /ros2_ws/install/interfaces/share/interfaces/msg/MotorStates.msg
[1.834s] -- Up-to-date symlink: /ros2_ws/install/interfaces/include/interfaces/msg/detail/motor_cmd__builder.hpp
[1.835s] -- Up-to-date symlink: /ros2_ws/install/interfaces/include/interfaces/msg/detail/motor_cmd__struct.hpp
[1.835s] -- Up-to-date symlink: /ros2_ws/install/interfaces/include/interfaces/msg/detail/motor_cmd__traits.hpp
[1.836s] -- Up-to-date symlink: /ros2_ws/install/interfaces/include/interfaces/msg/detail/motor_cmd__type_support.hpp
[1.837s] -- Up-to-date symlink: /ros2_ws/install/interfaces/include/interfaces/msg/detail/motor_states__builder.hpp
[1.838s] -- Up-to-date symlink: /ros2_ws/install/interfaces/include/interfaces/msg/detail/motor_states__struct.hpp
[1.838s] -- Up-to-date symlink: /ros2_ws/install/interfaces/include/interfaces/msg/detail/motor_states__traits.hpp
[1.839s] -- Up-to-date symlink: /ros2_ws/install/interfaces/include/interfaces/msg/detail/motor_states__type_support.hpp
[1.839s] -- Up-to-date symlink: /ros2_ws/install/interfaces/include/interfaces/msg/motor_cmd.hpp
[1.840s] -- Up-to-date symlink: /ros2_ws/install/interfaces/include/interfaces/msg/motor_states.hpp
[1.840s] -- Up-to-date symlink: /ros2_ws/install/interfaces/include/interfaces/msg/rosidl_generator_cpp__visibility_control.hpp
[1.841s] -- Up-to-date symlink: /ros2_ws/install/interfaces/share/ament_index/resource_index/package_run_dependencies/interfaces
[1.841s] -- Up-to-date symlink: /ros2_ws/install/interfaces/share/ament_index/resource_index/parent_prefix_path/interfaces
[1.842s] -- Up-to-date symlink: /ros2_ws/install/interfaces/share/interfaces/environment/ament_prefix_path.sh
[1.842s] -- Up-to-date symlink: /ros2_ws/install/interfaces/share/interfaces/environment/ament_prefix_path.dsv
[1.843s] -- Up-to-date symlink: /ros2_ws/install/interfaces/share/interfaces/environment/path.sh
[1.843s] -- Up-to-date symlink: /ros2_ws/install/interfaces/share/interfaces/environment/path.dsv
[1.843s] -- Up-to-date symlink: /ros2_ws/install/interfaces/share/interfaces/local_setup.bash
[1.844s] -- Up-to-date symlink: /ros2_ws/install/interfaces/share/interfaces/local_setup.sh
[1.844s] -- Up-to-date symlink: /ros2_ws/install/interfaces/share/interfaces/local_setup.zsh
[1.844s] -- Up-to-date symlink: /ros2_ws/install/interfaces/share/interfaces/local_setup.dsv
[1.845s] -- Symlinking: /ros2_ws/install/interfaces/share/interfaces/package.dsv
[1.874s] -- Up-to-date symlink: /ros2_ws/install/interfaces/share/ament_index/resource_index/packages/interfaces
[1.875s] -- Up-to-date symlink: /ros2_ws/install/interfaces/share/interfaces/cmake/rosidl_cmake-extras.cmake
[1.876s] -- Up-to-date symlink: /ros2_ws/install/interfaces/share/interfaces/cmake/ament_cmake_export_include_directories-extras.cmake
[1.876s] -- Up-to-date symlink: /ros2_ws/install/interfaces/share/interfaces/cmake/ament_cmake_export_libraries-extras.cmake
[1.877s] -- Up-to-date symlink: /ros2_ws/install/interfaces/share/interfaces/cmake/ament_cmake_export_targets-extras.cmake
[1.878s] -- Up-to-date symlink: /ros2_ws/install/interfaces/share/interfaces/cmake/rosidl_cmake_export_typesupport_targets-extras.cmake
[1.878s] -- Up-to-date symlink: /ros2_ws/install/interfaces/share/interfaces/cmake/ament_cmake_export_dependencies-extras.cmake
[1.879s] -- Up-to-date symlink: /ros2_ws/install/interfaces/share/interfaces/cmake/rosidl_cmake_export_typesupport_libraries-extras.cmake
[1.880s] -- Up-to-date symlink: /ros2_ws/install/interfaces/share/interfaces/cmake/rosidl_cmake_aggregate_target-extras.cmake
[1.880s] -- Up-to-date symlink: /ros2_ws/install/interfaces/share/interfaces/cmake/interfacesConfig.cmake
[1.881s] -- Up-to-date symlink: /ros2_ws/install/interfaces/share/interfaces/cmake/interfacesConfig-version.cmake
[1.882s] -- Up-to-date symlink: /ros2_ws/install/interfaces/share/interfaces/package.xml
[1.883s] -- Up-to-date: /ros2_ws/install/interfaces/lib/libinterfaces__rosidl_generator_c.so
[1.884s] -- Up-to-date: /ros2_ws/install/interfaces/lib/libinterfaces__rosidl_typesupport_fastrtps_c.so
[1.885s] -- Up-to-date: /ros2_ws/install/interfaces/lib/libinterfaces__rosidl_typesupport_introspection_c.so
[1.886s] -- Up-to-date: /ros2_ws/install/interfaces/lib/libinterfaces__rosidl_typesupport_c.so
[1.888s] -- Up-to-date: /ros2_ws/install/interfaces/lib/libinterfaces__rosidl_typesupport_fastrtps_cpp.so
[1.889s] -- Up-to-date: /ros2_ws/install/interfaces/lib/libinterfaces__rosidl_typesupport_introspection_cpp.so
[1.890s] -- Up-to-date: /ros2_ws/install/interfaces/lib/libinterfaces__rosidl_typesupport_cpp.so
[2.041s] Listing '/ros2_ws/install/interfaces/local/lib/python3.10/dist-packages/interfaces'...
[2.042s] Listing '/ros2_ws/install/interfaces/local/lib/python3.10/dist-packages/interfaces/msg'...
[2.068s] -- Up-to-date: /ros2_ws/install/interfaces/lib/libinterfaces__rosidl_generator_py.so
[2.069s] -- Up-to-date: /ros2_ws/install/interfaces/share/interfaces/cmake/export_interfaces__rosidl_generator_cExport.cmake
[2.070s] -- Up-to-date: /ros2_ws/install/interfaces/share/interfaces/cmake/export_interfaces__rosidl_generator_cExport-noconfig.cmake
[2.070s] -- Up-to-date: /ros2_ws/install/interfaces/share/interfaces/cmake/export_interfaces__rosidl_typesupport_fastrtps_cExport.cmake
[2.071s] -- Up-to-date: /ros2_ws/install/interfaces/share/interfaces/cmake/export_interfaces__rosidl_typesupport_fastrtps_cExport-noconfig.cmake
[2.072s] -- Up-to-date: /ros2_ws/install/interfaces/share/interfaces/cmake/interfaces__rosidl_typesupport_introspection_cExport.cmake
[2.072s] -- Up-to-date: /ros2_ws/install/interfaces/share/interfaces/cmake/interfaces__rosidl_typesupport_introspection_cExport-noconfig.cmake
[2.073s] -- Up-to-date: /ros2_ws/install/interfaces/share/interfaces/cmake/interfaces__rosidl_typesupport_cExport.cmake
[2.074s] -- Up-to-date: /ros2_ws/install/interfaces/share/interfaces/cmake/interfaces__rosidl_typesupport_cExport-noconfig.cmake
[2.075s] -- Up-to-date: /ros2_ws/install/interfaces/share/interfaces/cmake/export_interfaces__rosidl_generator_cppExport.cmake
[2.075s] -- Up-to-date: /ros2_ws/install/interfaces/share/interfaces/cmake/export_interfaces__rosidl_typesupport_fastrtps_cppExport.cmake
[2.076s] -- Up-to-date: /ros2_ws/install/interfaces/share/interfaces/cmake/export_interfaces__rosidl_typesupport_fastrtps_cppExport-noconfig.cmake
[2.076s] -- Up-to-date: /ros2_ws/install/interfaces/share/interfaces/cmake/interfaces__rosidl_typesupport_introspection_cppExport.cmake
[2.077s] -- Up-to-date: /ros2_ws/install/interfaces/share/interfaces/cmake/interfaces__rosidl_typesupport_introspection_cppExport-noconfig.cmake
[2.077s] -- Up-to-date: /ros2_ws/install/interfaces/share/interfaces/cmake/interfaces__rosidl_typesupport_cppExport.cmake
[2.078s] -- Up-to-date: /ros2_ws/install/interfaces/share/interfaces/cmake/interfaces__rosidl_typesupport_cppExport-noconfig.cmake
[2.078s] -- Up-to-date: /ros2_ws/install/interfaces/share/interfaces/cmake/export_interfaces__rosidl_generator_pyExport.cmake
[2.079s] -- Up-to-date: /ros2_ws/install/interfaces/share/interfaces/cmake/export_interfaces__rosidl_generator_pyExport-noconfig.cmake
[2.085s] Invoked command in '/ros2_ws/build/interfaces' returned '0': CMAKE_PREFIX_PATH=${CMAKE_PREFIX_PATH}:/opt/ros/humble /usr/bin/cmake --install /ros2_ws/build/interfaces
