[0.047s] Invoking command in '/ros2_ws/build/common': CMAKE_PREFIX_PATH=/opt/ros/humble /usr/bin/cmake /ros2_ws/src/common -DAMENT_CMAKE_SYMLINK_INSTALL=1 -DCMAKE_INSTALL_PREFIX=/ros2_ws/install/common
[1.085s] -- The C compiler identification is GNU 11.4.0
[1.569s] -- The CXX compiler identification is GNU 11.4.0
[1.604s] -- Detecting C compiler ABI info
[1.836s] -- Detecting C compiler ABI info - done
[1.867s] -- Check for working C compiler: /usr/bin/cc - skipped
[1.870s] -- Detecting C compile features
[1.872s] -- Detecting C compile features - done
[1.888s] -- Detecting CXX compiler ABI info
[2.161s] -- Detecting CXX compiler ABI info - done
[2.194s] -- Check for working CXX compiler: /usr/bin/c++ - skipped
[2.195s] -- Detecting CXX compile features
[2.197s] -- Detecting CXX compile features - done
[2.212s] -- Found ament_cmake: 1.3.14 (/opt/ros/humble/share/ament_cmake/cmake)
[2.794s] -- Found Python3: /usr/bin/python3 (found version "3.10.12") found components: Interpreter 
[3.072s] -- Override CMake install command with custom implementation using symlinks instead of copying resources
[3.280s] -- Found PkgConfig: /usr/bin/pkg-config (found version "0.29.2") 
[3.282s] -- Checking for module 'yaml-cpp'
[3.313s] --   Found yaml-cpp, version 0.7.0
[3.418s] -- Found ament_lint_auto: 0.12.15 (/opt/ros/humble/share/ament_lint_auto/cmake)
[3.782s] -- Added test 'cppcheck' to perform static code analysis on C / C++ code
[3.782s] -- Configured cppcheck include dirs: $<BUILD_INTERFACE:/ros2_ws/src/common/include>;/ros2_ws/src/common/include
[3.783s] -- Configured cppcheck exclude dirs and/or files: 
[3.786s] -- Added test 'lint_cmake' to check CMake code style
[3.793s] -- Added test 'uncrustify' to check C / C++ code style
[3.794s] -- Configured uncrustify additional arguments: 
[3.795s] -- Added test 'xmllint' to check XML markup files
[3.804s] -- Configuring done
[3.824s] -- Generating done
[3.832s] -- Build files have been written to: /ros2_ws/build/common
[3.851s] Invoked command in '/ros2_ws/build/common' returned '0': CMAKE_PREFIX_PATH=/opt/ros/humble /usr/bin/cmake /ros2_ws/src/common -DAMENT_CMAKE_SYMLINK_INSTALL=1 -DCMAKE_INSTALL_PREFIX=/ros2_ws/install/common
[3.857s] Invoking command in '/ros2_ws/build/common': CMAKE_PREFIX_PATH=/opt/ros/humble /usr/bin/cmake --build /ros2_ws/build/common -- -j4 -l4
[3.991s] [ 40%] [32mBuilding CXX object CMakeFiles/common_config.dir/src/common/config_loader/config_loader.cpp.o[0m
[3.992s] [ 40%] [32mBuilding CXX object CMakeFiles/common_config.dir/src/common/logger/logger.cpp.o[0m
[8.547s] [ 60%] [32m[1mLinking CXX static library libcommon_config.a[0m
[8.667s] [ 60%] Built target common_config
[8.723s] [ 80%] [32mBuilding CXX object CMakeFiles/test_common.dir/test.cpp.o[0m
[12.797s] [100%] [32m[1mLinking CXX executable test_common[0m
[13.120s] [100%] Built target test_common
[13.151s] Invoked command in '/ros2_ws/build/common' returned '0': CMAKE_PREFIX_PATH=/opt/ros/humble /usr/bin/cmake --build /ros2_ws/build/common -- -j4 -l4
[13.181s] Invoking command in '/ros2_ws/build/common': CMAKE_PREFIX_PATH=/opt/ros/humble /usr/bin/cmake --install /ros2_ws/build/common
[13.201s] -- Install configuration: ""
[13.203s] -- Execute custom install script
[13.204s] -- Symlinking: /ros2_ws/install/common/lib/common/test_common
[13.229s] -- Symlinking: /ros2_ws/install/common/include/common/common/config_loader/config_loader.hpp
[13.258s] -- Symlinking: /ros2_ws/install/common/include/common/common/logger/logger.hpp
[13.283s] -- Symlinking: /ros2_ws/install/common/share/common/config/config.yaml
[13.307s] -- Symlinking: /ros2_ws/install/common/share/common/environment/library_path.sh
[13.331s] -- Symlinking: /ros2_ws/install/common/share/common/environment/library_path.dsv
[13.355s] -- Symlinking: /ros2_ws/install/common/share/ament_index/resource_index/package_run_dependencies/common
[13.379s] -- Symlinking: /ros2_ws/install/common/share/ament_index/resource_index/parent_prefix_path/common
[13.404s] -- Symlinking: /ros2_ws/install/common/share/common/environment/ament_prefix_path.sh
[13.429s] -- Symlinking: /ros2_ws/install/common/share/common/environment/ament_prefix_path.dsv
[13.453s] -- Symlinking: /ros2_ws/install/common/share/common/environment/path.sh
[13.477s] -- Symlinking: /ros2_ws/install/common/share/common/environment/path.dsv
[13.502s] -- Symlinking: /ros2_ws/install/common/share/common/local_setup.bash
[13.526s] -- Symlinking: /ros2_ws/install/common/share/common/local_setup.sh
[13.549s] -- Symlinking: /ros2_ws/install/common/share/common/local_setup.zsh
[13.573s] -- Symlinking: /ros2_ws/install/common/share/common/local_setup.dsv
[13.597s] -- Symlinking: /ros2_ws/install/common/share/common/package.dsv
[13.622s] -- Symlinking: /ros2_ws/install/common/share/ament_index/resource_index/packages/common
[13.646s] -- Symlinking: /ros2_ws/install/common/share/common/cmake/ament_cmake_export_include_directories-extras.cmake
[13.670s] -- Symlinking: /ros2_ws/install/common/share/common/cmake/ament_cmake_export_libraries-extras.cmake
[13.694s] -- Symlinking: /ros2_ws/install/common/share/common/cmake/commonConfig.cmake
[13.718s] -- Symlinking: /ros2_ws/install/common/share/common/cmake/commonConfig-version.cmake
[13.742s] -- Symlinking: /ros2_ws/install/common/share/common/package.xml
[13.767s] -- Installing: /ros2_ws/install/common/lib/libcommon_config.a
[13.775s] Invoked command in '/ros2_ws/build/common' returned '0': CMAKE_PREFIX_PATH=/opt/ros/humble /usr/bin/cmake --install /ros2_ws/build/common
