[0.092s] Invoking command in '/ros2_ws/build/common': CMAKE_PREFIX_PATH=${CMAKE_PREFIX_PATH}:/ros2_ws/install/system_services:/opt/ros/humble /usr/bin/cmake --build /ros2_ws/build/common -- -j4 -l4
[0.313s] [ 60%] Built target common_config
[0.495s] [100%] Built target test_common
[1.505s] Invoked command in '/ros2_ws/build/common' returned '0': CMAKE_PREFIX_PATH=${CMAKE_PREFIX_PATH}:/ros2_ws/install/system_services:/opt/ros/humble /usr/bin/cmake --build /ros2_ws/build/common -- -j4 -l4
[1.541s] Invoking command in '/ros2_ws/build/common': CMAKE_PREFIX_PATH=${CMAKE_PREFIX_PATH}:/ros2_ws/install/system_services:/opt/ros/humble /usr/bin/cmake --install /ros2_ws/build/common
[1.562s] -- Install configuration: ""
[1.564s] -- Execute custom install script
[1.566s] -- Up-to-date symlink: /ros2_ws/install/common/include/common/config_loader/config_loader.hpp
[1.566s] -- Up-to-date symlink: /ros2_ws/install/common/include/common/logger/logger.hpp
[1.569s] -- Up-to-date symlink: /ros2_ws/install/common/share/common/config/config.yaml
[1.571s] -- Up-to-date symlink: /ros2_ws/install/common/share/common/environment/library_path.sh
[1.572s] -- Up-to-date symlink: /ros2_ws/install/common/share/common/environment/library_path.dsv
[1.574s] -- Up-to-date symlink: /ros2_ws/install/common/share/ament_index/resource_index/package_run_dependencies/common
[1.575s] -- Up-to-date symlink: /ros2_ws/install/common/share/ament_index/resource_index/parent_prefix_path/common
[1.577s] -- Up-to-date symlink: /ros2_ws/install/common/share/common/environment/ament_prefix_path.sh
[1.577s] -- Up-to-date symlink: /ros2_ws/install/common/share/common/environment/ament_prefix_path.dsv
[1.578s] -- Up-to-date symlink: /ros2_ws/install/common/share/common/environment/path.sh
[1.578s] -- Up-to-date symlink: /ros2_ws/install/common/share/common/environment/path.dsv
[1.578s] -- Up-to-date symlink: /ros2_ws/install/common/share/common/local_setup.bash
[1.579s] -- Up-to-date symlink: /ros2_ws/install/common/share/common/local_setup.sh
[1.579s] -- Up-to-date symlink: /ros2_ws/install/common/share/common/local_setup.zsh
[1.579s] -- Up-to-date symlink: /ros2_ws/install/common/share/common/local_setup.dsv
[1.580s] -- Symlinking: /ros2_ws/install/common/share/common/package.dsv
[1.609s] -- Up-to-date symlink: /ros2_ws/install/common/share/ament_index/resource_index/packages/common
[1.610s] -- Up-to-date symlink: /ros2_ws/install/common/share/common/cmake/ament_cmake_export_include_directories-extras.cmake
[1.611s] -- Up-to-date symlink: /ros2_ws/install/common/share/common/cmake/ament_cmake_export_libraries-extras.cmake
[1.612s] -- Up-to-date symlink: /ros2_ws/install/common/share/common/cmake/ament_cmake_export_dependencies-extras.cmake
[1.612s] -- Up-to-date symlink: /ros2_ws/install/common/share/common/cmake/commonConfig.cmake
[1.613s] -- Up-to-date symlink: /ros2_ws/install/common/share/common/cmake/commonConfig-version.cmake
[1.614s] -- Up-to-date symlink: /ros2_ws/install/common/share/common/package.xml
[1.614s] -- Up-to-date: /ros2_ws/install/common/lib/libcommon_config.a
[1.624s] Invoked command in '/ros2_ws/build/common' returned '0': CMAKE_PREFIX_PATH=${CMAKE_PREFIX_PATH}:/ros2_ws/install/system_services:/opt/ros/humble /usr/bin/cmake --install /ros2_ws/build/common
