[0.045s] Invoking command in '/ros2_ws/build/bringup': CMAKE_PREFIX_PATH=/ros2_ws/install/description:/ros2_ws/install/brain_hardware:/ros2_ws/install/interfaces:/ros2_ws/install/bringup:/opt/ros/humble /usr/bin/cmake --build /ros2_ws/build/bringup -- -j4 -l4
[0.194s] Invoked command in '/ros2_ws/build/bringup' returned '0': CMAKE_PREFIX_PATH=/ros2_ws/install/description:/ros2_ws/install/brain_hardware:/ros2_ws/install/interfaces:/ros2_ws/install/bringup:/opt/ros/humble /usr/bin/cmake --build /ros2_ws/build/bringup -- -j4 -l4
[0.200s] Invoking command in '/ros2_ws/build/bringup': CMAKE_PREFIX_PATH=/ros2_ws/install/description:/ros2_ws/install/brain_hardware:/ros2_ws/install/interfaces:/ros2_ws/install/bringup:/opt/ros/humble /usr/bin/cmake --install /ros2_ws/build/bringup
[0.226s] -- Install configuration: ""
[0.227s] -- Up-to-date: /ros2_ws/install/bringup/share/bringup/launch
[0.228s] -- Up-to-date: /ros2_ws/install/bringup/share/bringup/launch/brain_bringup_dev.launch.py
[0.229s] -- Up-to-date: /ros2_ws/install/bringup/share/bringup/launch/brain_bringup.launch.py
[0.230s] -- Up-to-date: /ros2_ws/install/bringup/share/ament_index/resource_index/package_run_dependencies/bringup
[0.230s] -- Up-to-date: /ros2_ws/install/bringup/share/ament_index/resource_index/parent_prefix_path/bringup
[0.238s] -- Up-to-date: /ros2_ws/install/bringup/share/bringup/environment/ament_prefix_path.sh
[0.239s] -- Up-to-date: /ros2_ws/install/bringup/share/bringup/environment/ament_prefix_path.dsv
[0.244s] -- Up-to-date: /ros2_ws/install/bringup/share/bringup/environment/path.sh
[0.245s] -- Up-to-date: /ros2_ws/install/bringup/share/bringup/environment/path.dsv
[0.245s] -- Up-to-date: /ros2_ws/install/bringup/share/bringup/local_setup.bash
[0.247s] -- Up-to-date: /ros2_ws/install/bringup/share/bringup/local_setup.sh
[0.248s] -- Up-to-date: /ros2_ws/install/bringup/share/bringup/local_setup.zsh
[0.249s] -- Up-to-date: /ros2_ws/install/bringup/share/bringup/local_setup.dsv
[0.250s] -- Installing: /ros2_ws/install/bringup/share/bringup/package.dsv
[0.250s] -- Up-to-date: /ros2_ws/install/bringup/share/ament_index/resource_index/packages/bringup
[0.250s] -- Up-to-date: /ros2_ws/install/bringup/share/bringup/cmake/bringupConfig.cmake
[0.251s] -- Up-to-date: /ros2_ws/install/bringup/share/bringup/cmake/bringupConfig-version.cmake
[0.251s] -- Up-to-date: /ros2_ws/install/bringup/share/bringup/package.xml
[0.252s] Invoked command in '/ros2_ws/build/bringup' returned '0': CMAKE_PREFIX_PATH=/ros2_ws/install/description:/ros2_ws/install/brain_hardware:/ros2_ws/install/interfaces:/ros2_ws/install/bringup:/opt/ros/humble /usr/bin/cmake --install /ros2_ws/build/bringup
