[0.123s] Invoking command in '/ros2_ws/build/bringup': CMAKE_PREFIX_PATH=/ros2_ws/install/dri_interfaces:/ros2_ws/install/algorithms:/ros2_ws/install/interfaces:/ros2_ws/install/common:/ros2_ws/install/bringup:/ros2_ws/install/drivers:/opt/ros/humble /usr/bin/cmake --build /ros2_ws/build/bringup -- -j4 -l4
[0.265s] -- Found ament_cmake: 1.3.14 (/opt/ros/humble/share/ament_cmake/cmake)
[1.024s] -- Override CMake install command with custom implementation using symlinks instead of copying resources
[1.505s] -- Configuring done
[1.525s] -- Generating done
[1.532s] -- Build files have been written to: /ros2_ws/build/bringup
[1.596s] Invoked command in '/ros2_ws/build/bringup' returned '0': CMAKE_PREFIX_PATH=/ros2_ws/install/dri_interfaces:/ros2_ws/install/algorithms:/ros2_ws/install/interfaces:/ros2_ws/install/common:/ros2_ws/install/bringup:/ros2_ws/install/drivers:/opt/ros/humble /usr/bin/cmake --build /ros2_ws/build/bringup -- -j4 -l4
[1.600s] Invoking command in '/ros2_ws/build/bringup': CMAKE_PREFIX_PATH=/ros2_ws/install/dri_interfaces:/ros2_ws/install/algorithms:/ros2_ws/install/interfaces:/ros2_ws/install/common:/ros2_ws/install/bringup:/ros2_ws/install/drivers:/opt/ros/humble /usr/bin/cmake --install /ros2_ws/build/bringup
[1.626s] -- Install configuration: ""
[1.627s] -- Execute custom install script
[1.632s] -- Up-to-date symlink: /ros2_ws/install/bringup/share/bringup/launch/algorithms_bringup.launch.py
[1.632s] -- Up-to-date symlink: /ros2_ws/install/bringup/share/bringup/launch/dri_bringup.launch.py
[1.634s] -- Up-to-date symlink: /ros2_ws/install/bringup/share/ament_index/resource_index/package_run_dependencies/bringup
[1.636s] -- Up-to-date symlink: /ros2_ws/install/bringup/share/ament_index/resource_index/parent_prefix_path/bringup
[1.637s] -- Up-to-date symlink: /ros2_ws/install/bringup/share/bringup/environment/ament_prefix_path.sh
[1.638s] -- Up-to-date symlink: /ros2_ws/install/bringup/share/bringup/environment/ament_prefix_path.dsv
[1.639s] -- Up-to-date symlink: /ros2_ws/install/bringup/share/bringup/environment/path.sh
[1.640s] -- Up-to-date symlink: /ros2_ws/install/bringup/share/bringup/environment/path.dsv
[1.641s] -- Up-to-date symlink: /ros2_ws/install/bringup/share/bringup/local_setup.bash
[1.642s] -- Up-to-date symlink: /ros2_ws/install/bringup/share/bringup/local_setup.sh
[1.643s] -- Up-to-date symlink: /ros2_ws/install/bringup/share/bringup/local_setup.zsh
[1.644s] -- Up-to-date symlink: /ros2_ws/install/bringup/share/bringup/local_setup.dsv
[1.644s] -- Symlinking: /ros2_ws/install/bringup/share/bringup/package.dsv
[1.675s] -- Up-to-date symlink: /ros2_ws/install/bringup/share/ament_index/resource_index/packages/bringup
[1.676s] -- Up-to-date symlink: /ros2_ws/install/bringup/share/bringup/cmake/bringupConfig.cmake
[1.676s] -- Up-to-date symlink: /ros2_ws/install/bringup/share/bringup/cmake/bringupConfig-version.cmake
[1.678s] -- Up-to-date symlink: /ros2_ws/install/bringup/share/bringup/package.xml
[1.684s] Invoked command in '/ros2_ws/build/bringup' returned '0': CMAKE_PREFIX_PATH=/ros2_ws/install/dri_interfaces:/ros2_ws/install/algorithms:/ros2_ws/install/interfaces:/ros2_ws/install/common:/ros2_ws/install/bringup:/ros2_ws/install/drivers:/opt/ros/humble /usr/bin/cmake --install /ros2_ws/build/bringup
