[0.069s] Invoking command in '/ros2_ws/build/oradar_lidar': CMAKE_PREFIX_PATH=${CMAKE_PREFIX_PATH}:/opt/ros/humble /usr/bin/cmake --build /ros2_ws/build/oradar_lidar -- -j4 -l4
[0.379s] [ 60%] Built target oradar_sdk
[0.538s] [ 70%] Built target blocking_test
[0.543s] [ 80%] Built target non-blocking_test
[0.571s] [ 90%] Built target blocking_c_api_test
[0.574s] [100%] Built target oradar_scan
[0.626s] Invoked command in '/ros2_ws/build/oradar_lidar' returned '0': CMAKE_PREFIX_PATH=${CMAKE_PREFIX_PATH}:/opt/ros/humble /usr/bin/cmake --build /ros2_ws/build/oradar_lidar -- -j4 -l4
[0.657s] Invoking command in '/ros2_ws/build/oradar_lidar': CMAKE_PREFIX_PATH=${CMAKE_PREFIX_PATH}:/opt/ros/humble /usr/bin/cmake --install /ros2_ws/build/oradar_lidar
[0.682s] -- Install configuration: "RELEASE"
[0.684s] -- Up-to-date: /ros2_ws/install/oradar_lidar/lib/oradar_lidar/oradar_scan
[0.684s] -- Up-to-date: /ros2_ws/install/oradar_lidar/share/oradar_lidar//launch
[0.685s] -- Up-to-date: /ros2_ws/install/oradar_lidar/share/oradar_lidar//launch/ms200_scan_view.launch
[0.685s] -- Up-to-date: /ros2_ws/install/oradar_lidar/share/oradar_lidar//launch/ms200_scan_gmapping.launch.py
[0.686s] -- Up-to-date: /ros2_ws/install/oradar_lidar/share/oradar_lidar//launch/ms200_scan.launch.py
[0.686s] -- Up-to-date: /ros2_ws/install/oradar_lidar/share/oradar_lidar//launch/ms200_scan_view.launch.py
[0.687s] -- Up-to-date: /ros2_ws/install/oradar_lidar/share/oradar_lidar//launch/ms200_scan.launch
[0.687s] -- Up-to-date: /ros2_ws/install/oradar_lidar/share/oradar_lidar//rviz2
[0.688s] -- Up-to-date: /ros2_ws/install/oradar_lidar/share/oradar_lidar//rviz2/oradar_scan.rviz
[0.688s] -- Up-to-date: /ros2_ws/install/oradar_lidar/share/ament_index/resource_index/package_run_dependencies/oradar_lidar
[0.689s] -- Up-to-date: /ros2_ws/install/oradar_lidar/share/ament_index/resource_index/parent_prefix_path/oradar_lidar
[0.690s] -- Up-to-date: /ros2_ws/install/oradar_lidar/share/oradar_lidar/environment/ament_prefix_path.sh
[0.691s] -- Up-to-date: /ros2_ws/install/oradar_lidar/share/oradar_lidar/environment/ament_prefix_path.dsv
[0.691s] -- Up-to-date: /ros2_ws/install/oradar_lidar/share/oradar_lidar/environment/path.sh
[0.692s] -- Up-to-date: /ros2_ws/install/oradar_lidar/share/oradar_lidar/environment/path.dsv
[0.693s] -- Up-to-date: /ros2_ws/install/oradar_lidar/share/oradar_lidar/local_setup.bash
[0.694s] -- Up-to-date: /ros2_ws/install/oradar_lidar/share/oradar_lidar/local_setup.sh
[0.694s] -- Up-to-date: /ros2_ws/install/oradar_lidar/share/oradar_lidar/local_setup.zsh
[0.695s] -- Up-to-date: /ros2_ws/install/oradar_lidar/share/oradar_lidar/local_setup.dsv
[0.706s] -- Installing: /ros2_ws/install/oradar_lidar/share/oradar_lidar/package.dsv
[0.707s] -- Up-to-date: /ros2_ws/install/oradar_lidar/share/ament_index/resource_index/packages/oradar_lidar
[0.707s] -- Up-to-date: /ros2_ws/install/oradar_lidar/share/oradar_lidar/cmake/oradar_lidarConfig.cmake
[0.707s] -- Up-to-date: /ros2_ws/install/oradar_lidar/share/oradar_lidar/cmake/oradar_lidarConfig-version.cmake
[0.708s] -- Up-to-date: /ros2_ws/install/oradar_lidar/share/oradar_lidar/package.xml
[0.708s] -- Up-to-date: /ros2_ws/install/oradar_lidar/include/core/base/datatype.h
[0.708s] -- Up-to-date: /ros2_ws/install/oradar_lidar/include/core/base/locker.h
[0.709s] -- Up-to-date: /ros2_ws/install/oradar_lidar/include/core/base/thread.h
[0.709s] -- Up-to-date: /ros2_ws/install/oradar_lidar/include/core/base/timer.h
[0.709s] -- Up-to-date: /ros2_ws/install/oradar_lidar/include/core/base/typedef.h
[0.710s] -- Up-to-date: /ros2_ws/install/oradar_lidar/include/core/base/utils.h
[0.710s] -- Up-to-date: /ros2_ws/install/oradar_lidar/include/core/base/v8stdint.h
[0.711s] -- Up-to-date: /ros2_ws/install/oradar_lidar/include/core/common/ChannelDevice.h
[0.711s] -- Up-to-date: /ros2_ws/install/oradar_lidar/include/core/math/angles.h
[0.712s] -- Up-to-date: /ros2_ws/install/oradar_lidar/include/core/network/ActiveSocket.h
[0.713s] -- Up-to-date: /ros2_ws/install/oradar_lidar/include/core/network/PassiveSocket.h
[0.713s] -- Up-to-date: /ros2_ws/install/oradar_lidar/include/core/network/SimpleSocket.h
[0.714s] -- Up-to-date: /ros2_ws/install/oradar_lidar/include/core/network/StatTimer.h
[0.715s] -- Up-to-date: /ros2_ws/install/oradar_lidar/include/core/serial/common.h
[0.718s] -- Up-to-date: /ros2_ws/install/oradar_lidar/include/core/serial/serial.h
[0.718s] -- Up-to-date: /ros2_ws/install/oradar_lidar/include/core/serial/impl/unix/lock.h
[0.732s] -- Up-to-date: /ros2_ws/install/oradar_lidar/include/core/serial/impl/unix/unix.h
[0.733s] -- Up-to-date: /ros2_ws/install/oradar_lidar/include/core/serial/impl/unix/unix_serial.h
[0.734s] -- Up-to-date: /ros2_ws/install/oradar_lidar/include/src/ord_lidar_c_api_driver.h
[0.735s] -- Up-to-date: /ros2_ws/install/oradar_lidar/include/src/ord_lidar_driver.h
[0.735s] -- Up-to-date: /ros2_ws/install/oradar_lidar/include/src/ordlidar_protocol.h
[0.736s] -- Up-to-date: /ros2_ws/install/oradar_lidar/include/src/filters/FullScanFilter.h
[0.736s] -- Up-to-date: /ros2_ws/install/oradar_lidar/lib/liboradar_sdk.a
[0.737s] -- Up-to-date: /ros2_ws/install/oradar_lidar/bin/blocking_test
[0.737s] -- Up-to-date: /ros2_ws/install/oradar_lidar/bin/non-blocking_test
[0.740s] -- Up-to-date: /ros2_ws/install/oradar_lidar/bin/blocking_c_api_test
[0.741s] Invoked command in '/ros2_ws/build/oradar_lidar' returned '0': CMAKE_PREFIX_PATH=${CMAKE_PREFIX_PATH}:/opt/ros/humble /usr/bin/cmake --install /ros2_ws/build/oradar_lidar
