[0.047s] Invoking command in '/ros2_ws/build/brain_controller': CMAKE_PREFIX_PATH=${CMAKE_PREFIX_PATH}:/opt/ros/humble /usr/bin/cmake --build /ros2_ws/build/brain_controller -- -j4 -l4
[0.257s] [35m[1mConsolidate compiler generated dependencies of target brain_controller[0m
[0.386s] [ 50%] [32mBuilding CXX object CMakeFiles/brain_controller.dir/src/brain_controller.cpp.o[0m
[11.265s] In file included from [01m[K/ros2_ws/src/ros2_control/brain_controller/include/brain_controller/brain_controller.hpp:7[m[K,
[11.265s]                  from [01m[K/ros2_ws/src/ros2_control/brain_controller/src/brain_controller.cpp:1[m[K:
[11.266s] [01m[K/opt/ros/humble/include/realtime_tools/realtime_tools/realtime_buffer.h:22:100:[m[K [01;36m[Knote: [m[K‘[01m[K#pragma message: This header include is deprecated. Please update your code to use 'realtime_buffer.hpp' header.[m[K’
[11.266s]    22 |   "This header include is deprecated. Please update your code to use 'realtime_buffer.hpp' header."[01;36m[K)[m[K  //NOLINT
[11.266s]       |                                                                                                    [01;36m[K^[m[K
[36.607s] [100%] [32m[1mLinking CXX shared library libbrain_controller.so[0m
[38.894s] [100%] Built target brain_controller
[38.929s] Invoked command in '/ros2_ws/build/brain_controller' returned '0': CMAKE_PREFIX_PATH=${CMAKE_PREFIX_PATH}:/opt/ros/humble /usr/bin/cmake --build /ros2_ws/build/brain_controller -- -j4 -l4
[38.934s] Invoking command in '/ros2_ws/build/brain_controller': CMAKE_PREFIX_PATH=${CMAKE_PREFIX_PATH}:/opt/ros/humble /usr/bin/cmake --install /ros2_ws/build/brain_controller
[38.956s] -- Install configuration: ""
[38.956s] -- Up-to-date: /ros2_ws/install/brain_controller/share/brain_controller/brain_controller_plugins.xml
[38.957s] -- Installing: /ros2_ws/install/brain_controller/lib/libbrain_controller.so
[38.988s] -- Set runtime path of "/ros2_ws/install/brain_controller/lib/libbrain_controller.so" to ""
[38.989s] -- Up-to-date: /ros2_ws/install/brain_controller/include/brain_controller
[38.989s] -- Up-to-date: /ros2_ws/install/brain_controller/include/brain_controller/brain_controller
[38.990s] -- Up-to-date: /ros2_ws/install/brain_controller/include/brain_controller/brain_controller/brain_controller.hpp
[38.990s] -- Up-to-date: /ros2_ws/install/brain_controller/share/brain_controller/brain_controller_plugins.xml
[38.991s] -- Up-to-date: /ros2_ws/install/brain_controller/share/brain_controller/environment/library_path.sh
[38.992s] -- Up-to-date: /ros2_ws/install/brain_controller/share/brain_controller/environment/library_path.dsv
[38.992s] -- Up-to-date: /ros2_ws/install/brain_controller/share/ament_index/resource_index/package_run_dependencies/brain_controller
[38.993s] -- Up-to-date: /ros2_ws/install/brain_controller/share/ament_index/resource_index/parent_prefix_path/brain_controller
[38.993s] -- Up-to-date: /ros2_ws/install/brain_controller/share/brain_controller/environment/ament_prefix_path.sh
[38.993s] -- Up-to-date: /ros2_ws/install/brain_controller/share/brain_controller/environment/ament_prefix_path.dsv
[38.994s] -- Up-to-date: /ros2_ws/install/brain_controller/share/brain_controller/environment/path.sh
[38.994s] -- Up-to-date: /ros2_ws/install/brain_controller/share/brain_controller/environment/path.dsv
[38.995s] -- Up-to-date: /ros2_ws/install/brain_controller/share/brain_controller/local_setup.bash
[38.995s] -- Up-to-date: /ros2_ws/install/brain_controller/share/brain_controller/local_setup.sh
[38.995s] -- Up-to-date: /ros2_ws/install/brain_controller/share/brain_controller/local_setup.zsh
[38.996s] -- Up-to-date: /ros2_ws/install/brain_controller/share/brain_controller/local_setup.dsv
[38.997s] -- Installing: /ros2_ws/install/brain_controller/share/brain_controller/package.dsv
[39.001s] -- Up-to-date: /ros2_ws/install/brain_controller/share/ament_index/resource_index/packages/brain_controller
[39.002s] -- Up-to-date: /ros2_ws/install/brain_controller/share/ament_index/resource_index/controller_interface__pluginlib__plugin/brain_controller
[39.003s] -- Up-to-date: /ros2_ws/install/brain_controller/share/brain_controller/cmake/ament_cmake_export_include_directories-extras.cmake
[39.003s] -- Up-to-date: /ros2_ws/install/brain_controller/share/brain_controller/cmake/ament_cmake_export_libraries-extras.cmake
[39.004s] -- Up-to-date: /ros2_ws/install/brain_controller/share/brain_controller/cmake/ament_cmake_export_dependencies-extras.cmake
[39.004s] -- Up-to-date: /ros2_ws/install/brain_controller/share/brain_controller/cmake/brain_controllerConfig.cmake
[39.005s] -- Up-to-date: /ros2_ws/install/brain_controller/share/brain_controller/cmake/brain_controllerConfig-version.cmake
[39.005s] -- Up-to-date: /ros2_ws/install/brain_controller/share/brain_controller/package.xml
[39.006s] Invoked command in '/ros2_ws/build/brain_controller' returned '0': CMAKE_PREFIX_PATH=${CMAKE_PREFIX_PATH}:/opt/ros/humble /usr/bin/cmake --install /ros2_ws/build/brain_controller
