[0.049s] Invoking command in '/ros2_ws/build/drivers': CMAKE_PREFIX_PATH=/ros2_ws/install/common:/ros2_ws/install/dri_interfaces:/ros2_ws/install/interfaces:/ros2_ws/install/drivers:/ros2_ws/install/cerebellum_description:/ros2_ws/install/system_services:/opt/ros/humble /usr/bin/cmake /ros2_ws/src/drivers -DCMAKE_EXPORT_COMPILE_COMMANDS=ON -DAMENT_CMAKE_SYMLINK_INSTALL=1 -DCMAKE_INSTALL_PREFIX=/ros2_ws/install/drivers
[0.142s] -- Found ament_cmake: 1.3.14 (/opt/ros/humble/share/ament_cmake/cmake)
[1.302s] -- Override CMake install command with custom implementation using symlinks instead of copying resources
[1.351s] -- COMMON_INCLUDE_DIR: /ros2_ws/src/drivers/../common/include
[1.352s] -- COMMON_LIB: /ros2_ws/src/drivers/../../install/common/lib/libcommon_config.a
[1.362s] -- Found ament_lint_auto: 0.12.15 (/opt/ros/humble/share/ament_lint_auto/cmake)
[1.787s] -- Added test 'cppcheck' to perform static code analysis on C / C++ code
[1.789s] -- Configured cppcheck include dirs: $<BUILD_INTERFACE:/ros2_ws/src/drivers/include>;/ros2_ws/src/drivers/../common/include;/ros2_ws/src/drivers/include
[1.790s] -- Configured cppcheck exclude dirs and/or files: 
[1.795s] -- Added test 'lint_cmake' to check CMake code style
[1.808s] -- Added test 'uncrustify' to check C / C++ code style
[1.808s] -- Configured uncrustify additional arguments: 
[1.811s] -- Added test 'xmllint' to check XML markup files
[1.824s] -- Configuring done
[1.899s] -- Generating done
[1.927s] -- Build files have been written to: /ros2_ws/build/drivers
[1.940s] Invoked command in '/ros2_ws/build/drivers' returned '0': CMAKE_PREFIX_PATH=/ros2_ws/install/common:/ros2_ws/install/dri_interfaces:/ros2_ws/install/interfaces:/ros2_ws/install/drivers:/ros2_ws/install/cerebellum_description:/ros2_ws/install/system_services:/opt/ros/humble /usr/bin/cmake /ros2_ws/src/drivers -DCMAKE_EXPORT_COMPILE_COMMANDS=ON -DAMENT_CMAKE_SYMLINK_INSTALL=1 -DCMAKE_INSTALL_PREFIX=/ros2_ws/install/drivers
[1.949s] Invoking command in '/ros2_ws/build/drivers': CMAKE_PREFIX_PATH=/ros2_ws/install/common:/ros2_ws/install/dri_interfaces:/ros2_ws/install/interfaces:/ros2_ws/install/drivers:/ros2_ws/install/cerebellum_description:/ros2_ws/install/system_services:/opt/ros/humble /usr/bin/cmake --build /ros2_ws/build/drivers -- -j4 -l4
[2.097s] [35m[1mConsolidate compiler generated dependencies of target drivers_core[0m
[2.180s] [ 75%] Built target drivers_core
[2.239s] [35m[1mConsolidate compiler generated dependencies of target test_controller[0m
[2.292s] [100%] Built target test_controller
[2.329s] Invoked command in '/ros2_ws/build/drivers' returned '0': CMAKE_PREFIX_PATH=/ros2_ws/install/common:/ros2_ws/install/dri_interfaces:/ros2_ws/install/interfaces:/ros2_ws/install/drivers:/ros2_ws/install/cerebellum_description:/ros2_ws/install/system_services:/opt/ros/humble /usr/bin/cmake --build /ros2_ws/build/drivers -- -j4 -l4
[2.338s] Invoking command in '/ros2_ws/build/drivers': CMAKE_PREFIX_PATH=/ros2_ws/install/common:/ros2_ws/install/dri_interfaces:/ros2_ws/install/interfaces:/ros2_ws/install/drivers:/ros2_ws/install/cerebellum_description:/ros2_ws/install/system_services:/opt/ros/humble /usr/bin/cmake --install /ros2_ws/build/drivers
[2.378s] -- Install configuration: ""
[2.386s] -- Execute custom install script
[2.387s] -- Up-to-date symlink: /ros2_ws/install/drivers/lib/drivers/test_controller
[2.389s] -- Up-to-date symlink: /ros2_ws/install/drivers/include/drivers/drivers/bms/bms.h
[2.391s] -- Up-to-date symlink: /ros2_ws/install/drivers/include/drivers/drivers/controller_board/controller_board.h
[2.393s] -- Up-to-date symlink: /ros2_ws/install/drivers/include/drivers/drivers/controller_board/controller_comm.h
[2.394s] -- Up-to-date symlink: /ros2_ws/install/drivers/include/drivers/drivers/controller_board/protocol.h
[2.394s] -- Up-to-date symlink: /ros2_ws/install/drivers/include/drivers/drivers/imu/imu.h
[2.396s] -- Up-to-date symlink: /ros2_ws/install/drivers/include/drivers/drivers/motor/motor.h
[2.396s] -- Up-to-date symlink: /ros2_ws/install/drivers/include/drivers/port/driver_port.h
[2.397s] -- Up-to-date symlink: /ros2_ws/install/drivers/share/drivers/environment/library_path.sh
[2.397s] -- Up-to-date symlink: /ros2_ws/install/drivers/share/drivers/environment/library_path.dsv
[2.398s] -- Up-to-date symlink: /ros2_ws/install/drivers/share/ament_index/resource_index/package_run_dependencies/drivers
[2.398s] -- Up-to-date symlink: /ros2_ws/install/drivers/share/ament_index/resource_index/parent_prefix_path/drivers
[2.399s] -- Up-to-date symlink: /ros2_ws/install/drivers/share/drivers/environment/ament_prefix_path.sh
[2.399s] -- Up-to-date symlink: /ros2_ws/install/drivers/share/drivers/environment/ament_prefix_path.dsv
[2.399s] -- Up-to-date symlink: /ros2_ws/install/drivers/share/drivers/environment/path.sh
[2.400s] -- Up-to-date symlink: /ros2_ws/install/drivers/share/drivers/environment/path.dsv
[2.400s] -- Up-to-date symlink: /ros2_ws/install/drivers/share/drivers/local_setup.bash
[2.400s] -- Up-to-date symlink: /ros2_ws/install/drivers/share/drivers/local_setup.sh
[2.401s] -- Up-to-date symlink: /ros2_ws/install/drivers/share/drivers/local_setup.zsh
[2.401s] -- Up-to-date symlink: /ros2_ws/install/drivers/share/drivers/local_setup.dsv
[2.401s] -- Symlinking: /ros2_ws/install/drivers/share/drivers/package.dsv
[2.432s] -- Up-to-date symlink: /ros2_ws/install/drivers/share/ament_index/resource_index/packages/drivers
[2.433s] -- Up-to-date symlink: /ros2_ws/install/drivers/share/drivers/cmake/ament_cmake_export_include_directories-extras.cmake
[2.434s] -- Up-to-date symlink: /ros2_ws/install/drivers/share/drivers/cmake/ament_cmake_export_libraries-extras.cmake
[2.434s] -- Up-to-date symlink: /ros2_ws/install/drivers/share/drivers/cmake/driversConfig.cmake
[2.435s] -- Up-to-date symlink: /ros2_ws/install/drivers/share/drivers/cmake/driversConfig-version.cmake
[2.437s] -- Up-to-date symlink: /ros2_ws/install/drivers/share/drivers/package.xml
[2.438s] -- Up-to-date: /ros2_ws/install/drivers/lib/libdrivers_core.a
[2.451s] Invoked command in '/ros2_ws/build/drivers' returned '0': CMAKE_PREFIX_PATH=/ros2_ws/install/common:/ros2_ws/install/dri_interfaces:/ros2_ws/install/interfaces:/ros2_ws/install/drivers:/ros2_ws/install/cerebellum_description:/ros2_ws/install/system_services:/opt/ros/humble /usr/bin/cmake --install /ros2_ws/build/drivers
