[0.452s] DEBUG:colcon:Command line arguments: ['/usr/bin/colcon', 'build', '--symlink-install']
[0.453s] DEBUG:colcon:Parsed command line arguments: Namespace(log_base=None, log_level=None, verb_name='build', build_base='build', install_base='install', merge_install=False, symlink_install=True, test_result_base=None, continue_on_error=False, executor='parallel', parallel_workers=4, event_handlers=None, ignore_user_meta=False, metas=['./colcon.meta'], base_paths=['.'], packages_ignore=None, packages_ignore_regex=None, paths=None, packages_up_to=None, packages_up_to_regex=None, packages_above=None, packages_above_and_dependencies=None, packages_above_depth=None, packages_select_by_dep=None, packages_skip_by_dep=None, packages_skip_up_to=None, packages_select_build_failed=False, packages_skip_build_finished=False, packages_select_test_failures=False, packages_skip_test_passed=False, packages_select=None, packages_skip=None, packages_select_regex=None, packages_skip_regex=None, packages_start=None, packages_end=None, allow_overriding=[], cmake_args=None, cmake_target=None, cmake_target_skip_unavailable=False, cmake_clean_cache=False, cmake_clean_first=False, cmake_force_configure=False, ament_cmake_args=None, catkin_cmake_args=None, catkin_skip_building_tests=False, verb_parser=<colcon_defaults.argument_parser.defaults.DefaultArgumentsDecorator object at 0x7f9791fcd0>, verb_extension=<colcon_core.verb.build.BuildVerb object at 0x7f97a99330>, main=<bound method BuildVerb.main of <colcon_core.verb.build.BuildVerb object at 0x7f97a99330>>)
[1.176s] Level 1:colcon.colcon_core.package_discovery:discover_packages(colcon_meta) check parameters
[1.176s] Level 1:colcon.colcon_core.package_discovery:discover_packages(recursive) check parameters
[1.176s] Level 1:colcon.colcon_core.package_discovery:discover_packages(ignore) check parameters
[1.176s] Level 1:colcon.colcon_core.package_discovery:discover_packages(path) check parameters
[1.177s] Level 1:colcon.colcon_core.package_discovery:discover_packages(colcon_meta) discover
[1.177s] Level 1:colcon.colcon_core.package_discovery:discover_packages(recursive) discover
[1.177s] INFO:colcon.colcon_core.package_discovery:Crawling recursively for packages in '/ros2_ws'
[1.178s] Level 1:colcon.colcon_core.package_identification:_identify(.) by extensions ['ignore', 'ignore_ament_install']
[1.178s] Level 1:colcon.colcon_core.package_identification:_identify(.) by extension 'ignore'
[1.178s] Level 1:colcon.colcon_core.package_identification:_identify(.) by extension 'ignore_ament_install'
[1.179s] Level 1:colcon.colcon_core.package_identification:_identify(.) by extensions ['colcon_pkg']
[1.179s] Level 1:colcon.colcon_core.package_identification:_identify(.) by extension 'colcon_pkg'
[1.179s] Level 1:colcon.colcon_core.package_identification:_identify(.) by extensions ['colcon_meta']
[1.179s] Level 1:colcon.colcon_core.package_identification:_identify(.) by extension 'colcon_meta'
[1.180s] Level 1:colcon.colcon_core.package_identification:_identify(.) by extensions ['ros']
[1.180s] Level 1:colcon.colcon_core.package_identification:_identify(.) by extension 'ros'
[1.229s] Level 1:colcon.colcon_core.package_identification:_identify(.) by extensions ['cmake', 'python']
[1.230s] Level 1:colcon.colcon_core.package_identification:_identify(.) by extension 'cmake'
[1.230s] Level 1:colcon.colcon_core.package_identification:_identify(.) by extension 'python'
[1.230s] Level 1:colcon.colcon_core.package_identification:_identify(.) by extensions ['python_setup_py']
[1.230s] Level 1:colcon.colcon_core.package_identification:_identify(.) by extension 'python_setup_py'
[1.231s] Level 1:colcon.colcon_core.package_identification:_identify(build) by extensions ['ignore', 'ignore_ament_install']
[1.231s] Level 1:colcon.colcon_core.package_identification:_identify(build) by extension 'ignore'
[1.231s] Level 1:colcon.colcon_core.package_identification:_identify(build) ignored
[1.232s] Level 1:colcon.colcon_core.package_identification:_identify(install) by extensions ['ignore', 'ignore_ament_install']
[1.232s] Level 1:colcon.colcon_core.package_identification:_identify(install) by extension 'ignore'
[1.232s] Level 1:colcon.colcon_core.package_identification:_identify(install) ignored
[1.233s] Level 1:colcon.colcon_core.package_identification:_identify(log) by extensions ['ignore', 'ignore_ament_install']
[1.233s] Level 1:colcon.colcon_core.package_identification:_identify(log) by extension 'ignore'
[1.234s] Level 1:colcon.colcon_core.package_identification:_identify(log) ignored
[1.234s] Level 1:colcon.colcon_core.package_identification:_identify(src) by extensions ['ignore', 'ignore_ament_install']
[1.234s] Level 1:colcon.colcon_core.package_identification:_identify(src) by extension 'ignore'
[1.235s] Level 1:colcon.colcon_core.package_identification:_identify(src) by extension 'ignore_ament_install'
[1.235s] Level 1:colcon.colcon_core.package_identification:_identify(src) by extensions ['colcon_pkg']
[1.235s] Level 1:colcon.colcon_core.package_identification:_identify(src) by extension 'colcon_pkg'
[1.235s] Level 1:colcon.colcon_core.package_identification:_identify(src) by extensions ['colcon_meta']
[1.235s] Level 1:colcon.colcon_core.package_identification:_identify(src) by extension 'colcon_meta'
[1.236s] Level 1:colcon.colcon_core.package_identification:_identify(src) by extensions ['ros']
[1.236s] Level 1:colcon.colcon_core.package_identification:_identify(src) by extension 'ros'
[1.236s] Level 1:colcon.colcon_core.package_identification:_identify(src) by extensions ['cmake', 'python']
[1.236s] Level 1:colcon.colcon_core.package_identification:_identify(src) by extension 'cmake'
[1.237s] Level 1:colcon.colcon_core.package_identification:_identify(src) by extension 'python'
[1.237s] Level 1:colcon.colcon_core.package_identification:_identify(src) by extensions ['python_setup_py']
[1.237s] Level 1:colcon.colcon_core.package_identification:_identify(src) by extension 'python_setup_py'
[1.237s] Level 1:colcon.colcon_core.package_identification:_identify(src/bringup) by extensions ['ignore', 'ignore_ament_install']
[1.238s] Level 1:colcon.colcon_core.package_identification:_identify(src/bringup) by extension 'ignore'
[1.238s] Level 1:colcon.colcon_core.package_identification:_identify(src/bringup) by extension 'ignore_ament_install'
[1.238s] Level 1:colcon.colcon_core.package_identification:_identify(src/bringup) by extensions ['colcon_pkg']
[1.238s] Level 1:colcon.colcon_core.package_identification:_identify(src/bringup) by extension 'colcon_pkg'
[1.239s] Level 1:colcon.colcon_core.package_identification:_identify(src/bringup) by extensions ['colcon_meta']
[1.239s] Level 1:colcon.colcon_core.package_identification:_identify(src/bringup) by extension 'colcon_meta'
[1.239s] Level 1:colcon.colcon_core.package_identification:_identify(src/bringup) by extensions ['ros']
[1.239s] Level 1:colcon.colcon_core.package_identification:_identify(src/bringup) by extension 'ros'
[1.249s] DEBUG:colcon.colcon_core.package_identification:Package 'src/bringup' with type 'ros.ament_cmake' and name 'bringup'
[1.249s] Level 1:colcon.colcon_core.package_identification:_identify(src/common) by extensions ['ignore', 'ignore_ament_install']
[1.250s] Level 1:colcon.colcon_core.package_identification:_identify(src/common) by extension 'ignore'
[1.250s] Level 1:colcon.colcon_core.package_identification:_identify(src/common) by extension 'ignore_ament_install'
[1.250s] Level 1:colcon.colcon_core.package_identification:_identify(src/common) by extensions ['colcon_pkg']
[1.251s] Level 1:colcon.colcon_core.package_identification:_identify(src/common) by extension 'colcon_pkg'
[1.251s] Level 1:colcon.colcon_core.package_identification:_identify(src/common) by extensions ['colcon_meta']
[1.251s] Level 1:colcon.colcon_core.package_identification:_identify(src/common) by extension 'colcon_meta'
[1.251s] Level 1:colcon.colcon_core.package_identification:_identify(src/common) by extensions ['ros']
[1.251s] Level 1:colcon.colcon_core.package_identification:_identify(src/common) by extension 'ros'
[1.254s] DEBUG:colcon.colcon_core.package_identification:Package 'src/common' with type 'ros.ament_cmake' and name 'common'
[1.255s] Level 1:colcon.colcon_core.package_identification:_identify(src/dri_interfaces) by extensions ['ignore', 'ignore_ament_install']
[1.256s] Level 1:colcon.colcon_core.package_identification:_identify(src/dri_interfaces) by extension 'ignore'
[1.256s] Level 1:colcon.colcon_core.package_identification:_identify(src/dri_interfaces) by extension 'ignore_ament_install'
[1.256s] Level 1:colcon.colcon_core.package_identification:_identify(src/dri_interfaces) by extensions ['colcon_pkg']
[1.257s] Level 1:colcon.colcon_core.package_identification:_identify(src/dri_interfaces) by extension 'colcon_pkg'
[1.257s] Level 1:colcon.colcon_core.package_identification:_identify(src/dri_interfaces) by extensions ['colcon_meta']
[1.257s] Level 1:colcon.colcon_core.package_identification:_identify(src/dri_interfaces) by extension 'colcon_meta'
[1.257s] Level 1:colcon.colcon_core.package_identification:_identify(src/dri_interfaces) by extensions ['ros']
[1.257s] Level 1:colcon.colcon_core.package_identification:_identify(src/dri_interfaces) by extension 'ros'
[1.263s] DEBUG:colcon.colcon_core.package_identification:Package 'src/dri_interfaces' with type 'ros.ament_cmake' and name 'dri_interfaces'
[1.264s] Level 1:colcon.colcon_core.package_identification:_identify(src/drivers) by extensions ['ignore', 'ignore_ament_install']
[1.264s] Level 1:colcon.colcon_core.package_identification:_identify(src/drivers) by extension 'ignore'
[1.264s] Level 1:colcon.colcon_core.package_identification:_identify(src/drivers) by extension 'ignore_ament_install'
[1.264s] Level 1:colcon.colcon_core.package_identification:_identify(src/drivers) by extensions ['colcon_pkg']
[1.265s] Level 1:colcon.colcon_core.package_identification:_identify(src/drivers) by extension 'colcon_pkg'
[1.265s] Level 1:colcon.colcon_core.package_identification:_identify(src/drivers) by extensions ['colcon_meta']
[1.265s] Level 1:colcon.colcon_core.package_identification:_identify(src/drivers) by extension 'colcon_meta'
[1.265s] Level 1:colcon.colcon_core.package_identification:_identify(src/drivers) by extensions ['ros']
[1.265s] Level 1:colcon.colcon_core.package_identification:_identify(src/drivers) by extension 'ros'
[1.267s] DEBUG:colcon.colcon_core.package_identification:Package 'src/drivers' with type 'ros.ament_cmake' and name 'drivers'
[1.268s] Level 1:colcon.colcon_core.package_identification:_identify(src/interfaces) by extensions ['ignore', 'ignore_ament_install']
[1.268s] Level 1:colcon.colcon_core.package_identification:_identify(src/interfaces) by extension 'ignore'
[1.268s] Level 1:colcon.colcon_core.package_identification:_identify(src/interfaces) by extension 'ignore_ament_install'
[1.269s] Level 1:colcon.colcon_core.package_identification:_identify(src/interfaces) by extensions ['colcon_pkg']
[1.269s] Level 1:colcon.colcon_core.package_identification:_identify(src/interfaces) by extension 'colcon_pkg'
[1.269s] Level 1:colcon.colcon_core.package_identification:_identify(src/interfaces) by extensions ['colcon_meta']
[1.269s] Level 1:colcon.colcon_core.package_identification:_identify(src/interfaces) by extension 'colcon_meta'
[1.269s] Level 1:colcon.colcon_core.package_identification:_identify(src/interfaces) by extensions ['ros']
[1.270s] Level 1:colcon.colcon_core.package_identification:_identify(src/interfaces) by extension 'ros'
[1.272s] DEBUG:colcon.colcon_core.package_identification:Package 'src/interfaces' with type 'ros.ament_cmake' and name 'interfaces'
[1.272s] Level 1:colcon.colcon_core.package_identification:_identify(src/ros2_control) by extensions ['ignore', 'ignore_ament_install']
[1.273s] Level 1:colcon.colcon_core.package_identification:_identify(src/ros2_control) by extension 'ignore'
[1.273s] Level 1:colcon.colcon_core.package_identification:_identify(src/ros2_control) by extension 'ignore_ament_install'
[1.273s] Level 1:colcon.colcon_core.package_identification:_identify(src/ros2_control) by extensions ['colcon_pkg']
[1.273s] Level 1:colcon.colcon_core.package_identification:_identify(src/ros2_control) by extension 'colcon_pkg'
[1.273s] Level 1:colcon.colcon_core.package_identification:_identify(src/ros2_control) by extensions ['colcon_meta']
[1.274s] Level 1:colcon.colcon_core.package_identification:_identify(src/ros2_control) by extension 'colcon_meta'
[1.274s] Level 1:colcon.colcon_core.package_identification:_identify(src/ros2_control) by extensions ['ros']
[1.274s] Level 1:colcon.colcon_core.package_identification:_identify(src/ros2_control) by extension 'ros'
[1.274s] Level 1:colcon.colcon_core.package_identification:_identify(src/ros2_control) by extensions ['cmake', 'python']
[1.275s] Level 1:colcon.colcon_core.package_identification:_identify(src/ros2_control) by extension 'cmake'
[1.275s] Level 1:colcon.colcon_core.package_identification:_identify(src/ros2_control) by extension 'python'
[1.275s] Level 1:colcon.colcon_core.package_identification:_identify(src/ros2_control) by extensions ['python_setup_py']
[1.275s] Level 1:colcon.colcon_core.package_identification:_identify(src/ros2_control) by extension 'python_setup_py'
[1.275s] Level 1:colcon.colcon_core.package_identification:_identify(src/ros2_control/cerebellum_description) by extensions ['ignore', 'ignore_ament_install']
[1.276s] Level 1:colcon.colcon_core.package_identification:_identify(src/ros2_control/cerebellum_description) by extension 'ignore'
[1.276s] Level 1:colcon.colcon_core.package_identification:_identify(src/ros2_control/cerebellum_description) by extension 'ignore_ament_install'
[1.276s] Level 1:colcon.colcon_core.package_identification:_identify(src/ros2_control/cerebellum_description) by extensions ['colcon_pkg']
[1.276s] Level 1:colcon.colcon_core.package_identification:_identify(src/ros2_control/cerebellum_description) by extension 'colcon_pkg'
[1.277s] Level 1:colcon.colcon_core.package_identification:_identify(src/ros2_control/cerebellum_description) by extensions ['colcon_meta']
[1.277s] Level 1:colcon.colcon_core.package_identification:_identify(src/ros2_control/cerebellum_description) by extension 'colcon_meta'
[1.277s] Level 1:colcon.colcon_core.package_identification:_identify(src/ros2_control/cerebellum_description) by extensions ['ros']
[1.277s] Level 1:colcon.colcon_core.package_identification:_identify(src/ros2_control/cerebellum_description) by extension 'ros'
[1.279s] DEBUG:colcon.colcon_core.package_identification:Package 'src/ros2_control/cerebellum_description' with type 'ros.ament_cmake' and name 'cerebellum_description'
[1.280s] Level 1:colcon.colcon_core.package_identification:_identify(src/ros2_control/cerebellum_hardware) by extensions ['ignore', 'ignore_ament_install']
[1.280s] Level 1:colcon.colcon_core.package_identification:_identify(src/ros2_control/cerebellum_hardware) by extension 'ignore'
[1.280s] Level 1:colcon.colcon_core.package_identification:_identify(src/ros2_control/cerebellum_hardware) by extension 'ignore_ament_install'
[1.281s] Level 1:colcon.colcon_core.package_identification:_identify(src/ros2_control/cerebellum_hardware) by extensions ['colcon_pkg']
[1.281s] Level 1:colcon.colcon_core.package_identification:_identify(src/ros2_control/cerebellum_hardware) by extension 'colcon_pkg'
[1.281s] Level 1:colcon.colcon_core.package_identification:_identify(src/ros2_control/cerebellum_hardware) by extensions ['colcon_meta']
[1.281s] Level 1:colcon.colcon_core.package_identification:_identify(src/ros2_control/cerebellum_hardware) by extension 'colcon_meta'
[1.281s] Level 1:colcon.colcon_core.package_identification:_identify(src/ros2_control/cerebellum_hardware) by extensions ['ros']
[1.281s] Level 1:colcon.colcon_core.package_identification:_identify(src/ros2_control/cerebellum_hardware) by extension 'ros'
[1.287s] DEBUG:colcon.colcon_core.package_identification:Package 'src/ros2_control/cerebellum_hardware' with type 'ros.ament_cmake' and name 'cerebellum_hardware'
[1.288s] Level 1:colcon.colcon_core.package_identification:_identify(src/system_services) by extensions ['ignore', 'ignore_ament_install']
[1.288s] Level 1:colcon.colcon_core.package_identification:_identify(src/system_services) by extension 'ignore'
[1.288s] Level 1:colcon.colcon_core.package_identification:_identify(src/system_services) by extension 'ignore_ament_install'
[1.289s] Level 1:colcon.colcon_core.package_identification:_identify(src/system_services) by extensions ['colcon_pkg']
[1.289s] Level 1:colcon.colcon_core.package_identification:_identify(src/system_services) by extension 'colcon_pkg'
[1.289s] Level 1:colcon.colcon_core.package_identification:_identify(src/system_services) by extensions ['colcon_meta']
[1.289s] Level 1:colcon.colcon_core.package_identification:_identify(src/system_services) by extension 'colcon_meta'
[1.289s] Level 1:colcon.colcon_core.package_identification:_identify(src/system_services) by extensions ['ros']
[1.290s] Level 1:colcon.colcon_core.package_identification:_identify(src/system_services) by extension 'ros'
[1.293s] DEBUG:colcon.colcon_core.package_identification:Package 'src/system_services' with type 'ros.ament_python' and name 'system_services'
[1.293s] Level 1:colcon.colcon_core.package_discovery:discover_packages(recursive) using defaults
[1.293s] Level 1:colcon.colcon_core.package_discovery:discover_packages(ignore) discover
[1.293s] Level 1:colcon.colcon_core.package_discovery:discover_packages(ignore) using defaults
[1.294s] Level 1:colcon.colcon_core.package_discovery:discover_packages(path) discover
[1.294s] Level 1:colcon.colcon_core.package_discovery:discover_packages(path) using defaults
[1.384s] Level 1:colcon.colcon_core.package_discovery:discover_packages(prefix_path) check parameters
[1.385s] Level 1:colcon.colcon_core.package_discovery:discover_packages(prefix_path) discover
[1.393s] DEBUG:colcon.colcon_installed_package_information.package_discovery:Found 8 installed packages in /ros2_ws/install
[1.405s] DEBUG:colcon.colcon_installed_package_information.package_discovery:Found 321 installed packages in /opt/ros/humble
[1.457s] Level 1:colcon.colcon_core.package_discovery:discover_packages(prefix_path) using defaults
[1.672s] Level 5:colcon.colcon_core.verb:set package 'common' build argument 'cmake_args' from command line to 'None'
[1.673s] Level 5:colcon.colcon_core.verb:set package 'common' build argument 'cmake_target' from command line to 'None'
[1.673s] Level 5:colcon.colcon_core.verb:set package 'common' build argument 'cmake_target_skip_unavailable' from command line to 'False'
[1.673s] Level 5:colcon.colcon_core.verb:set package 'common' build argument 'cmake_clean_cache' from command line to 'False'
[1.673s] Level 5:colcon.colcon_core.verb:set package 'common' build argument 'cmake_clean_first' from command line to 'False'
[1.673s] Level 5:colcon.colcon_core.verb:set package 'common' build argument 'cmake_force_configure' from command line to 'False'
[1.673s] Level 5:colcon.colcon_core.verb:set package 'common' build argument 'ament_cmake_args' from command line to 'None'
[1.673s] Level 5:colcon.colcon_core.verb:set package 'common' build argument 'catkin_cmake_args' from command line to 'None'
[1.674s] Level 5:colcon.colcon_core.verb:set package 'common' build argument 'catkin_skip_building_tests' from command line to 'False'
[1.674s] DEBUG:colcon.colcon_core.verb:Building package 'common' with the following arguments: {'ament_cmake_args': None, 'build_base': '/ros2_ws/build/common', 'catkin_cmake_args': None, 'catkin_skip_building_tests': False, 'cmake_args': None, 'cmake_clean_cache': False, 'cmake_clean_first': False, 'cmake_force_configure': False, 'cmake_target': None, 'cmake_target_skip_unavailable': False, 'install_base': '/ros2_ws/install/common', 'merge_install': False, 'path': '/ros2_ws/src/common', 'symlink_install': True, 'test_result_base': None}
[1.676s] Level 5:colcon.colcon_core.verb:set package 'interfaces' build argument 'cmake_args' from command line to 'None'
[1.676s] Level 5:colcon.colcon_core.verb:set package 'interfaces' build argument 'cmake_target' from command line to 'None'
[1.676s] Level 5:colcon.colcon_core.verb:set package 'interfaces' build argument 'cmake_target_skip_unavailable' from command line to 'False'
[1.676s] Level 5:colcon.colcon_core.verb:set package 'interfaces' build argument 'cmake_clean_cache' from command line to 'False'
[1.676s] Level 5:colcon.colcon_core.verb:set package 'interfaces' build argument 'cmake_clean_first' from command line to 'False'
[1.676s] Level 5:colcon.colcon_core.verb:set package 'interfaces' build argument 'cmake_force_configure' from command line to 'False'
[1.676s] Level 5:colcon.colcon_core.verb:set package 'interfaces' build argument 'ament_cmake_args' from command line to 'None'
[1.677s] Level 5:colcon.colcon_core.verb:set package 'interfaces' build argument 'catkin_cmake_args' from command line to 'None'
[1.677s] Level 5:colcon.colcon_core.verb:set package 'interfaces' build argument 'catkin_skip_building_tests' from command line to 'False'
[1.677s] DEBUG:colcon.colcon_core.verb:Building package 'interfaces' with the following arguments: {'ament_cmake_args': None, 'build_base': '/ros2_ws/build/interfaces', 'catkin_cmake_args': None, 'catkin_skip_building_tests': False, 'cmake_args': None, 'cmake_clean_cache': False, 'cmake_clean_first': False, 'cmake_force_configure': False, 'cmake_target': None, 'cmake_target_skip_unavailable': False, 'install_base': '/ros2_ws/install/interfaces', 'merge_install': False, 'path': '/ros2_ws/src/interfaces', 'symlink_install': True, 'test_result_base': None}
[1.679s] Level 5:colcon.colcon_core.verb:set package 'system_services' build argument 'cmake_args' from command line to 'None'
[1.679s] Level 5:colcon.colcon_core.verb:set package 'system_services' build argument 'cmake_target' from command line to 'None'
[1.679s] Level 5:colcon.colcon_core.verb:set package 'system_services' build argument 'cmake_target_skip_unavailable' from command line to 'False'
[1.679s] Level 5:colcon.colcon_core.verb:set package 'system_services' build argument 'cmake_clean_cache' from command line to 'False'
[1.679s] Level 5:colcon.colcon_core.verb:set package 'system_services' build argument 'cmake_clean_first' from command line to 'False'
[1.679s] Level 5:colcon.colcon_core.verb:set package 'system_services' build argument 'cmake_force_configure' from command line to 'False'
[1.679s] Level 5:colcon.colcon_core.verb:set package 'system_services' build argument 'ament_cmake_args' from command line to 'None'
[1.679s] Level 5:colcon.colcon_core.verb:set package 'system_services' build argument 'catkin_cmake_args' from command line to 'None'
[1.680s] Level 5:colcon.colcon_core.verb:set package 'system_services' build argument 'catkin_skip_building_tests' from command line to 'False'
[1.680s] DEBUG:colcon.colcon_core.verb:Building package 'system_services' with the following arguments: {'ament_cmake_args': None, 'build_base': '/ros2_ws/build/system_services', 'catkin_cmake_args': None, 'catkin_skip_building_tests': False, 'cmake_args': None, 'cmake_clean_cache': False, 'cmake_clean_first': False, 'cmake_force_configure': False, 'cmake_target': None, 'cmake_target_skip_unavailable': False, 'install_base': '/ros2_ws/install/system_services', 'merge_install': False, 'path': '/ros2_ws/src/system_services', 'symlink_install': True, 'test_result_base': None}
[1.681s] Level 5:colcon.colcon_core.verb:set package 'drivers' build argument 'cmake_args' from command line to 'None'
[1.681s] Level 5:colcon.colcon_core.verb:set package 'drivers' build argument 'cmake_target' from command line to 'None'
[1.682s] Level 5:colcon.colcon_core.verb:set package 'drivers' build argument 'cmake_target_skip_unavailable' from command line to 'False'
[1.682s] Level 5:colcon.colcon_core.verb:set package 'drivers' build argument 'cmake_clean_cache' from command line to 'False'
[1.682s] Level 5:colcon.colcon_core.verb:set package 'drivers' build argument 'cmake_clean_first' from command line to 'False'
[1.682s] Level 5:colcon.colcon_core.verb:set package 'drivers' build argument 'cmake_force_configure' from command line to 'False'
[1.682s] Level 5:colcon.colcon_core.verb:set package 'drivers' build argument 'ament_cmake_args' from command line to 'None'
[1.682s] Level 5:colcon.colcon_core.verb:set package 'drivers' build argument 'catkin_cmake_args' from command line to 'None'
[1.682s] Level 5:colcon.colcon_core.verb:set package 'drivers' build argument 'catkin_skip_building_tests' from command line to 'False'
[1.683s] DEBUG:colcon.colcon_core.verb:Building package 'drivers' with the following arguments: {'ament_cmake_args': None, 'build_base': '/ros2_ws/build/drivers', 'catkin_cmake_args': None, 'catkin_skip_building_tests': False, 'cmake_args': None, 'cmake_clean_cache': False, 'cmake_clean_first': False, 'cmake_force_configure': False, 'cmake_target': None, 'cmake_target_skip_unavailable': False, 'install_base': '/ros2_ws/install/drivers', 'merge_install': False, 'path': '/ros2_ws/src/drivers', 'symlink_install': True, 'test_result_base': None}
[1.684s] Level 5:colcon.colcon_core.verb:set package 'cerebellum_hardware' build argument 'cmake_args' from command line to 'None'
[1.684s] Level 5:colcon.colcon_core.verb:set package 'cerebellum_hardware' build argument 'cmake_target' from command line to 'None'
[1.684s] Level 5:colcon.colcon_core.verb:set package 'cerebellum_hardware' build argument 'cmake_target_skip_unavailable' from command line to 'False'
[1.685s] Level 5:colcon.colcon_core.verb:set package 'cerebellum_hardware' build argument 'cmake_clean_cache' from command line to 'False'
[1.685s] Level 5:colcon.colcon_core.verb:set package 'cerebellum_hardware' build argument 'cmake_clean_first' from command line to 'False'
[1.685s] Level 5:colcon.colcon_core.verb:set package 'cerebellum_hardware' build argument 'cmake_force_configure' from command line to 'False'
[1.685s] Level 5:colcon.colcon_core.verb:set package 'cerebellum_hardware' build argument 'ament_cmake_args' from command line to 'None'
[1.685s] Level 5:colcon.colcon_core.verb:set package 'cerebellum_hardware' build argument 'catkin_cmake_args' from command line to 'None'
[1.685s] Level 5:colcon.colcon_core.verb:set package 'cerebellum_hardware' build argument 'catkin_skip_building_tests' from command line to 'False'
[1.685s] DEBUG:colcon.colcon_core.verb:Building package 'cerebellum_hardware' with the following arguments: {'ament_cmake_args': None, 'build_base': '/ros2_ws/build/cerebellum_hardware', 'catkin_cmake_args': None, 'catkin_skip_building_tests': False, 'cmake_args': None, 'cmake_clean_cache': False, 'cmake_clean_first': False, 'cmake_force_configure': False, 'cmake_target': None, 'cmake_target_skip_unavailable': False, 'install_base': '/ros2_ws/install/cerebellum_hardware', 'merge_install': False, 'path': '/ros2_ws/src/ros2_control/cerebellum_hardware', 'symlink_install': True, 'test_result_base': None}
[1.687s] Level 5:colcon.colcon_core.verb:set package 'dri_interfaces' build argument 'cmake_args' from command line to 'None'
[1.687s] Level 5:colcon.colcon_core.verb:set package 'dri_interfaces' build argument 'cmake_target' from command line to 'None'
[1.687s] Level 5:colcon.colcon_core.verb:set package 'dri_interfaces' build argument 'cmake_target_skip_unavailable' from command line to 'False'
[1.687s] Level 5:colcon.colcon_core.verb:set package 'dri_interfaces' build argument 'cmake_clean_cache' from command line to 'False'
[1.688s] Level 5:colcon.colcon_core.verb:set package 'dri_interfaces' build argument 'cmake_clean_first' from command line to 'False'
[1.688s] Level 5:colcon.colcon_core.verb:set package 'dri_interfaces' build argument 'cmake_force_configure' from command line to 'False'
[1.688s] Level 5:colcon.colcon_core.verb:set package 'dri_interfaces' build argument 'ament_cmake_args' from command line to 'None'
[1.688s] Level 5:colcon.colcon_core.verb:set package 'dri_interfaces' build argument 'catkin_cmake_args' from command line to 'None'
[1.688s] Level 5:colcon.colcon_core.verb:set package 'dri_interfaces' build argument 'catkin_skip_building_tests' from command line to 'False'
[1.688s] DEBUG:colcon.colcon_core.verb:Building package 'dri_interfaces' with the following arguments: {'ament_cmake_args': None, 'build_base': '/ros2_ws/build/dri_interfaces', 'catkin_cmake_args': None, 'catkin_skip_building_tests': False, 'cmake_args': None, 'cmake_clean_cache': False, 'cmake_clean_first': False, 'cmake_force_configure': False, 'cmake_target': None, 'cmake_target_skip_unavailable': False, 'install_base': '/ros2_ws/install/dri_interfaces', 'merge_install': False, 'path': '/ros2_ws/src/dri_interfaces', 'symlink_install': True, 'test_result_base': None}
[1.690s] Level 5:colcon.colcon_core.verb:set package 'cerebellum_description' build argument 'cmake_args' from command line to 'None'
[1.690s] Level 5:colcon.colcon_core.verb:set package 'cerebellum_description' build argument 'cmake_target' from command line to 'None'
[1.690s] Level 5:colcon.colcon_core.verb:set package 'cerebellum_description' build argument 'cmake_target_skip_unavailable' from command line to 'False'
[1.690s] Level 5:colcon.colcon_core.verb:set package 'cerebellum_description' build argument 'cmake_clean_cache' from command line to 'False'
[1.690s] Level 5:colcon.colcon_core.verb:set package 'cerebellum_description' build argument 'cmake_clean_first' from command line to 'False'
[1.690s] Level 5:colcon.colcon_core.verb:set package 'cerebellum_description' build argument 'cmake_force_configure' from command line to 'False'
[1.691s] Level 5:colcon.colcon_core.verb:set package 'cerebellum_description' build argument 'ament_cmake_args' from command line to 'None'
[1.691s] Level 5:colcon.colcon_core.verb:set package 'cerebellum_description' build argument 'catkin_cmake_args' from command line to 'None'
[1.691s] Level 5:colcon.colcon_core.verb:set package 'cerebellum_description' build argument 'catkin_skip_building_tests' from command line to 'False'
[1.691s] DEBUG:colcon.colcon_core.verb:Building package 'cerebellum_description' with the following arguments: {'ament_cmake_args': None, 'build_base': '/ros2_ws/build/cerebellum_description', 'catkin_cmake_args': None, 'catkin_skip_building_tests': False, 'cmake_args': None, 'cmake_clean_cache': False, 'cmake_clean_first': False, 'cmake_force_configure': False, 'cmake_target': None, 'cmake_target_skip_unavailable': False, 'install_base': '/ros2_ws/install/cerebellum_description', 'merge_install': False, 'path': '/ros2_ws/src/ros2_control/cerebellum_description', 'symlink_install': True, 'test_result_base': None}
[1.693s] Level 5:colcon.colcon_core.verb:set package 'bringup' build argument 'cmake_args' from command line to 'None'
[1.693s] Level 5:colcon.colcon_core.verb:set package 'bringup' build argument 'cmake_target' from command line to 'None'
[1.693s] Level 5:colcon.colcon_core.verb:set package 'bringup' build argument 'cmake_target_skip_unavailable' from command line to 'False'
[1.693s] Level 5:colcon.colcon_core.verb:set package 'bringup' build argument 'cmake_clean_cache' from command line to 'False'
[1.693s] Level 5:colcon.colcon_core.verb:set package 'bringup' build argument 'cmake_clean_first' from command line to 'False'
[1.693s] Level 5:colcon.colcon_core.verb:set package 'bringup' build argument 'cmake_force_configure' from command line to 'False'
[1.693s] Level 5:colcon.colcon_core.verb:set package 'bringup' build argument 'ament_cmake_args' from command line to 'None'
[1.694s] Level 5:colcon.colcon_core.verb:set package 'bringup' build argument 'catkin_cmake_args' from command line to 'None'
[1.694s] Level 5:colcon.colcon_core.verb:set package 'bringup' build argument 'catkin_skip_building_tests' from command line to 'False'
[1.694s] DEBUG:colcon.colcon_core.verb:Building package 'bringup' with the following arguments: {'ament_cmake_args': None, 'build_base': '/ros2_ws/build/bringup', 'catkin_cmake_args': None, 'catkin_skip_building_tests': False, 'cmake_args': None, 'cmake_clean_cache': False, 'cmake_clean_first': False, 'cmake_force_configure': False, 'cmake_target': None, 'cmake_target_skip_unavailable': False, 'install_base': '/ros2_ws/install/bringup', 'merge_install': False, 'path': '/ros2_ws/src/bringup', 'symlink_install': True, 'test_result_base': None}
[1.694s] INFO:colcon.colcon_core.executor:Executing jobs using 'parallel' executor
[1.699s] DEBUG:colcon.colcon_parallel_executor.executor.parallel:run_until_complete
[1.700s] INFO:colcon.colcon_ros.task.ament_cmake.build:Building ROS package in '/ros2_ws/src/common' with build type 'ament_cmake'
[1.700s] INFO:colcon.colcon_cmake.task.cmake.build:Building CMake package in '/ros2_ws/src/common'
[1.709s] INFO:colcon.colcon_core.plugin_system:Skipping extension 'colcon_core.shell.bat': Not used on non-Windows systems
[1.710s] INFO:colcon.colcon_core.shell:Skip shell extension 'powershell' for command environment: Not usable outside of PowerShell
[1.711s] DEBUG:colcon.colcon_core.shell:Skip shell extension 'dsv' for command environment
[1.729s] INFO:colcon.colcon_ros.task.ament_cmake.build:Building ROS package in '/ros2_ws/src/interfaces' with build type 'ament_cmake'
[1.730s] INFO:colcon.colcon_cmake.task.cmake.build:Building CMake package in '/ros2_ws/src/interfaces'
[1.731s] INFO:colcon.colcon_core.shell:Skip shell extension 'powershell' for command environment: Not usable outside of PowerShell
[1.731s] DEBUG:colcon.colcon_core.shell:Skip shell extension 'dsv' for command environment
[1.749s] INFO:colcon.colcon_ros.task.ament_python.build:Building ROS package in '/ros2_ws/src/system_services' with build type 'ament_python'
[1.750s] Level 1:colcon.colcon_core.shell:create_environment_hook('system_services', 'ament_prefix_path')
[1.751s] INFO:colcon.colcon_core.shell:Creating environment hook '/ros2_ws/install/system_services/share/system_services/hook/ament_prefix_path.ps1'
[1.755s] INFO:colcon.colcon_core.shell:Creating environment descriptor '/ros2_ws/install/system_services/share/system_services/hook/ament_prefix_path.dsv'
[1.757s] INFO:colcon.colcon_core.shell:Creating environment hook '/ros2_ws/install/system_services/share/system_services/hook/ament_prefix_path.sh'
[1.761s] INFO:colcon.colcon_core.shell:Skip shell extension 'powershell' for command environment: Not usable outside of PowerShell
[1.761s] DEBUG:colcon.colcon_core.shell:Skip shell extension 'dsv' for command environment
[1.794s] DEBUG:colcon.colcon_core.event_handler.log_command:Invoking command in '/ros2_ws/build/common': CMAKE_PREFIX_PATH=${CMAKE_PREFIX_PATH}:/ros2_ws/install/system_services:/opt/ros/humble /usr/bin/cmake --build /ros2_ws/build/common -- -j4 -l4
[1.808s] DEBUG:colcon.colcon_core.event_handler.log_command:Invoking command in '/ros2_ws/build/interfaces': CMAKE_PREFIX_PATH=${CMAKE_PREFIX_PATH}:/ros2_ws/install/system_services:/opt/ros/humble /usr/bin/cmake --build /ros2_ws/build/interfaces -- -j4 -l4
[3.133s] INFO:colcon.colcon_core.task.python.build:Building Python package in '/ros2_ws/src/system_services'
[3.135s] INFO:colcon.colcon_core.shell:Skip shell extension 'powershell' for command environment: Not usable outside of PowerShell
[3.135s] DEBUG:colcon.colcon_core.shell:Skip shell extension 'dsv' for command environment
[3.159s] DEBUG:colcon.colcon_core.event_handler.log_command:Invoked command in '/ros2_ws/build/common' returned '0': CMAKE_PREFIX_PATH=${CMAKE_PREFIX_PATH}:/ros2_ws/install/system_services:/opt/ros/humble /usr/bin/cmake --build /ros2_ws/build/common -- -j4 -l4
[3.190s] DEBUG:colcon.colcon_core.event_handler.log_command:Invoking command in '/ros2_ws/build/common': CMAKE_PREFIX_PATH=${CMAKE_PREFIX_PATH}:/ros2_ws/install/system_services:/opt/ros/humble /usr/bin/cmake --install /ros2_ws/build/common
[3.272s] Level 1:colcon.colcon_core.environment:create_environment_scripts_only(common)
[3.274s] DEBUG:colcon.colcon_core.event_handler.log_command:Invoked command in '/ros2_ws/build/common' returned '0': CMAKE_PREFIX_PATH=${CMAKE_PREFIX_PATH}:/ros2_ws/install/system_services:/opt/ros/humble /usr/bin/cmake --install /ros2_ws/build/common
[3.285s] Level 1:colcon.colcon_core.environment:checking '/ros2_ws/install/common' for CMake module files
[3.287s] Level 1:colcon.colcon_core.environment:checking '/ros2_ws/install/common' for CMake config files
[3.290s] Level 1:colcon.colcon_core.shell:create_environment_hook('common', 'cmake_prefix_path')
[3.291s] INFO:colcon.colcon_core.shell:Creating environment hook '/ros2_ws/install/common/share/common/hook/cmake_prefix_path.ps1'
[3.293s] INFO:colcon.colcon_core.shell:Creating environment descriptor '/ros2_ws/install/common/share/common/hook/cmake_prefix_path.dsv'
[3.295s] INFO:colcon.colcon_core.shell:Creating environment hook '/ros2_ws/install/common/share/common/hook/cmake_prefix_path.sh'
[3.297s] Level 1:colcon.colcon_core.environment:checking '/ros2_ws/install/common/lib'
[3.298s] Level 1:colcon.colcon_core.environment:checking '/ros2_ws/install/common/bin'
[3.299s] Level 1:colcon.colcon_core.environment:checking '/ros2_ws/install/common/lib/pkgconfig/common.pc'
[3.300s] Level 1:colcon.colcon_core.environment:checking '/ros2_ws/install/common/lib/python3.10/site-packages'
[3.302s] Level 1:colcon.colcon_core.environment:checking '/ros2_ws/install/common/bin'
[3.304s] INFO:colcon.colcon_core.shell:Creating package script '/ros2_ws/install/common/share/common/package.ps1'
[3.310s] INFO:colcon.colcon_core.shell:Creating package descriptor '/ros2_ws/install/common/share/common/package.dsv'
[3.313s] INFO:colcon.colcon_core.shell:Creating package script '/ros2_ws/install/common/share/common/package.sh'
[3.317s] INFO:colcon.colcon_core.shell:Creating package script '/ros2_ws/install/common/share/common/package.bash'
[3.321s] INFO:colcon.colcon_core.shell:Creating package script '/ros2_ws/install/common/share/common/package.zsh'
[3.325s] Level 1:colcon.colcon_core.environment:create_file_with_runtime_dependencies(/ros2_ws/install/common/share/colcon-core/packages/common)
[3.328s] Level 1:colcon.colcon_core.environment:create_environment_scripts_only(common)
[3.329s] Level 1:colcon.colcon_core.environment:checking '/ros2_ws/install/common' for CMake module files
[3.331s] Level 1:colcon.colcon_core.environment:checking '/ros2_ws/install/common' for CMake config files
[3.333s] Level 1:colcon.colcon_core.shell:create_environment_hook('common', 'cmake_prefix_path')
[3.334s] INFO:colcon.colcon_core.shell:Creating environment hook '/ros2_ws/install/common/share/common/hook/cmake_prefix_path.ps1'
[3.336s] INFO:colcon.colcon_core.shell:Creating environment descriptor '/ros2_ws/install/common/share/common/hook/cmake_prefix_path.dsv'
[3.338s] INFO:colcon.colcon_core.shell:Creating environment hook '/ros2_ws/install/common/share/common/hook/cmake_prefix_path.sh'
[3.340s] Level 1:colcon.colcon_core.environment:checking '/ros2_ws/install/common/lib'
[3.341s] Level 1:colcon.colcon_core.environment:checking '/ros2_ws/install/common/bin'
[3.341s] Level 1:colcon.colcon_core.environment:checking '/ros2_ws/install/common/lib/pkgconfig/common.pc'
[3.342s] Level 1:colcon.colcon_core.environment:checking '/ros2_ws/install/common/lib/python3.10/site-packages'
[3.344s] Level 1:colcon.colcon_core.environment:checking '/ros2_ws/install/common/bin'
[3.345s] INFO:colcon.colcon_core.shell:Creating package script '/ros2_ws/install/common/share/common/package.ps1'
[3.348s] INFO:colcon.colcon_core.shell:Creating package descriptor '/ros2_ws/install/common/share/common/package.dsv'
[3.351s] INFO:colcon.colcon_core.shell:Creating package script '/ros2_ws/install/common/share/common/package.sh'
[3.352s] INFO:colcon.colcon_core.shell:Creating package script '/ros2_ws/install/common/share/common/package.bash'
[3.355s] INFO:colcon.colcon_core.shell:Creating package script '/ros2_ws/install/common/share/common/package.zsh'
[3.357s] Level 1:colcon.colcon_core.environment:create_file_with_runtime_dependencies(/ros2_ws/install/common/share/colcon-core/packages/common)
[3.358s] INFO:colcon.colcon_ros.task.ament_cmake.build:Building ROS package in '/ros2_ws/src/drivers' with build type 'ament_cmake'
[3.359s] INFO:colcon.colcon_cmake.task.cmake.build:Building CMake package in '/ros2_ws/src/drivers'
[3.360s] INFO:colcon.colcon_core.shell:Skip shell extension 'powershell' for command environment: Not usable outside of PowerShell
[3.360s] DEBUG:colcon.colcon_core.shell:Skip shell extension 'dsv' for command environment
[3.409s] DEBUG:colcon.colcon_core.event_handler.log_command:Invoking command in '/ros2_ws/build/drivers': CMAKE_PREFIX_PATH=/ros2_ws/install/common:/ros2_ws/install/bringup:/ros2_ws/install/cerebellum_hardware:/ros2_ws/install/dri_interfaces:/ros2_ws/install/interfaces:/ros2_ws/install/drivers:/ros2_ws/install/cerebellum_description:/ros2_ws/install/system_services:/opt/ros/humble /usr/bin/cmake --build /ros2_ws/build/drivers -- -j4 -l4
[3.622s] DEBUG:colcon.colcon_core.event_handler.log_command:Invoked command in '/ros2_ws/build/interfaces' returned '0': CMAKE_PREFIX_PATH=${CMAKE_PREFIX_PATH}:/ros2_ws/install/system_services:/opt/ros/humble /usr/bin/cmake --build /ros2_ws/build/interfaces -- -j4 -l4
[3.628s] DEBUG:colcon.colcon_core.event_handler.log_command:Invoking command in '/ros2_ws/build/interfaces': CMAKE_PREFIX_PATH=${CMAKE_PREFIX_PATH}:/ros2_ws/install/system_services:/opt/ros/humble /usr/bin/cmake --install /ros2_ws/build/interfaces
[3.809s] DEBUG:colcon.colcon_core.event_handler.log_command:Invoked command in '/ros2_ws/build/drivers' returned '0': CMAKE_PREFIX_PATH=/ros2_ws/install/common:/ros2_ws/install/bringup:/ros2_ws/install/cerebellum_hardware:/ros2_ws/install/dri_interfaces:/ros2_ws/install/interfaces:/ros2_ws/install/drivers:/ros2_ws/install/cerebellum_description:/ros2_ws/install/system_services:/opt/ros/humble /usr/bin/cmake --build /ros2_ws/build/drivers -- -j4 -l4
[3.811s] DEBUG:colcon.colcon_core.event_handler.log_command:Invoking command in '/ros2_ws/build/drivers': CMAKE_PREFIX_PATH=/ros2_ws/install/common:/ros2_ws/install/bringup:/ros2_ws/install/cerebellum_hardware:/ros2_ws/install/dri_interfaces:/ros2_ws/install/interfaces:/ros2_ws/install/drivers:/ros2_ws/install/cerebellum_description:/ros2_ws/install/system_services:/opt/ros/humble /usr/bin/cmake --install /ros2_ws/build/drivers
[3.961s] Level 1:colcon.colcon_core.environment:create_environment_scripts_only(drivers)
[3.962s] Level 1:colcon.colcon_core.environment:checking '/ros2_ws/install/drivers' for CMake module files
[3.966s] Level 1:colcon.colcon_core.environment:checking '/ros2_ws/install/drivers' for CMake config files
[3.976s] DEBUG:colcon.colcon_core.event_handler.log_command:Invoked command in '/ros2_ws/build/drivers' returned '0': CMAKE_PREFIX_PATH=/ros2_ws/install/common:/ros2_ws/install/bringup:/ros2_ws/install/cerebellum_hardware:/ros2_ws/install/dri_interfaces:/ros2_ws/install/interfaces:/ros2_ws/install/drivers:/ros2_ws/install/cerebellum_description:/ros2_ws/install/system_services:/opt/ros/humble /usr/bin/cmake --install /ros2_ws/build/drivers
[3.979s] Level 1:colcon.colcon_core.shell:create_environment_hook('drivers', 'cmake_prefix_path')
[3.980s] INFO:colcon.colcon_core.shell:Creating environment hook '/ros2_ws/install/drivers/share/drivers/hook/cmake_prefix_path.ps1'
[3.982s] INFO:colcon.colcon_core.shell:Creating environment descriptor '/ros2_ws/install/drivers/share/drivers/hook/cmake_prefix_path.dsv'
[3.984s] INFO:colcon.colcon_core.shell:Creating environment hook '/ros2_ws/install/drivers/share/drivers/hook/cmake_prefix_path.sh'
[3.987s] Level 1:colcon.colcon_core.environment:checking '/ros2_ws/install/drivers/lib'
[3.988s] Level 1:colcon.colcon_core.environment:checking '/ros2_ws/install/drivers/bin'
[3.988s] Level 1:colcon.colcon_core.environment:checking '/ros2_ws/install/drivers/lib/pkgconfig/drivers.pc'
[3.989s] Level 1:colcon.colcon_core.environment:checking '/ros2_ws/install/drivers/lib/python3.10/site-packages'
[3.991s] Level 1:colcon.colcon_core.environment:checking '/ros2_ws/install/drivers/bin'
[3.993s] INFO:colcon.colcon_core.shell:Creating package script '/ros2_ws/install/drivers/share/drivers/package.ps1'
[3.996s] INFO:colcon.colcon_core.shell:Creating package descriptor '/ros2_ws/install/drivers/share/drivers/package.dsv'
[3.998s] INFO:colcon.colcon_core.shell:Creating package script '/ros2_ws/install/drivers/share/drivers/package.sh'
[4.000s] INFO:colcon.colcon_core.shell:Creating package script '/ros2_ws/install/drivers/share/drivers/package.bash'
[4.002s] INFO:colcon.colcon_core.shell:Creating package script '/ros2_ws/install/drivers/share/drivers/package.zsh'
[4.004s] Level 1:colcon.colcon_core.environment:create_file_with_runtime_dependencies(/ros2_ws/install/drivers/share/colcon-core/packages/drivers)
[4.007s] Level 1:colcon.colcon_core.environment:create_environment_scripts_only(drivers)
[4.009s] Level 1:colcon.colcon_core.environment:checking '/ros2_ws/install/drivers' for CMake module files
[4.013s] Level 1:colcon.colcon_core.environment:checking '/ros2_ws/install/drivers' for CMake config files
[4.016s] Level 1:colcon.colcon_core.shell:create_environment_hook('drivers', 'cmake_prefix_path')
[4.018s] INFO:colcon.colcon_core.shell:Creating environment hook '/ros2_ws/install/drivers/share/drivers/hook/cmake_prefix_path.ps1'
[4.020s] INFO:colcon.colcon_core.shell:Creating environment descriptor '/ros2_ws/install/drivers/share/drivers/hook/cmake_prefix_path.dsv'
[4.023s] INFO:colcon.colcon_core.shell:Creating environment hook '/ros2_ws/install/drivers/share/drivers/hook/cmake_prefix_path.sh'
[4.026s] Level 1:colcon.colcon_core.environment:checking '/ros2_ws/install/drivers/lib'
[4.027s] Level 1:colcon.colcon_core.environment:checking '/ros2_ws/install/drivers/bin'
[4.028s] Level 1:colcon.colcon_core.environment:checking '/ros2_ws/install/drivers/lib/pkgconfig/drivers.pc'
[4.029s] Level 1:colcon.colcon_core.environment:checking '/ros2_ws/install/drivers/lib/python3.10/site-packages'
[4.031s] Level 1:colcon.colcon_core.environment:checking '/ros2_ws/install/drivers/bin'
[4.033s] INFO:colcon.colcon_core.shell:Creating package script '/ros2_ws/install/drivers/share/drivers/package.ps1'
[4.037s] INFO:colcon.colcon_core.shell:Creating package descriptor '/ros2_ws/install/drivers/share/drivers/package.dsv'
[4.039s] INFO:colcon.colcon_core.shell:Creating package script '/ros2_ws/install/drivers/share/drivers/package.sh'
[4.041s] INFO:colcon.colcon_core.shell:Creating package script '/ros2_ws/install/drivers/share/drivers/package.bash'
[4.043s] INFO:colcon.colcon_core.shell:Creating package script '/ros2_ws/install/drivers/share/drivers/package.zsh'
[4.045s] Level 1:colcon.colcon_core.environment:create_file_with_runtime_dependencies(/ros2_ws/install/drivers/share/colcon-core/packages/drivers)
[4.049s] Level 1:colcon.colcon_core.environment:create_environment_scripts_only(interfaces)
[4.050s] Level 1:colcon.colcon_core.environment:checking '/ros2_ws/install/interfaces' for CMake module files
[4.053s] DEBUG:colcon.colcon_core.event_handler.log_command:Invoked command in '/ros2_ws/build/interfaces' returned '0': CMAKE_PREFIX_PATH=${CMAKE_PREFIX_PATH}:/ros2_ws/install/system_services:/opt/ros/humble /usr/bin/cmake --install /ros2_ws/build/interfaces
[4.056s] Level 1:colcon.colcon_core.environment:checking '/ros2_ws/install/interfaces' for CMake config files
[4.061s] Level 1:colcon.colcon_core.shell:create_environment_hook('interfaces', 'cmake_prefix_path')
[4.062s] INFO:colcon.colcon_core.shell:Creating environment hook '/ros2_ws/install/interfaces/share/interfaces/hook/cmake_prefix_path.ps1'
[4.064s] INFO:colcon.colcon_core.shell:Creating environment descriptor '/ros2_ws/install/interfaces/share/interfaces/hook/cmake_prefix_path.dsv'
[4.066s] INFO:colcon.colcon_core.shell:Creating environment hook '/ros2_ws/install/interfaces/share/interfaces/hook/cmake_prefix_path.sh'
[4.068s] Level 1:colcon.colcon_core.environment:checking '/ros2_ws/install/interfaces/lib'
[4.068s] Level 1:colcon.colcon_core.shell:create_environment_hook('interfaces', 'ld_library_path_lib')
[4.070s] INFO:colcon.colcon_core.shell:Creating environment hook '/ros2_ws/install/interfaces/share/interfaces/hook/ld_library_path_lib.ps1'
[4.071s] INFO:colcon.colcon_core.shell:Creating environment descriptor '/ros2_ws/install/interfaces/share/interfaces/hook/ld_library_path_lib.dsv'
[4.073s] INFO:colcon.colcon_core.shell:Creating environment hook '/ros2_ws/install/interfaces/share/interfaces/hook/ld_library_path_lib.sh'
[4.075s] Level 1:colcon.colcon_core.environment:checking '/ros2_ws/install/interfaces/bin'
[4.075s] Level 1:colcon.colcon_core.environment:checking '/ros2_ws/install/interfaces/lib/pkgconfig/interfaces.pc'
[4.076s] Level 1:colcon.colcon_core.environment:checking '/ros2_ws/install/interfaces/lib/python3.10/site-packages'
[4.078s] Level 1:colcon.colcon_core.environment:checking '/ros2_ws/install/interfaces/bin'
[4.080s] INFO:colcon.colcon_core.shell:Creating package script '/ros2_ws/install/interfaces/share/interfaces/package.ps1'
[4.083s] INFO:colcon.colcon_core.shell:Creating package descriptor '/ros2_ws/install/interfaces/share/interfaces/package.dsv'
[4.085s] INFO:colcon.colcon_core.shell:Creating package script '/ros2_ws/install/interfaces/share/interfaces/package.sh'
[4.087s] INFO:colcon.colcon_core.shell:Creating package script '/ros2_ws/install/interfaces/share/interfaces/package.bash'
[4.089s] INFO:colcon.colcon_core.shell:Creating package script '/ros2_ws/install/interfaces/share/interfaces/package.zsh'
[4.090s] Level 1:colcon.colcon_core.environment:create_file_with_runtime_dependencies(/ros2_ws/install/interfaces/share/colcon-core/packages/interfaces)
[4.093s] Level 1:colcon.colcon_core.environment:create_environment_scripts_only(interfaces)
[4.094s] Level 1:colcon.colcon_core.environment:checking '/ros2_ws/install/interfaces' for CMake module files
[4.098s] Level 1:colcon.colcon_core.environment:checking '/ros2_ws/install/interfaces' for CMake config files
[4.102s] Level 1:colcon.colcon_core.shell:create_environment_hook('interfaces', 'cmake_prefix_path')
[4.103s] INFO:colcon.colcon_core.shell:Creating environment hook '/ros2_ws/install/interfaces/share/interfaces/hook/cmake_prefix_path.ps1'
[4.105s] INFO:colcon.colcon_core.shell:Creating environment descriptor '/ros2_ws/install/interfaces/share/interfaces/hook/cmake_prefix_path.dsv'
[4.107s] INFO:colcon.colcon_core.shell:Creating environment hook '/ros2_ws/install/interfaces/share/interfaces/hook/cmake_prefix_path.sh'
[4.110s] Level 1:colcon.colcon_core.environment:checking '/ros2_ws/install/interfaces/lib'
[4.111s] Level 1:colcon.colcon_core.shell:create_environment_hook('interfaces', 'ld_library_path_lib')
[4.112s] INFO:colcon.colcon_core.shell:Creating environment hook '/ros2_ws/install/interfaces/share/interfaces/hook/ld_library_path_lib.ps1'
[4.114s] INFO:colcon.colcon_core.shell:Creating environment descriptor '/ros2_ws/install/interfaces/share/interfaces/hook/ld_library_path_lib.dsv'
[4.116s] INFO:colcon.colcon_core.shell:Creating environment hook '/ros2_ws/install/interfaces/share/interfaces/hook/ld_library_path_lib.sh'
[4.117s] Level 1:colcon.colcon_core.environment:checking '/ros2_ws/install/interfaces/bin'
[4.118s] Level 1:colcon.colcon_core.environment:checking '/ros2_ws/install/interfaces/lib/pkgconfig/interfaces.pc'
[4.120s] Level 1:colcon.colcon_core.environment:checking '/ros2_ws/install/interfaces/lib/python3.10/site-packages'
[4.121s] Level 1:colcon.colcon_core.environment:checking '/ros2_ws/install/interfaces/bin'
[4.123s] INFO:colcon.colcon_core.shell:Creating package script '/ros2_ws/install/interfaces/share/interfaces/package.ps1'
[4.127s] INFO:colcon.colcon_core.shell:Creating package descriptor '/ros2_ws/install/interfaces/share/interfaces/package.dsv'
[4.129s] INFO:colcon.colcon_core.shell:Creating package script '/ros2_ws/install/interfaces/share/interfaces/package.sh'
[4.131s] INFO:colcon.colcon_core.shell:Creating package script '/ros2_ws/install/interfaces/share/interfaces/package.bash'
[4.133s] INFO:colcon.colcon_core.shell:Creating package script '/ros2_ws/install/interfaces/share/interfaces/package.zsh'
[4.135s] Level 1:colcon.colcon_core.environment:create_file_with_runtime_dependencies(/ros2_ws/install/interfaces/share/colcon-core/packages/interfaces)
[4.137s] INFO:colcon.colcon_ros.task.ament_cmake.build:Building ROS package in '/ros2_ws/src/ros2_control/cerebellum_hardware' with build type 'ament_cmake'
[4.138s] INFO:colcon.colcon_cmake.task.cmake.build:Building CMake package in '/ros2_ws/src/ros2_control/cerebellum_hardware'
[4.139s] INFO:colcon.colcon_core.shell:Skip shell extension 'powershell' for command environment: Not usable outside of PowerShell
[4.139s] DEBUG:colcon.colcon_core.shell:Skip shell extension 'dsv' for command environment
[4.161s] INFO:colcon.colcon_ros.task.ament_cmake.build:Building ROS package in '/ros2_ws/src/dri_interfaces' with build type 'ament_cmake'
[4.162s] INFO:colcon.colcon_cmake.task.cmake.build:Building CMake package in '/ros2_ws/src/dri_interfaces'
[4.163s] INFO:colcon.colcon_core.shell:Skip shell extension 'powershell' for command environment: Not usable outside of PowerShell
[4.164s] DEBUG:colcon.colcon_core.shell:Skip shell extension 'dsv' for command environment
[4.214s] DEBUG:colcon.colcon_core.event_handler.log_command:Invoking command in '/ros2_ws/build/cerebellum_hardware': CMAKE_PREFIX_PATH=/ros2_ws/install/drivers:/ros2_ws/install/interfaces:/ros2_ws/install/common:/ros2_ws/install/bringup:/ros2_ws/install/cerebellum_hardware:/ros2_ws/install/dri_interfaces:/ros2_ws/install/cerebellum_description:/ros2_ws/install/system_services:/opt/ros/humble LD_LIBRARY_PATH=/ros2_ws/install/interfaces/lib:/ros2_ws/install/cerebellum_hardware/lib:/ros2_ws/install/drivers/lib:/ros2_ws/install/common/lib:/opt/ros/humble/opt/rviz_ogre_vendor/lib:/opt/ros/humble/lib/aarch64-linux-gnu:/opt/ros/humble/lib /usr/bin/cmake --build /ros2_ws/build/cerebellum_hardware -- -j4 -l4
[4.229s] DEBUG:colcon.colcon_core.event_handler.log_command:Invoking command in '/ros2_ws/build/dri_interfaces': CMAKE_PREFIX_PATH=/ros2_ws/install/drivers:/ros2_ws/install/interfaces:/ros2_ws/install/common:/ros2_ws/install/bringup:/ros2_ws/install/cerebellum_hardware:/ros2_ws/install/dri_interfaces:/ros2_ws/install/cerebellum_description:/ros2_ws/install/system_services:/opt/ros/humble LD_LIBRARY_PATH=/ros2_ws/install/interfaces/lib:/ros2_ws/install/cerebellum_hardware/lib:/ros2_ws/install/drivers/lib:/ros2_ws/install/common/lib:/opt/ros/humble/opt/rviz_ogre_vendor/lib:/opt/ros/humble/lib/aarch64-linux-gnu:/opt/ros/humble/lib /usr/bin/cmake --build /ros2_ws/build/dri_interfaces -- -j4 -l4
[4.485s] DEBUG:colcon.colcon_core.event_handler.log_command:Invoked command in '/ros2_ws/build/cerebellum_hardware' returned '0': CMAKE_PREFIX_PATH=/ros2_ws/install/drivers:/ros2_ws/install/interfaces:/ros2_ws/install/common:/ros2_ws/install/bringup:/ros2_ws/install/cerebellum_hardware:/ros2_ws/install/dri_interfaces:/ros2_ws/install/cerebellum_description:/ros2_ws/install/system_services:/opt/ros/humble LD_LIBRARY_PATH=/ros2_ws/install/interfaces/lib:/ros2_ws/install/cerebellum_hardware/lib:/ros2_ws/install/drivers/lib:/ros2_ws/install/common/lib:/opt/ros/humble/opt/rviz_ogre_vendor/lib:/opt/ros/humble/lib/aarch64-linux-gnu:/opt/ros/humble/lib /usr/bin/cmake --build /ros2_ws/build/cerebellum_hardware -- -j4 -l4
[4.489s] DEBUG:colcon.colcon_core.event_handler.log_command:Invoking command in '/ros2_ws/build/cerebellum_hardware': CMAKE_PREFIX_PATH=/ros2_ws/install/drivers:/ros2_ws/install/interfaces:/ros2_ws/install/common:/ros2_ws/install/bringup:/ros2_ws/install/cerebellum_hardware:/ros2_ws/install/dri_interfaces:/ros2_ws/install/cerebellum_description:/ros2_ws/install/system_services:/opt/ros/humble LD_LIBRARY_PATH=/ros2_ws/install/interfaces/lib:/ros2_ws/install/cerebellum_hardware/lib:/ros2_ws/install/drivers/lib:/ros2_ws/install/common/lib:/opt/ros/humble/opt/rviz_ogre_vendor/lib:/opt/ros/humble/lib/aarch64-linux-gnu:/opt/ros/humble/lib /usr/bin/cmake --install /ros2_ws/build/cerebellum_hardware
[4.510s] DEBUG:colcon.colcon_core.event_handler.log_command:Invoked command in '/ros2_ws/build/dri_interfaces' returned '0': CMAKE_PREFIX_PATH=/ros2_ws/install/drivers:/ros2_ws/install/interfaces:/ros2_ws/install/common:/ros2_ws/install/bringup:/ros2_ws/install/cerebellum_hardware:/ros2_ws/install/dri_interfaces:/ros2_ws/install/cerebellum_description:/ros2_ws/install/system_services:/opt/ros/humble LD_LIBRARY_PATH=/ros2_ws/install/interfaces/lib:/ros2_ws/install/cerebellum_hardware/lib:/ros2_ws/install/drivers/lib:/ros2_ws/install/common/lib:/opt/ros/humble/opt/rviz_ogre_vendor/lib:/opt/ros/humble/lib/aarch64-linux-gnu:/opt/ros/humble/lib /usr/bin/cmake --build /ros2_ws/build/dri_interfaces -- -j4 -l4
[4.514s] DEBUG:colcon.colcon_core.event_handler.log_command:Invoking command in '/ros2_ws/build/dri_interfaces': CMAKE_PREFIX_PATH=/ros2_ws/install/drivers:/ros2_ws/install/interfaces:/ros2_ws/install/common:/ros2_ws/install/bringup:/ros2_ws/install/cerebellum_hardware:/ros2_ws/install/dri_interfaces:/ros2_ws/install/cerebellum_description:/ros2_ws/install/system_services:/opt/ros/humble LD_LIBRARY_PATH=/ros2_ws/install/interfaces/lib:/ros2_ws/install/cerebellum_hardware/lib:/ros2_ws/install/drivers/lib:/ros2_ws/install/common/lib:/opt/ros/humble/opt/rviz_ogre_vendor/lib:/opt/ros/humble/lib/aarch64-linux-gnu:/opt/ros/humble/lib /usr/bin/cmake --install /ros2_ws/build/dri_interfaces
[4.574s] Level 1:colcon.colcon_core.environment:create_environment_scripts_only(cerebellum_hardware)
[4.575s] Level 1:colcon.colcon_core.environment:checking '/ros2_ws/install/cerebellum_hardware' for CMake module files
[4.580s] DEBUG:colcon.colcon_core.event_handler.log_command:Invoked command in '/ros2_ws/build/cerebellum_hardware' returned '0': CMAKE_PREFIX_PATH=/ros2_ws/install/drivers:/ros2_ws/install/interfaces:/ros2_ws/install/common:/ros2_ws/install/bringup:/ros2_ws/install/cerebellum_hardware:/ros2_ws/install/dri_interfaces:/ros2_ws/install/cerebellum_description:/ros2_ws/install/system_services:/opt/ros/humble LD_LIBRARY_PATH=/ros2_ws/install/interfaces/lib:/ros2_ws/install/cerebellum_hardware/lib:/ros2_ws/install/drivers/lib:/ros2_ws/install/common/lib:/opt/ros/humble/opt/rviz_ogre_vendor/lib:/opt/ros/humble/lib/aarch64-linux-gnu:/opt/ros/humble/lib /usr/bin/cmake --install /ros2_ws/build/cerebellum_hardware
[4.582s] Level 1:colcon.colcon_core.environment:checking '/ros2_ws/install/cerebellum_hardware' for CMake config files
[4.583s] Level 1:colcon.colcon_core.shell:create_environment_hook('cerebellum_hardware', 'cmake_prefix_path')
[4.584s] INFO:colcon.colcon_core.shell:Creating environment hook '/ros2_ws/install/cerebellum_hardware/share/cerebellum_hardware/hook/cmake_prefix_path.ps1'
[4.589s] INFO:colcon.colcon_core.shell:Creating environment descriptor '/ros2_ws/install/cerebellum_hardware/share/cerebellum_hardware/hook/cmake_prefix_path.dsv'
[4.591s] INFO:colcon.colcon_core.shell:Creating environment hook '/ros2_ws/install/cerebellum_hardware/share/cerebellum_hardware/hook/cmake_prefix_path.sh'
[4.593s] Level 1:colcon.colcon_core.environment:checking '/ros2_ws/install/cerebellum_hardware/lib'
[4.594s] Level 1:colcon.colcon_core.shell:create_environment_hook('cerebellum_hardware', 'ld_library_path_lib')
[4.595s] INFO:colcon.colcon_core.shell:Creating environment hook '/ros2_ws/install/cerebellum_hardware/share/cerebellum_hardware/hook/ld_library_path_lib.ps1'
[4.597s] INFO:colcon.colcon_core.shell:Creating environment descriptor '/ros2_ws/install/cerebellum_hardware/share/cerebellum_hardware/hook/ld_library_path_lib.dsv'
[4.601s] INFO:colcon.colcon_core.shell:Creating environment hook '/ros2_ws/install/cerebellum_hardware/share/cerebellum_hardware/hook/ld_library_path_lib.sh'
[4.604s] Level 1:colcon.colcon_core.environment:checking '/ros2_ws/install/cerebellum_hardware/bin'
[4.604s] Level 1:colcon.colcon_core.environment:checking '/ros2_ws/install/cerebellum_hardware/lib/pkgconfig/cerebellum_hardware.pc'
[4.606s] Level 1:colcon.colcon_core.environment:checking '/ros2_ws/install/cerebellum_hardware/lib/python3.10/site-packages'
[4.608s] Level 1:colcon.colcon_core.environment:checking '/ros2_ws/install/cerebellum_hardware/bin'
[4.610s] INFO:colcon.colcon_core.shell:Creating package script '/ros2_ws/install/cerebellum_hardware/share/cerebellum_hardware/package.ps1'
[4.613s] INFO:colcon.colcon_core.shell:Creating package descriptor '/ros2_ws/install/cerebellum_hardware/share/cerebellum_hardware/package.dsv'
[4.615s] INFO:colcon.colcon_core.shell:Creating package script '/ros2_ws/install/cerebellum_hardware/share/cerebellum_hardware/package.sh'
[4.619s] INFO:colcon.colcon_core.shell:Creating package script '/ros2_ws/install/cerebellum_hardware/share/cerebellum_hardware/package.bash'
[4.623s] INFO:colcon.colcon_core.shell:Creating package script '/ros2_ws/install/cerebellum_hardware/share/cerebellum_hardware/package.zsh'
[4.625s] Level 1:colcon.colcon_core.environment:create_file_with_runtime_dependencies(/ros2_ws/install/cerebellum_hardware/share/colcon-core/packages/cerebellum_hardware)
[4.629s] Level 1:colcon.colcon_core.environment:create_environment_scripts_only(cerebellum_hardware)
[4.630s] Level 1:colcon.colcon_core.environment:checking '/ros2_ws/install/cerebellum_hardware' for CMake module files
[4.633s] Level 1:colcon.colcon_core.environment:checking '/ros2_ws/install/cerebellum_hardware' for CMake config files
[4.634s] Level 1:colcon.colcon_core.shell:create_environment_hook('cerebellum_hardware', 'cmake_prefix_path')
[4.636s] INFO:colcon.colcon_core.shell:Creating environment hook '/ros2_ws/install/cerebellum_hardware/share/cerebellum_hardware/hook/cmake_prefix_path.ps1'
[4.638s] INFO:colcon.colcon_core.shell:Creating environment descriptor '/ros2_ws/install/cerebellum_hardware/share/cerebellum_hardware/hook/cmake_prefix_path.dsv'
[4.639s] INFO:colcon.colcon_core.shell:Creating environment hook '/ros2_ws/install/cerebellum_hardware/share/cerebellum_hardware/hook/cmake_prefix_path.sh'
[4.642s] Level 1:colcon.colcon_core.environment:checking '/ros2_ws/install/cerebellum_hardware/lib'
[4.643s] Level 1:colcon.colcon_core.shell:create_environment_hook('cerebellum_hardware', 'ld_library_path_lib')
[4.644s] INFO:colcon.colcon_core.shell:Creating environment hook '/ros2_ws/install/cerebellum_hardware/share/cerebellum_hardware/hook/ld_library_path_lib.ps1'
[4.646s] INFO:colcon.colcon_core.shell:Creating environment descriptor '/ros2_ws/install/cerebellum_hardware/share/cerebellum_hardware/hook/ld_library_path_lib.dsv'
[4.649s] INFO:colcon.colcon_core.shell:Creating environment hook '/ros2_ws/install/cerebellum_hardware/share/cerebellum_hardware/hook/ld_library_path_lib.sh'
[4.652s] Level 1:colcon.colcon_core.environment:checking '/ros2_ws/install/cerebellum_hardware/bin'
[4.652s] Level 1:colcon.colcon_core.environment:checking '/ros2_ws/install/cerebellum_hardware/lib/pkgconfig/cerebellum_hardware.pc'
[4.653s] Level 1:colcon.colcon_core.environment:checking '/ros2_ws/install/cerebellum_hardware/lib/python3.10/site-packages'
[4.655s] Level 1:colcon.colcon_core.environment:checking '/ros2_ws/install/cerebellum_hardware/bin'
[4.657s] INFO:colcon.colcon_core.shell:Creating package script '/ros2_ws/install/cerebellum_hardware/share/cerebellum_hardware/package.ps1'
[4.661s] INFO:colcon.colcon_core.shell:Creating package descriptor '/ros2_ws/install/cerebellum_hardware/share/cerebellum_hardware/package.dsv'
[4.664s] INFO:colcon.colcon_core.shell:Creating package script '/ros2_ws/install/cerebellum_hardware/share/cerebellum_hardware/package.sh'
[4.667s] INFO:colcon.colcon_core.shell:Creating package script '/ros2_ws/install/cerebellum_hardware/share/cerebellum_hardware/package.bash'
[4.668s] INFO:colcon.colcon_core.shell:Creating package script '/ros2_ws/install/cerebellum_hardware/share/cerebellum_hardware/package.zsh'
[4.670s] Level 1:colcon.colcon_core.environment:create_file_with_runtime_dependencies(/ros2_ws/install/cerebellum_hardware/share/colcon-core/packages/cerebellum_hardware)
[4.672s] INFO:colcon.colcon_ros.task.ament_cmake.build:Building ROS package in '/ros2_ws/src/ros2_control/cerebellum_description' with build type 'ament_cmake'
[4.673s] INFO:colcon.colcon_cmake.task.cmake.build:Building CMake package in '/ros2_ws/src/ros2_control/cerebellum_description'
[4.674s] INFO:colcon.colcon_core.shell:Skip shell extension 'powershell' for command environment: Not usable outside of PowerShell
[4.674s] DEBUG:colcon.colcon_core.shell:Skip shell extension 'dsv' for command environment
[4.701s] Level 1:colcon.colcon_core.environment:create_environment_scripts_only(dri_interfaces)
[4.702s] Level 1:colcon.colcon_core.environment:checking '/ros2_ws/install/dri_interfaces' for CMake module files
[4.708s] DEBUG:colcon.colcon_core.event_handler.log_command:Invoked command in '/ros2_ws/build/dri_interfaces' returned '0': CMAKE_PREFIX_PATH=/ros2_ws/install/drivers:/ros2_ws/install/interfaces:/ros2_ws/install/common:/ros2_ws/install/bringup:/ros2_ws/install/cerebellum_hardware:/ros2_ws/install/dri_interfaces:/ros2_ws/install/cerebellum_description:/ros2_ws/install/system_services:/opt/ros/humble LD_LIBRARY_PATH=/ros2_ws/install/interfaces/lib:/ros2_ws/install/cerebellum_hardware/lib:/ros2_ws/install/drivers/lib:/ros2_ws/install/common/lib:/opt/ros/humble/opt/rviz_ogre_vendor/lib:/opt/ros/humble/lib/aarch64-linux-gnu:/opt/ros/humble/lib /usr/bin/cmake --install /ros2_ws/build/dri_interfaces
[4.709s] Level 1:colcon.colcon_core.environment:checking '/ros2_ws/install/dri_interfaces' for CMake config files
[4.710s] Level 1:colcon.colcon_core.shell:create_environment_hook('dri_interfaces', 'cmake_prefix_path')
[4.712s] INFO:colcon.colcon_core.shell:Creating environment hook '/ros2_ws/install/dri_interfaces/share/dri_interfaces/hook/cmake_prefix_path.ps1'
[4.714s] INFO:colcon.colcon_core.shell:Creating environment descriptor '/ros2_ws/install/dri_interfaces/share/dri_interfaces/hook/cmake_prefix_path.dsv'
[4.716s] INFO:colcon.colcon_core.shell:Creating environment hook '/ros2_ws/install/dri_interfaces/share/dri_interfaces/hook/cmake_prefix_path.sh'
[4.718s] Level 1:colcon.colcon_core.environment:checking '/ros2_ws/install/dri_interfaces/lib'
[4.719s] Level 1:colcon.colcon_core.environment:checking '/ros2_ws/install/dri_interfaces/bin'
[4.719s] Level 1:colcon.colcon_core.environment:checking '/ros2_ws/install/dri_interfaces/lib/pkgconfig/dri_interfaces.pc'
[4.720s] Level 1:colcon.colcon_core.environment:checking '/ros2_ws/install/dri_interfaces/lib/python3.10/site-packages'
[4.723s] Level 1:colcon.colcon_core.environment:checking '/ros2_ws/install/dri_interfaces/bin'
[4.724s] INFO:colcon.colcon_core.shell:Creating package script '/ros2_ws/install/dri_interfaces/share/dri_interfaces/package.ps1'
[4.727s] INFO:colcon.colcon_core.shell:Creating package descriptor '/ros2_ws/install/dri_interfaces/share/dri_interfaces/package.dsv'
[4.731s] INFO:colcon.colcon_core.shell:Creating package script '/ros2_ws/install/dri_interfaces/share/dri_interfaces/package.sh'
[4.733s] INFO:colcon.colcon_core.shell:Creating package script '/ros2_ws/install/dri_interfaces/share/dri_interfaces/package.bash'
[4.735s] INFO:colcon.colcon_core.shell:Creating package script '/ros2_ws/install/dri_interfaces/share/dri_interfaces/package.zsh'
[4.737s] Level 1:colcon.colcon_core.environment:create_file_with_runtime_dependencies(/ros2_ws/install/dri_interfaces/share/colcon-core/packages/dri_interfaces)
[4.740s] Level 1:colcon.colcon_core.environment:create_environment_scripts_only(dri_interfaces)
[4.741s] Level 1:colcon.colcon_core.environment:checking '/ros2_ws/install/dri_interfaces' for CMake module files
[4.745s] Level 1:colcon.colcon_core.environment:checking '/ros2_ws/install/dri_interfaces' for CMake config files
[4.746s] Level 1:colcon.colcon_core.shell:create_environment_hook('dri_interfaces', 'cmake_prefix_path')
[4.748s] INFO:colcon.colcon_core.shell:Creating environment hook '/ros2_ws/install/dri_interfaces/share/dri_interfaces/hook/cmake_prefix_path.ps1'
[4.750s] INFO:colcon.colcon_core.shell:Creating environment descriptor '/ros2_ws/install/dri_interfaces/share/dri_interfaces/hook/cmake_prefix_path.dsv'
[4.753s] INFO:colcon.colcon_core.shell:Creating environment hook '/ros2_ws/install/dri_interfaces/share/dri_interfaces/hook/cmake_prefix_path.sh'
[4.756s] Level 1:colcon.colcon_core.environment:checking '/ros2_ws/install/dri_interfaces/lib'
[4.757s] Level 1:colcon.colcon_core.environment:checking '/ros2_ws/install/dri_interfaces/bin'
[4.758s] Level 1:colcon.colcon_core.environment:checking '/ros2_ws/install/dri_interfaces/lib/pkgconfig/dri_interfaces.pc'
[4.760s] Level 1:colcon.colcon_core.environment:checking '/ros2_ws/install/dri_interfaces/lib/python3.10/site-packages'
[4.762s] Level 1:colcon.colcon_core.environment:checking '/ros2_ws/install/dri_interfaces/bin'
[4.763s] INFO:colcon.colcon_core.shell:Creating package script '/ros2_ws/install/dri_interfaces/share/dri_interfaces/package.ps1'
[4.767s] INFO:colcon.colcon_core.shell:Creating package descriptor '/ros2_ws/install/dri_interfaces/share/dri_interfaces/package.dsv'
[4.769s] INFO:colcon.colcon_core.shell:Creating package script '/ros2_ws/install/dri_interfaces/share/dri_interfaces/package.sh'
[4.773s] INFO:colcon.colcon_core.shell:Creating package script '/ros2_ws/install/dri_interfaces/share/dri_interfaces/package.bash'
[4.775s] INFO:colcon.colcon_core.shell:Creating package script '/ros2_ws/install/dri_interfaces/share/dri_interfaces/package.zsh'
[4.777s] Level 1:colcon.colcon_core.environment:create_file_with_runtime_dependencies(/ros2_ws/install/dri_interfaces/share/colcon-core/packages/dri_interfaces)
[4.790s] DEBUG:colcon.colcon_core.event_handler.log_command:Invoking command in '/ros2_ws/build/cerebellum_description': CMAKE_PREFIX_PATH=/ros2_ws/install/cerebellum_hardware:/ros2_ws/install/drivers:/ros2_ws/install/interfaces:/ros2_ws/install/common:/ros2_ws/install/bringup:/ros2_ws/install/dri_interfaces:/ros2_ws/install/cerebellum_description:/ros2_ws/install/system_services:/opt/ros/humble /usr/bin/cmake --build /ros2_ws/build/cerebellum_description -- -j4 -l4
[4.914s] DEBUG:colcon.colcon_core.event_handler.log_command:Invoked command in '/ros2_ws/build/cerebellum_description' returned '0': CMAKE_PREFIX_PATH=/ros2_ws/install/cerebellum_hardware:/ros2_ws/install/drivers:/ros2_ws/install/interfaces:/ros2_ws/install/common:/ros2_ws/install/bringup:/ros2_ws/install/dri_interfaces:/ros2_ws/install/cerebellum_description:/ros2_ws/install/system_services:/opt/ros/humble /usr/bin/cmake --build /ros2_ws/build/cerebellum_description -- -j4 -l4
[4.920s] DEBUG:colcon.colcon_core.event_handler.log_command:Invoking command in '/ros2_ws/build/cerebellum_description': CMAKE_PREFIX_PATH=/ros2_ws/install/cerebellum_hardware:/ros2_ws/install/drivers:/ros2_ws/install/interfaces:/ros2_ws/install/common:/ros2_ws/install/bringup:/ros2_ws/install/dri_interfaces:/ros2_ws/install/cerebellum_description:/ros2_ws/install/system_services:/opt/ros/humble /usr/bin/cmake --install /ros2_ws/build/cerebellum_description
[5.004s] Level 1:colcon.colcon_core.environment:create_environment_scripts_only(cerebellum_description)
[5.005s] DEBUG:colcon.colcon_core.event_handler.log_command:Invoked command in '/ros2_ws/build/cerebellum_description' returned '0': CMAKE_PREFIX_PATH=/ros2_ws/install/cerebellum_hardware:/ros2_ws/install/drivers:/ros2_ws/install/interfaces:/ros2_ws/install/common:/ros2_ws/install/bringup:/ros2_ws/install/dri_interfaces:/ros2_ws/install/cerebellum_description:/ros2_ws/install/system_services:/opt/ros/humble /usr/bin/cmake --install /ros2_ws/build/cerebellum_description
[5.007s] Level 1:colcon.colcon_core.environment:checking '/ros2_ws/install/cerebellum_description' for CMake module files
[5.010s] Level 1:colcon.colcon_core.environment:checking '/ros2_ws/install/cerebellum_description' for CMake config files
[5.012s] Level 1:colcon.colcon_core.shell:create_environment_hook('cerebellum_description', 'cmake_prefix_path')
[5.013s] INFO:colcon.colcon_core.shell:Creating environment hook '/ros2_ws/install/cerebellum_description/share/cerebellum_description/hook/cmake_prefix_path.ps1'
[5.017s] INFO:colcon.colcon_core.shell:Creating environment descriptor '/ros2_ws/install/cerebellum_description/share/cerebellum_description/hook/cmake_prefix_path.dsv'
[5.019s] INFO:colcon.colcon_core.shell:Creating environment hook '/ros2_ws/install/cerebellum_description/share/cerebellum_description/hook/cmake_prefix_path.sh'
[5.023s] Level 1:colcon.colcon_core.environment:checking '/ros2_ws/install/cerebellum_description/bin'
[5.024s] Level 1:colcon.colcon_core.environment:checking '/ros2_ws/install/cerebellum_description/lib/pkgconfig/cerebellum_description.pc'
[5.025s] Level 1:colcon.colcon_core.environment:checking '/ros2_ws/install/cerebellum_description/lib/python3.10/site-packages'
[5.027s] Level 1:colcon.colcon_core.environment:checking '/ros2_ws/install/cerebellum_description/bin'
[5.029s] INFO:colcon.colcon_core.shell:Creating package script '/ros2_ws/install/cerebellum_description/share/cerebellum_description/package.ps1'
[5.033s] INFO:colcon.colcon_core.shell:Creating package descriptor '/ros2_ws/install/cerebellum_description/share/cerebellum_description/package.dsv'
[5.035s] INFO:colcon.colcon_core.shell:Creating package script '/ros2_ws/install/cerebellum_description/share/cerebellum_description/package.sh'
[5.038s] INFO:colcon.colcon_core.shell:Creating package script '/ros2_ws/install/cerebellum_description/share/cerebellum_description/package.bash'
[5.040s] INFO:colcon.colcon_core.shell:Creating package script '/ros2_ws/install/cerebellum_description/share/cerebellum_description/package.zsh'
[5.042s] Level 1:colcon.colcon_core.environment:create_file_with_runtime_dependencies(/ros2_ws/install/cerebellum_description/share/colcon-core/packages/cerebellum_description)
[5.045s] Level 1:colcon.colcon_core.environment:create_environment_scripts_only(cerebellum_description)
[5.046s] Level 1:colcon.colcon_core.environment:checking '/ros2_ws/install/cerebellum_description' for CMake module files
[5.048s] Level 1:colcon.colcon_core.environment:checking '/ros2_ws/install/cerebellum_description' for CMake config files
[5.050s] Level 1:colcon.colcon_core.shell:create_environment_hook('cerebellum_description', 'cmake_prefix_path')
[5.052s] INFO:colcon.colcon_core.shell:Creating environment hook '/ros2_ws/install/cerebellum_description/share/cerebellum_description/hook/cmake_prefix_path.ps1'
[5.054s] INFO:colcon.colcon_core.shell:Creating environment descriptor '/ros2_ws/install/cerebellum_description/share/cerebellum_description/hook/cmake_prefix_path.dsv'
[5.055s] INFO:colcon.colcon_core.shell:Creating environment hook '/ros2_ws/install/cerebellum_description/share/cerebellum_description/hook/cmake_prefix_path.sh'
[5.058s] Level 1:colcon.colcon_core.environment:checking '/ros2_ws/install/cerebellum_description/bin'
[5.058s] Level 1:colcon.colcon_core.environment:checking '/ros2_ws/install/cerebellum_description/lib/pkgconfig/cerebellum_description.pc'
[5.059s] Level 1:colcon.colcon_core.environment:checking '/ros2_ws/install/cerebellum_description/lib/python3.10/site-packages'
[5.061s] Level 1:colcon.colcon_core.environment:checking '/ros2_ws/install/cerebellum_description/bin'
[5.062s] INFO:colcon.colcon_core.shell:Creating package script '/ros2_ws/install/cerebellum_description/share/cerebellum_description/package.ps1'
[5.066s] INFO:colcon.colcon_core.shell:Creating package descriptor '/ros2_ws/install/cerebellum_description/share/cerebellum_description/package.dsv'
[5.068s] INFO:colcon.colcon_core.shell:Creating package script '/ros2_ws/install/cerebellum_description/share/cerebellum_description/package.sh'
[5.070s] INFO:colcon.colcon_core.shell:Creating package script '/ros2_ws/install/cerebellum_description/share/cerebellum_description/package.bash'
[5.072s] INFO:colcon.colcon_core.shell:Creating package script '/ros2_ws/install/cerebellum_description/share/cerebellum_description/package.zsh'
[5.074s] Level 1:colcon.colcon_core.environment:create_file_with_runtime_dependencies(/ros2_ws/install/cerebellum_description/share/colcon-core/packages/cerebellum_description)
[5.076s] INFO:colcon.colcon_ros.task.ament_cmake.build:Building ROS package in '/ros2_ws/src/bringup' with build type 'ament_cmake'
[5.076s] INFO:colcon.colcon_cmake.task.cmake.build:Building CMake package in '/ros2_ws/src/bringup'
[5.078s] INFO:colcon.colcon_core.shell:Skip shell extension 'powershell' for command environment: Not usable outside of PowerShell
[5.078s] DEBUG:colcon.colcon_core.shell:Skip shell extension 'dsv' for command environment
[5.099s] DEBUG:colcon.colcon_core.task.python.build:Available setuptools commands: bdist_dumb, compile_catalog, develop, saveopts, build_ext, install_headers, bdist, easy_install, setopt, alias, upload, init_catalog, clean, check, build, upload_docs, build_clib, install_egg_info, symlink_data, bdist_wheel, update_catalog, sdist, build_scripts, test, rotate, build_py, install_scripts, dist_info, install_data, bdist_rpm, egg_info, install_lib, register, install, bdist_egg, extract_messages
[5.138s] DEBUG:colcon.colcon_core.event_handler.log_command:Invoking command in '/ros2_ws/build/bringup': CMAKE_PREFIX_PATH=/ros2_ws/install/cerebellum_description:/ros2_ws/install/dri_interfaces:/ros2_ws/install/cerebellum_hardware:/ros2_ws/install/drivers:/ros2_ws/install/interfaces:/ros2_ws/install/common:/ros2_ws/install/bringup:/ros2_ws/install/system_services:/opt/ros/humble /usr/bin/cmake --build /ros2_ws/build/bringup -- -j4 -l4
[5.255s] DEBUG:colcon.colcon_core.event_handler.log_command:Invoked command in '/ros2_ws/build/bringup' returned '0': CMAKE_PREFIX_PATH=/ros2_ws/install/cerebellum_description:/ros2_ws/install/dri_interfaces:/ros2_ws/install/cerebellum_hardware:/ros2_ws/install/drivers:/ros2_ws/install/interfaces:/ros2_ws/install/common:/ros2_ws/install/bringup:/ros2_ws/install/system_services:/opt/ros/humble /usr/bin/cmake --build /ros2_ws/build/bringup -- -j4 -l4
[5.261s] DEBUG:colcon.colcon_core.event_handler.log_command:Invoking command in '/ros2_ws/build/bringup': CMAKE_PREFIX_PATH=/ros2_ws/install/cerebellum_description:/ros2_ws/install/dri_interfaces:/ros2_ws/install/cerebellum_hardware:/ros2_ws/install/drivers:/ros2_ws/install/interfaces:/ros2_ws/install/common:/ros2_ws/install/bringup:/ros2_ws/install/system_services:/opt/ros/humble /usr/bin/cmake --install /ros2_ws/build/bringup
[5.339s] Level 1:colcon.colcon_core.environment:create_environment_scripts_only(bringup)
[5.341s] Level 1:colcon.colcon_core.environment:checking '/ros2_ws/install/bringup' for CMake module files
[5.343s] Level 1:colcon.colcon_core.environment:checking '/ros2_ws/install/bringup' for CMake config files
[5.345s] Level 1:colcon.colcon_core.shell:create_environment_hook('bringup', 'cmake_prefix_path')
[5.346s] INFO:colcon.colcon_core.shell:Creating environment hook '/ros2_ws/install/bringup/share/bringup/hook/cmake_prefix_path.ps1'
[5.348s] DEBUG:colcon.colcon_core.event_handler.log_command:Invoked command in '/ros2_ws/build/bringup' returned '0': CMAKE_PREFIX_PATH=/ros2_ws/install/cerebellum_description:/ros2_ws/install/dri_interfaces:/ros2_ws/install/cerebellum_hardware:/ros2_ws/install/drivers:/ros2_ws/install/interfaces:/ros2_ws/install/common:/ros2_ws/install/bringup:/ros2_ws/install/system_services:/opt/ros/humble /usr/bin/cmake --install /ros2_ws/build/bringup
[5.350s] INFO:colcon.colcon_core.shell:Creating environment descriptor '/ros2_ws/install/bringup/share/bringup/hook/cmake_prefix_path.dsv'
[5.352s] INFO:colcon.colcon_core.shell:Creating environment hook '/ros2_ws/install/bringup/share/bringup/hook/cmake_prefix_path.sh'
[5.356s] Level 1:colcon.colcon_core.environment:checking '/ros2_ws/install/bringup/bin'
[5.357s] Level 1:colcon.colcon_core.environment:checking '/ros2_ws/install/bringup/lib/pkgconfig/bringup.pc'
[5.358s] Level 1:colcon.colcon_core.environment:checking '/ros2_ws/install/bringup/lib/python3.10/site-packages'
[5.360s] Level 1:colcon.colcon_core.environment:checking '/ros2_ws/install/bringup/bin'
[5.361s] INFO:colcon.colcon_core.shell:Creating package script '/ros2_ws/install/bringup/share/bringup/package.ps1'
[5.365s] INFO:colcon.colcon_core.shell:Creating package descriptor '/ros2_ws/install/bringup/share/bringup/package.dsv'
[5.367s] INFO:colcon.colcon_core.shell:Creating package script '/ros2_ws/install/bringup/share/bringup/package.sh'
[5.368s] INFO:colcon.colcon_core.shell:Creating package script '/ros2_ws/install/bringup/share/bringup/package.bash'
[5.370s] INFO:colcon.colcon_core.shell:Creating package script '/ros2_ws/install/bringup/share/bringup/package.zsh'
[5.372s] Level 1:colcon.colcon_core.environment:create_file_with_runtime_dependencies(/ros2_ws/install/bringup/share/colcon-core/packages/bringup)
[5.374s] Level 1:colcon.colcon_core.environment:create_environment_scripts_only(bringup)
[5.375s] Level 1:colcon.colcon_core.environment:checking '/ros2_ws/install/bringup' for CMake module files
[5.378s] Level 1:colcon.colcon_core.environment:checking '/ros2_ws/install/bringup' for CMake config files
[5.379s] Level 1:colcon.colcon_core.shell:create_environment_hook('bringup', 'cmake_prefix_path')
[5.380s] INFO:colcon.colcon_core.shell:Creating environment hook '/ros2_ws/install/bringup/share/bringup/hook/cmake_prefix_path.ps1'
[5.382s] INFO:colcon.colcon_core.shell:Creating environment descriptor '/ros2_ws/install/bringup/share/bringup/hook/cmake_prefix_path.dsv'
[5.385s] INFO:colcon.colcon_core.shell:Creating environment hook '/ros2_ws/install/bringup/share/bringup/hook/cmake_prefix_path.sh'
[5.387s] Level 1:colcon.colcon_core.environment:checking '/ros2_ws/install/bringup/bin'
[5.387s] Level 1:colcon.colcon_core.environment:checking '/ros2_ws/install/bringup/lib/pkgconfig/bringup.pc'
[5.388s] Level 1:colcon.colcon_core.environment:checking '/ros2_ws/install/bringup/lib/python3.10/site-packages'
[5.390s] Level 1:colcon.colcon_core.environment:checking '/ros2_ws/install/bringup/bin'
[5.392s] INFO:colcon.colcon_core.shell:Creating package script '/ros2_ws/install/bringup/share/bringup/package.ps1'
[5.395s] INFO:colcon.colcon_core.shell:Creating package descriptor '/ros2_ws/install/bringup/share/bringup/package.dsv'
[5.397s] INFO:colcon.colcon_core.shell:Creating package script '/ros2_ws/install/bringup/share/bringup/package.sh'
[5.399s] INFO:colcon.colcon_core.shell:Creating package script '/ros2_ws/install/bringup/share/bringup/package.bash'
[5.401s] INFO:colcon.colcon_core.shell:Creating package script '/ros2_ws/install/bringup/share/bringup/package.zsh'
[5.402s] Level 1:colcon.colcon_core.environment:create_file_with_runtime_dependencies(/ros2_ws/install/bringup/share/colcon-core/packages/bringup)
[6.362s] DEBUG:colcon.colcon_core.task.python.build:Available setuptools 'develop' options: --multi-version, --force-installation-into-system-dir, --version, --user, --verbose, --exclude-scripts, --record, --upgrade, --quiet, --uninstall, --prefix, --site-dirs, --build-directory, --no-deps, --index-url, --script-dir, --always-copy, --editable, --always-unzip, --local-snapshots-ok, --egg-path, --help, --optimize, --dry-run, --allow-hosts, --zip-ok, --find-links, --install-dir, --install-layout, --no-user-cfg, --no-find-links
[6.371s] DEBUG:colcon.colcon_core.event_handler.log_command:Invoking command in '/ros2_ws/build/system_services': PYTHONPATH=/ros2_ws/build/system_services/prefix_override:/usr/lib/python3/dist-packages/colcon_core/task/python/colcon_distutils_commands:/ros2_ws/install/system_services/lib/python3.10/site-packages:${PYTHONPATH} /usr/bin/python3 -W ignore:setup.py install is deprecated -W ignore:easy_install command is deprecated setup.py develop --editable --build-directory /ros2_ws/build/system_services/build --no-deps symlink_data
[8.327s] Level 1:colcon.colcon_core.shell:create_environment_hook('system_services', 'pythonpath_develop')
[8.331s] INFO:colcon.colcon_core.shell:Creating environment hook '/ros2_ws/build/system_services/share/system_services/hook/pythonpath_develop.ps1'
[8.332s] DEBUG:colcon.colcon_core.event_handler.log_command:Invoked command in '/ros2_ws/build/system_services' returned '0': PYTHONPATH=/ros2_ws/build/system_services/prefix_override:/usr/lib/python3/dist-packages/colcon_core/task/python/colcon_distutils_commands:/ros2_ws/install/system_services/lib/python3.10/site-packages:${PYTHONPATH} /usr/bin/python3 -W ignore:setup.py install is deprecated -W ignore:easy_install command is deprecated setup.py develop --editable --build-directory /ros2_ws/build/system_services/build --no-deps symlink_data
[8.334s] INFO:colcon.colcon_core.shell:Creating environment descriptor '/ros2_ws/build/system_services/share/system_services/hook/pythonpath_develop.dsv'
[8.336s] INFO:colcon.colcon_core.shell:Creating environment hook '/ros2_ws/build/system_services/share/system_services/hook/pythonpath_develop.sh'
[8.338s] Level 1:colcon.colcon_core.environment:checking '/ros2_ws/install/system_services' for CMake module files
[8.340s] Level 1:colcon.colcon_core.environment:checking '/ros2_ws/install/system_services' for CMake config files
[8.342s] Level 1:colcon.colcon_core.environment:checking '/ros2_ws/install/system_services/lib'
[8.343s] Level 1:colcon.colcon_core.environment:checking '/ros2_ws/install/system_services/bin'
[8.343s] Level 1:colcon.colcon_core.environment:checking '/ros2_ws/install/system_services/lib/pkgconfig/system_services.pc'
[8.344s] Level 1:colcon.colcon_core.environment:checking '/ros2_ws/install/system_services/lib/python3.10/site-packages'
[8.345s] Level 1:colcon.colcon_core.shell:create_environment_hook('system_services', 'pythonpath')
[8.346s] INFO:colcon.colcon_core.shell:Creating environment hook '/ros2_ws/install/system_services/share/system_services/hook/pythonpath.ps1'
[8.347s] INFO:colcon.colcon_core.shell:Creating environment descriptor '/ros2_ws/install/system_services/share/system_services/hook/pythonpath.dsv'
[8.349s] INFO:colcon.colcon_core.shell:Creating environment hook '/ros2_ws/install/system_services/share/system_services/hook/pythonpath.sh'
[8.352s] Level 1:colcon.colcon_core.environment:checking '/ros2_ws/install/system_services/bin'
[8.353s] Level 1:colcon.colcon_core.environment:create_environment_scripts_only(system_services)
[8.354s] INFO:colcon.colcon_core.shell:Creating package script '/ros2_ws/install/system_services/share/system_services/package.ps1'
[8.357s] INFO:colcon.colcon_core.shell:Creating package descriptor '/ros2_ws/install/system_services/share/system_services/package.dsv'
[8.359s] INFO:colcon.colcon_core.shell:Creating package script '/ros2_ws/install/system_services/share/system_services/package.sh'
[8.361s] INFO:colcon.colcon_core.shell:Creating package script '/ros2_ws/install/system_services/share/system_services/package.bash'
[8.363s] INFO:colcon.colcon_core.shell:Creating package script '/ros2_ws/install/system_services/share/system_services/package.zsh'
[8.364s] Level 1:colcon.colcon_core.environment:create_file_with_runtime_dependencies(/ros2_ws/install/system_services/share/colcon-core/packages/system_services)
[8.365s] DEBUG:colcon.colcon_parallel_executor.executor.parallel:closing loop
[8.366s] DEBUG:colcon.colcon_parallel_executor.executor.parallel:loop closed
[8.366s] DEBUG:colcon.colcon_parallel_executor.executor.parallel:run_until_complete finished with '0'
[8.367s] DEBUG:colcon.colcon_core.event_reactor:joining thread
[8.388s] INFO:colcon.colcon_core.plugin_system:Skipping extension 'colcon_notification.desktop_notification.notify_send': Could not find 'notify-send'
[8.389s] INFO:colcon.colcon_core.plugin_system:Skipping extension 'colcon_notification.desktop_notification.terminal_notifier': Not used on non-Darwin systems
[8.389s] INFO:colcon.colcon_core.plugin_system:Skipping extension 'colcon_notification.desktop_notification.win32': Not used on non-Windows systems
[8.390s] INFO:colcon.colcon_notification.desktop_notification:Sending desktop notification using 'notify2'
[8.390s] DEBUG:colcon.colcon_notification.desktop_notification.notify2:Failed to initialize notify2: org.freedesktop.DBus.Error.NotSupported: Unable to autolaunch a dbus-daemon without a $DISPLAY for X11
[8.390s] DEBUG:colcon.colcon_core.event_reactor:joined thread
[8.391s] INFO:colcon.colcon_core.shell:Creating prefix script '/ros2_ws/install/local_setup.ps1'
[8.397s] INFO:colcon.colcon_core.shell:Creating prefix util module '/ros2_ws/install/_local_setup_util_ps1.py'
[8.404s] INFO:colcon.colcon_core.shell:Creating prefix chain script '/ros2_ws/install/setup.ps1'
[8.410s] INFO:colcon.colcon_core.shell:Creating prefix script '/ros2_ws/install/local_setup.sh'
[8.412s] INFO:colcon.colcon_core.shell:Creating prefix util module '/ros2_ws/install/_local_setup_util_sh.py'
[8.415s] INFO:colcon.colcon_core.shell:Creating prefix chain script '/ros2_ws/install/setup.sh'
[8.421s] INFO:colcon.colcon_core.shell:Creating prefix script '/ros2_ws/install/local_setup.bash'
[8.423s] INFO:colcon.colcon_core.shell:Creating prefix chain script '/ros2_ws/install/setup.bash'
[8.429s] INFO:colcon.colcon_core.shell:Creating prefix script '/ros2_ws/install/local_setup.zsh'
[8.431s] INFO:colcon.colcon_core.shell:Creating prefix chain script '/ros2_ws/install/setup.zsh'
