[0.051s] Invoking command in '/ros2_ws/build/bringup': AMENT_PREFIX_PATH=/ros2_ws/install/dri_interfaces:/ros2_ws/install/interfaces:${AMENT_PREFIX_PATH} CMAKE_PREFIX_PATH=/ros2_ws/install/dri_interfaces:/ros2_ws/install/interfaces:/opt/ros/humble LD_LIBRARY_PATH=/ros2_ws/install/interfaces/lib:${LD_LIBRARY_PATH} PYTHONPATH=/ros2_ws/install/interfaces/local/lib/python3.10/dist-packages:${PYTHONPATH} /usr/bin/cmake --build /ros2_ws/build/bringup -- -j4 -l4
[0.175s] Invoked command in '/ros2_ws/build/bringup' returned '0': AMENT_PREFIX_PATH=/ros2_ws/install/dri_interfaces:/ros2_ws/install/interfaces:${AMENT_PREFIX_PATH} CMAKE_PREFIX_PATH=/ros2_ws/install/dri_interfaces:/ros2_ws/install/interfaces:/opt/ros/humble LD_LIBRARY_PATH=/ros2_ws/install/interfaces/lib:${LD_LIBRARY_PATH} PYTHONPATH=/ros2_ws/install/interfaces/local/lib/python3.10/dist-packages:${PYTHONPATH} /usr/bin/cmake --build /ros2_ws/build/bringup -- -j4 -l4
[0.182s] Invoking command in '/ros2_ws/build/bringup': AMENT_PREFIX_PATH=/ros2_ws/install/dri_interfaces:/ros2_ws/install/interfaces:${AMENT_PREFIX_PATH} CMAKE_PREFIX_PATH=/ros2_ws/install/dri_interfaces:/ros2_ws/install/interfaces:/opt/ros/humble LD_LIBRARY_PATH=/ros2_ws/install/interfaces/lib:${LD_LIBRARY_PATH} PYTHONPATH=/ros2_ws/install/interfaces/local/lib/python3.10/dist-packages:${PYTHONPATH} /usr/bin/cmake --install /ros2_ws/build/bringup
[0.208s] -- Install configuration: ""
[0.210s] -- Execute custom install script
[0.212s] -- Up-to-date symlink: /ros2_ws/install/bringup/share/bringup/launch/cerebellum_bringup.launch.py
[0.213s] -- Up-to-date symlink: /ros2_ws/install/bringup/share/ament_index/resource_index/package_run_dependencies/bringup
[0.215s] -- Up-to-date symlink: /ros2_ws/install/bringup/share/ament_index/resource_index/parent_prefix_path/bringup
[0.216s] -- Up-to-date symlink: /ros2_ws/install/bringup/share/bringup/environment/ament_prefix_path.sh
[0.217s] -- Up-to-date symlink: /ros2_ws/install/bringup/share/bringup/environment/ament_prefix_path.dsv
[0.218s] -- Up-to-date symlink: /ros2_ws/install/bringup/share/bringup/environment/path.sh
[0.219s] -- Up-to-date symlink: /ros2_ws/install/bringup/share/bringup/environment/path.dsv
[0.222s] -- Up-to-date symlink: /ros2_ws/install/bringup/share/bringup/local_setup.bash
[0.223s] -- Up-to-date symlink: /ros2_ws/install/bringup/share/bringup/local_setup.sh
[0.223s] -- Up-to-date symlink: /ros2_ws/install/bringup/share/bringup/local_setup.zsh
[0.224s] -- Up-to-date symlink: /ros2_ws/install/bringup/share/bringup/local_setup.dsv
[0.224s] -- Symlinking: /ros2_ws/install/bringup/share/bringup/package.dsv
[0.246s] -- Up-to-date symlink: /ros2_ws/install/bringup/share/ament_index/resource_index/packages/bringup
[0.247s] -- Up-to-date symlink: /ros2_ws/install/bringup/share/bringup/cmake/bringupConfig.cmake
[0.247s] -- Up-to-date symlink: /ros2_ws/install/bringup/share/bringup/cmake/bringupConfig-version.cmake
[0.248s] -- Up-to-date symlink: /ros2_ws/install/bringup/share/bringup/package.xml
[0.256s] Invoked command in '/ros2_ws/build/bringup' returned '0': AMENT_PREFIX_PATH=/ros2_ws/install/dri_interfaces:/ros2_ws/install/interfaces:${AMENT_PREFIX_PATH} CMAKE_PREFIX_PATH=/ros2_ws/install/dri_interfaces:/ros2_ws/install/interfaces:/opt/ros/humble LD_LIBRARY_PATH=/ros2_ws/install/interfaces/lib:${LD_LIBRARY_PATH} PYTHONPATH=/ros2_ws/install/interfaces/local/lib/python3.10/dist-packages:${PYTHONPATH} /usr/bin/cmake --install /ros2_ws/build/bringup
