[0.077s] Invoking command in '/ros2_ws/build/common': CMAKE_PREFIX_PATH=${CMAKE_PREFIX_PATH}:/ros2_ws/install/system_services:/opt/ros/humble /usr/bin/cmake --build /ros2_ws/build/common -- -j4 -l4
[0.490s] [ 60%] Built target common_config
[0.585s] [100%] Built target test_common
[2.016s] Invoked command in '/ros2_ws/build/common' returned '0': CMAKE_PREFIX_PATH=${CMAKE_PREFIX_PATH}:/ros2_ws/install/system_services:/opt/ros/humble /usr/bin/cmake --build /ros2_ws/build/common -- -j4 -l4
[2.021s] Invoking command in '/ros2_ws/build/common': CMAKE_PREFIX_PATH=${CMAKE_PREFIX_PATH}:/ros2_ws/install/system_services:/opt/ros/humble /usr/bin/cmake --install /ros2_ws/build/common
[2.045s] -- Install configuration: ""
[2.047s] -- Execute custom install script
[2.048s] -- Up-to-date symlink: /ros2_ws/install/common/lib/common/test_common
[2.050s] -- Up-to-date symlink: /ros2_ws/install/common/include/common/common/config_loader/config_loader.hpp
[2.052s] -- Up-to-date symlink: /ros2_ws/install/common/include/common/common/logger/logger.hpp
[2.052s] -- Up-to-date symlink: /ros2_ws/install/common/share/common/config/config.yaml
[2.054s] -- Up-to-date symlink: /ros2_ws/install/common/share/common/environment/library_path.sh
[2.055s] -- Up-to-date symlink: /ros2_ws/install/common/share/common/environment/library_path.dsv
[2.057s] -- Up-to-date symlink: /ros2_ws/install/common/share/ament_index/resource_index/package_run_dependencies/common
[2.059s] -- Up-to-date symlink: /ros2_ws/install/common/share/ament_index/resource_index/parent_prefix_path/common
[2.060s] -- Up-to-date symlink: /ros2_ws/install/common/share/common/environment/ament_prefix_path.sh
[2.064s] -- Up-to-date symlink: /ros2_ws/install/common/share/common/environment/ament_prefix_path.dsv
[2.067s] -- Up-to-date symlink: /ros2_ws/install/common/share/common/environment/path.sh
[2.068s] -- Up-to-date symlink: /ros2_ws/install/common/share/common/environment/path.dsv
[2.069s] -- Up-to-date symlink: /ros2_ws/install/common/share/common/local_setup.bash
[2.070s] -- Up-to-date symlink: /ros2_ws/install/common/share/common/local_setup.sh
[2.070s] -- Up-to-date symlink: /ros2_ws/install/common/share/common/local_setup.zsh
[2.071s] -- Up-to-date symlink: /ros2_ws/install/common/share/common/local_setup.dsv
[2.072s] -- Symlinking: /ros2_ws/install/common/share/common/package.dsv
[2.121s] -- Up-to-date symlink: /ros2_ws/install/common/share/ament_index/resource_index/packages/common
[2.122s] -- Up-to-date symlink: /ros2_ws/install/common/share/common/cmake/ament_cmake_export_include_directories-extras.cmake
[2.123s] -- Up-to-date symlink: /ros2_ws/install/common/share/common/cmake/ament_cmake_export_libraries-extras.cmake
[2.124s] -- Up-to-date symlink: /ros2_ws/install/common/share/common/cmake/commonConfig.cmake
[2.124s] -- Up-to-date symlink: /ros2_ws/install/common/share/common/cmake/commonConfig-version.cmake
[2.125s] -- Up-to-date symlink: /ros2_ws/install/common/share/common/package.xml
[2.127s] -- Up-to-date: /ros2_ws/install/common/lib/libcommon_config.a
[2.143s] Invoked command in '/ros2_ws/build/common' returned '0': CMAKE_PREFIX_PATH=${CMAKE_PREFIX_PATH}:/ros2_ws/install/system_services:/opt/ros/humble /usr/bin/cmake --install /ros2_ws/build/common
