[0.072s] Invoking command in '/ros2_ws/build/bringup': CMAKE_PREFIX_PATH=/ros2_ws/install/description:/ros2_ws/install/brain_hardware:/ros2_ws/install/interfaces:/ros2_ws/install/oradar_lidar:/ros2_ws/install/bringup:/ros2_ws/install/brain_controller:/ros2_ws/install/collision_avoidance:/opt/ros/humble LD_LIBRARY_PATH=/ros2_ws/install/brain_hardware/lib:/ros2_ws/install/interfaces/lib:/ros2_ws/install/brain_controller/lib:/ros2_ws/install/collision_avoidance/lib:/opt/ros/humble/opt/rviz_ogre_vendor/lib:/opt/ros/humble/lib/aarch64-linux-gnu:/opt/ros/humble/lib /usr/bin/cmake --build /ros2_ws/build/bringup -- -j4 -l4
[0.217s] Invoked command in '/ros2_ws/build/bringup' returned '0': CMAKE_PREFIX_PATH=/ros2_ws/install/description:/ros2_ws/install/brain_hardware:/ros2_ws/install/interfaces:/ros2_ws/install/oradar_lidar:/ros2_ws/install/bringup:/ros2_ws/install/brain_controller:/ros2_ws/install/collision_avoidance:/opt/ros/humble LD_LIBRARY_PATH=/ros2_ws/install/brain_hardware/lib:/ros2_ws/install/interfaces/lib:/ros2_ws/install/brain_controller/lib:/ros2_ws/install/collision_avoidance/lib:/opt/ros/humble/opt/rviz_ogre_vendor/lib:/opt/ros/humble/lib/aarch64-linux-gnu:/opt/ros/humble/lib /usr/bin/cmake --build /ros2_ws/build/bringup -- -j4 -l4
[0.225s] Invoking command in '/ros2_ws/build/bringup': CMAKE_PREFIX_PATH=/ros2_ws/install/description:/ros2_ws/install/brain_hardware:/ros2_ws/install/interfaces:/ros2_ws/install/oradar_lidar:/ros2_ws/install/bringup:/ros2_ws/install/brain_controller:/ros2_ws/install/collision_avoidance:/opt/ros/humble LD_LIBRARY_PATH=/ros2_ws/install/brain_hardware/lib:/ros2_ws/install/interfaces/lib:/ros2_ws/install/brain_controller/lib:/ros2_ws/install/collision_avoidance/lib:/opt/ros/humble/opt/rviz_ogre_vendor/lib:/opt/ros/humble/lib/aarch64-linux-gnu:/opt/ros/humble/lib /usr/bin/cmake --install /ros2_ws/build/bringup
[0.250s] -- Install configuration: ""
[0.251s] -- Execute custom install script
[0.259s] -- Up-to-date symlink: /ros2_ws/install/bringup/share/bringup/launch/aurora_include.launch.py
[0.261s] -- Up-to-date symlink: /ros2_ws/install/bringup/share/bringup/launch/brain_full_debug_rosbridge.launch.py
[0.262s] -- Up-to-date symlink: /ros2_ws/install/bringup/share/bringup/launch/brain_localization.launch.py
[0.265s] -- Up-to-date symlink: /ros2_ws/install/bringup/share/bringup/launch/brain_localization_collision_avoidance.launch.py
[0.267s] -- Up-to-date symlink: /ros2_ws/install/bringup/share/bringup/launch/brain_localization_pointcloud.launch.py
[0.268s] -- Up-to-date symlink: /ros2_ws/install/bringup/share/bringup/launch/brain_mapping.launch.py
[0.269s] -- Up-to-date symlink: /ros2_ws/install/bringup/share/bringup/launch/brain_slam_nav.launch.py
[0.269s] -- Up-to-date symlink: /ros2_ws/install/bringup/share/bringup/launch/brain_slam_nav_pointcloud.launch.py
[0.270s] -- Up-to-date symlink: /ros2_ws/install/bringup/share/bringup/launch/image_compressor.launch.py
[0.274s] -- Up-to-date symlink: /ros2_ws/install/bringup/share/bringup/launch/rosbridge.launch.py
[0.275s] -- Up-to-date symlink: /ros2_ws/install/bringup/share/bringup/launch/teleop_collision_avoidance.launch.py
[0.276s] -- Up-to-date symlink: /ros2_ws/install/bringup/share/bringup/launch/teleop_collision_monitor.launch.py
[0.276s] -- Up-to-date symlink: /ros2_ws/install/bringup/lib/bringup/ros_to_rtmp.py
[0.277s] -- Up-to-date symlink: /ros2_ws/install/bringup/share/ament_index/resource_index/package_run_dependencies/bringup
[0.277s] -- Up-to-date symlink: /ros2_ws/install/bringup/share/ament_index/resource_index/parent_prefix_path/bringup
[0.278s] -- Up-to-date symlink: /ros2_ws/install/bringup/share/bringup/environment/ament_prefix_path.sh
[0.278s] -- Up-to-date symlink: /ros2_ws/install/bringup/share/bringup/environment/ament_prefix_path.dsv
[0.279s] -- Up-to-date symlink: /ros2_ws/install/bringup/share/bringup/environment/path.sh
[0.295s] -- Up-to-date symlink: /ros2_ws/install/bringup/share/bringup/environment/path.dsv
[0.295s] -- Up-to-date symlink: /ros2_ws/install/bringup/share/bringup/local_setup.bash
[0.296s] -- Up-to-date symlink: /ros2_ws/install/bringup/share/bringup/local_setup.sh
[0.297s] -- Up-to-date symlink: /ros2_ws/install/bringup/share/bringup/local_setup.zsh
[0.297s] -- Up-to-date symlink: /ros2_ws/install/bringup/share/bringup/local_setup.dsv
[0.297s] -- Symlinking: /ros2_ws/install/bringup/share/bringup/package.dsv
[0.313s] -- Up-to-date symlink: /ros2_ws/install/bringup/share/ament_index/resource_index/packages/bringup
[0.315s] -- Up-to-date symlink: /ros2_ws/install/bringup/share/bringup/cmake/bringupConfig.cmake
[0.316s] -- Up-to-date symlink: /ros2_ws/install/bringup/share/bringup/cmake/bringupConfig-version.cmake
[0.317s] -- Up-to-date symlink: /ros2_ws/install/bringup/share/bringup/package.xml
[0.324s] Invoked command in '/ros2_ws/build/bringup' returned '0': CMAKE_PREFIX_PATH=/ros2_ws/install/description:/ros2_ws/install/brain_hardware:/ros2_ws/install/interfaces:/ros2_ws/install/oradar_lidar:/ros2_ws/install/bringup:/ros2_ws/install/brain_controller:/ros2_ws/install/collision_avoidance:/opt/ros/humble LD_LIBRARY_PATH=/ros2_ws/install/brain_hardware/lib:/ros2_ws/install/interfaces/lib:/ros2_ws/install/brain_controller/lib:/ros2_ws/install/collision_avoidance/lib:/opt/ros/humble/opt/rviz_ogre_vendor/lib:/opt/ros/humble/lib/aarch64-linux-gnu:/opt/ros/humble/lib /usr/bin/cmake --install /ros2_ws/build/bringup
