[0.041s] Invoking command in '/ros2_ws/build/drivers': CMAKE_PREFIX_PATH=/ros2_ws/install/common:/ros2_ws/install/drivers:/opt/ros/humble /usr/bin/cmake --build /ros2_ws/build/drivers -- -j4 -l4
[0.150s] [35m[1mConsolidate compiler generated dependencies of target drivers_core[0m
[0.194s] [ 20%] [32mBuilding CXX object CMakeFiles/drivers_core.dir/src/drivers/controller_board/controller_board.cpp.o[0m
[5.235s] [ 40%] [32m[1mLinking CXX static library libdrivers_core.a[0m
[5.354s] [ 60%] Built target drivers_core
[5.416s] [ 80%] [32m[1mLinking CXX executable test_controller[0m
[5.781s] [100%] Built target test_controller
[5.813s] Invoked command in '/ros2_ws/build/drivers' returned '0': CMAKE_PREFIX_PATH=/ros2_ws/install/common:/ros2_ws/install/drivers:/opt/ros/humble /usr/bin/cmake --build /ros2_ws/build/drivers -- -j4 -l4
[5.818s] Invoking command in '/ros2_ws/build/drivers': CMAKE_PREFIX_PATH=/ros2_ws/install/common:/ros2_ws/install/drivers:/opt/ros/humble /usr/bin/cmake --install /ros2_ws/build/drivers
[5.839s] -- Install configuration: ""
[5.840s] -- Execute custom install script
[5.841s] -- Up-to-date symlink: /ros2_ws/install/drivers/lib/drivers/test_controller
[5.842s] -- Up-to-date symlink: /ros2_ws/install/drivers/include/drivers/drivers/controller_board/controller_board.h
[5.843s] -- Up-to-date symlink: /ros2_ws/install/drivers/include/drivers/drivers/controller_board/controller_comm.h
[5.843s] -- Up-to-date symlink: /ros2_ws/install/drivers/include/drivers/drivers/controller_board/protocol.h
[5.844s] -- Up-to-date symlink: /ros2_ws/install/drivers/share/drivers/environment/library_path.sh
[5.845s] -- Up-to-date symlink: /ros2_ws/install/drivers/share/drivers/environment/library_path.dsv
[5.845s] -- Up-to-date symlink: /ros2_ws/install/drivers/share/ament_index/resource_index/package_run_dependencies/drivers
[5.846s] -- Up-to-date symlink: /ros2_ws/install/drivers/share/ament_index/resource_index/parent_prefix_path/drivers
[5.847s] -- Up-to-date symlink: /ros2_ws/install/drivers/share/drivers/environment/ament_prefix_path.sh
[5.847s] -- Up-to-date symlink: /ros2_ws/install/drivers/share/drivers/environment/ament_prefix_path.dsv
[5.848s] -- Up-to-date symlink: /ros2_ws/install/drivers/share/drivers/environment/path.sh
[5.848s] -- Up-to-date symlink: /ros2_ws/install/drivers/share/drivers/environment/path.dsv
[5.849s] -- Up-to-date symlink: /ros2_ws/install/drivers/share/drivers/local_setup.bash
[5.849s] -- Up-to-date symlink: /ros2_ws/install/drivers/share/drivers/local_setup.sh
[5.850s] -- Up-to-date symlink: /ros2_ws/install/drivers/share/drivers/local_setup.zsh
[5.850s] -- Up-to-date symlink: /ros2_ws/install/drivers/share/drivers/local_setup.dsv
[5.851s] -- Symlinking: /ros2_ws/install/drivers/share/drivers/package.dsv
[5.878s] -- Up-to-date symlink: /ros2_ws/install/drivers/share/ament_index/resource_index/packages/drivers
[5.878s] -- Up-to-date symlink: /ros2_ws/install/drivers/share/drivers/cmake/ament_cmake_export_include_directories-extras.cmake
[5.879s] -- Up-to-date symlink: /ros2_ws/install/drivers/share/drivers/cmake/ament_cmake_export_libraries-extras.cmake
[5.879s] -- Up-to-date symlink: /ros2_ws/install/drivers/share/drivers/cmake/driversConfig.cmake
[5.880s] -- Up-to-date symlink: /ros2_ws/install/drivers/share/drivers/cmake/driversConfig-version.cmake
[5.880s] -- Up-to-date symlink: /ros2_ws/install/drivers/share/drivers/package.xml
[5.881s] -- Installing: /ros2_ws/install/drivers/lib/libdrivers_core.a
[5.891s] Invoked command in '/ros2_ws/build/drivers' returned '0': CMAKE_PREFIX_PATH=/ros2_ws/install/common:/ros2_ws/install/drivers:/opt/ros/humble /usr/bin/cmake --install /ros2_ws/build/drivers
