[0.037s] Invoking command in '/ros2_ws/build/common': CMAKE_PREFIX_PATH=${CMAKE_PREFIX_PATH}:/opt/ros/humble /usr/bin/cmake --build /ros2_ws/build/common -- -j4 -l4
[0.154s] [35m[1mConsolidate compiler generated dependencies of target common_config[0m
[0.195s] [ 50%] Built target common_config
[0.227s] [35m[1mConsolidate compiler generated dependencies of target test_common[0m
[0.267s] [ 75%] [32mBuilding CXX object CMakeFiles/test_common.dir/test.cpp.o[0m
[4.339s] [100%] [32m[1mLinking CXX executable test_common[0m
[4.638s] [100%] Built target test_common
[4.671s] Invoked command in '/ros2_ws/build/common' returned '0': CMAKE_PREFIX_PATH=${CMAKE_PREFIX_PATH}:/opt/ros/humble /usr/bin/cmake --build /ros2_ws/build/common -- -j4 -l4
[4.700s] Invoking command in '/ros2_ws/build/common': CMAKE_PREFIX_PATH=${CMAKE_PREFIX_PATH}:/opt/ros/humble /usr/bin/cmake --install /ros2_ws/build/common
[4.720s] -- Install configuration: ""
[4.722s] -- Execute custom install script
[4.723s] -- Up-to-date symlink: /ros2_ws/install/common/lib/common/test_common
[4.724s] -- Up-to-date symlink: /ros2_ws/install/common/include/common/common/config_loader/config_loader.hpp
[4.725s] -- Up-to-date symlink: /ros2_ws/install/common/share/common/config/controller_config.yaml
[4.726s] -- Up-to-date symlink: /ros2_ws/install/common/share/common/environment/library_path.sh
[4.726s] -- Up-to-date symlink: /ros2_ws/install/common/share/common/environment/library_path.dsv
[4.727s] -- Up-to-date symlink: /ros2_ws/install/common/share/ament_index/resource_index/package_run_dependencies/common
[4.729s] -- Up-to-date symlink: /ros2_ws/install/common/share/ament_index/resource_index/parent_prefix_path/common
[4.730s] -- Up-to-date symlink: /ros2_ws/install/common/share/common/environment/ament_prefix_path.sh
[4.730s] -- Up-to-date symlink: /ros2_ws/install/common/share/common/environment/ament_prefix_path.dsv
[4.731s] -- Up-to-date symlink: /ros2_ws/install/common/share/common/environment/path.sh
[4.731s] -- Up-to-date symlink: /ros2_ws/install/common/share/common/environment/path.dsv
[4.732s] -- Up-to-date symlink: /ros2_ws/install/common/share/common/local_setup.bash
[4.732s] -- Up-to-date symlink: /ros2_ws/install/common/share/common/local_setup.sh
[4.733s] -- Up-to-date symlink: /ros2_ws/install/common/share/common/local_setup.zsh
[4.734s] -- Up-to-date symlink: /ros2_ws/install/common/share/common/local_setup.dsv
[4.734s] -- Symlinking: /ros2_ws/install/common/share/common/package.dsv
[4.760s] -- Up-to-date symlink: /ros2_ws/install/common/share/ament_index/resource_index/packages/common
[4.760s] -- Up-to-date symlink: /ros2_ws/install/common/share/common/cmake/ament_cmake_export_include_directories-extras.cmake
[4.761s] -- Up-to-date symlink: /ros2_ws/install/common/share/common/cmake/ament_cmake_export_libraries-extras.cmake
[4.761s] -- Up-to-date symlink: /ros2_ws/install/common/share/common/cmake/commonConfig.cmake
[4.761s] -- Up-to-date symlink: /ros2_ws/install/common/share/common/cmake/commonConfig-version.cmake
[4.762s] -- Up-to-date symlink: /ros2_ws/install/common/share/common/package.xml
[4.762s] -- Up-to-date: /ros2_ws/install/common/lib/libcommon_config.a
[4.768s] Invoked command in '/ros2_ws/build/common' returned '0': CMAKE_PREFIX_PATH=${CMAKE_PREFIX_PATH}:/opt/ros/humble /usr/bin/cmake --install /ros2_ws/build/common
