[0.037s] Invoking command in '/ros2_ws/build/common': CMAKE_PREFIX_PATH=${CMAKE_PREFIX_PATH}:/opt/ros/humble /usr/bin/cmake --build /ros2_ws/build/common -- -j4 -l4
[0.156s] [35m[1mConsolidate compiler generated dependencies of target common_config[0m
[0.202s] [ 60%] Built target common_config
[0.267s] [ 80%] [32mBuilding CXX object CMakeFiles/test_common.dir/test.cpp.o[0m
[4.383s] [100%] [32m[1mLinking CXX executable test_common[0m
[4.720s] [100%] Built target test_common
[4.754s] Invoked command in '/ros2_ws/build/common' returned '0': CMAKE_PREFIX_PATH=${CMAKE_PREFIX_PATH}:/opt/ros/humble /usr/bin/cmake --build /ros2_ws/build/common -- -j4 -l4
[4.781s] Invoking command in '/ros2_ws/build/common': CMAKE_PREFIX_PATH=${CMAKE_PREFIX_PATH}:/opt/ros/humble /usr/bin/cmake --install /ros2_ws/build/common
[4.804s] -- Install configuration: ""
[4.805s] -- Execute custom install script
[4.806s] -- Up-to-date symlink: /ros2_ws/install/common/lib/common/test_common
[4.808s] -- Up-to-date symlink: /ros2_ws/install/common/include/common/common/config_loader/config_loader.hpp
[4.808s] -- Up-to-date symlink: /ros2_ws/install/common/include/common/common/logger/logger.hpp
[4.809s] -- Up-to-date symlink: /ros2_ws/install/common/share/common/config/config.yaml
[4.810s] -- Up-to-date symlink: /ros2_ws/install/common/share/common/environment/library_path.sh
[4.811s] -- Up-to-date symlink: /ros2_ws/install/common/share/common/environment/library_path.dsv
[4.811s] -- Up-to-date symlink: /ros2_ws/install/common/share/ament_index/resource_index/package_run_dependencies/common
[4.812s] -- Up-to-date symlink: /ros2_ws/install/common/share/ament_index/resource_index/parent_prefix_path/common
[4.812s] -- Up-to-date symlink: /ros2_ws/install/common/share/common/environment/ament_prefix_path.sh
[4.813s] -- Up-to-date symlink: /ros2_ws/install/common/share/common/environment/ament_prefix_path.dsv
[4.814s] -- Up-to-date symlink: /ros2_ws/install/common/share/common/environment/path.sh
[4.814s] -- Up-to-date symlink: /ros2_ws/install/common/share/common/environment/path.dsv
[4.815s] -- Up-to-date symlink: /ros2_ws/install/common/share/common/local_setup.bash
[4.815s] -- Up-to-date symlink: /ros2_ws/install/common/share/common/local_setup.sh
[4.816s] -- Up-to-date symlink: /ros2_ws/install/common/share/common/local_setup.zsh
[4.816s] -- Up-to-date symlink: /ros2_ws/install/common/share/common/local_setup.dsv
[4.817s] -- Symlinking: /ros2_ws/install/common/share/common/package.dsv
[4.842s] -- Up-to-date symlink: /ros2_ws/install/common/share/ament_index/resource_index/packages/common
[4.843s] -- Up-to-date symlink: /ros2_ws/install/common/share/common/cmake/ament_cmake_export_include_directories-extras.cmake
[4.843s] -- Up-to-date symlink: /ros2_ws/install/common/share/common/cmake/ament_cmake_export_libraries-extras.cmake
[4.844s] -- Up-to-date symlink: /ros2_ws/install/common/share/common/cmake/commonConfig.cmake
[4.844s] -- Up-to-date symlink: /ros2_ws/install/common/share/common/cmake/commonConfig-version.cmake
[4.845s] -- Up-to-date symlink: /ros2_ws/install/common/share/common/package.xml
[4.846s] -- Up-to-date: /ros2_ws/install/common/lib/libcommon_config.a
[4.851s] Invoked command in '/ros2_ws/build/common' returned '0': CMAKE_PREFIX_PATH=${CMAKE_PREFIX_PATH}:/opt/ros/humble /usr/bin/cmake --install /ros2_ws/build/common
