[3.869s] Invoking command in '/ros2_ws/build/system_services': PYTHONPATH=/ros2_ws/build/system_services/prefix_override:/usr/lib/python3/dist-packages/colcon_core/task/python/colcon_distutils_commands:/ros2_ws/install/system_services/lib/python3.10/site-packages:${PYTHONPATH} /usr/bin/python3 -W ignore:setup.py install is deprecated -W ignore:easy_install command is deprecated setup.py develop --uninstall --editable --build-directory /ros2_ws/build/system_services/build
[5.159s] running develop
[5.921s] Removing /ros2_ws/install/system_services/lib/python3.10/site-packages/system-services.egg-link (link to .)
[6.070s] Invoked command in '/ros2_ws/build/system_services' returned '0': PYTHONPATH=/ros2_ws/build/system_services/prefix_override:/usr/lib/python3/dist-packages/colcon_core/task/python/colcon_distutils_commands:/ros2_ws/install/system_services/lib/python3.10/site-packages:${PYTHONPATH} /usr/bin/python3 -W ignore:setup.py install is deprecated -W ignore:easy_install command is deprecated setup.py develop --uninstall --editable --build-directory /ros2_ws/build/system_services/build
[6.076s] Invoking command in '/ros2_ws/src/system_services': PYTHONPATH=/ros2_ws/build/system_services/prefix_override:/usr/lib/python3/dist-packages/colcon_core/task/python/colcon_distutils_commands:/ros2_ws/install/system_services/lib/python3.10/site-packages:${PYTHONPATH} /usr/bin/python3 -W ignore:setup.py install is deprecated -W ignore:easy_install command is deprecated setup.py egg_info --egg-base ../../build/system_services build --build-base /ros2_ws/build/system_services/build install --record /ros2_ws/build/system_services/install.log --install-scripts $base/lib/system_services --single-version-externally-managed install_data --force
[7.367s] running egg_info
[7.370s] writing ../../build/system_services/system_services.egg-info/PKG-INFO
[7.371s] writing dependency_links to ../../build/system_services/system_services.egg-info/dependency_links.txt
[7.372s] writing entry points to ../../build/system_services/system_services.egg-info/entry_points.txt
[7.373s] writing requirements to ../../build/system_services/system_services.egg-info/requires.txt
[7.374s] writing top-level names to ../../build/system_services/system_services.egg-info/top_level.txt
[7.381s] reading manifest file '../../build/system_services/system_services.egg-info/SOURCES.txt'
[7.385s] writing manifest file '../../build/system_services/system_services.egg-info/SOURCES.txt'
[7.386s] running build
[7.387s] running build_py
[7.387s] creating /ros2_ws/build/system_services/build
[7.388s] creating /ros2_ws/build/system_services/build/lib
[7.388s] creating /ros2_ws/build/system_services/build/lib/system_services
[7.389s] copying system_services/__init__.py -> /ros2_ws/build/system_services/build/lib/system_services
[7.389s] running install
[7.390s] running install_lib
[7.392s] creating /ros2_ws/install/system_services/lib/python3.10/site-packages/system_services
[7.392s] copying /ros2_ws/build/system_services/build/lib/system_services/__init__.py -> /ros2_ws/install/system_services/lib/python3.10/site-packages/system_services
[7.394s] byte-compiling /ros2_ws/install/system_services/lib/python3.10/site-packages/system_services/__init__.py to __init__.cpython-310.pyc
[7.395s] running install_data
[7.396s] copying resource/system_services -> /ros2_ws/install/system_services/share/ament_index/resource_index/packages
[7.397s] copying package.xml -> /ros2_ws/install/system_services/share/system_services
[7.397s] copying system_services/scripts/imu_calibrator.py -> /ros2_ws/install/system_services/share/system_services/scripts
[7.399s] running install_egg_info
[7.410s] Copying ../../build/system_services/system_services.egg-info to /ros2_ws/install/system_services/lib/python3.10/site-packages/system_services-0.0.0-py3.10.egg-info
[7.413s] running install_scripts
[7.525s] Installing imu_calibrator script to /ros2_ws/install/system_services/lib/system_services
[7.530s] writing list of installed files to '/ros2_ws/build/system_services/install.log'
[7.682s] Invoked command in '/ros2_ws/src/system_services' returned '0': PYTHONPATH=/ros2_ws/build/system_services/prefix_override:/usr/lib/python3/dist-packages/colcon_core/task/python/colcon_distutils_commands:/ros2_ws/install/system_services/lib/python3.10/site-packages:${PYTHONPATH} /usr/bin/python3 -W ignore:setup.py install is deprecated -W ignore:easy_install command is deprecated setup.py egg_info --egg-base ../../build/system_services build --build-base /ros2_ws/build/system_services/build install --record /ros2_ws/build/system_services/install.log --install-scripts $base/lib/system_services --single-version-externally-managed install_data --force
