[0.039s] Invoking command in '/ros2_ws/build/common': CMAKE_PREFIX_PATH=${CMAKE_PREFIX_PATH}:/ros2_ws/install/system_services:/opt/ros/humble /usr/bin/cmake /ros2_ws/src/common -DCMAKE_INSTALL_PREFIX=/ros2_ws/install/common
[0.234s] -- The C compiler identification is GNU 11.4.0
[0.436s] -- The CXX compiler identification is GNU 11.4.0
[0.459s] -- Detecting C compiler ABI info
[0.699s] -- Detecting C compiler ABI info - done
[0.732s] -- Check for working C compiler: /usr/bin/cc - skipped
[0.732s] -- Detecting C compile features
[0.734s] -- Detecting C compile features - done
[0.745s] -- Detecting CXX compiler ABI info
[1.003s] -- Detecting CXX compiler ABI info - done
[1.036s] -- Check for working CXX compiler: /usr/bin/c++ - skipped
[1.037s] -- Detecting CXX compile features
[1.038s] -- Detecting CXX compile features - done
[1.056s] -- Found ament_cmake: 1.3.14 (/opt/ros/humble/share/ament_cmake/cmake)
[1.697s] -- Found Python3: /usr/bin/python3 (found version "3.10.12") found components: Interpreter 
[2.190s] -- Found PkgConfig: /usr/bin/pkg-config (found version "0.29.2") 
[2.192s] -- Checking for module 'yaml-cpp'
[2.226s] --   Found yaml-cpp, version 0.7.0
[2.340s] -- Found ament_lint_auto: 0.12.15 (/opt/ros/humble/share/ament_lint_auto/cmake)
[2.761s] -- Added test 'copyright' to check source files copyright and LICENSE
[2.768s] -- Added test 'cppcheck' to perform static code analysis on C / C++ code
[2.769s] -- Configured cppcheck include dirs: $<BUILD_INTERFACE:/ros2_ws/src/common/include>;/ros2_ws/src/common/include
[2.769s] -- Configured cppcheck exclude dirs and/or files: 
[2.775s] -- Added test 'cpplint' to check C / C++ code against the Google style
[2.776s] -- Configured cpplint exclude dirs and/or files: 
[2.779s] -- Added test 'lint_cmake' to check CMake code style
[2.786s] -- Added test 'uncrustify' to check C / C++ code style
[2.786s] -- Configured uncrustify additional arguments: 
[2.789s] -- Added test 'xmllint' to check XML markup files
[2.794s] -- Configuring done
[2.814s] -- Generating done
[2.829s] -- Build files have been written to: /ros2_ws/build/common
[2.847s] Invoked command in '/ros2_ws/build/common' returned '0': CMAKE_PREFIX_PATH=${CMAKE_PREFIX_PATH}:/ros2_ws/install/system_services:/opt/ros/humble /usr/bin/cmake /ros2_ws/src/common -DCMAKE_INSTALL_PREFIX=/ros2_ws/install/common
[2.854s] Invoking command in '/ros2_ws/build/common': CMAKE_PREFIX_PATH=${CMAKE_PREFIX_PATH}:/ros2_ws/install/system_services:/opt/ros/humble /usr/bin/cmake --build /ros2_ws/build/common -- -j4 -l4
[2.971s] [35m[1mConsolidate compiler generated dependencies of target common_config[0m
[3.023s] [ 60%] Built target common_config
[3.056s] [35m[1mConsolidate compiler generated dependencies of target test_common[0m
[3.101s] [100%] Built target test_common
[3.135s] Invoked command in '/ros2_ws/build/common' returned '0': CMAKE_PREFIX_PATH=${CMAKE_PREFIX_PATH}:/ros2_ws/install/system_services:/opt/ros/humble /usr/bin/cmake --build /ros2_ws/build/common -- -j4 -l4
[3.166s] Invoking command in '/ros2_ws/build/common': CMAKE_PREFIX_PATH=${CMAKE_PREFIX_PATH}:/ros2_ws/install/system_services:/opt/ros/humble /usr/bin/cmake --install /ros2_ws/build/common
[3.187s] -- Install configuration: ""
[3.187s] -- Up-to-date: /ros2_ws/install/common/lib/libcommon_config.a
[3.188s] -- Up-to-date: /ros2_ws/install/common/include/common
[3.188s] -- Installing: /ros2_ws/install/common/include/common/logger
[3.189s] -- Installing: /ros2_ws/install/common/include/common/logger/logger.hpp
[3.189s] -- Installing: /ros2_ws/install/common/include/common/config_loader
[3.189s] -- Installing: /ros2_ws/install/common/include/common/config_loader/config_loader.hpp
[3.190s] -- Up-to-date: /ros2_ws/install/common/share/common/config
[3.190s] -- Installing: /ros2_ws/install/common/share/common/package.dsv
[3.191s] -- Up-to-date: /ros2_ws/install/common/share/common/cmake/ament_cmake_export_dependencies-extras.cmake
[3.198s] Invoked command in '/ros2_ws/build/common' returned '0': CMAKE_PREFIX_PATH=${CMAKE_PREFIX_PATH}:/ros2_ws/install/system_services:/opt/ros/humble /usr/bin/cmake --install /ros2_ws/build/common
