[0.037s] Invoking command in '/ros2_ws/build/common': CMAKE_PREFIX_PATH=${CMAKE_PREFIX_PATH}:/opt/ros/humble /usr/bin/cmake --build /ros2_ws/build/common -- -j4 -l4
[0.150s] [35m[1mConsolidate compiler generated dependencies of target common_config[0m
[0.191s] [ 25%] [32mBuilding CXX object CMakeFiles/common_config.dir/src/common/config_loader/config_loader.cpp.o[0m
[2.647s] In file included from [01m[K/ros2_ws/src/common/src/common/config_loader/config_loader.cpp:1[m[K:
[2.648s] [01m[K/ros2_ws/src/common/include/common/config_loader/config_loader.hpp:[m[K In static member function ‘[01m[Kstatic T common::ConfigLoader::get(const YAML::Node&, const string&, const T&)[m[K’:
[2.649s] [01m[K/ros2_ws/src/common/include/common/config_loader/config_loader.hpp:156:22:[m[K [01;31m[Kerror: [m[K‘[01m[Kcout[m[K’ is not a member of ‘[01m[Kstd[m[K’
[2.649s]   156 |                 std::[01;31m[Kcout[m[K << "[DEBUG] " << part << " not found" << std::endl;  // ✅ 调试
[2.649s]       |                      [01;31m[K^~~~[m[K
[2.650s] [01m[K/ros2_ws/src/common/include/common/config_loader/config_loader.hpp:5:1:[m[K [01;36m[Knote: [m[K‘[01m[Kstd::cout[m[K’ is defined in header ‘[01m[K<iostream>[m[K’; did you forget to ‘[01m[K#include <iostream>[m[K’?
[2.650s]     4 | #include <yaml-cpp/yaml.h>
[2.650s]   +++ |+[32m[K#include <iostream>[m[K
[2.651s]     5 | #include <vector>
[2.651s] [01m[K/ros2_ws/src/common/include/common/config_loader/config_loader.hpp:163:18:[m[K [01;31m[Kerror: [m[K‘[01m[Kcout[m[K’ is not a member of ‘[01m[Kstd[m[K’
[2.651s]   163 |             std::[01;31m[Kcout[m[K << "[DEBUG] current node exists" << std::endl;  // ✅ 调试
[2.652s]       |                  [01;31m[K^~~~[m[K
[2.652s] [01m[K/ros2_ws/src/common/include/common/config_loader/config_loader.hpp:163:18:[m[K [01;36m[Knote: [m[K‘[01m[Kstd::cout[m[K’ is defined in header ‘[01m[K<iostream>[m[K’; did you forget to ‘[01m[K#include <iostream>[m[K’?
[2.652s] [01m[K/ros2_ws/src/common/include/common/config_loader/config_loader.hpp:165:18:[m[K [01;31m[Kerror: [m[K‘[01m[Kcout[m[K’ is not a member of ‘[01m[Kstd[m[K’
[2.653s]   165 |             std::[01;31m[Kcout[m[K << "[DEBUG] str_value = '" << str_value << "'" << std::endl;  // ✅ 调试
[2.653s]       |                  [01;31m[K^~~~[m[K
[2.653s] [01m[K/ros2_ws/src/common/include/common/config_loader/config_loader.hpp:165:18:[m[K [01;36m[Knote: [m[K‘[01m[Kstd::cout[m[K’ is defined in header ‘[01m[K<iostream>[m[K’; did you forget to ‘[01m[K#include <iostream>[m[K’?
[2.654s] [01m[K/ros2_ws/src/common/include/common/config_loader/config_loader.hpp:169:14:[m[K [01;31m[Kerror: [m[K‘[01m[Kcout[m[K’ is not a member of ‘[01m[Kstd[m[K’
[2.654s]   169 |         std::[01;31m[Kcout[m[K << "[DEBUG] Exception: " << e.what() << std::endl;  // ✅ 调试
[2.654s]       |              [01;31m[K^~~~[m[K
[2.655s] [01m[K/ros2_ws/src/common/include/common/config_loader/config_loader.hpp:169:14:[m[K [01;36m[Knote: [m[K‘[01m[Kstd::cout[m[K’ is defined in header ‘[01m[K<iostream>[m[K’; did you forget to ‘[01m[K#include <iostream>[m[K’?
[3.397s] gmake[2]: *** [CMakeFiles/common_config.dir/build.make:76: CMakeFiles/common_config.dir/src/common/config_loader/config_loader.cpp.o] Error 1
[3.397s] gmake[1]: *** [CMakeFiles/Makefile2:139: CMakeFiles/common_config.dir/all] Error 2
[3.398s] gmake: *** [Makefile:146: all] Error 2
[3.406s] Invoked command in '/ros2_ws/build/common' returned '2': CMAKE_PREFIX_PATH=${CMAKE_PREFIX_PATH}:/opt/ros/humble /usr/bin/cmake --build /ros2_ws/build/common -- -j4 -l4
