[0.128s] Invoking command in '/ros2_ws/build/description': CMAKE_PREFIX_PATH=/ros2_ws/install/brain_hardware:/ros2_ws/install/interfaces:/ros2_ws/install/oradar_lidar:/ros2_ws/install/bringup:/ros2_ws/install/description:/ros2_ws/install/brain_controller:/opt/ros/humble LD_LIBRARY_PATH=/ros2_ws/install/brain_hardware/lib:/ros2_ws/install/interfaces/lib:/ros2_ws/install/brain_controller/lib:/opt/ros/humble/opt/rviz_ogre_vendor/lib:/opt/ros/humble/lib/aarch64-linux-gnu:/opt/ros/humble/lib /usr/bin/cmake --build /ros2_ws/build/description -- -j4 -l4
[0.253s] Invoked command in '/ros2_ws/build/description' returned '0': CMAKE_PREFIX_PATH=/ros2_ws/install/brain_hardware:/ros2_ws/install/interfaces:/ros2_ws/install/oradar_lidar:/ros2_ws/install/bringup:/ros2_ws/install/description:/ros2_ws/install/brain_controller:/opt/ros/humble LD_LIBRARY_PATH=/ros2_ws/install/brain_hardware/lib:/ros2_ws/install/interfaces/lib:/ros2_ws/install/brain_controller/lib:/opt/ros/humble/opt/rviz_ogre_vendor/lib:/opt/ros/humble/lib/aarch64-linux-gnu:/opt/ros/humble/lib /usr/bin/cmake --build /ros2_ws/build/description -- -j4 -l4
[0.260s] Invoking command in '/ros2_ws/build/description': CMAKE_PREFIX_PATH=/ros2_ws/install/brain_hardware:/ros2_ws/install/interfaces:/ros2_ws/install/oradar_lidar:/ros2_ws/install/bringup:/ros2_ws/install/description:/ros2_ws/install/brain_controller:/opt/ros/humble LD_LIBRARY_PATH=/ros2_ws/install/brain_hardware/lib:/ros2_ws/install/interfaces/lib:/ros2_ws/install/brain_controller/lib:/opt/ros/humble/opt/rviz_ogre_vendor/lib:/opt/ros/humble/lib/aarch64-linux-gnu:/opt/ros/humble/lib /usr/bin/cmake --install /ros2_ws/build/description
[0.284s] -- Install configuration: ""
[0.285s] -- Up-to-date: /ros2_ws/install/description/share/description/urdf
[0.286s] -- Up-to-date: /ros2_ws/install/description/share/description/urdf/dabai.xacro
[0.287s] -- Up-to-date: /ros2_ws/install/description/share/description/urdf/materials.xacro
[0.288s] -- Up-to-date: /ros2_ws/install/description/share/description/urdf/description.urdf.xacro
[0.288s] -- Up-to-date: /ros2_ws/install/description/share/description/urdf/ascamera.xacro
[0.289s] -- Up-to-date: /ros2_ws/install/description/share/description/config
[0.291s] -- Up-to-date: /ros2_ws/install/description/share/description/config/brain_controllers.yaml
[0.292s] -- Up-to-date: /ros2_ws/install/description/share/description/config/slam_params.yaml
[0.293s] -- Up-to-date: /ros2_ws/install/description/share/description/launch
[0.294s] -- Up-to-date: /ros2_ws/install/description/share/description/launch/display.launch.py
[0.296s] -- Up-to-date: /ros2_ws/install/description/share/description/rviz
[0.298s] -- Up-to-date: /ros2_ws/install/description/share/description/meshes
[0.299s] -- Up-to-date: /ros2_ws/install/description/share/ament_index/resource_index/package_run_dependencies/description
[0.300s] -- Up-to-date: /ros2_ws/install/description/share/ament_index/resource_index/parent_prefix_path/description
[0.300s] -- Up-to-date: /ros2_ws/install/description/share/description/environment/ament_prefix_path.sh
[0.301s] -- Up-to-date: /ros2_ws/install/description/share/description/environment/ament_prefix_path.dsv
[0.302s] -- Up-to-date: /ros2_ws/install/description/share/description/environment/path.sh
[0.305s] -- Up-to-date: /ros2_ws/install/description/share/description/environment/path.dsv
[0.306s] -- Up-to-date: /ros2_ws/install/description/share/description/local_setup.bash
[0.307s] -- Up-to-date: /ros2_ws/install/description/share/description/local_setup.sh
[0.308s] -- Up-to-date: /ros2_ws/install/description/share/description/local_setup.zsh
[0.308s] -- Up-to-date: /ros2_ws/install/description/share/description/local_setup.dsv
[0.309s] -- Installing: /ros2_ws/install/description/share/description/package.dsv
[0.310s] -- Up-to-date: /ros2_ws/install/description/share/ament_index/resource_index/packages/description
[0.310s] -- Up-to-date: /ros2_ws/install/description/share/description/cmake/descriptionConfig.cmake
[0.311s] -- Up-to-date: /ros2_ws/install/description/share/description/cmake/descriptionConfig-version.cmake
[0.311s] -- Up-to-date: /ros2_ws/install/description/share/description/package.xml
[0.312s] Invoked command in '/ros2_ws/build/description' returned '0': CMAKE_PREFIX_PATH=/ros2_ws/install/brain_hardware:/ros2_ws/install/interfaces:/ros2_ws/install/oradar_lidar:/ros2_ws/install/bringup:/ros2_ws/install/description:/ros2_ws/install/brain_controller:/opt/ros/humble LD_LIBRARY_PATH=/ros2_ws/install/brain_hardware/lib:/ros2_ws/install/interfaces/lib:/ros2_ws/install/brain_controller/lib:/opt/ros/humble/opt/rviz_ogre_vendor/lib:/opt/ros/humble/lib/aarch64-linux-gnu:/opt/ros/humble/lib /usr/bin/cmake --install /ros2_ws/build/description
