[0.085s] Invoking command in '/ros2_ws/build/cerebellum_description': CMAKE_PREFIX_PATH=/opt/ros/humble /usr/bin/cmake --build /ros2_ws/build/cerebellum_description -- -j4 -l4
[0.265s] Invoked command in '/ros2_ws/build/cerebellum_description' returned '0': CMAKE_PREFIX_PATH=/opt/ros/humble /usr/bin/cmake --build /ros2_ws/build/cerebellum_description -- -j4 -l4
[0.387s] Invoking command in '/ros2_ws/build/cerebellum_description': CMAKE_PREFIX_PATH=/opt/ros/humble /usr/bin/cmake --install /ros2_ws/build/cerebellum_description
[0.541s] -- Install configuration: ""
[0.545s] -- Execute custom install script
[0.558s] -- Up-to-date symlink: /ros2_ws/install/cerebellum_description/share/cerebellum_description/urdf/cerebellum.urdf.xacro
[0.560s] -- Up-to-date symlink: /ros2_ws/install/cerebellum_description/share/cerebellum_description/config/controllers.yaml
[0.562s] -- Up-to-date symlink: /ros2_ws/install/cerebellum_description/share/ament_index/resource_index/package_run_dependencies/cerebellum_description
[0.564s] -- Up-to-date symlink: /ros2_ws/install/cerebellum_description/share/ament_index/resource_index/parent_prefix_path/cerebellum_description
[0.566s] -- Up-to-date symlink: /ros2_ws/install/cerebellum_description/share/cerebellum_description/environment/ament_prefix_path.sh
[0.576s] -- Up-to-date symlink: /ros2_ws/install/cerebellum_description/share/cerebellum_description/environment/ament_prefix_path.dsv
[0.582s] -- Up-to-date symlink: /ros2_ws/install/cerebellum_description/share/cerebellum_description/environment/path.sh
[0.582s] -- Up-to-date symlink: /ros2_ws/install/cerebellum_description/share/cerebellum_description/environment/path.dsv
[0.586s] -- Up-to-date symlink: /ros2_ws/install/cerebellum_description/share/cerebellum_description/local_setup.bash
[0.587s] -- Up-to-date symlink: /ros2_ws/install/cerebellum_description/share/cerebellum_description/local_setup.sh
[0.590s] -- Up-to-date symlink: /ros2_ws/install/cerebellum_description/share/cerebellum_description/local_setup.zsh
[0.597s] -- Up-to-date symlink: /ros2_ws/install/cerebellum_description/share/cerebellum_description/local_setup.dsv
[0.600s] -- Symlinking: /ros2_ws/install/cerebellum_description/share/cerebellum_description/package.dsv
[0.704s] -- Up-to-date symlink: /ros2_ws/install/cerebellum_description/share/ament_index/resource_index/packages/cerebellum_description
[0.710s] -- Up-to-date symlink: /ros2_ws/install/cerebellum_description/share/cerebellum_description/cmake/cerebellum_descriptionConfig.cmake
[0.712s] -- Up-to-date symlink: /ros2_ws/install/cerebellum_description/share/cerebellum_description/cmake/cerebellum_descriptionConfig-version.cmake
[0.713s] -- Up-to-date symlink: /ros2_ws/install/cerebellum_description/share/cerebellum_description/package.xml
[0.726s] Invoked command in '/ros2_ws/build/cerebellum_description' returned '0': CMAKE_PREFIX_PATH=/opt/ros/humble /usr/bin/cmake --install /ros2_ws/build/cerebellum_description
