[0.039s] Invoking command in '/ros2_ws/build/common': CMAKE_PREFIX_PATH=${CMAKE_PREFIX_PATH}:/ros2_ws/install/system_services:/opt/ros/humble /usr/bin/cmake /ros2_ws/src/common -DCMAKE_INSTALL_PREFIX=/ros2_ws/install/common
[0.232s] -- The C compiler identification is GNU 11.4.0
[0.437s] -- The CXX compiler identification is GNU 11.4.0
[0.460s] -- Detecting C compiler ABI info
[0.696s] -- Detecting C compiler ABI info - done
[0.728s] -- Check for working C compiler: /usr/bin/cc - skipped
[0.728s] -- Detecting C compile features
[0.730s] -- Detecting C compile features - done
[0.742s] -- Detecting CXX compiler ABI info
[1.002s] -- Detecting CXX compiler ABI info - done
[1.036s] -- Check for working CXX compiler: /usr/bin/c++ - skipped
[1.037s] -- Detecting CXX compile features
[1.039s] -- Detecting CXX compile features - done
[1.056s] -- Found ament_cmake: 1.3.14 (/opt/ros/humble/share/ament_cmake/cmake)
[1.692s] -- Found Python3: /usr/bin/python3 (found version "3.10.12") found components: Interpreter 
[2.179s] -- Found PkgConfig: /usr/bin/pkg-config (found version "0.29.2") 
[2.182s] -- Checking for module 'yaml-cpp'
[2.215s] --   Found yaml-cpp, version 0.7.0
[2.329s] -- Found ament_lint_auto: 0.12.15 (/opt/ros/humble/share/ament_lint_auto/cmake)
[2.768s] -- Added test 'copyright' to check source files copyright and LICENSE
[2.775s] -- Added test 'cppcheck' to perform static code analysis on C / C++ code
[2.776s] -- Configured cppcheck include dirs: $<BUILD_INTERFACE:/ros2_ws/src/common/include>;/ros2_ws/src/common/include
[2.776s] -- Configured cppcheck exclude dirs and/or files: 
[2.782s] -- Added test 'cpplint' to check C / C++ code against the Google style
[2.783s] -- Configured cpplint exclude dirs and/or files: 
[2.786s] -- Added test 'lint_cmake' to check CMake code style
[2.793s] -- Added test 'uncrustify' to check C / C++ code style
[2.794s] -- Configured uncrustify additional arguments: 
[2.796s] -- Added test 'xmllint' to check XML markup files
[2.802s] -- Configuring done
[2.824s] -- Generating done
[2.834s] -- Build files have been written to: /ros2_ws/build/common
[2.854s] Invoked command in '/ros2_ws/build/common' returned '0': CMAKE_PREFIX_PATH=${CMAKE_PREFIX_PATH}:/ros2_ws/install/system_services:/opt/ros/humble /usr/bin/cmake /ros2_ws/src/common -DCMAKE_INSTALL_PREFIX=/ros2_ws/install/common
[2.861s] Invoking command in '/ros2_ws/build/common': CMAKE_PREFIX_PATH=${CMAKE_PREFIX_PATH}:/ros2_ws/install/system_services:/opt/ros/humble /usr/bin/cmake --build /ros2_ws/build/common -- -j4 -l4
[2.982s] [35m[1mConsolidate compiler generated dependencies of target common_config[0m
[3.034s] [ 60%] Built target common_config
[3.066s] [35m[1mConsolidate compiler generated dependencies of target test_common[0m
[3.109s] [100%] Built target test_common
[3.145s] Invoked command in '/ros2_ws/build/common' returned '0': CMAKE_PREFIX_PATH=${CMAKE_PREFIX_PATH}:/ros2_ws/install/system_services:/opt/ros/humble /usr/bin/cmake --build /ros2_ws/build/common -- -j4 -l4
[3.176s] Invoking command in '/ros2_ws/build/common': CMAKE_PREFIX_PATH=${CMAKE_PREFIX_PATH}:/ros2_ws/install/system_services:/opt/ros/humble /usr/bin/cmake --install /ros2_ws/build/common
[3.197s] -- Install configuration: ""
[3.198s] -- Up-to-date: /ros2_ws/install/common/lib/libcommon_config.a
[3.198s] -- Up-to-date: /ros2_ws/install/common/include/common
[3.199s] -- Up-to-date: /ros2_ws/install/common/include/common/common
[3.199s] -- Up-to-date: /ros2_ws/install/common/include/common/common/logger
[3.199s] -- Up-to-date: /ros2_ws/install/common/include/common/common/config_loader
[3.200s] -- Up-to-date: /ros2_ws/install/common/share/common/config
[3.200s] -- Installing: /ros2_ws/install/common/share/common/package.dsv
[3.201s] -- Up-to-date: /ros2_ws/install/common/share/common/cmake/ament_cmake_export_dependencies-extras.cmake
[3.207s] Invoked command in '/ros2_ws/build/common' returned '0': CMAKE_PREFIX_PATH=${CMAKE_PREFIX_PATH}:/ros2_ws/install/system_services:/opt/ros/humble /usr/bin/cmake --install /ros2_ws/build/common
