[0.036s] Invoking command in '/ros2_ws/build/common': CMAKE_PREFIX_PATH=${CMAKE_PREFIX_PATH}:/opt/ros/humble /usr/bin/cmake /ros2_ws/src/common -DAMENT_CMAKE_SYMLINK_INSTALL=1 -DCMAKE_INSTALL_PREFIX=/ros2_ws/install/common
[0.078s] -- Found ament_cmake: 1.3.14 (/opt/ros/humble/share/ament_cmake/cmake)
[0.551s] -- Override CMake install command with custom implementation using symlinks instead of copying resources
[0.596s] -- Found ament_lint_auto: 0.12.15 (/opt/ros/humble/share/ament_lint_auto/cmake)
[0.878s] -- Added test 'cppcheck' to perform static code analysis on C / C++ code
[0.879s] -- Configured cppcheck include dirs: $<BUILD_INTERFACE:/ros2_ws/src/common/include>
[0.879s] -- Configured cppcheck exclude dirs and/or files: 
[0.881s] -- Added test 'lint_cmake' to check CMake code style
[0.886s] -- Added test 'uncrustify' to check C / C++ code style
[0.887s] -- Configured uncrustify additional arguments: 
[0.888s] -- Added test 'xmllint' to check XML markup files
[0.893s] -- Configuring done
[0.909s] -- Generating done
[0.914s] -- Build files have been written to: /ros2_ws/build/common
[0.925s] Invoked command in '/ros2_ws/build/common' returned '0': CMAKE_PREFIX_PATH=${CMAKE_PREFIX_PATH}:/opt/ros/humble /usr/bin/cmake /ros2_ws/src/common -DAMENT_CMAKE_SYMLINK_INSTALL=1 -DCMAKE_INSTALL_PREFIX=/ros2_ws/install/common
[0.932s] Invoking command in '/ros2_ws/build/common': CMAKE_PREFIX_PATH=${CMAKE_PREFIX_PATH}:/opt/ros/humble /usr/bin/cmake --build /ros2_ws/build/common -- -j4 -l4
[1.037s] [35m[1mConsolidate compiler generated dependencies of target common_config[0m
[1.076s] [100%] Built target common_config
[1.110s] Invoked command in '/ros2_ws/build/common' returned '0': CMAKE_PREFIX_PATH=${CMAKE_PREFIX_PATH}:/opt/ros/humble /usr/bin/cmake --build /ros2_ws/build/common -- -j4 -l4
[1.139s] Invoking command in '/ros2_ws/build/common': CMAKE_PREFIX_PATH=${CMAKE_PREFIX_PATH}:/opt/ros/humble /usr/bin/cmake --install /ros2_ws/build/common
[1.160s] -- Install configuration: ""
[1.161s] -- Execute custom install script
[1.163s] -- Up-to-date symlink: /ros2_ws/install/common/include/common/common/config_loader/config_loader.hpp
[1.163s] -- Up-to-date symlink: /ros2_ws/install/common/share/common/config/controller_config.yaml
[1.164s] -- Up-to-date symlink: /ros2_ws/install/common/share/common/environment/library_path.sh
[1.165s] -- Up-to-date symlink: /ros2_ws/install/common/share/common/environment/library_path.dsv
[1.165s] -- Up-to-date symlink: /ros2_ws/install/common/share/ament_index/resource_index/package_run_dependencies/common
[1.166s] -- Up-to-date symlink: /ros2_ws/install/common/share/ament_index/resource_index/parent_prefix_path/common
[1.167s] -- Up-to-date symlink: /ros2_ws/install/common/share/common/environment/ament_prefix_path.sh
[1.167s] -- Up-to-date symlink: /ros2_ws/install/common/share/common/environment/ament_prefix_path.dsv
[1.168s] -- Up-to-date symlink: /ros2_ws/install/common/share/common/environment/path.sh
[1.168s] -- Up-to-date symlink: /ros2_ws/install/common/share/common/environment/path.dsv
[1.169s] -- Up-to-date symlink: /ros2_ws/install/common/share/common/local_setup.bash
[1.169s] -- Up-to-date symlink: /ros2_ws/install/common/share/common/local_setup.sh
[1.170s] -- Up-to-date symlink: /ros2_ws/install/common/share/common/local_setup.zsh
[1.170s] -- Up-to-date symlink: /ros2_ws/install/common/share/common/local_setup.dsv
[1.171s] -- Symlinking: /ros2_ws/install/common/share/common/package.dsv
[1.196s] -- Up-to-date symlink: /ros2_ws/install/common/share/ament_index/resource_index/packages/common
[1.196s] -- Up-to-date symlink: /ros2_ws/install/common/share/common/cmake/ament_cmake_export_include_directories-extras.cmake
[1.197s] -- Up-to-date symlink: /ros2_ws/install/common/share/common/cmake/ament_cmake_export_libraries-extras.cmake
[1.197s] -- Up-to-date symlink: /ros2_ws/install/common/share/common/cmake/commonConfig.cmake
[1.197s] -- Up-to-date symlink: /ros2_ws/install/common/share/common/cmake/commonConfig-version.cmake
[1.198s] -- Up-to-date symlink: /ros2_ws/install/common/share/common/package.xml
[1.200s] -- Up-to-date: /ros2_ws/install/common/lib/libcommon_config.a
[1.204s] Invoked command in '/ros2_ws/build/common' returned '0': CMAKE_PREFIX_PATH=${CMAKE_PREFIX_PATH}:/opt/ros/humble /usr/bin/cmake --install /ros2_ws/build/common
