[0.056s] Invoking command in '/ros2_ws/build/algorithms': CMAKE_PREFIX_PATH=/ros2_ws/install/interfaces:/ros2_ws/install/common:/ros2_ws/install/bringup:/ros2_ws/install/dri_interfaces:/ros2_ws/install/algorithms:/ros2_ws/install/drivers:/opt/ros/humble /usr/bin/cmake --build /ros2_ws/build/algorithms -- -j4 -l4
[0.225s] [35m[1mConsolidate compiler generated dependencies of target attitude_compensator[0m
[0.292s] [ 12%] Built target twist_handler
[0.342s] [ 18%] [32mBuilding CXX object CMakeFiles/imu_tools.dir/src/imu_tools.cpp.o[0m
[0.363s] [ 31%] Built target attitude_compensator
[0.370s] [ 43%] Built target inverse_kinematics
[0.502s] [ 56%] Built target twist_node
[0.602s] [ 68%] Built target attitude_comp_node
[0.631s] [ 81%] Built target ik_node
[3.902s] In file included from [01m[K/usr/include/eigen3/Eigen/Core:214[m[K,
[3.902s]                  from [01m[K/usr/include/eigen3/Eigen/Dense:1[m[K,
[3.903s]                  from [01m[K/ros2_ws/src/algorithms/include/algorithms/imu_tools.hpp:3[m[K,
[3.903s]                  from [01m[K/ros2_ws/src/algorithms/src/imu_tools.cpp:1[m[K:
[3.904s] [01m[K/usr/include/eigen3/Eigen/src/Core/arch/NEON/PacketMath.h:[m[K In function ‘[01m[KPacket Eigen::internal::pload(const typename Eigen::internal::unpacket_traits<T>::type*) [with Packet = Eigen::internal::eigen_packet_wrapper<int, 2>; typename Eigen::internal::unpacket_traits<T>::type = signed char][m[K’:
[3.904s] [01m[K/usr/include/eigen3/Eigen/src/Core/arch/NEON/PacketMath.h:1671:9:[m[K [01;35m[Kwarning: [m[K‘[01m[Kvoid* memcpy(void*, const void*, size_t)[m[K’ copying an object of non-trivial type ‘[01m[KEigen::internal::Packet4c[m[K’ {aka ‘[01m[Kstruct Eigen::internal::eigen_packet_wrapper<int, 2>[m[K’} from an array of ‘[01m[Kconst int8_t[m[K’ {aka ‘[01m[Kconst signed char[m[K’} [[01;35m[K]8;;https://gcc.gnu.org/onlinedocs/gcc/Warning-Options.html#index-Wclass-memaccess-Wclass-memaccess]8;;[m[K]
[3.905s]  1671 |   [01;35m[Kmemcpy(&res, from, sizeof(Packet4c))[m[K;
[3.905s]       |   [01;35m[K~~~~~~^~~~~~~~~~~~~~~~~~~~~~~~~~~~~~[m[K
[3.905s] In file included from [01m[K/usr/include/eigen3/Eigen/Core:172[m[K,
[3.906s]                  from [01m[K/usr/include/eigen3/Eigen/Dense:1[m[K,
[3.906s]                  from [01m[K/ros2_ws/src/algorithms/include/algorithms/imu_tools.hpp:3[m[K,
[3.907s]                  from [01m[K/ros2_ws/src/algorithms/src/imu_tools.cpp:1[m[K:
[3.907s] [01m[K/usr/include/eigen3/Eigen/src/Core/GenericPacketMath.h:159:8:[m[K [01;36m[Knote: [m[K‘[01m[KEigen::internal::Packet4c[m[K’ {aka ‘[01m[Kstruct Eigen::internal::eigen_packet_wrapper<int, 2>[m[K’} declared here
[3.916s]   159 | struct [01;36m[Keigen_packet_wrapper[m[K
[3.917s]       |        [01;36m[K^~~~~~~~~~~~~~~~~~~~[m[K
[3.917s] In file included from [01m[K/usr/include/eigen3/Eigen/Core:214[m[K,
[3.918s]                  from [01m[K/usr/include/eigen3/Eigen/Dense:1[m[K,
[3.924s]                  from [01m[K/ros2_ws/src/algorithms/include/algorithms/imu_tools.hpp:3[m[K,
[3.924s]                  from [01m[K/ros2_ws/src/algorithms/src/imu_tools.cpp:1[m[K:
[3.925s] [01m[K/usr/include/eigen3/Eigen/src/Core/arch/NEON/PacketMath.h:[m[K In function ‘[01m[KPacket Eigen::internal::ploadu(const typename Eigen::internal::unpacket_traits<T>::type*) [with Packet = Eigen::internal::eigen_packet_wrapper<int, 2>; typename Eigen::internal::unpacket_traits<T>::type = signed char][m[K’:
[3.925s] [01m[K/usr/include/eigen3/Eigen/src/Core/arch/NEON/PacketMath.h:1716:9:[m[K [01;35m[Kwarning: [m[K‘[01m[Kvoid* memcpy(void*, const void*, size_t)[m[K’ copying an object of non-trivial type ‘[01m[KEigen::internal::Packet4c[m[K’ {aka ‘[01m[Kstruct Eigen::internal::eigen_packet_wrapper<int, 2>[m[K’} from an array of ‘[01m[Kconst int8_t[m[K’ {aka ‘[01m[Kconst signed char[m[K’} [[01;35m[K]8;;https://gcc.gnu.org/onlinedocs/gcc/Warning-Options.html#index-Wclass-memaccess-Wclass-memaccess]8;;[m[K]
[3.926s]  1716 |   [01;35m[Kmemcpy(&res, from, sizeof(Packet4c))[m[K;
[3.926s]       |   [01;35m[K~~~~~~^~~~~~~~~~~~~~~~~~~~~~~~~~~~~~[m[K
[3.927s] In file included from [01m[K/usr/include/eigen3/Eigen/Core:172[m[K,
[3.928s]                  from [01m[K/usr/include/eigen3/Eigen/Dense:1[m[K,
[3.928s]                  from [01m[K/ros2_ws/src/algorithms/include/algorithms/imu_tools.hpp:3[m[K,
[3.929s]                  from [01m[K/ros2_ws/src/algorithms/src/imu_tools.cpp:1[m[K:
[3.929s] [01m[K/usr/include/eigen3/Eigen/src/Core/GenericPacketMath.h:159:8:[m[K [01;36m[Knote: [m[K‘[01m[KEigen::internal::Packet4c[m[K’ {aka ‘[01m[Kstruct Eigen::internal::eigen_packet_wrapper<int, 2>[m[K’} declared here
[3.929s]   159 | struct [01;36m[Keigen_packet_wrapper[m[K
[3.930s]       |        [01;36m[K^~~~~~~~~~~~~~~~~~~~[m[K
[10.389s] [ 87%] [32m[1mLinking CXX static library libimu_tools.a[0m
[10.529s] [ 87%] Built target imu_tools
[10.623s] [ 93%] [32m[1mLinking CXX executable imu_tools_node[0m
[13.298s] [100%] Built target imu_tools_node
[13.331s] Invoked command in '/ros2_ws/build/algorithms' returned '0': CMAKE_PREFIX_PATH=/ros2_ws/install/interfaces:/ros2_ws/install/common:/ros2_ws/install/bringup:/ros2_ws/install/dri_interfaces:/ros2_ws/install/algorithms:/ros2_ws/install/drivers:/opt/ros/humble /usr/bin/cmake --build /ros2_ws/build/algorithms -- -j4 -l4
[13.338s] Invoking command in '/ros2_ws/build/algorithms': CMAKE_PREFIX_PATH=/ros2_ws/install/interfaces:/ros2_ws/install/common:/ros2_ws/install/bringup:/ros2_ws/install/dri_interfaces:/ros2_ws/install/algorithms:/ros2_ws/install/drivers:/opt/ros/humble /usr/bin/cmake --install /ros2_ws/build/algorithms
[13.360s] -- Install configuration: ""
[13.362s] -- Execute custom install script
[13.362s] -- Up-to-date symlink: /ros2_ws/install/algorithms/lib/libimu_tools.a
[13.363s] -- Up-to-date symlink: /ros2_ws/install/algorithms/lib/algorithms/imu_tools_node
[13.364s] -- Up-to-date symlink: /ros2_ws/install/algorithms/lib/algorithms/twist_node
[13.365s] -- Up-to-date symlink: /ros2_ws/install/algorithms/lib/algorithms/attitude_comp_node
[13.366s] -- Up-to-date symlink: /ros2_ws/install/algorithms/lib/algorithms/ik_node
[13.367s] -- Up-to-date symlink: /ros2_ws/install/algorithms/include/algorithms/algorithms/attitude_compensator.hpp
[13.368s] -- Up-to-date symlink: /ros2_ws/install/algorithms/include/algorithms/algorithms/fk_odometry.hpp
[13.368s] -- Up-to-date symlink: /ros2_ws/install/algorithms/include/algorithms/algorithms/imu_tools.hpp
[13.368s] -- Up-to-date symlink: /ros2_ws/install/algorithms/include/algorithms/algorithms/inverse_kinematics.hpp
[13.369s] -- Up-to-date symlink: /ros2_ws/install/algorithms/include/algorithms/algorithms/twist_handler.hpp
[13.369s] -- Up-to-date symlink: /ros2_ws/install/algorithms/share/ament_index/resource_index/package_run_dependencies/algorithms
[13.370s] -- Up-to-date symlink: /ros2_ws/install/algorithms/share/ament_index/resource_index/parent_prefix_path/algorithms
[13.371s] -- Up-to-date symlink: /ros2_ws/install/algorithms/share/algorithms/environment/ament_prefix_path.sh
[13.371s] -- Up-to-date symlink: /ros2_ws/install/algorithms/share/algorithms/environment/ament_prefix_path.dsv
[13.372s] -- Up-to-date symlink: /ros2_ws/install/algorithms/share/algorithms/environment/path.sh
[13.372s] -- Up-to-date symlink: /ros2_ws/install/algorithms/share/algorithms/environment/path.dsv
[13.373s] -- Up-to-date symlink: /ros2_ws/install/algorithms/share/algorithms/local_setup.bash
[13.373s] -- Up-to-date symlink: /ros2_ws/install/algorithms/share/algorithms/local_setup.sh
[13.374s] -- Up-to-date symlink: /ros2_ws/install/algorithms/share/algorithms/local_setup.zsh
[13.374s] -- Up-to-date symlink: /ros2_ws/install/algorithms/share/algorithms/local_setup.dsv
[13.375s] -- Symlinking: /ros2_ws/install/algorithms/share/algorithms/package.dsv
[13.401s] -- Up-to-date symlink: /ros2_ws/install/algorithms/share/ament_index/resource_index/packages/algorithms
[13.401s] -- Up-to-date symlink: /ros2_ws/install/algorithms/share/algorithms/cmake/ament_cmake_export_include_directories-extras.cmake
[13.402s] -- Up-to-date symlink: /ros2_ws/install/algorithms/share/algorithms/cmake/algorithmsConfig.cmake
[13.402s] -- Up-to-date symlink: /ros2_ws/install/algorithms/share/algorithms/cmake/algorithmsConfig-version.cmake
[13.403s] -- Up-to-date symlink: /ros2_ws/install/algorithms/share/algorithms/package.xml
[13.411s] Invoked command in '/ros2_ws/build/algorithms' returned '0': CMAKE_PREFIX_PATH=/ros2_ws/install/interfaces:/ros2_ws/install/common:/ros2_ws/install/bringup:/ros2_ws/install/dri_interfaces:/ros2_ws/install/algorithms:/ros2_ws/install/drivers:/opt/ros/humble /usr/bin/cmake --install /ros2_ws/build/algorithms
