[0.041s] Invoking command in '/ros2_ws/build/brain_controller': CMAKE_PREFIX_PATH=/ros2_ws/install/interfaces:/ros2_ws/install/bringup:/ros2_ws/install/brain_hardware:/ros2_ws/install/description:/opt/ros/humble LD_LIBRARY_PATH=/ros2_ws/install/interfaces/lib:/ros2_ws/install/brain_hardware/lib:/opt/ros/humble/opt/rviz_ogre_vendor/lib:/opt/ros/humble/lib/aarch64-linux-gnu:/opt/ros/humble/lib /usr/bin/cmake /ros2_ws/src/ros2_control/brain_controller -DCMAKE_INSTALL_PREFIX=/ros2_ws/install/brain_controller
[0.624s] -- The C compiler identification is GNU 11.4.0
[0.886s] -- The CXX compiler identification is GNU 11.4.0
[0.943s] -- Detecting C compiler ABI info
[1.220s] -- Detecting C compiler ABI info - done
[1.256s] -- Check for working C compiler: /usr/bin/cc - skipped
[1.258s] -- Detecting C compile features
[1.260s] -- Detecting C compile features - done
[1.273s] -- Detecting CXX compiler ABI info
[1.553s] -- Detecting CXX compiler ABI info - done
[1.586s] -- Check for working CXX compiler: /usr/bin/c++ - skipped
[1.587s] -- Detecting CXX compile features
[1.589s] -- Detecting CXX compile features - done
[1.620s] -- Found ament_cmake: 1.3.14 (/opt/ros/humble/share/ament_cmake/cmake)
[2.319s] -- Found Python3: /usr/bin/python3 (found version "3.10.12") found components: Interpreter 
[2.865s] -- Found rclcpp: 16.0.19 (/opt/ros/humble/share/rclcpp/cmake)
[3.174s] -- Found rosidl_generator_c: 3.1.9 (/opt/ros/humble/share/rosidl_generator_c/cmake)
[3.214s] -- Found rosidl_adapter: 3.1.9 (/opt/ros/humble/share/rosidl_adapter/cmake)
[3.274s] -- Found rosidl_generator_cpp: 3.1.9 (/opt/ros/humble/share/rosidl_generator_cpp/cmake)
[3.354s] -- Using all available rosidl_typesupport_c: rosidl_typesupport_fastrtps_c;rosidl_typesupport_introspection_c
[3.465s] -- Using all available rosidl_typesupport_cpp: rosidl_typesupport_fastrtps_cpp;rosidl_typesupport_introspection_cpp
[3.753s] -- Found rmw_implementation_cmake: 6.1.2 (/opt/ros/humble/share/rmw_implementation_cmake/cmake)
[3.774s] -- Found rmw_fastrtps_cpp: 6.2.10 (/opt/ros/humble/share/rmw_fastrtps_cpp/cmake)
[4.185s] -- Found OpenSSL: /usr/lib/aarch64-linux-gnu/libcrypto.so (found version "3.0.2")  
[4.332s] -- Found FastRTPS: /opt/ros/humble/include  
[4.565s] -- Using RMW implementation 'rmw_fastrtps_cpp' as default
[4.637s] -- Looking for pthread.h
[4.903s] -- Looking for pthread.h - found
[4.904s] -- Performing Test CMAKE_HAVE_LIBC_PTHREAD
[5.173s] -- Performing Test CMAKE_HAVE_LIBC_PTHREAD - Success
[5.174s] -- Found Threads: TRUE  
[5.518s] -- Found rclcpp_lifecycle: 16.0.19 (/opt/ros/humble/share/rclcpp_lifecycle/cmake)
[5.654s] -- Found controller_interface: 2.54.0 (/opt/ros/humble/share/controller_interface/cmake)
[6.863s] -- Configuring done
[6.922s] -- Generating done
[6.941s] -- Build files have been written to: /ros2_ws/build/brain_controller
[6.985s] Invoked command in '/ros2_ws/build/brain_controller' returned '0': CMAKE_PREFIX_PATH=/ros2_ws/install/interfaces:/ros2_ws/install/bringup:/ros2_ws/install/brain_hardware:/ros2_ws/install/description:/opt/ros/humble LD_LIBRARY_PATH=/ros2_ws/install/interfaces/lib:/ros2_ws/install/brain_hardware/lib:/opt/ros/humble/opt/rviz_ogre_vendor/lib:/opt/ros/humble/lib/aarch64-linux-gnu:/opt/ros/humble/lib /usr/bin/cmake /ros2_ws/src/ros2_control/brain_controller -DCMAKE_INSTALL_PREFIX=/ros2_ws/install/brain_controller
[6.992s] Invoking command in '/ros2_ws/build/brain_controller': CMAKE_PREFIX_PATH=/ros2_ws/install/interfaces:/ros2_ws/install/bringup:/ros2_ws/install/brain_hardware:/ros2_ws/install/description:/opt/ros/humble LD_LIBRARY_PATH=/ros2_ws/install/interfaces/lib:/ros2_ws/install/brain_hardware/lib:/opt/ros/humble/opt/rviz_ogre_vendor/lib:/opt/ros/humble/lib/aarch64-linux-gnu:/opt/ros/humble/lib /usr/bin/cmake --build /ros2_ws/build/brain_controller -- -j4 -l4
[7.152s] [ 50%] [32mBuilding CXX object CMakeFiles/brain_controller.dir/src/brain_controller.cpp.o[0m
[8.443s] In file included from [01m[K/ros2_ws/src/ros2_control/brain_controller/src/brain_controller.cpp:1[m[K:
[8.443s] [01m[K/ros2_ws/src/ros2_control/brain_controller/include/brain_controller/brain_controller.hpp:8:10:[m[K [01;31m[Kfatal error: [m[Kinterfaces/msg/motor_cmd.hpp: No such file or directory
[8.444s]     8 | #include [01;31m[K"interfaces/msg/motor_cmd.hpp"[m[K
[8.444s]       |          [01;31m[K^~~~~~~~~~~~~~~~~~~~~~~~~~~~~~[m[K
[8.445s] compilation terminated.
[8.450s] gmake[2]: *** [CMakeFiles/brain_controller.dir/build.make:76: CMakeFiles/brain_controller.dir/src/brain_controller.cpp.o] Error 1
[8.450s] gmake[1]: *** [CMakeFiles/Makefile2:137: CMakeFiles/brain_controller.dir/all] Error 2
[8.451s] gmake: *** [Makefile:146: all] Error 2
[8.457s] Invoked command in '/ros2_ws/build/brain_controller' returned '2': CMAKE_PREFIX_PATH=/ros2_ws/install/interfaces:/ros2_ws/install/bringup:/ros2_ws/install/brain_hardware:/ros2_ws/install/description:/opt/ros/humble LD_LIBRARY_PATH=/ros2_ws/install/interfaces/lib:/ros2_ws/install/brain_hardware/lib:/opt/ros/humble/opt/rviz_ogre_vendor/lib:/opt/ros/humble/lib/aarch64-linux-gnu:/opt/ros/humble/lib /usr/bin/cmake --build /ros2_ws/build/brain_controller -- -j4 -l4
