[0.069s] Invoking command in '/ros2_ws/build/dri_interfaces': CMAKE_PREFIX_PATH=/ros2_ws/install/interfaces:/ros2_ws/install/bringup:/ros2_ws/install/dri_interfaces:/ros2_ws/install/cerebellum_description:/ros2_ws/install/cerebellum_hardware:/ros2_ws/install/drivers:/ros2_ws/install/common:/ros2_ws/install/system_services:/opt/ros/humble LD_LIBRARY_PATH=/ros2_ws/install/interfaces/lib:/ros2_ws/install/cerebellum_hardware/lib:/ros2_ws/install/drivers/lib:/ros2_ws/install/common/lib:/opt/ros/humble/opt/rviz_ogre_vendor/lib:/opt/ros/humble/lib/aarch64-linux-gnu:/opt/ros/humble/lib /usr/bin/cmake /ros2_ws/src/dri_interfaces -DAMENT_CMAKE_SYMLINK_INSTALL=1 -DCMAKE_INSTALL_PREFIX=/ros2_ws/install/dri_interfaces
[0.131s] -- Found ament_cmake: 1.3.14 (/opt/ros/humble/share/ament_cmake/cmake)
[0.759s] -- Override CMake install command with custom implementation using symlinks instead of copying resources
[0.814s] -- Found rclcpp: 16.0.19 (/opt/ros/humble/share/rclcpp/cmake)
[0.972s] -- Found rosidl_generator_c: 3.1.9 (/opt/ros/humble/share/rosidl_generator_c/cmake)
[0.988s] -- Found rosidl_adapter: 3.1.9 (/opt/ros/humble/share/rosidl_adapter/cmake)
[1.017s] -- Found rosidl_generator_cpp: 3.1.9 (/opt/ros/humble/share/rosidl_generator_cpp/cmake)
[1.063s] -- Using all available rosidl_typesupport_c: rosidl_typesupport_fastrtps_c;rosidl_typesupport_introspection_c
[1.131s] -- Using all available rosidl_typesupport_cpp: rosidl_typesupport_fastrtps_cpp;rosidl_typesupport_introspection_cpp
[1.291s] -- Found rmw_implementation_cmake: 6.1.2 (/opt/ros/humble/share/rmw_implementation_cmake/cmake)
[1.299s] -- Found rmw_fastrtps_cpp: 6.2.10 (/opt/ros/humble/share/rmw_fastrtps_cpp/cmake)
[1.974s] -- Using RMW implementation 'rmw_fastrtps_cpp' as default
[2.200s] -- Found sensor_msgs: 4.9.1 (/opt/ros/humble/share/sensor_msgs/cmake)
[2.323s] -- Found interfaces: 0.0.0 (/ros2_ws/install/interfaces/share/interfaces/cmake)
[2.732s] -- Configuring done
[2.814s] -- Generating done
[2.828s] -- Build files have been written to: /ros2_ws/build/dri_interfaces
[2.854s] Invoked command in '/ros2_ws/build/dri_interfaces' returned '0': CMAKE_PREFIX_PATH=/ros2_ws/install/interfaces:/ros2_ws/install/bringup:/ros2_ws/install/dri_interfaces:/ros2_ws/install/cerebellum_description:/ros2_ws/install/cerebellum_hardware:/ros2_ws/install/drivers:/ros2_ws/install/common:/ros2_ws/install/system_services:/opt/ros/humble LD_LIBRARY_PATH=/ros2_ws/install/interfaces/lib:/ros2_ws/install/cerebellum_hardware/lib:/ros2_ws/install/drivers/lib:/ros2_ws/install/common/lib:/opt/ros/humble/opt/rviz_ogre_vendor/lib:/opt/ros/humble/lib/aarch64-linux-gnu:/opt/ros/humble/lib /usr/bin/cmake /ros2_ws/src/dri_interfaces -DAMENT_CMAKE_SYMLINK_INSTALL=1 -DCMAKE_INSTALL_PREFIX=/ros2_ws/install/dri_interfaces
[2.860s] Invoking command in '/ros2_ws/build/dri_interfaces': CMAKE_PREFIX_PATH=/ros2_ws/install/interfaces:/ros2_ws/install/bringup:/ros2_ws/install/dri_interfaces:/ros2_ws/install/cerebellum_description:/ros2_ws/install/cerebellum_hardware:/ros2_ws/install/drivers:/ros2_ws/install/common:/ros2_ws/install/system_services:/opt/ros/humble LD_LIBRARY_PATH=/ros2_ws/install/interfaces/lib:/ros2_ws/install/cerebellum_hardware/lib:/ros2_ws/install/drivers/lib:/ros2_ws/install/common/lib:/opt/ros/humble/opt/rviz_ogre_vendor/lib:/opt/ros/humble/lib/aarch64-linux-gnu:/opt/ros/humble/lib /usr/bin/cmake --build /ros2_ws/build/dri_interfaces -- -j4 -l4
[3.003s] [35m[1mConsolidate compiler generated dependencies of target cerebellum_dri[0m
[3.116s] [100%] Built target cerebellum_dri
[3.150s] Invoked command in '/ros2_ws/build/dri_interfaces' returned '0': CMAKE_PREFIX_PATH=/ros2_ws/install/interfaces:/ros2_ws/install/bringup:/ros2_ws/install/dri_interfaces:/ros2_ws/install/cerebellum_description:/ros2_ws/install/cerebellum_hardware:/ros2_ws/install/drivers:/ros2_ws/install/common:/ros2_ws/install/system_services:/opt/ros/humble LD_LIBRARY_PATH=/ros2_ws/install/interfaces/lib:/ros2_ws/install/cerebellum_hardware/lib:/ros2_ws/install/drivers/lib:/ros2_ws/install/common/lib:/opt/ros/humble/opt/rviz_ogre_vendor/lib:/opt/ros/humble/lib/aarch64-linux-gnu:/opt/ros/humble/lib /usr/bin/cmake --build /ros2_ws/build/dri_interfaces -- -j4 -l4
[3.156s] Invoking command in '/ros2_ws/build/dri_interfaces': CMAKE_PREFIX_PATH=/ros2_ws/install/interfaces:/ros2_ws/install/bringup:/ros2_ws/install/dri_interfaces:/ros2_ws/install/cerebellum_description:/ros2_ws/install/cerebellum_hardware:/ros2_ws/install/drivers:/ros2_ws/install/common:/ros2_ws/install/system_services:/opt/ros/humble LD_LIBRARY_PATH=/ros2_ws/install/interfaces/lib:/ros2_ws/install/cerebellum_hardware/lib:/ros2_ws/install/drivers/lib:/ros2_ws/install/common/lib:/opt/ros/humble/opt/rviz_ogre_vendor/lib:/opt/ros/humble/lib/aarch64-linux-gnu:/opt/ros/humble/lib /usr/bin/cmake --install /ros2_ws/build/dri_interfaces
[3.181s] -- Install configuration: ""
[3.183s] -- Execute custom install script
[3.184s] -- Up-to-date symlink: /ros2_ws/install/dri_interfaces/lib/dri_interfaces/cerebellum_dri
[3.185s] -- Up-to-date symlink: /ros2_ws/install/dri_interfaces/share/ament_index/resource_index/package_run_dependencies/dri_interfaces
[3.185s] -- Up-to-date symlink: /ros2_ws/install/dri_interfaces/share/ament_index/resource_index/parent_prefix_path/dri_interfaces
[3.186s] -- Up-to-date symlink: /ros2_ws/install/dri_interfaces/share/dri_interfaces/environment/ament_prefix_path.sh
[3.188s] -- Up-to-date symlink: /ros2_ws/install/dri_interfaces/share/dri_interfaces/environment/ament_prefix_path.dsv
[3.188s] -- Up-to-date symlink: /ros2_ws/install/dri_interfaces/share/dri_interfaces/environment/path.sh
[3.189s] -- Up-to-date symlink: /ros2_ws/install/dri_interfaces/share/dri_interfaces/environment/path.dsv
[3.190s] -- Up-to-date symlink: /ros2_ws/install/dri_interfaces/share/dri_interfaces/local_setup.bash
[3.190s] -- Up-to-date symlink: /ros2_ws/install/dri_interfaces/share/dri_interfaces/local_setup.sh
[3.191s] -- Up-to-date symlink: /ros2_ws/install/dri_interfaces/share/dri_interfaces/local_setup.zsh
[3.191s] -- Up-to-date symlink: /ros2_ws/install/dri_interfaces/share/dri_interfaces/local_setup.dsv
[3.192s] -- Symlinking: /ros2_ws/install/dri_interfaces/share/dri_interfaces/package.dsv
[3.219s] -- Up-to-date symlink: /ros2_ws/install/dri_interfaces/share/ament_index/resource_index/packages/dri_interfaces
[3.220s] -- Up-to-date symlink: /ros2_ws/install/dri_interfaces/share/dri_interfaces/cmake/dri_interfacesConfig.cmake
[3.220s] -- Up-to-date symlink: /ros2_ws/install/dri_interfaces/share/dri_interfaces/cmake/dri_interfacesConfig-version.cmake
[3.221s] -- Up-to-date symlink: /ros2_ws/install/dri_interfaces/share/dri_interfaces/package.xml
[3.228s] Invoked command in '/ros2_ws/build/dri_interfaces' returned '0': CMAKE_PREFIX_PATH=/ros2_ws/install/interfaces:/ros2_ws/install/bringup:/ros2_ws/install/dri_interfaces:/ros2_ws/install/cerebellum_description:/ros2_ws/install/cerebellum_hardware:/ros2_ws/install/drivers:/ros2_ws/install/common:/ros2_ws/install/system_services:/opt/ros/humble LD_LIBRARY_PATH=/ros2_ws/install/interfaces/lib:/ros2_ws/install/cerebellum_hardware/lib:/ros2_ws/install/drivers/lib:/ros2_ws/install/common/lib:/opt/ros/humble/opt/rviz_ogre_vendor/lib:/opt/ros/humble/lib/aarch64-linux-gnu:/opt/ros/humble/lib /usr/bin/cmake --install /ros2_ws/build/dri_interfaces
